This is pdfTeX, Version 3.141592653-2.6-1.40.29 (MiKTeX 26.5) (preloaded format=pdflatex 2026.6.20)  22 JUN 2026 19:56
entering extended mode
 restricted \write18 enabled.
 file:line:error style messages enabled.
 %&-line parsing enabled.
**c:/Users/LENOVO/Desktop/Thesis/Benchmark/FL-bench/docs/thesis/main.tex
(c:/Users/LENOVO/Desktop/Thesis/Benchmark/FL-bench/docs/thesis/main.tex
LaTeX2e <2026-06-01>
L3 programming layer <2026-05-26>
(tesisutec.cls
Document Class: tesisutec 
(C:\Users\LENOVO\AppData\Local\Programs\MiKTeX\tex/latex/base\book.cls
Document Class: book 2025/01/22 v1.4n Standard LaTeX document class
(C:\Users\LENOVO\AppData\Local\Programs\MiKTeX\tex/latex/base\bk12.clo
File: bk12.clo 2025/01/22 v1.4n Standard LaTeX file (size option)
)
\c@part=\count276
\c@chapter=\count277
\c@section=\count278
\c@subsection=\count279
\c@subsubsection=\count280
\c@paragraph=\count281
\c@subparagraph=\count282
\c@figure=\count283
\c@table=\count284
\abovecaptionskip=\skip49
\belowcaptionskip=\skip50
\bibindent=\dimen150
) (C:\Users\LENOVO\AppData\Local\Programs\MiKTeX\tex/latex/base\inputenc.sty
Package: inputenc 2024/02/08 v1.3d Input encoding file
\inpenc@prehook=\toks17
\inpenc@posthook=\toks18
) (C:\Users\LENOVO\AppData\Local\Programs\MiKTeX\tex/generic/babel\babel.sty
Package: babel 2026/05/20 v26.8 The multilingual framework for LuaLaTeX, pdfLaTeX and XeLaTeX
\babel@savecnt=\count285
LaTeX Encoding Info:    Redeclaring text command \ij (encoding OT1) on input line 2084.
LaTeX Encoding Info:    Redeclaring text command \IJ (encoding OT1) on input line 2086.
LaTeX Encoding Info:    Redeclaring text command \ij (encoding T1) on input line 2088.
LaTeX Encoding Info:    Redeclaring text command \IJ (encoding T1) on input line 2089.
LaTeX Encoding Info:    Ignoring declaration for text command \ij (encoding ?) on input line 2090.
LaTeX Encoding Info:    Ignoring declaration for text command \IJ (encoding ?) on input line 2092.
LaTeX Encoding Info:    Ignoring declaration for text command \SS (encoding ?) on input line 2117.
\U@D=\dimen151
\l@unhyphenated=\language79
 (C:\Users\LENOVO\AppData\Local\Programs\MiKTeX\tex/generic/babel\txtbabel.def)
\bbl@readstream=\read2
\bbl@dirlevel=\count286
Package babel Info: Configuration files are deprecated, as
(babel)             they can break document portability.
(babel)             Reported on input line 4228.

*************************************
* Local config file bblopts.cfg used
*
(C:\Users\LENOVO\AppData\Local\Programs\MiKTeX\tex/latex/arabi\bblopts.cfg
File: bblopts.cfg 2005/09/08 v0.1 add Arabic and Farsi to "declared" options of babel
) (C:\Users\LENOVO\AppData\Local\Programs\MiKTeX\tex/generic/babel/locale/en\babel-english.tex) (C:\Users\LENOVO\AppData\Local\Programs\MiKTeX\tex/generic/babel/locale/es\babel-spanish.tex)
Package babel Info: Importing font and identification data for english
(babel)             from babel-en.ini. Reported on input line 4356.
 (C:\Users\LENOVO\AppData\Local\Programs\MiKTeX\tex/latex/babel-english\english.ldf
Language: english 2017/06/06 v3.3r English support from the babel system
Package babel Info: Hyphen rules for 'canadian' set to \l@english
(babel)             (\language0). Reported on input line 102.
Package babel Info: Hyphen rules for 'australian' set to \l@ukenglish
(babel)             (\language73). Reported on input line 105.
Package babel Info: Hyphen rules for 'newzealand' set to \l@ukenglish
(babel)             (\language73). Reported on input line 108.
)
Package babel Info: Importing font and identification data for spanish
(babel)             from babel-es.ini. Reported on input line 4356.
 (C:\Users\LENOVO\AppData\Local\Programs\MiKTeX\tex/latex/babel-spanish\spanish.ldf
Language: spanish.ldf 2021/05/27 v5.0q Spanish support from the babel system
\es@quottoks=\toks19
\es@quotdepth=\count287
Package babel Info: Making " an active character on input line 570.
Package babel Info: Making < an active character on input line 722.
Package babel Info: Making > an active character on input line 722.
))
LaTeX Encoding Info:    Redeclaring text command \guillemotleft (encoding OT1) on input line 56.
LaTeX Encoding Info:    Redeclaring text command \guillemotright (encoding OT1) on input line 56.
 (C:\Users\LENOVO\AppData\Local\Programs\MiKTeX\tex/latex/titlesec\titlesec.sty
Package: titlesec 2025/01/04 v2.17 Sectioning titles
\ttl@box=\box53
\beforetitleunit=\skip51
\aftertitleunit=\skip52
\ttl@plus=\dimen152
\ttl@minus=\dimen153
\ttl@toksa=\toks20
\titlewidth=\dimen154
\titlewidthlast=\dimen155
\titlewidthfirst=\dimen156
) (C:\Users\LENOVO\AppData\Local\Programs\MiKTeX\tex/latex/tocloft\tocloft.sty
Package: tocloft 2017/08/31 v2.3i parameterised ToC, etc., typesetting
Package tocloft Info: The document has chapter divisions on input line 51.
\cftparskip=\skip53
\cftbeforetoctitleskip=\skip54
\cftaftertoctitleskip=\skip55
\cftbeforepartskip=\skip56
\cftpartnumwidth=\skip57
\cftpartindent=\skip58
\cftbeforechapskip=\skip59
\cftchapindent=\skip60
\cftchapnumwidth=\skip61
\cftbeforesecskip=\skip62
\cftsecindent=\skip63
\cftsecnumwidth=\skip64
\cftbeforesubsecskip=\skip65
\cftsubsecindent=\skip66
\cftsubsecnumwidth=\skip67
\cftbeforesubsubsecskip=\skip68
\cftsubsubsecindent=\skip69
\cftsubsubsecnumwidth=\skip70
\cftbeforeparaskip=\skip71
\cftparaindent=\skip72
\cftparanumwidth=\skip73
\cftbeforesubparaskip=\skip74
\cftsubparaindent=\skip75
\cftsubparanumwidth=\skip76
\cftbeforeloftitleskip=\skip77
\cftafterloftitleskip=\skip78
\cftbeforefigskip=\skip79
\cftfigindent=\skip80
\cftfignumwidth=\skip81
\cftbeforelottitleskip=\skip82
\cftafterlottitleskip=\skip83
\cftbeforetabskip=\skip84
\cfttabindent=\skip85
\cfttabnumwidth=\skip86
\cftbeforesubfigskip=\skip87
\cftsubfigindent=\skip88
\cftsubfignumwidth=\skip89
\cftbeforesubtabskip=\skip90
\cftsubtabindent=\skip91
\cftsubtabnumwidth=\skip92
)
\c@dummy=\count288
 (C:\Users\LENOVO\AppData\Local\Programs\MiKTeX\tex/latex/setspace\setspace.sty
Package: setspace 2022/12/04 v6.7b set line spacing
) (C:\Users\LENOVO\AppData\Local\Programs\MiKTeX\tex/latex/vmargin\vmargin.sty
Package: vmargin 2004/07/15 V2.5 set document margins (VK)

Package: vmargin 2004/07/15 V2.5 set document margins (VK)
\PaperWidth=\dimen157
\PaperHeight=\dimen158
) (C:\Users\LENOVO\AppData\Local\Programs\MiKTeX\tex/latex/fancyhdr\fancyhdr.sty
Package: fancyhdr 2025/02/07 v5.2 Extensive control of page headers and footers
\f@nch@headwidth=\skip93
\f@nch@offset@elh=\skip94
\f@nch@offset@erh=\skip95
\f@nch@offset@olh=\skip96
\f@nch@offset@orh=\skip97
\f@nch@offset@elf=\skip98
\f@nch@offset@erf=\skip99
\f@nch@offset@olf=\skip100
\f@nch@offset@orf=\skip101
\f@nch@height=\skip102
\f@nch@footalignment=\skip103
\f@nch@widthL=\skip104
\f@nch@widthC=\skip105
\f@nch@widthR=\skip106
\@temptokenb=\toks21
) (C:\Users\LENOVO\AppData\Local\Programs\MiKTeX\tex/latex/amsmath\amsmath.sty
Package: amsmath 2026/05/19 v2.18d AMS math features
\@mathmargin=\skip107

For additional information on amsmath, use the `?' option.
(C:\Users\LENOVO\AppData\Local\Programs\MiKTeX\tex/latex/amsmath\amstext.sty
Package: amstext 2024/11/17 v2.01 AMS text
 (C:\Users\LENOVO\AppData\Local\Programs\MiKTeX\tex/latex/amsmath\amsgen.sty
File: amsgen.sty 1999/11/30 v2.0 generic functions
\@emptytoks=\toks22
\ex@=\dimen159
)) (C:\Users\LENOVO\AppData\Local\Programs\MiKTeX\tex/latex/amsmath\amsbsy.sty
Package: amsbsy 1999/11/29 v1.2d Bold Symbols
\pmbraise@=\dimen160
) (C:\Users\LENOVO\AppData\Local\Programs\MiKTeX\tex/latex/amsmath\amsopn.sty
Package: amsopn 2022/04/08 v2.04 operator names
)
\inf@bad=\count289
LaTeX Info: Redefining \frac on input line 233.
\uproot@=\count290
\leftroot@=\count291
LaTeX Info: Redefining \overline on input line 398.
LaTeX Info: Redefining \colon on input line 409.
\classnum@=\count292
\DOTSCASE@=\count293
LaTeX Info: Redefining \ldots on input line 495.
LaTeX Info: Redefining \dots on input line 498.
LaTeX Info: Redefining \cdots on input line 619.
\Mathstrutbox@=\box54
\strutbox@=\box55
LaTeX Info: Redefining \big on input line 721.
LaTeX Info: Redefining \Big on input line 722.
LaTeX Info: Redefining \bigg on input line 723.
LaTeX Info: Redefining \Bigg on input line 724.
\big@size=\dimen161
LaTeX Font Info:    Redeclaring font encoding OML on input line 742.
LaTeX Font Info:    Redeclaring font encoding OMS on input line 743.
\macc@depth=\count294
LaTeX Info: Redefining \bmod on input line 904.
LaTeX Info: Redefining \pmod on input line 909.
LaTeX Info: Redefining \smash on input line 939.
LaTeX Info: Redefining \relbar on input line 969.
LaTeX Info: Redefining \Relbar on input line 970.
\c@MaxMatrixCols=\count295
\dotsspace@=\muskip17
\c@parentequation=\count296
\dspbrk@lvl=\count297
\tag@help=\toks23
\row@=\count298
\column@=\count299
\maxfields@=\count300
\andhelp@=\toks24
\eqnshift@=\dimen162
\alignsep@=\dimen163
\tagshift@=\dimen164
\tagwidth@=\dimen165
\totwidth@=\dimen166
\lineht@=\dimen167
\@envbody=\toks25
\multlinegap=\skip108
\multlinetaggap=\skip109
\mathdisplay@stack=\toks26
LaTeX Info: Redefining \[ on input line 2965.
LaTeX Info: Redefining \] on input line 2966.
) (C:\Users\LENOVO\AppData\Local\Programs\MiKTeX\tex/latex/amsfonts\amsfonts.sty
Package: amsfonts 2013/01/14 v3.01 Basic AMSFonts support
\symAMSa=\mathgroup4
\symAMSb=\mathgroup5
LaTeX Font Info:    Redeclaring math symbol \hbar on input line 98.
LaTeX Font Info:    Overwriting math alphabet `\mathfrak' in version `bold'
(Font)                  U/euf/m/n --> U/euf/b/n on input line 106.
) (C:\Users\LENOVO\AppData\Local\Programs\MiKTeX\tex/latex/amsfonts\amssymb.sty
Package: amssymb 2013/01/14 v3.01 AMS font symbols
) (C:\Users\LENOVO\AppData\Local\Programs\MiKTeX\tex/latex/amsmath\amscd.sty
Package: amscd 2017/04/14 v2.1 AMS Commutative Diagrams
\athelp@=\toks27
\minaw@=\dimen168
\bigaw@=\dimen169
\minCDarrowwidth=\dimen170
) (C:\Users\LENOVO\AppData\Local\Programs\MiKTeX\tex/latex/amscls\amsthm.sty
Package: amsthm 2020/05/29 v2.20.6
\thm@style=\toks28
\thm@bodyfont=\toks29
\thm@headfont=\toks30
\thm@notefont=\toks31
\thm@headpunct=\toks32
\thm@preskip=\skip110
\thm@postskip=\skip111
\thm@headsep=\skip112
\dth@everypar=\toks33
) (C:\Users\LENOVO\AppData\Local\Programs\MiKTeX\tex/latex/tools\xspace.sty
Package: xspace 2014/10/28 v1.13 Space after command names (DPC,MH)
)
\c@example=\count301
\c@theorem=\count302
 (C:\Users\LENOVO\AppData\Local\Programs\MiKTeX\tex/latex/caption\caption.sty
Package: caption 2023/08/05 v3.6o Customizing captions (AR)
 (C:\Users\LENOVO\AppData\Local\Programs\MiKTeX\tex/latex/caption\caption3.sty
Package: caption3 2023/07/31 v2.4d caption3 kernel (AR)
 (C:\Users\LENOVO\AppData\Local\Programs\MiKTeX\tex/latex/graphics\keyval.sty
Package: keyval 2026-05-17 v1.15 key=value parser (DPC)
\KV@toks@=\toks34
)
\caption@tempdima=\dimen171
\captionmargin=\dimen172
\caption@leftmargin=\dimen173
\caption@rightmargin=\dimen174
\caption@width=\dimen175
\caption@indent=\dimen176
\caption@parindent=\dimen177
\caption@hangindent=\dimen178
Package caption Info: Standard document class detected.
)
\c@caption@flags=\count303
\c@continuedfloat=\count304
) (C:\Users\LENOVO\AppData\Local\Programs\MiKTeX\tex/latex/graphics\graphicx.sty
Package: graphicx 2026-05-17 v1.2e Enhanced LaTeX Graphics (DPC,SPQR)
 (C:\Users\LENOVO\AppData\Local\Programs\MiKTeX\tex/latex/graphics\graphics.sty
Package: graphics 2026-05-17 v1.4h Standard LaTeX Graphics (DPC,SPQR)
 (C:\Users\LENOVO\AppData\Local\Programs\MiKTeX\tex/latex/graphics\trig.sty
Package: trig 2023/12/02 v1.11 sin cos tan (DPC)
) (C:\Users\LENOVO\AppData\Local\Programs\MiKTeX\tex/latex/graphics-cfg\graphics.cfg
File: graphics.cfg 2016/06/04 v1.11 sample graphics configuration
)
Package graphics Info: Driver file: pdftex.def on input line 106.
 (C:\Users\LENOVO\AppData\Local\Programs\MiKTeX\tex/latex/graphics-def\pdftex.def
File: pdftex.def 2025/09/29 v1.2d Graphics/color driver for pdftex
))
\Gin@req@height=\dimen179
\Gin@req@width=\dimen180
) (C:\Users\LENOVO\AppData\Local\Programs\MiKTeX\tex/latex/epstopdf-pkg\epstopdf.sty
Package: epstopdf 2020-01-24 v2.11 Conversion with epstopdf on the fly (HO)
 (C:\Users\LENOVO\AppData\Local\Programs\MiKTeX\tex/generic/infwarerr\infwarerr.sty
Package: infwarerr 2019/12/03 v1.5 Providing info/warning/error messages (HO)
) (C:\Users\LENOVO\AppData\Local\Programs\MiKTeX\tex/latex/grfext\grfext.sty
Package: grfext 2019/12/03 v1.3 Manage graphics extensions (HO)
 (C:\Users\LENOVO\AppData\Local\Programs\MiKTeX\tex/generic/kvdefinekeys\kvdefinekeys.sty
Package: kvdefinekeys 2019-12-19 v1.6 Define keys (HO)
)) (C:\Users\LENOVO\AppData\Local\Programs\MiKTeX\tex/latex/kvoptions\kvoptions.sty
Package: kvoptions 2022-06-15 v3.15 Key value format for package options (HO)
 (C:\Users\LENOVO\AppData\Local\Programs\MiKTeX\tex/generic/ltxcmds\ltxcmds.sty
Package: ltxcmds 2023-12-04 v1.26 LaTeX kernel commands for general use (HO)
) (C:\Users\LENOVO\AppData\Local\Programs\MiKTeX\tex/latex/kvsetkeys\kvsetkeys.sty
Package: kvsetkeys 2022-10-05 v1.19 Key value parser (HO)
)) (C:\Users\LENOVO\AppData\Local\Programs\MiKTeX\tex/generic/pdftexcmds\pdftexcmds.sty
Package: pdftexcmds 2020-06-27 v0.33 Utility functions of pdfTeX for LuaTeX (HO)
 (C:\Users\LENOVO\AppData\Local\Programs\MiKTeX\tex/generic/iftex\iftex.sty
Package: iftex 2024/12/12 v1.0g TeX engine tests
)
Package pdftexcmds Info: \pdf@primitive is available.
Package pdftexcmds Info: \pdf@ifprimitive is available.
Package pdftexcmds Info: \pdfdraftmode found.
) (C:\Users\LENOVO\AppData\Local\Programs\MiKTeX\tex/latex/epstopdf-pkg\epstopdf-base.sty
Package: epstopdf-base 2020-01-24 v2.11 Base part for package epstopdf
Package epstopdf-base Info: Redefining graphics rule for `.eps' on input line 485.
Package grfext Info: Graphics extension search list:
(grfext)             [.pdf,.png,.jpg,.mps,.jpeg,.jbig2,.jb2,.PDF,.PNG,.JPG,.JPEG,.JBIG2,.JB2,.eps]
(grfext)             \AppendGraphicsExtensions on input line 504.
 (C:\Users\LENOVO\AppData\Local\Programs\MiKTeX\tex/latex/00miktex\epstopdf-sys.cfg
File: epstopdf-sys.cfg 2021/03/18 v2.0 Configuration of epstopdf for MiKTeX
))) (C:\Users\LENOVO\AppData\Local\Programs\MiKTeX\tex/latex/subfigure\subfigure.sty
Package: subfigure 2002/07/30 v2.1.4 subfigure package
\subfigtopskip=\skip113
\subfigcapskip=\skip114
\subfigcaptopadj=\dimen181
\subfigbottomskip=\skip115
\subfigcapmargin=\dimen182
\subfiglabelskip=\skip116
\c@subfigure=\count305
\c@lofdepth=\count306
\c@subtable=\count307
\c@lotdepth=\count308

****************************************
* Local config file subfigure.cfg used *
****************************************
(C:\Users\LENOVO\AppData\Local\Programs\MiKTeX\tex/latex/subfigure\subfigure.cfg)
\subfig@top=\skip117
\subfig@bottom=\skip118
) (C:\Users\LENOVO\AppData\Local\Programs\MiKTeX\tex/latex/booktabs\booktabs.sty
Package: booktabs 2020/01/12 v1.61803398 Publication quality tables
\heavyrulewidth=\dimen183
\lightrulewidth=\dimen184
\cmidrulewidth=\dimen185
\belowrulesep=\dimen186
\belowbottomsep=\dimen187
\aboverulesep=\dimen188
\abovetopsep=\dimen189
\cmidrulesep=\dimen190
\cmidrulekern=\dimen191
\defaultaddspace=\dimen192
\@cmidla=\count309
\@cmidlb=\count310
\@aboverulesep=\dimen193
\@belowrulesep=\dimen194
\@thisruleclass=\count311
\@lastruleclass=\count312
\@thisrulewidth=\dimen195
) (C:\Users\LENOVO\AppData\Local\Programs\MiKTeX\tex/latex/graphics\rotating.sty
Package: rotating 2026-05-17 v2.16e rotated objects in LaTeX
 (C:\Users\LENOVO\AppData\Local\Programs\MiKTeX\tex/latex/base\ifthen.sty
Package: ifthen 2024/03/16 v1.1e Standard LaTeX ifthen package (DPC)
)
\c@r@tfl@t=\count313
\rotFPtop=\skip119
\rotFPbot=\skip120
\rot@float@box=\box56
\rot@mess@toks=\toks35
) (C:\Users\LENOVO\AppData\Local\Programs\MiKTeX\tex/latex/listings\listings.sty
\lst@mode=\count314
\lst@gtempboxa=\box57
\lst@token=\toks36
\lst@length=\count315
\lst@currlwidth=\dimen196
\lst@column=\count316
\lst@pos=\count317
\lst@lostspace=\dimen197
\lst@width=\dimen198
\lst@newlines=\count318
\lst@lineno=\count319
\lst@maxwidth=\dimen199
 (C:\Users\LENOVO\AppData\Local\Programs\MiKTeX\tex/latex/listings\lstpatch.sty
File: lstpatch.sty 2025/11/14 1.11b (Carsten Heinz)
) (C:\Users\LENOVO\AppData\Local\Programs\MiKTeX\tex/latex/listings\lstmisc.sty
File: lstmisc.sty 2025/11/14 1.11b (Carsten Heinz)
\c@lstnumber=\count320
\lst@skipnumbers=\count321
\lst@framebox=\box58
) (C:\Users\LENOVO\AppData\Local\Programs\MiKTeX\tex/latex/listings\listings.cfg
File: listings.cfg 2025/11/14 1.11b listings configuration
))
Package: listings 2025/11/14 1.11b (Carsten Heinz)
 (C:\Users\LENOVO\AppData\Local\Programs\MiKTeX\tex/latex/hyperref\hyperref.sty
Package: hyperref 2026-04-24 v7.01q Hypertext links for LaTeX
 (C:\Users\LENOVO\AppData\Local\Programs\MiKTeX\tex/generic/pdfescape\pdfescape.sty
Package: pdfescape 2019/12/09 v1.15 Implements pdfTeX's escape features (HO)
) (C:\Users\LENOVO\AppData\Local\Programs\MiKTeX\tex/latex/hycolor\hycolor.sty
Package: hycolor 2020-01-27 v1.10 Color options for hyperref/bookmark (HO)
) (C:\Users\LENOVO\AppData\Local\Programs\MiKTeX\tex/latex/hyperref\nameref.sty
Package: nameref 2026-01-29 v2.58 Cross-referencing by name of section
 (C:\Users\LENOVO\AppData\Local\Programs\MiKTeX\tex/latex/refcount\refcount.sty
Package: refcount 2019/12/15 v3.6 Data extraction from label references (HO)
) (C:\Users\LENOVO\AppData\Local\Programs\MiKTeX\tex/generic/gettitlestring\gettitlestring.sty
Package: gettitlestring 2019/12/15 v1.6 Cleanup title references (HO)
)
\c@section@level=\count322
) (C:\Users\LENOVO\AppData\Local\Programs\MiKTeX\tex/latex/etoolbox\etoolbox.sty
Package: etoolbox 2025/10/02 v2.5m e-TeX tools for LaTeX (JAW)
\etb@tempcnta=\count323
) (C:\Users\LENOVO\AppData\Local\Programs\MiKTeX\tex/generic/stringenc\stringenc.sty
Package: stringenc 2019/11/29 v1.12 Convert strings between diff. encodings (HO)
)
\@linkdim=\dimen256
\Hy@linkcounter=\count324
\Hy@pagecounter=\count325
 (C:\Users\LENOVO\AppData\Local\Programs\MiKTeX\tex/latex/hyperref\pd1enc.def
File: pd1enc.def 2026-04-24 v7.01q Hyperref: PDFDocEncoding definition (HO)
Now handling font encoding PD1 ...
... no UTF-8 mapping file for font encoding PD1
) (C:\Users\LENOVO\AppData\Local\Programs\MiKTeX\tex/generic/intcalc\intcalc.sty
Package: intcalc 2019/12/15 v1.3 Expandable calculations with integers (HO)
)
\Hy@SavedSpaceFactor=\count326
 (C:\Users\LENOVO\AppData\Local\Programs\MiKTeX\tex/latex/hyperref\puenc.def
File: puenc.def 2026-04-24 v7.01q Hyperref: PDF Unicode definition (HO)
Now handling font encoding PU ...
... no UTF-8 mapping file for font encoding PU
)
Package hyperref Info: Option `bookmarks' set `true' on input line 4070.
Package hyperref Info: Option `bookmarksopen' set `true' on input line 4070.
Package hyperref Info: Option `bookmarksnumbered' set `true' on input line 4070.
Package hyperref Info: Option `hypertexnames' set `false' on input line 4070.
Package hyperref Info: Option `colorlinks' set `true' on input line 4070.
Package hyperref Info: Option `unicode' set `true' on input line 4070.
Package hyperref Info: Option `breaklinks' set `true' on input line 4070.
Package hyperref Info: Hyper figures OFF on input line 4199.
Package hyperref Info: Link nesting OFF on input line 4204.
Package hyperref Info: Hyper index ON on input line 4207.
Package hyperref Info: Plain pages OFF on input line 4214.
Package hyperref Info: Backreferencing OFF on input line 4219.
Package hyperref Info: Implicit mode ON; LaTeX internals redefined.
Package hyperref Info: Bookmarks ON on input line 4466.
\c@Hy@tempcnt=\count327
 (C:\Users\LENOVO\AppData\Local\Programs\MiKTeX\tex/latex/url\url.sty
\Urlmuskip=\muskip18
Package: url 2013/09/16  ver 3.4  Verb mode for urls, etc.
)
LaTeX Info: Redefining \url on input line 4805.
\XeTeXLinkMargin=\dimen257
 (C:\Users\LENOVO\AppData\Local\Programs\MiKTeX\tex/generic/bitset\bitset.sty
Package: bitset 2019/12/09 v1.3 Handle bit-vector datatype (HO)
 (C:\Users\LENOVO\AppData\Local\Programs\MiKTeX\tex/generic/bigintcalc\bigintcalc.sty
Package: bigintcalc 2019/12/15 v1.5 Expandable calculations on big integers (HO)
))
\Fld@menulength=\count328
\Field@Width=\dimen258
\Fld@charsize=\dimen259
Package hyperref Info: Hyper figures OFF on input line 6091.
Package hyperref Info: Link nesting OFF on input line 6096.
Package hyperref Info: Hyper index ON on input line 6099.
Package hyperref Info: backreferencing OFF on input line 6106.
Package hyperref Info: Link coloring ON on input line 6109.
Package hyperref Info: Link coloring with OCG OFF on input line 6116.
Package hyperref Info: PDF/A mode OFF on input line 6121.
\Hy@abspage=\count329
\c@Item=\count330
\c@Hfootnote=\count331
)
Package hyperref Info: Driver (autodetected): hpdftex.
 (C:\Users\LENOVO\AppData\Local\Programs\MiKTeX\tex/latex/hyperref\hpdftex.def
File: hpdftex.def 2026-04-24 v7.01q Hyperref driver for pdfTeX
\Fld@listcount=\count332
\c@bookmark@seq@number=\count333
 (C:\Users\LENOVO\AppData\Local\Programs\MiKTeX\tex/latex/rerunfilecheck\rerunfilecheck.sty
Package: rerunfilecheck 2025-06-21 v1.11 Rerun checks for auxiliary files (HO)
 (C:\Users\LENOVO\AppData\Local\Programs\MiKTeX\tex/generic/uniquecounter\uniquecounter.sty
Package: uniquecounter 2019/12/15 v1.4 Provide unlimited unique counter (HO)
)
Package uniquecounter Info: New unique counter `rerunfilecheck' on input line 284.
)
\Hy@SectionHShift=\skip121
))
LaTeX Info: Redefining \. on input line 12.
LaTeX Info: Redefining \% on input line 12.
Package babel Info: 'spanish' activates 'spanish' shorthands.
(babel)             Reported on input line 12.
 (C:\Users\LENOVO\AppData\Local\Programs\MiKTeX\tex/latex/natbib\natbib.sty
Package: natbib 2010/09/13 8.31b (PWD, AO)
\bibhang=\skip122
\bibsep=\skip123
LaTeX Info: Redefining \cite on input line 694.
\c@NAT@ctr=\count334
) (C:\Users\LENOVO\AppData\Local\Programs\MiKTeX\tex/latex/float\float.sty
Package: float 2001/11/08 v1.3d Float enhancements (AL)
\c@float@type=\count335
\float@exts=\toks37
\float@box=\box59
\@float@everytoks=\toks38
\@floatcapt=\box60
) (C:\Users\LENOVO\AppData\Local\Programs\MiKTeX\tex/latex/algorithm2e\algorithm2e.sty
Package: algorithm2e 2017/07/18 v5.2 algorithms environments
\c@AlgoLine=\count336
\algocf@hangindent=\skip124
 (C:\Users\LENOVO\AppData\Local\Programs\MiKTeX\tex/latex/ifoddpage\ifoddpage.sty
Package: ifoddpage 2022/10/18 v1.2 Conditionals for odd/even page detection
\c@checkoddpage=\count337
) (C:\Users\LENOVO\AppData\Local\Programs\MiKTeX\tex/latex/relsize\relsize.sty
Package: relsize 2013/03/29 ver 4.1
)
\skiptotal=\skip125
\skiplinenumber=\skip126
\skiprule=\skip127
\skiphlne=\skip128
\skiptext=\skip129
\skiplength=\skip130
\algomargin=\skip131
\skipalgocfslide=\skip132
\algowidth=\dimen260
\inoutsize=\dimen261
\inoutindent=\dimen262
\interspacetitleruled=\dimen263
\interspacealgoruled=\dimen264
\interspacetitleboxruled=\dimen265
\algocf@ruledwidth=\skip133
\algocf@inoutbox=\box61
\algocf@inputbox=\box62
\AlCapSkip=\skip134
\AlCapHSkip=\skip135
\algoskipindent=\skip136
\algocf@nlbox=\box63
\algocf@hangingbox=\box64
\algocf@untilbox=\box65
\algocf@skipuntil=\skip137
\algocf@capbox=\box66
\algocf@lcaptionbox=\skip138
\algoheightruledefault=\skip139
\algoheightrule=\skip140
\algotitleheightruledefault=\skip141
\algotitleheightrule=\skip142
\c@algocfline=\count338
\c@algocfproc=\count339
\c@algocf=\count340
\algocf@algoframe=\box67
\algocf@algobox=\box68
) (C:\Users\LENOVO\AppData\Local\Programs\MiKTeX\tex/latex/tools\verbatim.sty
Package: verbatim 2024-01-22 v1.5x LaTeX2e package for verbatim enhancements
\every@verbatim=\toks39
\verbatim@line=\toks40
\verbatim@in@stream=\read3
) (C:\Users\LENOVO\AppData\Local\Programs\MiKTeX\tex/latex/notoccite\notoccite.sty
Package: notoccite 2000/07/20
) (C:\Users\LENOVO\AppData\Local\Programs\MiKTeX\tex/latex/tools\tabularx.sty
Package: tabularx 2023/12/11 v2.12a `tabularx' package (DPC)
 (C:\Users\LENOVO\AppData\Local\Programs\MiKTeX\tex/latex/tools\array.sty
Package: array 2026/02/24 v2.7b Tabular extension package (FMi)
\col@sep=\dimen266
\ar@mcellbox=\box69
\extrarowheight=\dimen267
\NC@list=\toks41
\extratabsurround=\skip143
\backup@length=\skip144
\ar@cellbox=\box70
)
\TX@col@width=\dimen268
\TX@old@table=\dimen269
\TX@old@col=\dimen270
\TX@target=\dimen271
\TX@delta=\dimen272
\TX@cols=\count341
\TX@ftn=\toks42
)
Package hyperref Info: Option `colorlinks' set `true' on input line 44.
 (C:\Users\LENOVO\AppData\Local\Programs\MiKTeX\tex/latex/l3backend\l3backend-pdftex.def
File: l3backend-pdftex.def 2026-02-18 L3 backend support: PDF output (pdfTeX)
\l__color_backend_stack_int=\count342
) (main.aux
LaTeX Info: Redefining \. on input line 12.
LaTeX Info: Redefining \% on input line 12.
LaTeX Info: Redefining \. on input line 14.
LaTeX Info: Redefining \% on input line 14.
)
\openout1 = `main.aux'.

LaTeX Font Info:    Checking defaults for OML/cmm/m/it on input line 46.
LaTeX Font Info:    ... okay on input line 46.
LaTeX Font Info:    Checking defaults for OMS/cmsy/m/n on input line 46.
LaTeX Font Info:    ... okay on input line 46.
LaTeX Font Info:    Checking defaults for OT1/cmr/m/n on input line 46.
LaTeX Font Info:    ... okay on input line 46.
LaTeX Font Info:    Checking defaults for T1/cmr/m/n on input line 46.
LaTeX Font Info:    ... okay on input line 46.
LaTeX Font Info:    Checking defaults for TS1/cmr/m/n on input line 46.
LaTeX Font Info:    ... okay on input line 46.
LaTeX Font Info:    Checking defaults for OMX/cmex/m/n on input line 46.
LaTeX Font Info:    ... okay on input line 46.
LaTeX Font Info:    Checking defaults for U/cmr/m/n on input line 46.
LaTeX Font Info:    ... okay on input line 46.
LaTeX Font Info:    Checking defaults for PD1/pdf/m/n on input line 46.
LaTeX Font Info:    ... okay on input line 46.
LaTeX Font Info:    Checking defaults for PU/pdf/m/n on input line 46.
LaTeX Font Info:    ... okay on input line 46.
LaTeX Info: Redefining \. on input line 46.
LaTeX Info: Redefining \% on input line 46.
Package caption Info: Begin \AtBeginDocument code.
Package caption Info: float package is loaded.
Package caption Info: hyperref package is loaded.
Package caption Info: listings package is loaded.
Package caption Info: rotating package is loaded.
Package caption Info: subfigure package is loaded.
Package caption Info: End \AtBeginDocument code.
 (C:\Users\LENOVO\AppData\Local\Programs\MiKTeX\tex/context/base/mkii\supp-pdf.mkii
[Loading MPS to PDF converter (version 2006.09.02).]
\scratchcounter=\count343
\scratchdimen=\dimen273
\scratchbox=\box71
\nofMPsegments=\count344
\nofMParguments=\count345
\everyMPshowfont=\toks43
\MPscratchCnt=\count346
\MPscratchDim=\dimen274
\MPnumerator=\count347
\makeMPintoPDFobject=\count348
\everyMPtoPDFconversion=\toks44
)
\c@lstlisting=\count349
 (C:\Users\LENOVO\AppData\Local\Programs\MiKTeX\tex/latex/graphics\color.sty
Package: color 2026-05-17 v1.3f Standard LaTeX Color (DPC)
 (C:\Users\LENOVO\AppData\Local\Programs\MiKTeX\tex/latex/graphics-cfg\color.cfg
File: color.cfg 2016/01/02 v1.6 sample color configuration
)
Package color Info: Driver file: pdftex.def on input line 149.
 (C:\Users\LENOVO\AppData\Local\Programs\MiKTeX\tex/latex/graphics\mathcolor.ltx))
Package hyperref Info: Link coloring ON on input line 46.
 (main.out) (main.out)
\@outlinefile=\write3
\openout3 = `main.out'.


------------------------------------------------------------------------------
 Title Page
------------------------------------------------------------------------------
<images/logo_utec.png, id=408, 803.0pt x 378.41376pt>
File: images/logo_utec.png Graphic file (type png)
<use images/logo_utec.png>
Package pdftex.def Info: images/logo_utec.png  used on input line 60.
(pdftex.def)             Requested size: 150.94196pt x 71.13188pt.
<./images/ORCID128px.png, id=411, 128.48pt x 128.48pt>
File: ./images/ORCID128px.png Graphic file (type png)
<use ./images/ORCID128px.png>
Package pdftex.def Info: ./images/ORCID128px.png  used on input line 60.
(pdftex.def)             Requested size: 10.0pt x 9.99826pt.
File: ./images/ORCID128px.png Graphic file (type png)
<use ./images/ORCID128px.png>
Package pdftex.def Info: ./images/ORCID128px.png  used on input line 60.
(pdftex.def)             Requested size: 10.0pt x 9.99826pt.
[1



{C:/Users/LENOVO/AppData/Local/MiKTeX/fonts/map/pdftex/pdftex.map} <./images/logo_utec.png> <./images/ORCID128px.png>] (encabezados/dedicatoria.tex
LaTeX Font Info:    Trying to load font information for U+msa on input line 7.
 (C:\Users\LENOVO\AppData\Local\Programs\MiKTeX\tex/latex/amsfonts\umsa.fd
File: umsa.fd 2013/01/14 v3.01 AMS symbols A
)
LaTeX Font Info:    Trying to load font information for U+msb on input line 7.
 (C:\Users\LENOVO\AppData\Local\Programs\MiKTeX\tex/latex/amsfonts\umsb.fd
File: umsb.fd 2013/01/14 v3.01 AMS symbols B
) [1

]) (encabezados/agradecimientos.tex [2

]) (main.toc
LaTeX Info: Redefining \. on input line 2.
LaTeX Info: Redefining \% on input line 2.
LaTeX Info: Redefining \. on input line 3.
LaTeX Info: Redefining \% on input line 3.
 [3

] [4] [5]
Overfull \hbox (0.65277pt too wide) detected at line 99
\OT1/cmr/m/n/12 3.12.1 
 []


Overfull \hbox (0.65277pt too wide) detected at line 100
\OT1/cmr/m/n/12 3.12.2 
 []

)
\tf@toc=\write4
\openout4 = `main.toc'.

 [6] (main.lot
LaTeX Info: Redefining \. on input line 1.
LaTeX Info: Redefining \% on input line 1.
LaTeX Info: Redefining \. on input line 2.
LaTeX Info: Redefining \% on input line 2.
)
\tf@lot=\write5
\openout5 = `main.lot'.

 [7] (main.lof
LaTeX Info: Redefining \. on input line 1.
LaTeX Info: Redefining \% on input line 1.
LaTeX Info: Redefining \. on input line 2.
LaTeX Info: Redefining \% on input line 2.
)
\tf@lof=\write6
\openout6 = `main.lof'.

 [8] [9] (secciones/resumen.tex) (secciones/abstract.tex [1


]) (secciones/introduccion.tex [2

] [3

] [4] [5] [6] [7] [8] [9]) (secciones/capitulo1.tex [10]
\MakeUppercase    []{CAPÍTULO} I.
------------------------------------------------------------------------------
 I REVISI\'ON CR\'ITICA DE LA LITERATURA
------------------------------------------------------------------------------
[11

] [12] [13] [14] [15] [16] [17] [18] [19] [20] [21] [22] [23]) (secciones/capitulo2.tex [24]
\MakeUppercase    []{CAPÍTULO} II.
------------------------------------------------------------------------------
 II MARCO TE\'ORICO
------------------------------------------------------------------------------
[25

] [26]
<./images/image1.png, id=870, 782.925pt x 602.25pt>
File: ./images/image1.png Graphic file (type png)
<use ./images/image1.png>
Package pdftex.def Info: ./images/image1.png  used on input line 73.
(pdftex.def)             Requested size: 341.94652pt x 263.03343pt.
 [27 <./images/image1.png>] [28] [29] [30] [31]
<./images/image2.png, id=926, 469.755pt x 117.43875pt>
File: ./images/image2.png Graphic file (type png)
<use ./images/image2.png>
Package pdftex.def Info: ./images/image2.png  used on input line 230.
(pdftex.def)             Requested size: 427.43153pt x 106.85866pt.
 [32 <./images/image2.png>]
<./images/image3.png, id=939, 395.76428pt x 140.525pt>
File: ./images/image3.png Graphic file (type png)
<use ./images/image3.png>
Package pdftex.def Info: ./images/image3.png  used on input line 279.
(pdftex.def)             Requested size: 427.43153pt x 151.7733pt.
 [33] [34 <./images/image3.png>] [35] [36] [37]
<./images/image4.png, id=981, 1145.78062pt x 653.44125pt>
File: ./images/image4.png Graphic file (type png)
<use ./images/image4.png>
Package pdftex.def Info: ./images/image4.png  used on input line 419.
(pdftex.def)             Requested size: 427.43153pt x 243.76361pt.
 [38 <./images/image4.png>]
<./images/image5.png, id=993, 397.36455pt x 202.47646pt>
File: ./images/image5.png Graphic file (type png)
<use ./images/image5.png>
Package pdftex.def Info: ./images/image5.png  used on input line 457.
(pdftex.def)             Requested size: 427.43153pt x 217.80623pt.
 [39] [40 <./images/image5.png>]
<./images/image6.png, id=1011, 853.1875pt x 220.825pt>
File: ./images/image6.png Graphic file (type png)
<use ./images/image6.png>
Package pdftex.def Info: ./images/image6.png  used on input line 493.
(pdftex.def)             Requested size: 427.43153pt x 110.63124pt.
 [41 <./images/image6.png>] [42]
<./images/image7.png, id=1036, 346.6551pt x 182.24084pt>
File: ./images/image7.png Graphic file (type png)
<use ./images/image7.png>
Package pdftex.def Info: ./images/image7.png  used on input line 583.
(pdftex.def)             Requested size: 427.43153pt x 224.72495pt.
 [43]
<./images/image8.png, id=1046, 1145.02782pt x 714.41907pt>
File: ./images/image8.png Graphic file (type png)
<use ./images/image8.png>
Package pdftex.def Info: ./images/image8.png  used on input line 614.
(pdftex.def)             Requested size: 427.43153pt x 266.68556pt.
 [44 <./images/image7.png>] [45 <./images/image8.png>] [46]
<./images/image9.png, id=1075, 1699.34875pt x 932.48375pt>
File: ./images/image9.png Graphic file (type png)
<use ./images/image9.png>
Package pdftex.def Info: ./images/image9.png  used on input line 690.
(pdftex.def)             Requested size: 427.43153pt x 234.54321pt.
 [47 <./images/image9.png (PNG copy)>]
<./images/image10.png, id=1085, 1156.32pt x 727.21687pt>
File: ./images/image10.png Graphic file (type png)
<use ./images/image10.png>
Package pdftex.def Info: ./images/image10.png  used on input line 726.
(pdftex.def)             Requested size: 427.43153pt x 268.8108pt.
 [48] [49 <./images/image10.png>]
<./images/image11.png, id=1100, 1273.75874pt x 571.38469pt>
File: ./images/image11.png Graphic file (type png)
<use ./images/image11.png>
Package pdftex.def Info: ./images/image11.png  used on input line 770.
(pdftex.def)             Requested size: 427.43153pt x 191.7311pt.
 [50 <./images/image11.png>]
<./images/image12.png, id=1113, 1335.48938pt x 597.73312pt>
File: ./images/image12.png Graphic file (type png)
<use ./images/image12.png>
Package pdftex.def Info: ./images/image12.png  used on input line 823.
(pdftex.def)             Requested size: 427.43153pt x 191.30586pt.
 [51] [52 <./images/image12.png>] [53] [54] [55] [56]
LaTeX Font Info:    Trying to load font information for OMS+cmr on input line 1032.
 (C:\Users\LENOVO\AppData\Local\Programs\MiKTeX\tex/latex/base\omscmr.fd
File: omscmr.fd 2024/11/19 v2.5n Standard LaTeX font definitions
)
LaTeX Font Info:    Font shape `OMS/cmr/m/n' in size <12> not available
(Font)              Font shape `OMS/cmsy/m/n' tried instead on input line 1032.
 [57] [58] [59] [60]) (secciones/capitulo3.tex [61]
\MakeUppercase    []{CAPÍTULO} III.
------------------------------------------------------------------------------
 III MARCO METODOL\'OGICO
------------------------------------------------------------------------------
[62

] [63]
<images/fig_brain_tumor_samples.png, id=1207, 590.4459pt x 337.5009pt>
File: images/fig_brain_tumor_samples.png Graphic file (type png)
<use images/fig_brain_tumor_samples.png>
Package pdftex.def Info: images/fig_brain_tumor_samples.png  used on input line 76.
(pdftex.def)             Requested size: 427.43153pt x 244.32397pt.
<images/fig_cifar10_samples.png, id=1210, 574.18515pt x 274.26465pt>
File: images/fig_cifar10_samples.png Graphic file (type png)
<use images/fig_cifar10_samples.png>
Package pdftex.def Info: images/fig_cifar10_samples.png  used on input line 95.
(pdftex.def)             Requested size: 427.43153pt x 204.17465pt.
 [64] [65 <./images/fig_brain_tumor_samples.png> <./images/fig_cifar10_samples.png>] [66]
<images/fig_dirichlet_partitions.png, id=1230, 603.81586pt x 667.0521pt>
File: images/fig_dirichlet_partitions.png Graphic file (type png)
<use images/fig_dirichlet_partitions.png>
Package pdftex.def Info: images/fig_dirichlet_partitions.png  used on input line 153.
(pdftex.def)             Requested size: 427.43153pt x 472.1955pt.
 [67] [68 <./images/fig_dirichlet_partitions.png>] [69] [70] [71] [72] [73] [74] [75] [76] [77] [78] [79] [80] [81] [82] [83]) (secciones/capitulo4.tex [84]
\MakeUppercase    []{CAPÍTULO} IV.
------------------------------------------------------------------------------
 IV RESULTADOS Y DISCUSI\'ON
------------------------------------------------------------------------------
) (secciones/conclusiones.tex [85

]) (secciones/recomendaciones.tex [86

]) (main.bbl [87

] [88

] [89] [90] [91] [92] [93] [94] [95]) (secciones/anexos.tex [96]) [97

] (main.aux
LaTeX Info: Redefining \. on input line 12.
LaTeX Info: Redefining \% on input line 12.
LaTeX Info: Redefining \. on input line 14.
LaTeX Info: Redefining \% on input line 14.
)
 ***********
LaTeX2e <2026-06-01>
L3 programming layer <2026-05-26>
 ***********
Package rerunfilecheck Info: File `main.out' has not changed.
(rerunfilecheck)             Checksum: BF8A9EA115A6370AB6F60E56B8ECA966;23981.
 ) 
Here is how much of TeX's memory you used:
 18449 strings out of 467509
 302188 string characters out of 5408294
 734578 words of memory out of 5000000
 47043 multiletter control sequences out of 15000+600000
 641297 words of font info for 89 fonts, out of 8000000 for 9000
 1141 hyphenation exceptions out of 8191
 77i,12n,81p,648b,847s stack positions out of 10000i,1000n,20000p,200000b,200000s
 <C:\Users\LENOVO\AppData\Local\MiKTeX\fonts/pk/ljfour/jknappen/ec/dpi600\tcrm1200.pk><C:/Users/LENOVO/AppData/Local/Programs/MiKTeX/fonts/type1/public/amsfonts/cm/cmbx12.pfb><C:/Users/LENOVO/AppData/Local/Programs/MiKTeX/fonts/type1/public/amsfonts/cm/cmbx8.pfb><C:/Users/LENOVO/AppData/Local/Programs/MiKTeX/fonts/type1/public/amsfonts/cm/cmcsc10.pfb><C:/Users/LENOVO/AppData/Local/Programs/MiKTeX/fonts/type1/public/amsfonts/cm/cmex10.pfb><C:/Users/LENOVO/AppData/Local/Programs/MiKTeX/fonts/type1/public/amsfonts/cm/cmitt10.pfb><C:/Users/LENOVO/AppData/Local/Programs/MiKTeX/fonts/type1/public/amsfonts/cm/cmmi10.pfb><C:/Users/LENOVO/AppData/Local/Programs/MiKTeX/fonts/type1/public/amsfonts/cm/cmmi12.pfb><C:/Users/LENOVO/AppData/Local/Programs/MiKTeX/fonts/type1/public/amsfonts/cm/cmmi6.pfb><C:/Users/LENOVO/AppData/Local/Programs/MiKTeX/fonts/type1/public/amsfonts/cm/cmmi8.pfb><C:/Users/LENOVO/AppData/Local/Programs/MiKTeX/fonts/type1/public/amsfonts/cm/cmmib10.pfb><C:/Users/LENOVO/AppData/Local/Programs/MiKTeX/fonts/type1/public/amsfonts/cm/cmr10.pfb><C:/Users/LENOVO/AppData/Local/Programs/MiKTeX/fonts/type1/public/amsfonts/cm/cmr12.pfb><C:/Users/LENOVO/AppData/Local/Programs/MiKTeX/fonts/type1/public/amsfonts/cm/cmr6.pfb><C:/Users/LENOVO/AppData/Local/Programs/MiKTeX/fonts/type1/public/amsfonts/cm/cmr8.pfb><C:/Users/LENOVO/AppData/Local/Programs/MiKTeX/fonts/type1/public/amsfonts/cm/cmsl12.pfb><C:/Users/LENOVO/AppData/Local/Programs/MiKTeX/fonts/type1/public/amsfonts/cm/cmsy10.pfb><C:/Users/LENOVO/AppData/Local/Programs/MiKTeX/fonts/type1/public/amsfonts/cm/cmsy8.pfb><C:/Users/LENOVO/AppData/Local/Programs/MiKTeX/fonts/type1/public/amsfonts/cm/cmti12.pfb><C:/Users/LENOVO/AppData/Local/Programs/MiKTeX/fonts/type1/public/amsfonts/cm/cmtt10.pfb><C:/Users/LENOVO/AppData/Local/Programs/MiKTeX/fonts/type1/public/amsfonts/cm/cmtt12.pfb><C:/Users/LENOVO/AppData/Local/Programs/MiKTeX/fonts/type1/public/amsfonts/symbols/msbm10.pfb>
Output written on main.pdf (107 pages, 9989177 bytes).
PDF statistics:
 1571 PDF objects out of 1728 (max. 8388607)
 333 named destinations out of 1000 (max. 500000)
 894 words of extra memory for PDF output out of 10000 (max. 10000000)

