\BOOKMARK [1][-]{chapter*.1}{\376\377\000R\000E\000S\000U\000M\000E\000N\000\040}{}% 1
\BOOKMARK [1][-]{chapter*.2}{\376\377\000A\000B\000S\000T\000R\000A\000C\000T\000\040}{}% 2
\BOOKMARK [1][-]{chapter*.3}{\376\377\000I\000N\000T\000R\000O\000D\000U\000C\000C\000I\000\323\000N\000\040}{}% 3
\BOOKMARK [1][-]{section*.4}{\376\377\000D\000e\000s\000c\000r\000i\000p\000c\000i\000\363\000n\000\040\000d\000e\000l\000\040\000p\000r\000o\000b\000l\000e\000m\000a}{}% 4
\BOOKMARK [1][-]{section*.5}{\376\377\000J\000u\000s\000t\000i\000f\000i\000c\000a\000c\000i\000\363\000n}{}% 5
\BOOKMARK [1][-]{section*.6}{\376\377\000O\000b\000j\000e\000t\000i\000v\000o\000s}{}% 6
\BOOKMARK [2][-]{section*.7}{\376\377\000O\000b\000j\000e\000t\000i\000v\000o\000\040\000g\000e\000n\000e\000r\000a\000l}{section*.6}% 7
\BOOKMARK [2][-]{section*.8}{\376\377\000O\000b\000j\000e\000t\000i\000v\000o\000s\000\040\000e\000s\000p\000e\000c\000\355\000f\000i\000c\000o\000s}{section*.6}% 8
\BOOKMARK [0][-]{chapter*.14}{\376\377\000I\000\040\000R\000E\000V\000I\000S\000I\000\323\000N\000\040\000C\000R\000\315\000T\000I\000C\000A\000\040\000D\000E\000\040\000L\000A\000\040\000L\000I\000T\000E\000R\000A\000T\000U\000R\000A}{}% 9
\BOOKMARK [1][-]{section*.15}{\376\377\0001\000.\0001\000\040\000E\000s\000t\000u\000d\000i\000o\000s\000\040\000c\000o\000m\000p\000a\000r\000a\000t\000i\000v\000o\000s\000\040\000d\000e\000\040\000a\000r\000q\000u\000i\000t\000e\000c\000t\000u\000r\000a\000s\000\040\000d\000e\000\040\000v\000i\000s\000i\000\363\000n\000\040\000e\000n\000\040\000F\000L}{chapter*.14}% 10
\BOOKMARK [1][-]{section*.16}{\376\377\0001\000.\0002\000\040\000A\000r\000q\000u\000i\000t\000e\000c\000t\000u\000r\000a\000\040\000c\000o\000m\000o\000\040\000v\000a\000r\000i\000a\000b\000l\000e\000\040\000d\000e\000\040\000d\000i\000s\000e\000\361\000o\000\040\000e\000n\000\040\000F\000L}{chapter*.14}% 11
\BOOKMARK [1][-]{section*.17}{\376\377\0001\000.\0003\000\040\000S\000t\000a\000t\000e\000\040\000S\000p\000a\000c\000e\000\040\000M\000o\000d\000e\000l\000s\000\040\000y\000\040\000V\000i\000s\000i\000o\000n\000\040\000M\000a\000m\000b\000a\000\040\000e\000n\000\040\000F\000L}{chapter*.14}% 12
\BOOKMARK [1][-]{section*.18}{\376\377\0001\000.\0004\000\040\000V\000i\000s\000i\000o\000n\000\040\000G\000N\000N\000s\000\040\000e\000n\000\040\000F\000L}{chapter*.14}% 13
\BOOKMARK [1][-]{section*.19}{\376\377\0001\000.\0005\000\040\000A\000n\000\341\000l\000i\000s\000i\000s\000\040\000p\000o\000r\000\040\000c\000a\000p\000a\000s\000\040\000y\000\040\000m\000\351\000t\000r\000i\000c\000a\000s\000\040\000d\000e\000\040\000d\000r\000i\000f\000t}{chapter*.14}% 14
\BOOKMARK [1][-]{section*.20}{\376\377\0001\000.\0006\000\040\000N\000o\000r\000m\000a\000l\000i\000z\000a\000c\000i\000\363\000n\000\040\000e\000n\000\040\000F\000L\000\040\000h\000e\000t\000e\000r\000o\000g\000\351\000n\000e\000o}{chapter*.14}% 15
\BOOKMARK [1][-]{section*.21}{\376\377\0001\000.\0007\000\040\000S\000\355\000n\000t\000e\000s\000i\000s\000\040\000y\000\040\000p\000o\000s\000i\000c\000i\000o\000n\000a\000m\000i\000e\000n\000t\000o\000\040\000d\000e\000\040\000l\000a\000\040\000i\000n\000v\000e\000s\000t\000i\000g\000a\000c\000i\000\363\000n}{chapter*.14}% 16
\BOOKMARK [0][-]{chapter*.22}{\376\377\000I\000I\000\040\000M\000A\000R\000C\000O\000\040\000T\000E\000\323\000R\000I\000C\000O}{}% 17
\BOOKMARK [1][-]{section*.23}{\376\377\0002\000.\0001\000\040\000A\000p\000r\000e\000n\000d\000i\000z\000a\000j\000e\000\040\000F\000e\000d\000e\000r\000a\000d\000o}{chapter*.22}% 18
\BOOKMARK [2][-]{subsection*.24}{\376\377\0002\000.\0001\000.\0001\000\040\000D\000e\000f\000i\000n\000i\000c\000i\000\363\000n\000\040\000y\000\040\000m\000o\000t\000i\000v\000a\000c\000i\000\363\000n}{section*.23}% 19
\BOOKMARK [2][-]{subsection*.25}{\376\377\0002\000.\0001\000.\0002\000\040\000A\000r\000q\000u\000i\000t\000e\000c\000t\000u\000r\000a\000\040\000c\000l\000i\000e\000n\000t\000e\000-\000s\000e\000r\000v\000i\000d\000o\000r}{section*.23}% 20
\BOOKMARK [2][-]{subsection*.27}{\376\377\0002\000.\0001\000.\0003\000\040\000P\000r\000o\000c\000e\000s\000o\000\040\000d\000e\000\040\000o\000p\000t\000i\000m\000i\000z\000a\000c\000i\000\363\000n\000\040\000f\000e\000d\000e\000r\000a\000d\000a}{section*.23}% 21
\BOOKMARK [2][-]{subsection*.29}{\376\377\0002\000.\0001\000.\0004\000\040\000D\000e\000s\000a\000f\000\355\000o\000s\000\040\000d\000e\000l\000\040\000a\000p\000r\000e\000n\000d\000i\000z\000a\000j\000e\000\040\000f\000e\000d\000e\000r\000a\000d\000o}{section*.23}% 22
\BOOKMARK [1][-]{section*.30}{\376\377\0002\000.\0002\000\040\000H\000e\000t\000e\000r\000o\000g\000e\000n\000e\000i\000d\000a\000d\000\040\000E\000s\000t\000a\000d\000\355\000s\000t\000i\000c\000a\000\040\000y\000\040\000C\000l\000i\000e\000n\000t\000\040\000D\000r\000i\000f\000t}{chapter*.22}% 23
\BOOKMARK [2][-]{subsection*.31}{\376\377\0002\000.\0002\000.\0001\000\040\000D\000a\000t\000o\000s\000\040\000I\000I\000D\000\040\000y\000\040\000n\000o\000n\000-\000I\000I\000D\000\040\000e\000n\000\040\000a\000p\000r\000e\000n\000d\000i\000z\000a\000j\000e\000\040\000f\000e\000d\000e\000r\000a\000d\000o}{section*.30}% 24
\BOOKMARK [2][-]{subsection*.32}{\376\377\0002\000.\0002\000.\0002\000\040\000T\000a\000x\000o\000n\000o\000m\000\355\000a\000\040\000d\000e\000\040\000l\000a\000\040\000h\000e\000t\000e\000r\000o\000g\000e\000n\000e\000i\000d\000a\000d}{section*.30}% 25
\BOOKMARK [2][-]{subsection*.33}{\376\377\0002\000.\0002\000.\0003\000\040\000P\000a\000r\000t\000i\000c\000i\000\363\000n\000\040\000d\000e\000\040\000D\000i\000r\000i\000c\000h\000l\000e\000t\000\040\000p\000a\000r\000a\000\040\000n\000o\000n\000-\000I\000I\000D}{section*.30}% 26
\BOOKMARK [2][-]{subsection*.35}{\376\377\0002\000.\0002\000.\0004\000\040\000C\000l\000i\000e\000n\000t\000\040\000d\000r\000i\000f\000t\000:\000\040\000d\000e\000f\000i\000n\000i\000c\000i\000\363\000n\000\040\000y\000\040\000m\000e\000c\000a\000n\000i\000s\000m\000o}{section*.30}% 27
\BOOKMARK [2][-]{subsection*.38}{\376\377\0002\000.\0002\000.\0005\000\040\000I\000m\000p\000a\000c\000t\000o\000\040\000d\000e\000l\000\040\000d\000r\000i\000f\000t\000\040\000s\000o\000b\000r\000e\000\040\000l\000a\000\040\000c\000o\000n\000v\000e\000r\000g\000e\000n\000c\000i\000a}{section*.30}% 28
\BOOKMARK [1][-]{section*.40}{\376\377\0002\000.\0003\000\040\000A\000l\000g\000o\000r\000i\000t\000m\000o\000s\000\040\000d\000e\000\040\000O\000p\000t\000i\000m\000i\000z\000a\000c\000i\000\363\000n\000\040\000F\000e\000d\000e\000r\000a\000d\000a}{chapter*.22}% 29
\BOOKMARK [2][-]{subsection*.41}{\376\377\0002\000.\0003\000.\0001\000\040\000F\000e\000d\000A\000v\000g}{section*.40}% 30
\BOOKMARK [2][-]{subsection*.43}{\376\377\0002\000.\0003\000.\0002\000\040\000F\000e\000d\000P\000r\000o\000x}{section*.40}% 31
\BOOKMARK [2][-]{subsection*.45}{\376\377\0002\000.\0003\000.\0003\000\040\000S\000C\000A\000F\000F\000O\000L\000D}{section*.40}% 32
\BOOKMARK [1][-]{section*.47}{\376\377\0002\000.\0004\000\040\000A\000r\000q\000u\000i\000t\000e\000c\000t\000u\000r\000a\000s\000\040\000d\000e\000\040\000V\000i\000s\000i\000\363\000n\000\040\000p\000o\000r\000\040\000C\000o\000m\000p\000u\000t\000a\000d\000o\000r\000a}{chapter*.22}% 33
\BOOKMARK [2][-]{subsection*.49}{\376\377\0002\000.\0004\000.\0001\000\040\000R\000e\000d\000e\000s\000\040\000N\000e\000u\000r\000o\000n\000a\000l\000e\000s\000\040\000C\000o\000n\000v\000o\000l\000u\000c\000i\000o\000n\000a\000l\000e\000s}{section*.47}% 34
\BOOKMARK [3][-]{subsubsection*.50}{\376\377\0002\000.\0004\000.\0001\000.\0001\000\040\000P\000r\000i\000n\000c\000i\000p\000i\000o\000s\000\040\000y\000\040\000s\000e\000s\000g\000o\000s\000\040\000i\000n\000d\000u\000c\000t\000i\000v\000o\000s}{subsection*.49}% 35
\BOOKMARK [3][-]{subsubsection*.52}{\376\377\0002\000.\0004\000.\0001\000.\0002\000\040\000E\000f\000f\000i\000c\000i\000e\000n\000t\000N\000e\000t\000-\000B\0001\000\040\000y\000\040\000l\000a\000\040\000f\000a\000m\000i\000l\000i\000a\000\040\000E\000f\000f\000i\000c\000i\000e\000n\000t\000N\000e\000t}{subsection*.49}% 36
\BOOKMARK [3][-]{subsubsection*.54}{\376\377\0002\000.\0004\000.\0001\000.\0003\000\040\000B\000a\000t\000c\000h\000\040\000N\000o\000r\000m\000a\000l\000i\000z\000a\000t\000i\000o\000n\000\040\000y\000\040\000s\000u\000\040\000i\000n\000t\000e\000r\000a\000c\000c\000i\000\363\000n\000\040\000c\000o\000n\000\040\000F\000L}{subsection*.49}% 37
\BOOKMARK [2][-]{subsection*.56}{\376\377\0002\000.\0004\000.\0002\000\040\000V\000i\000s\000i\000o\000n\000\040\000T\000r\000a\000n\000s\000f\000o\000r\000m\000e\000r\000s}{section*.47}% 38
\BOOKMARK [3][-]{subsubsection*.57}{\376\377\0002\000.\0004\000.\0002\000.\0001\000\040\000M\000e\000c\000a\000n\000i\000s\000m\000o\000\040\000d\000e\000\040\000a\000u\000t\000o\000a\000t\000e\000n\000c\000i\000\363\000n\000\040\000y\000\040\000t\000o\000k\000e\000n\000i\000z\000a\000c\000i\000\363\000n}{subsection*.56}% 39
\BOOKMARK [3][-]{subsubsection*.60}{\376\377\0002\000.\0004\000.\0002\000.\0002\000\040\000V\000i\000T\000-\000T\000i\000n\000y}{subsection*.56}% 40
\BOOKMARK [3][-]{subsubsection*.62}{\376\377\0002\000.\0004\000.\0002\000.\0003\000\040\000L\000a\000y\000e\000r\000\040\000N\000o\000r\000m\000a\000l\000i\000z\000a\000t\000i\000o\000n}{subsection*.56}% 41
\BOOKMARK [2][-]{subsection*.64}{\376\377\0002\000.\0004\000.\0003\000\040\000S\000t\000a\000t\000e\000\040\000S\000p\000a\000c\000e\000\040\000M\000o\000d\000e\000l\000s\000:\000\040\000V\000i\000s\000i\000o\000n\000\040\000M\000a\000m\000b\000a}{section*.47}% 42
\BOOKMARK [3][-]{subsubsection*.65}{\376\377\0002\000.\0004\000.\0003\000.\0001\000\040\000S\000t\000a\000t\000e\000\040\000S\000p\000a\000c\000e\000\040\000M\000o\000d\000e\000l\000s\000\040\000y\000\040\000l\000a\000\040\000e\000c\000u\000a\000c\000i\000\363\000n\000\040\000d\000e\000\040\000e\000s\000p\000a\000c\000i\000o\000\040\000d\000e\000\040\000e\000s\000t\000a\000d\000o\000s}{subsection*.64}% 43
\BOOKMARK [3][-]{subsubsection*.69}{\376\377\0002\000.\0004\000.\0003\000.\0002\000\040\000V\000i\000s\000i\000o\000n\000\040\000M\000a\000m\000b\000a\000\040\000\050\000V\000i\000m\000-\000T\000i\000n\000y\000\051}{subsection*.64}% 44
\BOOKMARK [2][-]{subsection*.71}{\376\377\0002\000.\0004\000.\0004\000\040\000V\000i\000s\000i\000o\000n\000\040\000G\000r\000a\000p\000h\000\040\000N\000e\000u\000r\000a\000l\000\040\000N\000e\000t\000w\000o\000r\000k\000s}{section*.47}% 45
\BOOKMARK [3][-]{subsubsection*.72}{\376\377\0002\000.\0004\000.\0004\000.\0001\000\040\000G\000r\000a\000p\000h\000\040\000N\000e\000u\000r\000a\000l\000\040\000N\000e\000t\000w\000o\000r\000k\000s\000:\000\040\000p\000r\000o\000p\000a\000g\000a\000c\000i\000\363\000n\000\040\000d\000e\000\040\000m\000e\000n\000s\000a\000j\000e\000s}{subsection*.71}% 46
\BOOKMARK [3][-]{subsubsection*.75}{\376\377\0002\000.\0004\000.\0004\000.\0002\000\040\000V\000i\000s\000i\000o\000n\000\040\000G\000N\000N\000\040\000\050\000V\000i\000G\000-\000T\000i\000n\000y\000\051}{subsection*.71}% 47
\BOOKMARK [2][-]{subsection*.78}{\376\377\0002\000.\0004\000.\0005\000\040\000E\000s\000t\000r\000a\000t\000e\000g\000i\000a\000s\000\040\000d\000e\000\040\000n\000o\000r\000m\000a\000l\000i\000z\000a\000c\000i\000\363\000n\000\040\000y\000\040\000s\000u\000s\000\040\000p\000r\000o\000p\000i\000e\000d\000a\000d\000e\000s\000\040\000e\000n\000\040\000F\000L}{section*.47}% 48
\BOOKMARK [1][-]{section*.80}{\376\377\0002\000.\0005\000\040\000M\000\351\000t\000r\000i\000c\000a\000s\000\040\000d\000e\000\040\000A\000n\000\341\000l\000i\000s\000i\000s\000\040\000d\000e\000l\000\040\000C\000l\000i\000e\000n\000t\000\040\000D\000r\000i\000f\000t}{chapter*.22}% 49
\BOOKMARK [2][-]{subsection*.81}{\376\377\0002\000.\0005\000.\0001\000\040\000D\000i\000v\000e\000r\000g\000e\000n\000c\000i\000a\000\040\000d\000e\000\040\000p\000e\000s\000o\000s\000\040\000p\000o\000r\000\040\000c\000a\000p\000a\000\040\000\050\000L\0002\000\040\000d\000r\000i\000f\000t\000\051}{section*.80}% 50
\BOOKMARK [2][-]{subsection*.83}{\376\377\0002\000.\0005\000.\0002\000\040\000A\000l\000i\000n\000e\000a\000c\000i\000\363\000n\000\040\000d\000e\000\040\000g\000r\000a\000d\000i\000e\000n\000t\000e\000s\000\040\000e\000n\000t\000r\000e\000\040\000c\000l\000i\000e\000n\000t\000e\000s\000\040\000\050\000s\000i\000m\000i\000l\000i\000t\000u\000d\000\040\000c\000o\000s\000e\000n\000o\000\051}{section*.80}% 51
\BOOKMARK [2][-]{subsection*.85}{\376\377\0002\000.\0005\000.\0003\000\040\000C\000e\000n\000t\000e\000r\000e\000d\000\040\000K\000e\000r\000n\000e\000l\000\040\000A\000l\000i\000g\000n\000m\000e\000n\000t\000\040\000\050\000C\000K\000A\000\051}{section*.80}% 52
\BOOKMARK [3][-]{subsubsection*.86}{\376\377\0002\000.\0005\000.\0003\000.\0001\000\040\000S\000i\000m\000i\000l\000i\000t\000u\000d\000\040\000d\000e\000\040\000r\000e\000p\000r\000e\000s\000e\000n\000t\000a\000c\000i\000o\000n\000e\000s\000\040\000n\000e\000u\000r\000a\000l\000e\000s}{subsection*.85}% 53
\BOOKMARK [3][-]{subsubsection*.87}{\376\377\0002\000.\0005\000.\0003\000.\0002\000\040\000D\000e\000f\000i\000n\000i\000c\000i\000\363\000n\000\040\000f\000o\000r\000m\000a\000l\000\040\000d\000e\000l\000\040\000C\000K\000A\000\040\000l\000i\000n\000e\000a\000l}{subsection*.85}% 54
\BOOKMARK [2][-]{subsection*.91}{\376\377\0002\000.\0005\000.\0004\000\040\000T\000a\000x\000o\000n\000o\000m\000\355\000a\000\040\000d\000e\000\040\000c\000a\000p\000a\000s\000\040\000p\000a\000r\000a\000\040\000e\000l\000\040\000a\000n\000\341\000l\000i\000s\000i\000s\000\040\000p\000o\000r\000\040\000t\000i\000p\000o}{section*.80}% 55
\BOOKMARK [1][-]{section*.92}{\376\377\0002\000.\0006\000\040\000M\000\351\000t\000r\000i\000c\000a\000s\000\040\000d\000e\000\040\000E\000v\000a\000l\000u\000a\000c\000i\000\363\000n\000\040\000d\000e\000l\000\040\000R\000e\000n\000d\000i\000m\000i\000e\000n\000t\000o}{chapter*.22}% 56
\BOOKMARK [2][-]{subsection*.93}{\376\377\0002\000.\0006\000.\0001\000\040\000M\000\351\000t\000r\000i\000c\000a\000s\000\040\000d\000e\000\040\000c\000l\000a\000s\000i\000f\000i\000c\000a\000c\000i\000\363\000n}{section*.92}% 57
\BOOKMARK [2][-]{subsection*.94}{\376\377\0002\000.\0006\000.\0002\000\040\000C\000o\000n\000v\000e\000r\000g\000e\000n\000c\000i\000a\000\040\000y\000\040\000e\000s\000t\000a\000b\000i\000l\000i\000d\000a\000d}{section*.92}% 58
\BOOKMARK [2][-]{subsection*.95}{\376\377\0002\000.\0006\000.\0003\000\040\000E\000q\000u\000i\000d\000a\000d\000\040\000e\000n\000t\000r\000e\000\040\000c\000l\000i\000e\000n\000t\000e\000s\000\040\000\050\000f\000a\000i\000r\000n\000e\000s\000s\000\051}{section*.92}% 59
\BOOKMARK [0][-]{chapter*.97}{\376\377\000I\000I\000I\000\040\000M\000A\000R\000C\000O\000\040\000M\000E\000T\000O\000D\000O\000L\000\323\000G\000I\000C\000O}{}% 60
\BOOKMARK [1][-]{section*.98}{\376\377\0003\000.\0001\000\040\000D\000i\000s\000e\000\361\000o\000\040\000d\000e\000l\000\040\000E\000s\000t\000u\000d\000i\000o}{chapter*.97}% 61
\BOOKMARK [2][-]{subsection*.99}{\376\377\0003\000.\0001\000.\0001\000\040\000V\000a\000r\000i\000a\000b\000l\000e\000s\000\040\000d\000e\000l\000\040\000e\000s\000t\000u\000d\000i\000o}{section*.98}% 62
\BOOKMARK [1][-]{section*.100}{\376\377\0003\000.\0002\000\040\000C\000o\000n\000j\000u\000n\000t\000o\000s\000\040\000d\000e\000\040\000D\000a\000t\000o\000s}{chapter*.97}% 63
\BOOKMARK [2][-]{subsection*.101}{\376\377\0003\000.\0002\000.\0001\000\040\000B\000r\000a\000i\000n\000\040\000T\000u\000m\000o\000r\000\040\000M\000R\000I}{section*.100}% 64
\BOOKMARK [2][-]{subsection*.103}{\376\377\0003\000.\0002\000.\0002\000\040\000C\000I\000F\000A\000R\000-\0001\0000}{section*.100}% 65
\BOOKMARK [2][-]{subsection*.105}{\376\377\0003\000.\0002\000.\0003\000\040\000C\000o\000n\000f\000i\000g\000u\000r\000a\000c\000i\000\363\000n\000\040\000d\000e\000l\000\040\000D\000a\000t\000a\000L\000o\000a\000d\000e\000r}{section*.100}% 66
\BOOKMARK [1][-]{section*.106}{\376\377\0003\000.\0003\000\040\000P\000a\000r\000t\000i\000c\000i\000o\000n\000a\000m\000i\000e\000n\000t\000o\000\040\000F\000e\000d\000e\000r\000a\000d\000o\000\040\000N\000o\000-\000I\000I\000D}{chapter*.97}% 67
\BOOKMARK [2][-]{subsection*.107}{\376\377\0003\000.\0003\000.\0001\000\040\000E\000s\000t\000r\000a\000t\000e\000g\000i\000a\000\040\000D\000i\000r\000i\000c\000h\000l\000e\000t}{section*.106}% 68
\BOOKMARK [2][-]{subsection*.110}{\376\377\0003\000.\0003\000.\0002\000\040\000R\000e\000p\000r\000o\000d\000u\000c\000i\000b\000i\000l\000i\000d\000a\000d\000\040\000d\000e\000\040\000l\000a\000s\000\040\000p\000a\000r\000t\000i\000c\000i\000o\000n\000e\000s}{section*.106}% 69
\BOOKMARK [1][-]{section*.111}{\376\377\0003\000.\0004\000\040\000M\000o\000d\000e\000l\000o\000s\000\040\000E\000v\000a\000l\000u\000a\000d\000o\000s}{chapter*.97}% 70
\BOOKMARK [2][-]{subsection*.112}{\376\377\0003\000.\0004\000.\0001\000\040\000E\000s\000p\000e\000c\000i\000f\000i\000c\000a\000c\000i\000o\000n\000e\000s\000\040\000d\000e\000\040\000l\000a\000s\000\040\000a\000r\000q\000u\000i\000t\000e\000c\000t\000u\000r\000a\000s}{section*.111}% 71
\BOOKMARK [2][-]{subsection*.114}{\376\377\0003\000.\0004\000.\0002\000\040\000A\000b\000l\000a\000c\000i\000\363\000n\000\040\000d\000e\000\040\000n\000o\000r\000m\000a\000l\000i\000z\000a\000c\000i\000\363\000n\000\040\000s\000o\000b\000r\000e\000\040\000E\000f\000f\000i\000c\000i\000e\000n\000t\000N\000e\000t\000-\000B\0001}{section*.111}% 72
\BOOKMARK [2][-]{subsection*.115}{\376\377\0003\000.\0004\000.\0003\000\040\000R\000e\000g\000i\000s\000t\000r\000o\000\040\000e\000n\000\040\000F\000L\000-\000b\000e\000n\000c\000h}{section*.111}% 73
\BOOKMARK [1][-]{section*.116}{\376\377\0003\000.\0005\000\040\000P\000r\000o\000t\000o\000c\000o\000l\000o\000\040\000d\000e\000\040\000A\000p\000r\000e\000n\000d\000i\000z\000a\000j\000e\000\040\000F\000e\000d\000e\000r\000a\000d\000o}{chapter*.97}% 74
\BOOKMARK [2][-]{subsection*.117}{\376\377\0003\000.\0005\000.\0001\000\040\000C\000o\000n\000f\000i\000g\000u\000r\000a\000c\000i\000\363\000n\000\040\000e\000x\000p\000e\000r\000i\000m\000e\000n\000t\000a\000l}{section*.116}% 75
\BOOKMARK [2][-]{subsection*.119}{\376\377\0003\000.\0005\000.\0002\000\040\000C\000i\000c\000l\000o\000\040\000d\000e\000\040\000u\000n\000a\000\040\000r\000o\000n\000d\000a\000\040\000d\000e\000\040\000c\000o\000m\000u\000n\000i\000c\000a\000c\000i\000\363\000n}{section*.116}% 76
\BOOKMARK [1][-]{section*.126}{\376\377\0003\000.\0006\000\040\000T\000a\000x\000o\000n\000o\000m\000\355\000a\000\040\000d\000e\000\040\000C\000a\000p\000a\000s\000\040\000p\000a\000r\000a\000\040\000e\000l\000\040\000A\000n\000\341\000l\000i\000s\000i\000s\000\040\000d\000e\000\040\000D\000r\000i\000f\000t}{chapter*.97}% 77
\BOOKMARK [1][-]{section*.128}{\376\377\0003\000.\0007\000\040\000M\000\351\000t\000r\000i\000c\000a\000s\000\040\000d\000e\000\040\000D\000r\000i\000f\000t\000\040\000P\000a\000r\000a\000m\000\351\000t\000r\000i\000c\000o}{chapter*.97}% 78
\BOOKMARK [2][-]{subsection*.129}{\376\377\0003\000.\0007\000.\0001\000\040\000D\000i\000v\000e\000r\000g\000e\000n\000c\000i\000a\000\040\000d\000e\000\040\000p\000e\000s\000o\000s\000\040\000L\0002\000\040\000p\000o\000r\000\040\000g\000r\000u\000p\000o\000\040\000d\000e\000\040\000c\000a\000p\000a\000s}{section*.128}% 79
\BOOKMARK [2][-]{subsection*.132}{\376\377\0003\000.\0007\000.\0002\000\040\000A\000l\000i\000n\000e\000a\000c\000i\000\363\000n\000\040\000d\000e\000\040\000g\000r\000a\000d\000i\000e\000n\000t\000e\000s\000\040\000i\000n\000t\000e\000r\000-\000c\000l\000i\000e\000n\000t\000e}{section*.128}% 80
\BOOKMARK [1][-]{section*.134}{\376\377\0003\000.\0008\000\040\000A\000n\000\341\000l\000i\000s\000i\000s\000\040\000d\000e\000\040\000R\000e\000p\000r\000e\000s\000e\000n\000t\000a\000c\000i\000o\000n\000e\000s\000\040\000m\000e\000d\000i\000a\000n\000t\000e\000\040\000C\000K\000A}{chapter*.97}% 81
\BOOKMARK [2][-]{subsection*.135}{\376\377\0003\000.\0008\000.\0001\000\040\000A\000r\000q\000u\000i\000t\000e\000c\000t\000u\000r\000a\000\040\000d\000e\000l\000\040\000p\000i\000p\000e\000l\000i\000n\000e\000\040\000o\000f\000f\000l\000i\000n\000e}{section*.134}% 82
\BOOKMARK [2][-]{subsection*.136}{\376\377\0003\000.\0008\000.\0002\000\040\000M\000a\000p\000a\000\040\000d\000e\000\040\000c\000a\000p\000a\000s\000\040\000p\000o\000r\000\040\000a\000r\000q\000u\000i\000t\000e\000c\000t\000u\000r\000a}{section*.134}% 83
\BOOKMARK [2][-]{subsection*.138}{\376\377\0003\000.\0008\000.\0003\000\040\000A\000n\000\341\000l\000i\000s\000i\000s\000\040\000C\000K\000A\000\040\000g\000l\000o\000b\000a\000l\000-\000v\000s\000-\000c\000l\000i\000e\000n\000t\000e}{section*.134}% 84
\BOOKMARK [2][-]{subsection*.140}{\376\377\0003\000.\0008\000.\0004\000\040\000A\000n\000\341\000l\000i\000s\000i\000s\000\040\000C\000K\000A\000\040\000p\000a\000i\000r\000w\000i\000s\000e\000\040\000i\000n\000t\000e\000r\000-\000c\000l\000i\000e\000n\000t\000e}{section*.134}% 85
\BOOKMARK [2][-]{subsection*.141}{\376\377\0003\000.\0008\000.\0005\000\040\000G\000e\000s\000t\000i\000\363\000n\000\040\000d\000e\000\040\000m\000e\000m\000o\000r\000i\000a}{section*.134}% 86
\BOOKMARK [1][-]{section*.142}{\376\377\0003\000.\0009\000\040\000M\000\351\000t\000r\000i\000c\000a\000s\000\040\000d\000e\000\040\000E\000v\000a\000l\000u\000a\000c\000i\000\363\000n\000\040\000d\000e\000l\000\040\000R\000e\000n\000d\000i\000m\000i\000e\000n\000t\000o}{chapter*.97}% 87
\BOOKMARK [2][-]{subsection*.143}{\376\377\0003\000.\0009\000.\0001\000\040\000M\000\351\000t\000r\000i\000c\000a\000s\000\040\000d\000e\000\040\000c\000l\000a\000s\000i\000f\000i\000c\000a\000c\000i\000\363\000n}{section*.142}% 88
\BOOKMARK [2][-]{subsection*.144}{\376\377\0003\000.\0009\000.\0002\000\040\000V\000e\000l\000o\000c\000i\000d\000a\000d\000\040\000d\000e\000\040\000c\000o\000n\000v\000e\000r\000g\000e\000n\000c\000i\000a}{section*.142}% 89
\BOOKMARK [2][-]{subsection*.145}{\376\377\0003\000.\0009\000.\0003\000\040\000E\000q\000u\000i\000d\000a\000d\000\040\000i\000n\000t\000e\000r\000-\000c\000l\000i\000e\000n\000t\000e}{section*.142}% 90
\BOOKMARK [2][-]{subsection*.146}{\376\377\0003\000.\0009\000.\0004\000\040\000A\000g\000r\000e\000g\000a\000c\000i\000\363\000n\000\040\000e\000s\000t\000a\000d\000\355\000s\000t\000i\000c\000a}{section*.142}% 91
\BOOKMARK [1][-]{section*.147}{\376\377\0003\000.\0001\0000\000\040\000E\000s\000t\000u\000d\000i\000o\000s\000\040\000d\000e\000\040\000A\000b\000l\000a\000c\000i\000\363\000n}{chapter*.97}% 92
\BOOKMARK [1][-]{section*.148}{\376\377\0003\000.\0001\0001\000\040\000P\000r\000o\000c\000e\000d\000i\000m\000i\000e\000n\000t\000o\000\040\000E\000x\000p\000e\000r\000i\000m\000e\000n\000t\000a\000l}{chapter*.97}% 93
\BOOKMARK [1][-]{section*.149}{\376\377\0003\000.\0001\0002\000\040\000I\000n\000f\000r\000a\000e\000s\000t\000r\000u\000c\000t\000u\000r\000a\000\040\000T\000e\000c\000n\000o\000l\000\363\000g\000i\000c\000a}{chapter*.97}% 94
\BOOKMARK [2][-]{subsection*.150}{\376\377\0003\000.\0001\0002\000.\0001\000\040\000H\000a\000r\000d\000w\000a\000r\000e}{section*.149}% 95
\BOOKMARK [2][-]{subsection*.151}{\376\377\0003\000.\0001\0002\000.\0002\000\040\000S\000o\000f\000t\000w\000a\000r\000e}{section*.149}% 96
\BOOKMARK [0][-]{chapter*.153}{\376\377\000I\000V\000\040\000R\000E\000S\000U\000L\000T\000A\000D\000O\000S\000\040\000Y\000\040\000D\000I\000S\000C\000U\000S\000I\000\323\000N}{}% 97
\BOOKMARK [1][-]{section*.154}{\376\377\0004\000.\0001\000\040\000P\000r\000i\000m\000e\000r\000\040\000s\000u\000b\000t\000\355\000t\000u\000l\000o}{chapter*.153}% 98
\BOOKMARK [1][-]{chapter*.155}{\376\377\000C\000O\000N\000C\000L\000U\000S\000I\000O\000N\000E\000S\000\040}{chapter*.153}% 99
\BOOKMARK [1][-]{chapter*.156}{\376\377\000R\000E\000C\000O\000M\000E\000N\000D\000A\000C\000I\000O\000N\000E\000S}{chapter*.153}% 100
\BOOKMARK [1][-]{chapter*.158}{\376\377\000A\000N\000E\000X\000O\000S}{chapter*.153}% 101
