[FedLateGram] Late layers (4): ['base.drop_path', 'base.layers', 'base.norm_f', 'classifier']                                                                             
==================== FedLateGram ====================                                                                                                                     
Experiment Arguments:                                                                                                                                                     
{
│   'method': 'fedlategram',
│   'dataset': {
│   │   'name': 'brain_tumor',
│   │   'partition_dir': 'partitions/alpha_0.3/seed_42',
│   │   'client_num': 10,
│   │   'test_ratio': 0.25,
│   │   'val_ratio': 0.0,
│   │   'seed': 42,
│   │   'split': 'sample',
│   │   'IID_ratio': 0.0,
│   │   'monitor_window_name_suffix': 'brain_tumor-10clients-0%IID-Dir(0.3)-seed42',
│   │   'alpha': 0.3,
│   │   'min_samples_per_client': 10
│   },
│   'model': {
│   │   'name': 'vim_tiny',
│   │   'use_torchvision_pretrained_weights': False,
│   │   'external_model_weights_path': None
│   },
│   'optimizer': {
│   │   'lr': 0.01,
│   │   'dampening': 0,
│   │   'weight_decay': 0.0001,
│   │   'momentum': 0.9,
│   │   'nesterov': False,
│   │   'name': 'sgd'
│   },
│   'mode': 'serial',
│   'parallel': {
│   │   'ray_cluster_addr': None,
│   │   'num_cpus': None,
│   │   'num_gpus': None,
│   │   'num_workers': 4
│   },
│   'common': {
│   │   'seed': 42,
│   │   'join_ratio': 1.0,
│   │   'global_epoch': 50,
│   │   'local_epoch': 5,
│   │   'batch_size': 32,
│   │   'reset_optimizer_on_global_epoch': True,
│   │   'straggler_ratio': 0,
│   │   'straggler_min_local_epoch': 0,
│   │   'buffers': 'global',
│   │   'client_side_evaluation': True,
│   │   'test': {
│   │   │   'client': {
│   │   │   │   'interval': 1,
│   │   │   │   'finetune_epoch': 0,
│   │   │   │   'train': False,
│   │   │   │   'val': False,
│   │   │   │   'test': True
│   │   │   },
│   │   │   'server': {
│   │   │   │   'interval': 1,
│   │   │   │   'train': False,
│   │   │   │   'val': False,
│   │   │   │   'test': True,
│   │   │   │   'model_in_train_mode': False
│   │   │   }
│   │   },
│   │   'verbose_gap': 10,
│   │   'monitor': 'tensorboard',
│   │   'use_cuda': True,
│   │   'save_log': True,
│   │   'save_model': False,
│   │   'save_learning_curve_plot': True,
│   │   'save_metrics': True,
│   │   'delete_useless_run': True,
│   │   'dataloader_num_workers': 2,
│   │   'resume_checkpoint': None
│   },
│   'fedlategram': {
│   │   'lam': 0.1,
│   │   'tau_cka': 0.85,
│   │   'late_fraction': 0.4,
│   │   'freeze_strategy': 'warm_then_freeze',
│   │   'T_warm': 20,
│   │   'alpha_early_lr': 0.05,
│   │   'freq_early': 5,
│   │   'gram_ref': 'proxy',
│   │   'proxy_size': 256
│   },
│   'cka': {
│   │   'rounds': [
│   │   │   1,
│   │   │   2,
│   │   │   5,
│   │   │   10,
│   │   │   20,
│   │   │   30,
│   │   │   40,
│   │   │   50
│   │   ],
│   │   'client_sample': 10,
│   │   'probe_batches': 20,
│   │   'probe_batch_size': 16
│   },
│   'ckadriftfedavg': {}
}
---------------------------- ROUND 1/50 START ----------------------------                                                                                                
Selected clients: [1, 0, 4, 9, 6, 5, 8, 2, 3, 7]                                                                                                                          
  [Client 1] Starting local training...                                                                                                                                   
  [Client 1] Finished training in 6.12s                                                                                                                                   
  [Client 0] Starting local training...                                                                                                                                   
  [Client 0] Finished training in 9.01s                                                                                                                                   
  [Client 4] Starting local training...                                                                                                                                   
  [Client 4] Finished training in 4.38s                                                                                                                                   
  [Client 9] Starting local training...                                                                                                                                   
  [Client 9] Finished training in 4.88s                                                                                                                                   
  [Client 6] Starting local training...                                                                                                                                   
  [Client 6] Finished training in 12.27s                                                                                                                                  
  [Client 5] Starting local training...                                                                                                                                   
  [Client 5] Finished training in 5.92s                                                                                                                                   
  [Client 8] Starting local training...                                                                                                                                   
  [Client 8] Finished training in 12.73s                                                                                                                                  
  [Client 2] Starting local training...                                                                                                                                   
  [Client 2] Finished training in 3.49s                                                                                                                                   
  [Client 3] Starting local training...                                                                                                                                   
  [Client 3] Finished training in 9.74s                                                                                                                                   
  [Client 7] Starting local training...                                                                                                                                   
  [Client 7] Finished training in 11.08s                                                                                                                                  
  [CKA] Saved checkpoints for round 1 (10 clients) → /home/luis.mendezl/Thesis/logs/runs/brain_tumor_alpha0.3_vim_tiny_fedlategram_seed42/checkpoints/round_0001          
  Starting weight aggregation...                                                                                                                                          
  Aggregation completed in 0.05s                                                                                                                                          
ROUND 1 FINISHED in 86.22s (Avg: 86.22s)                                                                                                                                  
  [FedLateGram] Saved checkpoint after round 1 → /home/luis.mendezl/Thesis/logs/runs/brain_tumor_alpha0.3_vim_tiny_fedlategram_seed42/checkpoints/training_state.pt       
---------------------------- ROUND 2/50 START ----------------------------                                                                                                
Selected clients: [0, 9, 1, 7, 6, 4, 8, 2, 3, 5]                                                                                                                          
  [Client 0] Starting local training...                                                                                                                                   
  [Client 0] Finished training in 9.09s                                                                                                                                   
  [Client 9] Starting local training...                                                                                                                                   
  [Client 9] Finished training in 5.08s                                                                                                                                   
  [Client 1] Starting local training...                                                                                                                                   
  [Client 1] Finished training in 3.16s                                                                                                                                   
  [Client 7] Starting local training...                                                                                                                                   
  [Client 7] Finished training in 9.74s                                                                                                                                   
  [Client 6] Starting local training...                                                                                                                                   
  [Client 6] Finished training in 10.49s                                                                                                                                  
  [Client 4] Starting local training...                                                                                                                                   
  [Client 4] Finished training in 4.59s                                                                                                                                   
  [Client 8] Starting local training...                                                                                                                                   
  [Client 8] Finished training in 13.43s                                                                                                                                  
  [Client 2] Starting local training...                                                                                                                                   
  [Client 2] Finished training in 3.49s                                                                                                                                   
  [Client 3] Starting local training...                                                                                                                                   
  [Client 3] Finished training in 9.39s                                                                                                                                   
  [Client 5] Starting local training...                                                                                                                                   
  [Client 5] Finished training in 5.57s                                                                                                                                   
  [CKA] Saved checkpoints for round 2 (10 clients) → /home/luis.mendezl/Thesis/logs/runs/brain_tumor_alpha0.3_vim_tiny_fedlategram_seed42/checkpoints/round_0002          
  Starting weight aggregation...                                                                                                                                          
  Aggregation completed in 0.05s                                                                                                                                          
ROUND 2 FINISHED in 77.42s (Avg: 81.82s)                                                                                                                                  
  [FedLateGram] Saved checkpoint after round 2 → /home/luis.mendezl/Thesis/logs/runs/brain_tumor_alpha0.3_vim_tiny_fedlategram_seed42/checkpoints/training_state.pt       
---------------------------- ROUND 3/50 START ----------------------------                                                                                                
Selected clients: [3, 7, 4, 6, 0, 1, 9, 8, 2, 5]                                                                                                                          
  [Client 3] Starting local training...                                                                                                                                   
  [Client 3] Finished training in 8.32s                                                                                                                                   
  [Client 7] Starting local training...                                                                                                                                   
  [Client 7] Finished training in 9.98s                                                                                                                                   
  [Client 4] Starting local training...                                                                                                                                   
  [Client 4] Finished training in 4.57s                                                                                                                                   
  [Client 6] Starting local training...                                                                                                                                   
  [Client 6] Finished training in 10.45s                                                                                                                                  
  [Client 0] Starting local training...                                                                                                                                   
  [Client 0] Finished training in 8.83s                                                                                                                                   
  [Client 1] Starting local training...                                                                                                                                   
  [Client 1] Finished training in 2.91s                                                                                                                                   
  [Client 9] Starting local training...                                                                                                                                   
  [Client 9] Finished training in 5.06s                                                                                                                                   
  [Client 8] Starting local training...                                                                                                                                   
  [Client 8] Finished training in 12.82s                                                                                                                                  
  [Client 2] Starting local training...                                                                                                                                   
  [Client 2] Finished training in 3.47s                                                                                                                                   
  [Client 5] Starting local training...                                                                                                                                   
  [Client 5] Finished training in 7.13s                                                                                                                                   
  Starting weight aggregation...                                                                                                                                          
  Aggregation completed in 0.05s                                                                                                                                          
ROUND 3 FINISHED in 74.03s (Avg: 79.22s)                                                                                                                                  
  [FedLateGram] Saved checkpoint after round 3 → /home/luis.mendezl/Thesis/logs/runs/brain_tumor_alpha0.3_vim_tiny_fedlategram_seed42/checkpoints/training_state.pt       
---------------------------- ROUND 4/50 START ----------------------------                                                                                                
Selected clients: [3, 5, 1, 0, 9, 6, 2, 7, 8, 4]                                                                                                                          
  [Client 3] Starting local training...                                                                                                                                   
  [Client 3] Finished training in 9.58s                                                                                                                                   
  [Client 5] Starting local training...                                                                                                                                   
  [Client 5] Finished training in 6.17s                                                                                                                                   
  [Client 1] Starting local training...                                                                                                                                   
  [Client 1] Finished training in 2.87s                                                                                                                                   
  [Client 0] Starting local training...                                                                                                                                   
  [Client 0] Finished training in 9.10s                                                                                                                                   
  [Client 9] Starting local training...                                                                                                                                   
  [Client 9] Finished training in 5.10s                                                                                                                                   
  [Client 6] Starting local training...                                                                                                                                   
  [Client 6] Finished training in 10.64s                                                                                                                                  
  [Client 2] Starting local training...                                                                                                                                   
  [Client 2] Finished training in 3.46s                                                                                                                                   
  [Client 7] Starting local training...                                                                                                                                   
  [Client 7] Finished training in 10.22s                                                                                                                                  
  [Client 8] Starting local training...                                                                                                                                   
  [Client 8] Finished training in 12.94s                                                                                                                                  
  [Client 4] Starting local training...                                                                                                                                   
  [Client 4] Finished training in 4.65s                                                                                                                                   
  Starting weight aggregation...                                                                                                                                          
  Aggregation completed in 0.05s                                                                                                                                          
ROUND 4 FINISHED in 75.24s (Avg: 78.22s)                                                                                                                                  
  [FedLateGram] Saved checkpoint after round 4 → /home/luis.mendezl/Thesis/logs/runs/brain_tumor_alpha0.3_vim_tiny_fedlategram_seed42/checkpoints/training_state.pt       
---------------------------- ROUND 5/50 START ----------------------------                                                                                                
Selected clients: [7, 8, 1, 3, 0, 4, 2, 6, 9, 5]                                                                                                                          
  [Client 7] Starting local training...                                                                                                                                   
  [Client 7] Finished training in 9.72s                                                                                                                                   
  [Client 8] Starting local training...                                                                                                                                   
  [Client 8] Finished training in 12.63s                                                                                                                                  
  [Client 1] Starting local training...                                                                                                                                   
  [Client 1] Finished training in 2.89s                                                                                                                                   
  [Client 3] Starting local training...                                                                                                                                   
  [Client 3] Finished training in 8.45s                                                                                                                                   
  [Client 0] Starting local training...                                                                                                                                   
  [Client 0] Finished training in 9.03s                                                                                                                                   
  [Client 4] Starting local training...                                                                                                                                   
  [Client 4] Finished training in 4.55s                                                                                                                                   
  [Client 2] Starting local training...                                                                                                                                   
  [Client 2] Finished training in 3.46s                                                                                                                                   
  [Client 6] Starting local training...                                                                                                                                   
  [Client 6] Finished training in 10.70s                                                                                                                                  
  [Client 9] Starting local training...                                                                                                                                   
  [Client 9] Finished training in 5.07s                                                                                                                                   
  [Client 5] Starting local training...                                                                                                                                   
  [Client 5] Finished training in 5.76s                                                                                                                                   
  [CKA] Saved checkpoints for round 5 (10 clients) → /home/luis.mendezl/Thesis/logs/runs/brain_tumor_alpha0.3_vim_tiny_fedlategram_seed42/checkpoints/round_0005          
  Starting weight aggregation...                                                                                                                                          
  Aggregation completed in 0.05s                                                                                                                                          
ROUND 5 FINISHED in 78.64s (Avg: 78.31s)                                                                                                                                  
  [FedLateGram] Saved checkpoint after round 5 → /home/luis.mendezl/Thesis/logs/runs/brain_tumor_alpha0.3_vim_tiny_fedlategram_seed42/checkpoints/training_state.pt       
---------------------------- ROUND 6/50 START ----------------------------                                                                                                
Selected clients: [1, 0, 3, 6, 2, 8, 9, 4, 7, 5]                                                                                                                          
  [Client 1] Starting local training...                                                                                                                                   
  [Client 1] Finished training in 2.93s                                                                                                                                   
  [Client 0] Starting local training...                                                                                                                                   
  [Client 0] Finished training in 8.86s                                                                                                                                   
  [Client 3] Starting local training...                                                                                                                                   
  [Client 3] Finished training in 8.49s                                                                                                                                   
  [Client 6] Starting local training...                                                                                                                                   
  [Client 6] Finished training in 10.25s                                                                                                                                  
  [Client 2] Starting local training...                                                                                                                                   
  [Client 2] Finished training in 3.44s                                                                                                                                   
  [Client 8] Starting local training...                                                                                                                                   
  [Client 8] Finished training in 13.00s                                                                                                                                  
  [Client 9] Starting local training...                                                                                                                                   
  [Client 9] Finished training in 5.11s                                                                                                                                   
  [Client 4] Starting local training...                                                                                                                                   
  [Client 4] Finished training in 4.65s                                                                                                                                   
  [Client 7] Starting local training...                                                                                                                                   
  [Client 7] Finished training in 10.15s                                                                                                                                  
  [Client 5] Starting local training...                                                                                                                                   
  [Client 5] Finished training in 5.59s                                                                                                                                   
  Starting weight aggregation...                                                                                                                                          
  Aggregation completed in 0.05s                                                                                                                                          
ROUND 6 FINISHED in 72.99s (Avg: 77.42s)                                                                                                                                  
  [FedLateGram] Saved checkpoint after round 6 → /home/luis.mendezl/Thesis/logs/runs/brain_tumor_alpha0.3_vim_tiny_fedlategram_seed42/checkpoints/training_state.pt       
---------------------------- ROUND 7/50 START ----------------------------                                                                                                
Selected clients: [7, 5, 2, 9, 6, 1, 8, 3, 0, 4]                                                                                                                          
  [Client 7] Starting local training...                                                                                                                                   
  [Client 7] Finished training in 10.21s                                                                                                                                  
  [Client 5] Starting local training...                                                                                                                                   
  [Client 5] Finished training in 5.39s                                                                                                                                   
  [Client 2] Starting local training...                                                                                                                                   
  [Client 2] Finished training in 3.42s                                                                                                                                   
  [Client 9] Starting local training...                                                                                                                                   
  [Client 9] Finished training in 5.22s                                                                                                                                   
  [Client 6] Starting local training...                                                                                                                                   
  [Client 6] Finished training in 12.03s                                                                                                                                  
  [Client 1] Starting local training...                                                                                                                                   
  [Client 1] Finished training in 2.81s                                                                                                                                   
  [Client 8] Starting local training...                                                                                                                                   
  [Client 8] Finished training in 13.75s                                                                                                                                  
  [Client 3] Starting local training...                                                                                                                                   
  [Client 3] Finished training in 8.49s                                                                                                                                   
  [Client 0] Starting local training...                                                                                                                                   
  [Client 0] Finished training in 9.60s                                                                                                                                   
  [Client 4] Starting local training...                                                                                                                                   
  [Client 4] Finished training in 5.41s                                                                                                                                   
  Starting weight aggregation...                                                                                                                                          
  Aggregation completed in 0.05s                                                                                                                                          
ROUND 7 FINISHED in 76.80s (Avg: 77.33s)                                                                                                                                  
  [FedLateGram] Saved checkpoint after round 7 → /home/luis.mendezl/Thesis/logs/runs/brain_tumor_alpha0.3_vim_tiny_fedlategram_seed42/checkpoints/training_state.pt       
---------------------------- ROUND 8/50 START ----------------------------                                                                                                
Selected clients: [8, 3, 2, 9, 6, 7, 1, 4, 5, 0]                                                                                                                          
  [Client 8] Starting local training...                                                                                                                                   
  [Client 8] Finished training in 12.86s                                                                                                                                  
  [Client 3] Starting local training...                                                                                                                                   
  [Client 3] Finished training in 8.22s                                                                                                                                   
  [Client 2] Starting local training...                                                                                                                                   
  [Client 2] Finished training in 3.63s                                                                                                                                   
  [Client 9] Starting local training...                                                                                                                                   
  [Client 9] Finished training in 5.06s                                                                                                                                   
  [Client 6] Starting local training...                                                                                                                                   
  [Client 6] Finished training in 11.09s                                                                                                                                  
  [Client 7] Starting local training...                                                                                                                                   
  [Client 7] Finished training in 10.08s                                                                                                                                  
  [Client 1] Starting local training...                                                                                                                                   
  [Client 1] Finished training in 2.90s                                                                                                                                   
  [Client 4] Starting local training...                                                                                                                                   
  [Client 4] Finished training in 4.63s                                                                                                                                   
  [Client 5] Starting local training...                                                                                                                                   
  [Client 5] Finished training in 5.48s                                                                                                                                   
  [Client 0] Starting local training...                                                                                                                                   
  [Client 0] Finished training in 8.94s                                                                                                                                   
  Starting weight aggregation...                                                                                                                                          
  Aggregation completed in 0.06s                                                                                                                                          
ROUND 8 FINISHED in 73.43s (Avg: 76.84s)                                                                                                                                  
  [FedLateGram] Saved checkpoint after round 8 → /home/luis.mendezl/Thesis/logs/runs/brain_tumor_alpha0.3_vim_tiny_fedlategram_seed42/checkpoints/training_state.pt       
---------------------------- ROUND 9/50 START ----------------------------                                                                                                
Selected clients: [3, 0, 5, 9, 2, 8, 1, 7, 6, 4]                                                                                                                          
  [Client 3] Starting local training...                                                                                                                                   
  [Client 3] Finished training in 8.50s                                                                                                                                   
  [Client 0] Starting local training...                                                                                                                                   
  [Client 0] Finished training in 8.92s                                                                                                                                   
  [Client 5] Starting local training...                                                                                                                                   
  [Client 5] Finished training in 6.34s                                                                                                                                   
  [Client 9] Starting local training...                                                                                                                                   
  [Client 9] Finished training in 5.08s                                                                                                                                   
  [Client 2] Starting local training...                                                                                                                                   
  [Client 2] Finished training in 3.51s                                                                                                                                   
  [Client 8] Starting local training...                                                                                                                                   
  [Client 8] Finished training in 12.85s                                                                                                                                  
  [Client 1] Starting local training...                                                                                                                                   
  [Client 1] Finished training in 2.83s                                                                                                                                   
  [Client 7] Starting local training...                                                                                                                                   
  [Client 7] Finished training in 10.35s                                                                                                                                  
  [Client 6] Starting local training...                                                                                                                                   
  [Client 6] Finished training in 10.46s                                                                                                                                  
  [Client 4] Starting local training...                                                                                                                                   
  [Client 4] Finished training in 5.08s                                                                                                                                   
  Starting weight aggregation...                                                                                                                                          
  Aggregation completed in 0.05s                                                                                                                                          
ROUND 9 FINISHED in 74.46s (Avg: 76.58s)                                                                                                                                  
  [FedLateGram] Saved checkpoint after round 9 → /home/luis.mendezl/Thesis/logs/runs/brain_tumor_alpha0.3_vim_tiny_fedlategram_seed42/checkpoints/training_state.pt       
---------------------------- ROUND 10/50 START ----------------------------                                                                                               
Selected clients: [7, 6, 9, 1, 2, 8, 4, 5, 3, 0]                                                                                                                          
  [Client 7] Starting local training...                                                                                                                                   
  [Client 7] Finished training in 9.83s                                                                                                                                   
client [7]  (testset)   loss: 0.4269 -> 0.3949  accuracy: 83.82% -> 88.97%                                                                                                
  [Client 6] Starting local training...                                                                                                                                   
  [Client 6] Finished training in 10.35s                                                                                                                                  
client [6]  (testset)   loss: 0.7144 -> 0.2052  accuracy: 74.35% -> 93.31%                                                                                                
  [Client 9] Starting local training...                                                                                                                                   
  [Client 9] Finished training in 5.12s                                                                                                                                   
client [9]  (testset)   loss: 0.7196 -> 0.6397  accuracy: 74.34% -> 79.65%                                                                                                
  [Client 1] Starting local training...                                                                                                                                   
  [Client 1] Finished training in 2.87s                                                                                                                                   
client [1]  (testset)   loss: 0.4493 -> 0.4898  accuracy: 78.72% -> 80.85%                                                                                                
  [Client 2] Starting local training...                                                                                                                                   
  [Client 2] Finished training in 3.53s                                                                                                                                   
client [2]  (testset)   loss: 0.6154 -> 0.5943  accuracy: 79.17% -> 84.72%                                                                                                
  [Client 8] Starting local training...                                                                                                                                   
  [Client 8] Finished training in 12.87s                                                                                                                                  
client [8]  (testset)   loss: 2.7644 -> 0.2562  accuracy: 9.26% -> 95.99%                                                                                                 
  [Client 4] Starting local training...                                                                                                                                   
  [Client 4] Finished training in 4.55s                                                                                                                                   
client [4]  (testset)   loss: 0.5580 -> 0.6321  accuracy: 83.65% -> 79.81%                                                                                                
  [Client 5] Starting local training...                                                                                                                                   
  [Client 5] Finished training in 5.57s                                                                                                                                   
client [5]  (testset)   loss: 0.5593 -> 0.4015  accuracy: 75.20% -> 88.80%                                                                                                
  [Client 3] Starting local training...                                                                                                                                   
  [Client 3] Finished training in 8.59s                                                                                                                                   
client [3]  (testset)   loss: 1.7347 -> 0.1452  accuracy: 39.72% -> 95.33%                                                                                                
  [Client 0] Starting local training...                                                                                                                                   
  [Client 0] Finished training in 9.14s                                                                                                                                   
client [0]  (testset)   loss: 0.5297 -> 0.3428  accuracy: 79.30% -> 87.11%                                                                                                
  [CKA] Saved checkpoints for round 10 (10 clients) → /home/luis.mendezl/Thesis/logs/runs/brain_tumor_alpha0.3_vim_tiny_fedlategram_seed42/checkpoints/round_0010         
  Starting weight aggregation...                                                                                                                                          
  Aggregation completed in 0.05s                                                                                                                                          
ROUND 10 FINISHED in 79.63s (Avg: 76.88s)                                                                                                                                 
  [FedLateGram] Saved checkpoint after round 10 → /home/luis.mendezl/Thesis/logs/runs/brain_tumor_alpha0.3_vim_tiny_fedlategram_seed42/checkpoints/training_state.pt      
---------------------------- ROUND 11/50 START ----------------------------                                                                                               
Selected clients: [9, 6, 5, 1, 8, 4, 3, 0, 2, 7]                                                                                                                          
  [Client 9] Starting local training...                                                                                                                                   
  [Client 9] Finished training in 5.14s                                                                                                                                   
  [Client 6] Starting local training...                                                                                                                                   
  [Client 6] Finished training in 10.51s                                                                                                                                  
  [Client 5] Starting local training...                                                                                                                                   
  [Client 5] Finished training in 7.05s                                                                                                                                   
  [Client 1] Starting local training...                                                                                                                                   
  [Client 1] Finished training in 2.86s                                                                                                                                   
  [Client 8] Starting local training...                                                                                                                                   
  [Client 8] Finished training in 13.56s                                                                                                                                  
  [Client 4] Starting local training...                                                                                                                                   
  [Client 4] Finished training in 4.50s                                                                                                                                   
  [Client 3] Starting local training...                                                                                                                                   
  [Client 3] Finished training in 8.39s                                                                                                                                   
  [Client 0] Starting local training...                                                                                                                                   
  [Client 0] Finished training in 9.65s                                                                                                                                   
  [Client 2] Starting local training...                                                                                                                                   
  [Client 2] Finished training in 3.50s                                                                                                                                   
  [Client 7] Starting local training...                                                                                                                                   
  [Client 7] Finished training in 10.26s                                                                                                                                  
  Starting weight aggregation...                                                                                                                                          
  Aggregation completed in 0.05s                                                                                                                                          
ROUND 11 FINISHED in 75.90s (Avg: 76.80s)                                                                                                                                 
  [FedLateGram] Saved checkpoint after round 11 → /home/luis.mendezl/Thesis/logs/runs/brain_tumor_alpha0.3_vim_tiny_fedlategram_seed42/checkpoints/training_state.pt      
---------------------------- ROUND 12/50 START ----------------------------                                                                                               
Selected clients: [2, 9, 6, 4, 0, 3, 7, 8, 1, 5]                                                                                                                          
  [Client 2] Starting local training...                                                                                                                                   
  [Client 2] Finished training in 3.44s                                                                                                                                   
  [Client 9] Starting local training...                                                                                                                                   
  [Client 9] Finished training in 5.10s                                                                                                                                   
  [Client 6] Starting local training...                                                                                                                                   
  [Client 6] Finished training in 10.75s                                                                                                                                  
  [Client 4] Starting local training...                                                                                                                                   
  [Client 4] Finished training in 4.59s                                                                                                                                   
  [Client 0] Starting local training...                                                                                                                                   
  [Client 0] Finished training in 8.94s                                                                                                                                   
  [Client 3] Starting local training...                                                                                                                                   
  [Client 3] Finished training in 8.53s                                                                                                                                   
  [Client 7] Starting local training...                                                                                                                                   
  [Client 7] Finished training in 9.87s                                                                                                                                   
  [Client 8] Starting local training...                                                                                                                                   
  [Client 8] Finished training in 13.04s                                                                                                                                  
  [Client 1] Starting local training...                                                                                                                                   
  [Client 1] Finished training in 2.83s                                                                                                                                   
  [Client 5] Starting local training...                                                                                                                                   
  [Client 5] Finished training in 5.53s                                                                                                                                   
  Starting weight aggregation...                                                                                                                                          
  Aggregation completed in 0.05s                                                                                                                                          
ROUND 12 FINISHED in 73.08s (Avg: 76.49s)                                                                                                                                 
  [FedLateGram] Saved checkpoint after round 12 → /home/luis.mendezl/Thesis/logs/runs/brain_tumor_alpha0.3_vim_tiny_fedlategram_seed42/checkpoints/training_state.pt      
---------------------------- ROUND 13/50 START ----------------------------                                                                                               
Selected clients: [8, 0, 1, 5, 4, 2, 6, 9, 7, 3]                                                                                                                          
  [Client 8] Starting local training...                                                                                                                                   
  [Client 8] Finished training in 13.39s                                                                                                                                  
  [Client 0] Starting local training...                                                                                                                                   
  [Client 0] Finished training in 9.12s                                                                                                                                   
  [Client 1] Starting local training...                                                                                                                                   
  [Client 1] Finished training in 2.96s                                                                                                                                   
  [Client 5] Starting local training...                                                                                                                                   
  [Client 5] Finished training in 5.39s                                                                                                                                   
  [Client 4] Starting local training...                                                                                                                                   
  [Client 4] Finished training in 4.56s                                                                                                                                   
  [Client 2] Starting local training...                                                                                                                                   
  [Client 2] Finished training in 3.47s                                                                                                                                   
  [Client 6] Starting local training...                                                                                                                                   
  [Client 6] Finished training in 10.50s                                                                                                                                  
  [Client 9] Starting local training...                                                                                                                                   
  [Client 9] Finished training in 5.03s                                                                                                                                   
  [Client 7] Starting local training...                                                                                                                                   
  [Client 7] Finished training in 9.91s                                                                                                                                   
  [Client 3] Starting local training...                                                                                                                                   
  [Client 3] Finished training in 8.56s                                                                                                                                   
  Starting weight aggregation...                                                                                                                                          
  Aggregation completed in 0.05s                                                                                                                                          
ROUND 13 FINISHED in 73.41s (Avg: 76.25s)                                                                                                                                 
  [FedLateGram] Saved checkpoint after round 13 → /home/luis.mendezl/Thesis/logs/runs/brain_tumor_alpha0.3_vim_tiny_fedlategram_seed42/checkpoints/training_state.pt      
---------------------------- ROUND 14/50 START ----------------------------                                                                                               
Selected clients: [2, 7, 0, 5, 6, 9, 1, 4, 8, 3]                                                                                                                          
  [Client 2] Starting local training...                                                                                                                                   
  [Client 2] Finished training in 3.73s                                                                                                                                   
  [Client 7] Starting local training...                                                                                                                                   
  [Client 7] Finished training in 9.70s                                                                                                                                   
  [Client 0] Starting local training...                                                                                                                                   
  [Client 0] Finished training in 9.03s                                                                                                                                   
  [Client 5] Starting local training...                                                                                                                                   
  [Client 5] Finished training in 5.55s                                                                                                                                   
  [Client 6] Starting local training...                                                                                                                                   
  [Client 6] Finished training in 10.54s                                                                                                                                  
  [Client 9] Starting local training...                                                                                                                                   
  [Client 9] Finished training in 5.02s                                                                                                                                   
  [Client 1] Starting local training...                                                                                                                                   
  [Client 1] Finished training in 2.81s                                                                                                                                   
  [Client 4] Starting local training...                                                                                                                                   
  [Client 4] Finished training in 5.29s                                                                                                                                   
  [Client 8] Starting local training...                                                                                                                                   
  [Client 8] Finished training in 12.79s                                                                                                                                  
  [Client 3] Starting local training...                                                                                                                                   
  [Client 3] Finished training in 9.79s                                                                                                                                   
  Starting weight aggregation...                                                                                                                                          
  Aggregation completed in 0.05s                                                                                                                                          
ROUND 14 FINISHED in 74.76s (Avg: 76.14s)                                                                                                                                 
  [FedLateGram] Saved checkpoint after round 14 → /home/luis.mendezl/Thesis/logs/runs/brain_tumor_alpha0.3_vim_tiny_fedlategram_seed42/checkpoints/training_state.pt      
---------------------------- ROUND 15/50 START ----------------------------                                                                                               
Selected clients: [8, 3, 2, 7, 1, 4, 0, 6, 5, 9]                                                                                                                          
  [Client 8] Starting local training...                                                                                                                                   
  [Client 8] Finished training in 12.48s                                                                                                                                  
  [Client 3] Starting local training...                                                                                                                                   
  [Client 3] Finished training in 8.30s                                                                                                                                   
  [Client 2] Starting local training...                                                                                                                                   
  [Client 2] Finished training in 3.90s                                                                                                                                   
  [Client 7] Starting local training...                                                                                                                                   
  [Client 7] Finished training in 9.96s                                                                                                                                   
  [Client 1] Starting local training...                                                                                                                                   
  [Client 1] Finished training in 2.85s                                                                                                                                   
  [Client 4] Starting local training...                                                                                                                                   
  [Client 4] Finished training in 4.57s                                                                                                                                   
  [Client 0] Starting local training...                                                                                                                                   
  [Client 0] Finished training in 8.83s                                                                                                                                   
  [Client 6] Starting local training...                                                                                                                                   
  [Client 6] Finished training in 10.38s                                                                                                                                  
  [Client 5] Starting local training...                                                                                                                                   
  [Client 5] Finished training in 5.78s                                                                                                                                   
  [Client 9] Starting local training...                                                                                                                                   
  [Client 9] Finished training in 5.67s                                                                                                                                   
  Starting weight aggregation...                                                                                                                                          
  Aggregation completed in 0.05s                                                                                                                                          
ROUND 15 FINISHED in 73.23s (Avg: 75.95s)                                                                                                                                 
  [FedLateGram] Saved checkpoint after round 15 → /home/luis.mendezl/Thesis/logs/runs/brain_tumor_alpha0.3_vim_tiny_fedlategram_seed42/checkpoints/training_state.pt      
---------------------------- ROUND 16/50 START ----------------------------                                                                                               
Selected clients: [0, 1, 5, 6, 2, 8, 9, 3, 7, 4]                                                                                                                          
  [Client 0] Starting local training...                                                                                                                                   
  [Client 0] Finished training in 8.93s                                                                                                                                   
  [Client 1] Starting local training...                                                                                                                                   
  [Client 1] Finished training in 2.84s                                                                                                                                   
  [Client 5] Starting local training...                                                                                                                                   
  [Client 5] Finished training in 5.40s                                                                                                                                   
  [Client 6] Starting local training...                                                                                                                                   
  [Client 6] Finished training in 10.28s                                                                                                                                  
  [Client 2] Starting local training...                                                                                                                                   
  [Client 2] Finished training in 3.46s                                                                                                                                   
  [Client 8] Starting local training...                                                                                                                                   
  [Client 8] Finished training in 13.60s                                                                                                                                  
  [Client 9] Starting local training...                                                                                                                                   
  [Client 9] Finished training in 5.12s                                                                                                                                   
  [Client 3] Starting local training...                                                                                                                                   
  [Client 3] Finished training in 8.62s                                                                                                                                   
  [Client 7] Starting local training...                                                                                                                                   
  [Client 7] Finished training in 10.08s                                                                                                                                  
  [Client 4] Starting local training...                                                                                                                                   
  [Client 4] Finished training in 5.14s                                                                                                                                   
  Starting weight aggregation...                                                                                                                                          
  Aggregation completed in 0.05s                                                                                                                                          
ROUND 16 FINISHED in 74.00s (Avg: 75.83s)                                                                                                                                 
  [FedLateGram] Saved checkpoint after round 16 → /home/luis.mendezl/Thesis/logs/runs/brain_tumor_alpha0.3_vim_tiny_fedlategram_seed42/checkpoints/training_state.pt      
---------------------------- ROUND 17/50 START ----------------------------                                                                                               
Selected clients: [7, 1, 2, 8, 5, 3, 6, 4, 9, 0]                                                                                                                          
  [Client 7] Starting local training...                                                                                                                                   
  [Client 7] Finished training in 9.69s                                                                                                                                   
  [Client 1] Starting local training...                                                                                                                                   
  [Client 1] Finished training in 2.89s                                                                                                                                   
  [Client 2] Starting local training...                                                                                                                                   
  [Client 2] Finished training in 5.38s                                                                                                                                   
  [Client 8] Starting local training...                                                                                                                                   
  [Client 8] Finished training in 13.00s                                                                                                                                  
  [Client 5] Starting local training...                                                                                                                                   
  [Client 5] Finished training in 5.50s                                                                                                                                   
  [Client 3] Starting local training...                                                                                                                                   
  [Client 3] Finished training in 8.74s                                                                                                                                   
  [Client 6] Starting local training...                                                                                                                                   
  [Client 6] Finished training in 10.51s                                                                                                                                  
  [Client 4] Starting local training...                                                                                                                                   
  [Client 4] Finished training in 4.61s                                                                                                                                   
  [Client 9] Starting local training...                                                                                                                                   
  [Client 9] Finished training in 5.13s                                                                                                                                   
  [Client 0] Starting local training...                                                                                                                                   
  [Client 0] Finished training in 9.62s                                                                                                                                   
  Starting weight aggregation...                                                                                                                                          
  Aggregation completed in 0.05s                                                                                                                                          
ROUND 17 FINISHED in 75.57s (Avg: 75.81s)                                                                                                                                 
  [FedLateGram] Saved checkpoint after round 17 → /home/luis.mendezl/Thesis/logs/runs/brain_tumor_alpha0.3_vim_tiny_fedlategram_seed42/checkpoints/training_state.pt      
---------------------------- ROUND 18/50 START ----------------------------                                                                                               
Selected clients: [8, 3, 4, 9, 5, 2, 6, 7, 1, 0]                                                                                                                          
  [Client 8] Starting local training...                                                                                                                                   
  [Client 8] Finished training in 13.25s                                                                                                                                  
  [Client 3] Starting local training...                                                                                                                                   
  [Client 3] Finished training in 8.65s                                                                                                                                   
  [Client 4] Starting local training...                                                                                                                                   
  [Client 4] Finished training in 4.69s                                                                                                                                   
  [Client 9] Starting local training...                                                                                                                                   
  [Client 9] Finished training in 4.92s                                                                                                                                   
  [Client 5] Starting local training...                                                                                                                                   
  [Client 5] Finished training in 5.56s                                                                                                                                   
  [Client 2] Starting local training...                                                                                                                                   
  [Client 2] Finished training in 3.43s                                                                                                                                   
  [Client 6] Starting local training...                                                                                                                                   
  [Client 6] Finished training in 11.50s                                                                                                                                  
  [Client 7] Starting local training...                                                                                                                                   
  [Client 7] Finished training in 11.73s                                                                                                                                  
  [Client 1] Starting local training...                                                                                                                                   
  [Client 1] Finished training in 2.85s                                                                                                                                   
  [Client 0] Starting local training...                                                                                                                                   
  [Client 0] Finished training in 9.90s                                                                                                                                   
  Starting weight aggregation...                                                                                                                                          
  Aggregation completed in 0.05s                                                                                                                                          
ROUND 18 FINISHED in 76.98s (Avg: 75.88s)                                                                                                                                 
  [FedLateGram] Saved checkpoint after round 18 → /home/luis.mendezl/Thesis/logs/runs/brain_tumor_alpha0.3_vim_tiny_fedlategram_seed42/checkpoints/training_state.pt      
---------------------------- ROUND 19/50 START ----------------------------                                                                                               
Selected clients: [3, 9, 1, 2, 0, 4, 7, 6, 5, 8]                                                                                                                          
  [Client 3] Starting local training...                                                                                                                                   
  [Client 3] Finished training in 8.67s                                                                                                                                   
  [Client 9] Starting local training...                                                                                                                                   
  [Client 9] Finished training in 5.20s                                                                                                                                   
  [Client 1] Starting local training...                                                                                                                                   
  [Client 1] Finished training in 2.81s                                                                                                                                   
  [Client 2] Starting local training...                                                                                                                                   
  [Client 2] Finished training in 3.51s                                                                                                                                   
  [Client 0] Starting local training...                                                                                                                                   
  [Client 0] Finished training in 8.89s                                                                                                                                   
  [Client 4] Starting local training...                                                                                                                                   
  [Client 4] Finished training in 4.62s                                                                                                                                   
  [Client 7] Starting local training...                                                                                                                                   
  [Client 7] Finished training in 10.09s                                                                                                                                  
  [Client 6] Starting local training...                                                                                                                                   
  [Client 6] Finished training in 10.60s                                                                                                                                  
  [Client 5] Starting local training...                                                                                                                                   
  [Client 5] Finished training in 5.61s                                                                                                                                   
  [Client 8] Starting local training...                                                                                                                                   
  [Client 8] Finished training in 12.83s                                                                                                                                  
  Starting weight aggregation...                                                                                                                                          
  Aggregation completed in 0.05s                                                                                                                                          
ROUND 19 FINISHED in 73.35s (Avg: 75.74s)                                                                                                                                 
  [FedLateGram] Saved checkpoint after round 19 → /home/luis.mendezl/Thesis/logs/runs/brain_tumor_alpha0.3_vim_tiny_fedlategram_seed42/checkpoints/training_state.pt      
---------------------------- ROUND 20/50 START ----------------------------                                                                                               
Selected clients: [1, 0, 3, 8, 6, 2, 5, 4, 7, 9]                                                                                                                          
  [Client 1] Starting local training...                                                                                                                                   
  [Client 1] Finished training in 3.22s                                                                                                                                   
client [1]  (testset)   loss: 0.4647 -> 0.1788  accuracy: 80.85% -> 91.49%                                                                                                
  [Client 0] Starting local training...                                                                                                                                   
  [Client 0] Finished training in 9.85s                                                                                                                                   
client [0]  (testset)   loss: 0.4790 -> 0.4337  accuracy: 84.38% -> 86.72%                                                                                                
  [Client 3] Starting local training...                                                                                                                                   
  [Client 3] Finished training in 8.92s                                                                                                                                   
client [3]  (testset)   loss: 0.6304 -> 0.2627  accuracy: 76.17% -> 93.46%                                                                                                
  [Client 8] Starting local training...                                                                                                                                   
  [Client 8] Finished training in 12.49s                                                                                                                                  
client [8]  (testset)   loss: 0.7249 -> 0.1367  accuracy: 75.00% -> 97.53%                                                                                                
  [Client 6] Starting local training...                                                                                                                                   
  [Client 6] Finished training in 10.96s                                                                                                                                  
client [6]  (testset)   loss: 0.5668 -> 0.2703  accuracy: 79.93% -> 93.31%                                                                                                
  [Client 2] Starting local training...                                                                                                                                   
  [Client 2] Finished training in 3.48s                                                                                                                                   
client [2]  (testset)   loss: 0.4616 -> 0.4844  accuracy: 84.72% -> 83.33%                                                                                                
  [Client 5] Starting local training...                                                                                                                                   
  [Client 5] Finished training in 5.55s                                                                                                                                   
client [5]  (testset)   loss: 0.5301 -> 0.2512  accuracy: 80.00% -> 93.60%                                                                                                
  [Client 4] Starting local training...                                                                                                                                   
  [Client 4] Finished training in 4.65s                                                                                                                                   
client [4]  (testset)   loss: 0.7067 -> 0.9369  accuracy: 77.88% -> 75.00%                                                                                                
  [Client 7] Starting local training...                                                                                                                                   
  [Client 7] Finished training in 10.10s                                                                                                                                  
client [7]  (testset)   loss: 0.5480 -> 0.5261  accuracy: 77.94% -> 88.24%                                                                                                
  [Client 9] Starting local training...                                                                                                                                   
  [Client 9] Finished training in 5.11s                                                                                                                                   
client [9]  (testset)   loss: 0.7728 -> 0.8114  accuracy: 74.34% -> 79.65%                                                                                                
  [CKA] Saved checkpoints for round 20 (10 clients) → /home/luis.mendezl/Thesis/logs/runs/brain_tumor_alpha0.3_vim_tiny_fedlategram_seed42/checkpoints/round_0020         
  Starting weight aggregation...                                                                                                                                          
  Aggregation completed in 0.05s                                                                                                                                          
ROUND 20 FINISHED in 81.85s (Avg: 76.05s)                                                                                                                                 
  [FedLateGram] Saved checkpoint after round 20 → /home/luis.mendezl/Thesis/logs/runs/brain_tumor_alpha0.3_vim_tiny_fedlategram_seed42/checkpoints/training_state.pt      
---------------------------- ROUND 21/50 START ----------------------------                                                                                               
Selected clients: [7, 3, 2, 5, 4, 6, 8, 0, 1, 9]                                                                                                                          
[FedLateGram] Warm-up complete at round 21. Activating gram penalty and early-layer freezing.                                                                             
  [Client 7] Starting local training...                                                                                                                                   
