==================== DriftFedAvg ====================                                                                                                       
Experiment Arguments:                                                                                                                                       
{
│   'method': 'driftfedavg',
│   'dataset': {
│   │   'name': 'brain_tumor',
│   │   'partition_dir': 'partitions/alpha_0.3/seed_42',
│   │   'client_num': 10,
│   │   'test_ratio': 0.25,
│   │   'val_ratio': 0.0,
│   │   'seed': 42,
│   │   'split': 'sample',
│   │   'IID_ratio': 0.0,
│   │   'monitor_window_name_suffix': 'brain_tumor-10clients-0%IID-Dir(0.3)-seed42',
│   │   'alpha': 0.3,
│   │   'min_samples_per_client': 10
│   },
│   'model': {
│   │   'name': 'vim_tiny',
│   │   'use_torchvision_pretrained_weights': False,
│   │   'external_model_weights_path': None
│   },
│   'optimizer': {
│   │   'lr': 0.01,
│   │   'dampening': 0,
│   │   'weight_decay': 0.0001,
│   │   'momentum': 0.9,
│   │   'nesterov': False,
│   │   'name': 'sgd'
│   },
│   'mode': 'serial',
│   'parallel': {
│   │   'ray_cluster_addr': None,
│   │   'num_cpus': None,
│   │   'num_gpus': None,
│   │   'num_workers': 2
│   },
│   'common': {
│   │   'seed': 42,
│   │   'join_ratio': 1.0,
│   │   'global_epoch': 40,
│   │   'local_epoch': 5,
│   │   'batch_size': 32,
│   │   'reset_optimizer_on_global_epoch': True,
│   │   'straggler_ratio': 0,
│   │   'straggler_min_local_epoch': 0,
│   │   'buffers': 'global',
│   │   'client_side_evaluation': True,
│   │   'test': {
│   │   │   'client': {
│   │   │   │   'interval': 1,
│   │   │   │   'finetune_epoch': 0,
│   │   │   │   'train': False,
│   │   │   │   'val': False,
│   │   │   │   'test': True
│   │   │   },
│   │   │   'server': {
│   │   │   │   'interval': 1,
│   │   │   │   'train': False,
│   │   │   │   'val': False,
│   │   │   │   'test': True,
│   │   │   │   'model_in_train_mode': False
│   │   │   }
│   │   },
│   │   'verbose_gap': 10,
│   │   'monitor': 'tensorboard',
│   │   'use_cuda': True,
│   │   'save_log': True,
│   │   'save_model': False,
│   │   'save_learning_curve_plot': True,
│   │   'save_metrics': True,
│   │   'delete_useless_run': True,
│   │   'dataloader_num_workers': 2
│   },
│   'driftfedavg': {}
}
---------------------------- TRAINING EPOCH: 10 ----------------------------                                                                                
client [7]  (testset)   loss: 0.4224 -> 0.4153  accuracy: 83.09% -> 88.24%                                                                                  
client [6]  (testset)   loss: 0.7526 -> 0.2043  accuracy: 69.89% -> 92.94%                                                                                  
client [9]  (testset)   loss: 0.6913 -> 0.6478  accuracy: 76.11% -> 78.76%                                                                                  
client [1]  (testset)   loss: 0.4233 -> 0.4138  accuracy: 85.11% -> 76.60%                                                                                  
client [2]  (testset)   loss: 0.5517 -> 0.5501  accuracy: 80.56% -> 80.56%                                                                                  
client [8]  (testset)   loss: 1.9016 -> 0.2029  accuracy: 17.59% -> 95.06%                                                                                  
client [4]  (testset)   loss: 0.5039 -> 0.5643  accuracy: 82.69% -> 80.77%                                                                                  
client [5]  (testset)   loss: 0.5097 -> 0.2907  accuracy: 78.40% -> 89.60%                                                                                  
client [3]  (testset)   loss: 1.2452 -> 0.2171  accuracy: 49.07% -> 93.93%                                                                                  
client [0]  (testset)   loss: 0.4512 -> 0.4129  accuracy: 80.86% -> 85.16%                                                                                  
---------------------------- TRAINING EPOCH: 20 ----------------------------                                                                                
client [1]  (testset)   loss: 0.5265 -> 0.3100  accuracy: 78.72% -> 87.23%                                                                                  
client [0]  (testset)   loss: 0.5192 -> 0.5154  accuracy: 82.81% -> 86.33%                                                                                  
client [3]  (testset)   loss: 0.5754 -> 0.1847  accuracy: 81.31% -> 94.39%                                                                                  
client [8]  (testset)   loss: 0.6291 -> 0.0891  accuracy: 79.63% -> 97.84%                                                                                  
client [6]  (testset)   loss: 0.5062 -> 0.2368  accuracy: 80.30% -> 92.94%                                                                                  
client [2]  (testset)   loss: 0.4299 -> 0.3875  accuracy: 86.11% -> 87.50%                                                                                  
client [5]  (testset)   loss: 0.5400 -> 0.3765  accuracy: 80.00% -> 91.20%                                                                                  
client [4]  (testset)   loss: 0.7354 -> 0.8239  accuracy: 75.96% -> 75.96%                                                                                  
client [7]  (testset)   loss: 0.5702 -> 0.4853  accuracy: 79.41% -> 84.93%                                                                                  
client [9]  (testset)   loss: 0.7053 -> 0.7378  accuracy: 75.22% -> 80.53%                                                                                  
---------------------------- TRAINING EPOCH: 30 ----------------------------                                                                                
client [6]  (testset)   loss: 0.5556 -> 0.2817  accuracy: 83.64% -> 93.68%                                                                                  
client [8]  (testset)   loss: 0.3726 -> 0.1795  accuracy: 87.96% -> 96.60%                                                                                  
client [5]  (testset)   loss: 0.6315 -> 0.4818  accuracy: 79.20% -> 86.40%                                                                                  
client [2]  (testset)   loss: 0.3316 -> 0.3048  accuracy: 90.28% -> 88.89%                                                                                  
client [1]  (testset)   loss: 0.5042 -> 0.2496  accuracy: 78.72% -> 93.62%                                                                                  
client [9]  (testset)   loss: 0.6713 -> 0.9615  accuracy: 80.53% -> 77.88%                                                                                  
client [7]  (testset)   loss: 0.5795 -> 0.4726  accuracy: 81.25% -> 88.97%                                                                                  
client [3]  (testset)   loss: 0.4374 -> 0.2189  accuracy: 85.05% -> 94.39%                                                                                  
client [4]  (testset)   loss: 0.7732 -> 0.5885  accuracy: 76.92% -> 79.81%                                                                                  
client [0]  (testset)   loss: 0.4864 -> 0.4883  accuracy: 83.98% -> 87.89%                                                                                  
---------------------------- TRAINING EPOCH: 40 ----------------------------                                                                                
client [0]  (testset)   loss: 0.4366 -> 0.3667  accuracy: 91.02% -> 91.41%                                                                                  
client [2]  (testset)   loss: 0.3901 -> 0.4582  accuracy: 87.50% -> 88.89%                                                                                  
client [5]  (testset)   loss: 0.4763 -> 0.6377  accuracy: 84.80% -> 84.00%                                                                                  
client [6]  (testset)   loss: 0.6989 -> 0.3480  accuracy: 81.04% -> 92.19%                                                                                  
client [3]  (testset)   loss: 0.8149 -> 0.3413  accuracy: 78.50% -> 92.99%                                                                                  
client [1]  (testset)   loss: 0.1808 -> 0.1979  accuracy: 93.62% -> 93.62%                                                                                  
client [8]  (testset)   loss: 0.8538 -> 0.1394  accuracy: 71.60% -> 97.53%                                                                                  
client [9]  (testset)   loss: 0.6170 -> 0.8952  accuracy: 82.30% -> 80.53%                                                                                  
client [7]  (testset)   loss: 0.4170 -> 0.4033  accuracy: 85.29% -> 90.44%                                                                                  
client [4]  (testset)   loss: 0.7873 -> 0.6288  accuracy: 79.81% -> 82.69%                                                                                  
DriftFedAvg's average time taken by each global epoch: 1 min 38.96 sec.                                                                                     
DriftFedAvg's total running time: 1 h 13 m 40 s.                                                                                                            
==================== DriftFedAvg Experiment Results: ====================                                                                                   
Display format: (before local fine-tuning) -> (after local fine-tuning)                                                                                     
 So if finetune_epoch = 0, x.xx% -> 0.00% is normal.                                                                                                        
 Centralized testing ONLY happens after model aggregation, so the stats between '->' are the same.                                                          
{                                                                                                                                                           
    "1": {                                                                                                                                                  
        "centralized": {                                                                                                                                    
            "test": {                                                                                                                                       
                "loss": "1.5714 -> 1.5714",                                                                                                                 
                "accuracy": "38.92% -> 38.92%"                                                                                                              
            }                                                                                                                                               
        },                                                                                                                                                  
        "all_clients": {                                                                                                                                    
            "test": {                                                                                                                                       
                "loss": "1.5714 -> 0.0000",                                                                                                                 
                "accuracy": "38.92% -> 0.00%"                                                                                                               
            }                                                                                                                                               
        }                                                                                                                                                   
    },                                                                                                                                                      
    "2": {                                                                                                                                                  
        "centralized": {                                                                                                                                    
            "test": {                                                                                                                                       
                "loss": "2.8083 -> 2.8083",                                                                                                                 
                "accuracy": "24.67% -> 24.67%"                                                                                                              
            }                                                                                                                                               
        },                                                                                                                                                  
        "all_clients": {                                                                                                                                    
            "test": {                                                                                                                                       
                "loss": "2.8083 -> 0.0000",                                                                                                                 
                "accuracy": "24.67% -> 0.00%"                                                                                                               
            }                                                                                                                                               
        }                                                                                                                                                   
    },                                                                                                                                                      
    "3": {                                                                                                                                                  
        "centralized": {                                                                                                                                    
            "test": {                                                                                                                                       
                "loss": "1.8618 -> 1.8618",                                                                                                                 
                "accuracy": "48.16% -> 48.16%"                                                                                                              
            }                                                                                                                                               
        },                                                                                                                                                  
        "all_clients": {                                                                                                                                    
            "test": {                                                                                                                                       
                "loss": "1.8618 -> 0.0000",                                                                                                                 
                "accuracy": "48.16% -> 0.00%"                                                                                                               
            }                                                                                                                                               
        }                                                                                                                                                   
    },                                                                                                                                                      
    "4": {                                                                                                                                                  
        "centralized": {                                                                                                                                    
            "test": {                                                                                                                                       
                "loss": "2.0357 -> 2.0357",                                                                                                                 
                "accuracy": "31.85% -> 31.85%"                                                                                                              
            }                                                                                                                                               
        },                                                                                                                                                  
        "all_clients": {                                                                                                                                    
            "test": {                                                                                                                                       
                "loss": "2.0357 -> 0.0000",                                                                                                                 
                "accuracy": "31.85% -> 0.00%"                                                                                                               
            }                                                                                                                                               
        }                                                                                                                                                   
    },                                                                                                                                                      
    "5": {                                                                                                                                                  
        "centralized": {                                                                                                                                    
            "test": {                                                                                                                                       
                "loss": "1.2389 -> 1.2389",                                                                                                                 
                "accuracy": "49.83% -> 49.83%"                                                                                                              
            }                                                                                                                                               
        },                                                                                                                                                  
        "all_clients": {                                                                                                                                    
            "test": {                                                                                                                                       
                "loss": "1.2389 -> 0.0000",                                                                                                                 
                "accuracy": "49.83% -> 0.00%"                                                                                                               
            }                                                                                                                                               
        }                                                                                                                                                   
    },                                                                                                                                                      
    "6": {                                                                                                                                                  
        "centralized": {                                                                                                                                    
            "test": {                                                                                                                                       
                "loss": "1.2475 -> 1.2475",                                                                                                                 
                "accuracy": "53.01% -> 53.01%"                                                                                                              
            }                                                                                                                                               
        },                                                                                                                                                  
        "all_clients": {                                                                                                                                    
            "test": {                                                                                                                                       
                "loss": "1.2475 -> 0.0000",                                                                                                                 
                "accuracy": "53.01% -> 0.00%"                                                                                                               
            }                                                                                                                                               
        }                                                                                                                                                   
    },                                                                                                                                                      
    "7": {                                                                                                                                                  
        "centralized": {                                                                                                                                    
            "test": {                                                                                                                                       
                "loss": "0.8941 -> 0.8941",                                                                                                                 
                "accuracy": "63.31% -> 63.31%"                                                                                                              
            }                                                                                                                                               
        },                                                                                                                                                  
        "all_clients": {                                                                                                                                    
            "test": {                                                                                                                                       
                "loss": "0.8941 -> 0.0000",                                                                                                                 
                "accuracy": "63.31% -> 0.00%"                                                                                                               
            }                                                                                                                                               
        }                                                                                                                                                   
    },                                                                                                                                                      
    "8": {                                                                                                                                                  
        "centralized": {                                                                                                                                    
            "test": {                                                                                                                                       
                "loss": "0.9704 -> 0.9704",                                                                                                                 
                "accuracy": "66.70% -> 66.70%"                                                                                                              
            }                                                                                                                                               
        },                                                                                                                                                  
        "all_clients": {                                                                                                                                    
            "test": {                                                                                                                                       
                "loss": "0.9704 -> 0.0000",                                                                                                                 
                "accuracy": "66.70% -> 0.00%"                                                                                                               
            }                                                                                                                                               
        }                                                                                                                                                   
    },                                                                                                                                                      
    "9": {                                                                                                                                                  
        "centralized": {                                                                                                                                    
            "test": {                                                                                                                                       
                "loss": "0.8738 -> 0.8738",                                                                                                                 
                "accuracy": "64.09% -> 64.09%"                                                                                                              
            }                                                                                                                                               
        },                                                                                                                                                  
        "all_clients": {                                                                                                                                    
            "test": {                                                                                                                                       
                "loss": "0.8738 -> 0.0000",                                                                                                                 
                "accuracy": "64.09% -> 0.00%"                                                                                                               
            }                                                                                                                                               
        }                                                                                                                                                   
    },                                                                                                                                                      
    "10": {                                                                                                                                                 
        "centralized": {                                                                                                                                    
            "test": {                                                                                                                                       
                "loss": "0.9543 -> 0.9543",                                                                                                                 
                "accuracy": "70.71% -> 70.71%"                                                                                                              
            }                                                                                                                                               
        },                                                                                                                                                  
        "all_clients": {                                                                                                                                    
            "test": {                                                                                                                                       
                "loss": "0.9543 -> 0.0000",                                                                                                                 
                "accuracy": "70.71% -> 0.00%"                                                                                                               
            }                                                                                                                                               
        }                                                                                                                                                   
    },                                                                                                                                                      
    "11": {                                                                                                                                                 
        "centralized": {                                                                                                                                    
            "test": {                                                                                                                                       
                "loss": "0.9247 -> 0.9247",                                                                                                                 
                "accuracy": "64.98% -> 64.98%"                                                                                                              
            }                                                                                                                                               
        },                                                                                                                                                  
        "all_clients": {                                                                                                                                    
            "test": {                                                                                                                                       
                "loss": "0.9247 -> 0.0000",                                                                                                                 
                "accuracy": "64.98% -> 0.00%"                                                                                                               
            }                                                                                                                                               
        }                                                                                                                                                   
    },                                                                                                                                                      
    "12": {                                                                                                                                                 
        "centralized": {                                                                                                                                    
            "test": {                                                                                                                                       
                "loss": "0.8353 -> 0.8353",                                                                                                                 
                "accuracy": "73.83% -> 73.83%"                                                                                                              
            }                                                                                                                                               
        },                                                                                                                                                  
        "all_clients": {                                                                                                                                    
            "test": {                                                                                                                                       
                "loss": "0.8353 -> 0.0000",                                                                                                                 
                "accuracy": "73.83% -> 0.00%"                                                                                                               
            }                                                                                                                                               
        }                                                                                                                                                   
    },                                                                                                                                                      
    "13": {                                                                                                                                                 
        "centralized": {                                                                                                                                    
            "test": {                                                                                                                                       
                "loss": "0.8464 -> 0.8464",                                                                                                                 
                "accuracy": "69.38% -> 69.38%"                                                                                                              
            }                                                                                                                                               
        },                                                                                                                                                  
        "all_clients": {                                                                                                                                    
            "test": {                                                                                                                                       
                "loss": "0.8464 -> 0.0000",                                                                                                                 
                "accuracy": "69.38% -> 0.00%"                                                                                                               
            }                                                                                                                                               
        }                                                                                                                                                   
    },                                                                                                                                                      
    "14": {                                                                                                                                                 
        "centralized": {                                                                                                                                    
            "test": {                                                                                                                                       
                "loss": "0.7288 -> 0.7288",                                                                                                                 
                "accuracy": "75.45% -> 75.45%"                                                                                                              
            }                                                                                                                                               
        },                                                                                                                                                  
        "all_clients": {                                                                                                                                    
            "test": {                                                                                                                                       
                "loss": "0.7288 -> 0.0000",                                                                                                                 
                "accuracy": "75.45% -> 0.00%"                                                                                                               
            }                                                                                                                                               
        }                                                                                                                                                   
    },                                                                                                                                                      
    "15": {                                                                                                                                                 
        "centralized": {                                                                                                                                    
            "test": {                                                                                                                                       
                "loss": "0.5962 -> 0.5962",                                                                                                                 
                "accuracy": "78.40% -> 78.40%"                                                                                                              
            }                                                                                                                                               
        },                                                                                                                                                  
        "all_clients": {                                                                                                                                    
            "test": {                                                                                                                                       
                "loss": "0.5962 -> 0.0000",                                                                                                                 
                "accuracy": "78.40% -> 0.00%"                                                                                                               
            }                                                                                                                                               
        }                                                                                                                                                   
    },                                                                                                                                                      
    "16": {                                                                                                                                                 
        "centralized": {                                                                                                                                    
            "test": {                                                                                                                                       
                "loss": "0.6031 -> 0.6031",                                                                                                                 
                "accuracy": "78.84% -> 78.84%"                                                                                                              
            }                                                                                                                                               
        },                                                                                                                                                  
        "all_clients": {                                                                                                                                    
            "test": {                                                                                                                                       
                "loss": "0.6031 -> 0.0000",                                                                                                                 
                "accuracy": "78.84% -> 0.00%"                                                                                                               
            }                                                                                                                                               
        }                                                                                                                                                   
    },                                                                                                                                                      
    "17": {                                                                                                                                                 
        "centralized": {                                                                                                                                    
            "test": {                                                                                                                                       
                "loss": "0.5816 -> 0.5816",                                                                                                                 
                "accuracy": "79.34% -> 79.34%"                                                                                                              
            }                                                                                                                                               
        },                                                                                                                                                  
        "all_clients": {                                                                                                                                    
            "test": {                                                                                                                                       
                "loss": "0.5816 -> 0.0000",                                                                                                                 
                "accuracy": "79.34% -> 0.00%"                                                                                                               
            }                                                                                                                                               
        }                                                                                                                                                   
    },                                                                                                                                                      
    "18": {                                                                                                                                                 
        "centralized": {                                                                                                                                    
            "test": {                                                                                                                                       
                "loss": "0.5827 -> 0.5827",                                                                                                                 
                "accuracy": "79.12% -> 79.12%"                                                                                                              
            }                                                                                                                                               
        },                                                                                                                                                  
        "all_clients": {                                                                                                                                    
            "test": {                                                                                                                                       
                "loss": "0.5827 -> 0.0000",                                                                                                                 
                "accuracy": "79.12% -> 0.00%"                                                                                                               
            }                                                                                                                                               
        }                                                                                                                                                   
    },                                                                                                                                                      
    "19": {                                                                                                                                                 
        "centralized": {                                                                                                                                    
            "test": {                                                                                                                                       
                "loss": "0.5738 -> 0.5738",                                                                                                                 
                "accuracy": "80.12% -> 80.12%"                                                                                                              
            }                                                                                                                                               
        },                                                                                                                                                  
        "all_clients": {                                                                                                                                    
            "test": {                                                                                                                                       
                "loss": "0.5738 -> 0.0000",                                                                                                                 
                "accuracy": "80.12% -> 0.00%"                                                                                                               
            }                                                                                                                                               
        }                                                                                                                                                   
    },                                                                                                                                                      
    "20": {                                                                                                                                                 
        "centralized": {                                                                                                                                    
            "test": {                                                                                                                                       
                "loss": "0.5358 -> 0.5358",                                                                                                                 
                "accuracy": "80.29% -> 80.29%"                                                                                                              
            }                                                                                                                                               
        },                                                                                                                                                  
        "all_clients": {                                                                                                                                    
            "test": {                                                                                                                                       
                "loss": "0.5358 -> 0.0000",                                                                                                                 
                "accuracy": "80.29% -> 0.00%"                                                                                                               
            }                                                                                                                                               
        }                                                                                                                                                   
    },                                                                                                                                                      
    "21": {                                                                                                                                                 
        "centralized": {                                                                                                                                    
            "test": {                                                                                                                                       
                "loss": "0.5456 -> 0.5456",                                                                                                                 
                "accuracy": "81.12% -> 81.12%"                                                                                                              
            }                                                                                                                                               
        },                                                                                                                                                  
        "all_clients": {                                                                                                                                    
            "test": {                                                                                                                                       
                "loss": "0.5456 -> 0.0000",                                                                                                                 
                "accuracy": "81.12% -> 0.00%"                                                                                                               
            }                                                                                                                                               
        }                                                                                                                                                   
    },                                                                                                                                                      
    "22": {                                                                                                                                                 
        "centralized": {                                                                                                                                    
            "test": {                                                                                                                                       
                "loss": "0.5271 -> 0.5271",                                                                                                                 
                "accuracy": "81.79% -> 81.79%"                                                                                                              
            }                                                                                                                                               
        },                                                                                                                                                  
        "all_clients": {                                                                                                                                    
            "test": {                                                                                                                                       
                "loss": "0.5271 -> 0.0000",                                                                                                                 
                "accuracy": "81.79% -> 0.00%"                                                                                                               
            }                                                                                                                                               
        }                                                                                                                                                   
    },                                                                                                                                                      
    "23": {                                                                                                                                                 
        "centralized": {                                                                                                                                    
            "test": {                                                                                                                                       
                "loss": "0.5264 -> 0.5264",                                                                                                                 
                "accuracy": "82.41% -> 82.41%"                                                                                                              
            }                                                                                                                                               
        },                                                                                                                                                  
        "all_clients": {                                                                                                                                    
            "test": {                                                                                                                                       
                "loss": "0.5264 -> 0.0000",                                                                                                                 
                "accuracy": "82.41% -> 0.00%"                                                                                                               
            }                                                                                                                                               
        }                                                                                                                                                   
    },                                                                                                                                                      
    "24": {                                                                                                                                                 
        "centralized": {                                                                                                                                    
            "test": {                                                                                                                                       
                "loss": "0.5529 -> 0.5529",                                                                                                                 
                "accuracy": "81.68% -> 81.68%"                                                                                                              
            }                                                                                                                                               
        },                                                                                                                                                  
        "all_clients": {                                                                                                                                    
            "test": {                                                                                                                                       
                "loss": "0.5529 -> 0.0000",                                                                                                                 
                "accuracy": "81.68% -> 0.00%"                                                                                                               
            }                                                                                                                                               
        }                                                                                                                                                   
    },                                                                                                                                                      
    "25": {                                                                                                                                                 
        "centralized": {                                                                                                                                    
            "test": {                                                                                                                                       
                "loss": "0.5178 -> 0.5178",                                                                                                                 
                "accuracy": "82.41% -> 82.41%"                                                                                                              
            }                                                                                                                                               
        },                                                                                                                                                  
        "all_clients": {                                                                                                                                    
            "test": {                                                                                                                                       
                "loss": "0.5178 -> 0.0000",                                                                                                                 
                "accuracy": "82.41% -> 0.00%"                                                                                                               
            }                                                                                                                                               
        }                                                                                                                                                   
    },                                                                                                                                                      
    "26": {                                                                                                                                                 
        "centralized": {                                                                                                                                    
            "test": {                                                                                                                                       
                "loss": "0.5505 -> 0.5505",                                                                                                                 
                "accuracy": "81.85% -> 81.85%"                                                                                                              
            }                                                                                                                                               
        },                                                                                                                                                  
        "all_clients": {                                                                                                                                    
            "test": {                                                                                                                                       
                "loss": "0.5505 -> 0.0000",                                                                                                                 
                "accuracy": "81.85% -> 0.00%"                                                                                                               
            }                                                                                                                                               
        }                                                                                                                                                   
    },                                                                                                                                                      
    "27": {                                                                                                                                                 
        "centralized": {                                                                                                                                    
            "test": {                                                                                                                                       
                "loss": "0.5354 -> 0.5354",                                                                                                                 
                "accuracy": "83.02% -> 83.02%"                                                                                                              
            }                                                                                                                                               
        },                                                                                                                                                  
        "all_clients": {                                                                                                                                    
            "test": {                                                                                                                                       
                "loss": "0.5354 -> 0.0000",                                                                                                                 
                "accuracy": "83.02% -> 0.00%"                                                                                                               
            }                                                                                                                                               
        }                                                                                                                                                   
    },                                                                                                                                                      
    "28": {                                                                                                                                                 
        "centralized": {                                                                                                                                    
            "test": {                                                                                                                                       
                "loss": "0.5504 -> 0.5504",                                                                                                                 
                "accuracy": "83.52% -> 83.52%"                                                                                                              
            }                                                                                                                                               
        },                                                                                                                                                  
        "all_clients": {                                                                                                                                    
            "test": {                                                                                                                                       
                "loss": "0.5504 -> 0.0000",                                                                                                                 
                "accuracy": "83.52% -> 0.00%"                                                                                                               
            }                                                                                                                                               
        }                                                                                                                                                   
    },                                                                                                                                                      
    "29": {                                                                                                                                                 
        "centralized": {                                                                                                                                    
            "test": {                                                                                                                                       
                "loss": "0.5171 -> 0.5171",                                                                                                                 
                "accuracy": "83.52% -> 83.52%"                                                                                                              
            }                                                                                                                                               
        },                                                                                                                                                  
        "all_clients": {                                                                                                                                    
            "test": {                                                                                                                                       
                "loss": "0.5171 -> 0.0000",                                                                                                                 
                "accuracy": "83.52% -> 0.00%"                                                                                                               
            }                                                                                                                                               
        }                                                                                                                                                   
    },                                                                                                                                                      
    "30": {                                                                                                                                                 
        "centralized": {                                                                                                                                    
            "test": {                                                                                                                                       
                "loss": "0.5173 -> 0.5173",                                                                                                                 
                "accuracy": "82.85% -> 82.85%"                                                                                                              
            }                                                                                                                                               
        },                                                                                                                                                  
        "all_clients": {                                                                                                                                    
            "test": {                                                                                                                                       
                "loss": "0.5173 -> 0.0000",                                                                                                                 
                "accuracy": "82.85% -> 0.00%"                                                                                                               
            }                                                                                                                                               
        }                                                                                                                                                   
    },                                                                                                                                                      
    "31": {                                                                                                                                                 
        "centralized": {                                                                                                                                    
            "test": {                                                                                                                                       
                "loss": "0.5183 -> 0.5183",                                                                                                                 
                "accuracy": "84.52% -> 84.52%"                                                                                                              
            }                                                                                                                                               
        },                                                                                                                                                  
        "all_clients": {                                                                                                                                    
            "test": {                                                                                                                                       
                "loss": "0.5183 -> 0.0000",                                                                                                                 
                "accuracy": "84.52% -> 0.00%"                                                                                                               
            }                                                                                                                                               
        }                                                                                                                                                   
    },                                                                                                                                                      
    "32": {                                                                                                                                                 
        "centralized": {                                                                                                                                    
            "test": {                                                                                                                                       
                "loss": "0.5205 -> 0.5205",                                                                                                                 
                "accuracy": "84.86% -> 84.86%"                                                                                                              
            }                                                                                                                                               
        },                                                                                                                                                  
        "all_clients": {                                                                                                                                    
            "test": {                                                                                                                                       
                "loss": "0.5205 -> 0.0000",                                                                                                                 
                "accuracy": "84.86% -> 0.00%"                                                                                                               
            }                                                                                                                                               
        }                                                                                                                                                   
    },                                                                                                                                                      
    "33": {                                                                                                                                                 
        "centralized": {                                                                                                                                    
            "test": {                                                                                                                                       
                "loss": "0.5235 -> 0.5235",                                                                                                                 
                "accuracy": "83.63% -> 83.63%"                                                                                                              
            }                                                                                                                                               
        },                                                                                                                                                  
        "all_clients": {                                                                                                                                    
            "test": {                                                                                                                                       
                "loss": "0.5235 -> 0.0000",                                                                                                                 
                "accuracy": "83.63% -> 0.00%"                                                                                                               
            }                                                                                                                                               
        }                                                                                                                                                   
    },                                                                                                                                                      
    "34": {                                                                                                                                                 
        "centralized": {                                                                                                                                    
            "test": {                                                                                                                                       
                "loss": "0.5063 -> 0.5063",                                                                                                                 
                "accuracy": "84.35% -> 84.35%"                                                                                                              
            }                                                                                                                                               
        },                                                                                                                                                  
        "all_clients": {                                                                                                                                    
            "test": {                                                                                                                                       
                "loss": "0.5063 -> 0.0000",                                                                                                                 
                "accuracy": "84.35% -> 0.00%"                                                                                                               
            }                                                                                                                                               
        }                                                                                                                                                   
    },                                                                                                                                                      
    "35": {                                                                                                                                                 
        "centralized": {                                                                                                                                    
            "test": {                                                                                                                                       
                "loss": "0.5394 -> 0.5394",                                                                                                                 
                "accuracy": "82.74% -> 82.74%"                                                                                                              
            }                                                                                                                                               
        },                                                                                                                                                  
        "all_clients": {                                                                                                                                    
            "test": {                                                                                                                                       
                "loss": "0.5394 -> 0.0000",                                                                                                                 
                "accuracy": "82.74% -> 0.00%"                                                                                                               
            }                                                                                                                                               
        }                                                                                                                                                   
    },                                                                                                                                                      
    "36": {                                                                                                                                                 
        "centralized": {                                                                                                                                    
            "test": {                                                                                                                                       
                "loss": "0.5913 -> 0.5913",                                                                                                                 
                "accuracy": "83.13% -> 83.13%"                                                                                                              
            }                                                                                                                                               
        },                                                                                                                                                  
        "all_clients": {                                                                                                                                    
            "test": {                                                                                                                                       
                "loss": "0.5913 -> 0.0000",                                                                                                                 
                "accuracy": "83.13% -> 0.00%"                                                                                                               
            }                                                                                                                                               
        }                                                                                                                                                   
    },                                                                                                                                                      
    "37": {                                                                                                                                                 
        "centralized": {                                                                                                                                    
            "test": {                                                                                                                                       
                "loss": "0.5365 -> 0.5365",                                                                                                                 
                "accuracy": "83.91% -> 83.91%"                                                                                                              
            }                                                                                                                                               
        },                                                                                                                                                  
        "all_clients": {                                                                                                                                    
            "test": {                                                                                                                                       
                "loss": "0.5365 -> 0.0000",                                                                                                                 
                "accuracy": "83.91% -> 0.00%"                                                                                                               
            }                                                                                                                                               
        }                                                                                                                                                   
    },                                                                                                                                                      
    "38": {                                                                                                                                                 
        "centralized": {                                                                                                                                    
            "test": {                                                                                                                                       
                "loss": "0.6356 -> 0.6356",                                                                                                                 
                "accuracy": "82.07% -> 82.07%"                                                                                                              
            }                                                                                                                                               
        },                                                                                                                                                  
        "all_clients": {                                                                                                                                    
            "test": {                                                                                                                                       
                "loss": "0.6356 -> 0.0000",                                                                                                                 
                "accuracy": "82.07% -> 0.00%"                                                                                                               
            }                                                                                                                                               
        }                                                                                                                                                   
    },                                                                                                                                                      
    "39": {                                                                                                                                                 
        "centralized": {                                                                                                                                    
            "test": {                                                                                                                                       
                "loss": "0.6191 -> 0.6191",                                                                                                                 
                "accuracy": "81.96% -> 81.96%"                                                                                                              
            }                                                                                                                                               
        },                                                                                                                                                  
        "all_clients": {                                                                                                                                    
            "test": {                                                                                                                                       
                "loss": "0.6191 -> 0.0000",                                                                                                                 
                "accuracy": "81.96% -> 0.00%"                                                                                                               
            }                                                                                                                                               
        }                                                                                                                                                   
    },                                                                                                                                                      
    "40": {                                                                                                                                                 
        "centralized": {                                                                                                                                    
            "test": {                                                                                                                                       
                "loss": "0.6812 -> 0.6812",                                                                                                                 
                "accuracy": "80.62% -> 80.62%"                                                                                                              
            }                                                                                                                                               
        },                                                                                                                                                  
        "all_clients": {                                                                                                                                    
            "test": {                                                                                                                                       
                "loss": "0.6812 -> 0.0000",                                                                                                                 
                "accuracy": "80.62% -> 0.00%"                                                                                                               
            }                                                                                                                                               
        }                                                                                                                                                   
    }                                                                                                                                                       
}                                                                                                                                                           
==================== DriftFedAvg Max Accuracy ====================                                                                                          
all_clients:                                                                                                                                                
(test) before fine-tuning: 84.86% at epoch 32                                                                                                               
(test) after fine-tuning: 0.00% at epoch 1                                                                                                                  
centralized:                                                                                                                                                
(test) before fine-tuning: 84.86% at epoch 32                                                                                                               
(test) after fine-tuning: 84.86% at epoch 32                                                                                                                
