==================== DriftFedAvg ====================                                                                                                       
Experiment Arguments:                                                                                                                                       
{
│   'method': 'driftfedavg',
│   'dataset': {
│   │   'name': 'brain_tumor',
│   │   'partition_dir': 'partitions/alpha_0.03/seed_42',
│   │   'client_num': 10,
│   │   'test_ratio': 0.25,
│   │   'val_ratio': 0.0,
│   │   'seed': 42,
│   │   'split': 'sample',
│   │   'IID_ratio': 0.0,
│   │   'monitor_window_name_suffix': 'brain_tumor-10clients-0%IID-Dir(0.03)-seed42',
│   │   'alpha': 0.03,
│   │   'min_samples_per_client': 10
│   },
│   'model': {
│   │   'name': 'efficient0',
│   │   'use_torchvision_pretrained_weights': False,
│   │   'external_model_weights_path': None
│   },
│   'optimizer': {
│   │   'lr': 0.01,
│   │   'dampening': 0,
│   │   'weight_decay': 0.0001,
│   │   'momentum': 0.9,
│   │   'nesterov': False,
│   │   'name': 'sgd'
│   },
│   'mode': 'serial',
│   'parallel': {
│   │   'ray_cluster_addr': None,
│   │   'num_cpus': None,
│   │   'num_gpus': None,
│   │   'num_workers': 2
│   },
│   'common': {
│   │   'seed': 42,
│   │   'join_ratio': 1.0,
│   │   'global_epoch': 40,
│   │   'local_epoch': 5,
│   │   'batch_size': 32,
│   │   'reset_optimizer_on_global_epoch': True,
│   │   'straggler_ratio': 0,
│   │   'straggler_min_local_epoch': 0,
│   │   'buffers': 'global',
│   │   'client_side_evaluation': True,
│   │   'test': {
│   │   │   'client': {
│   │   │   │   'interval': 1,
│   │   │   │   'finetune_epoch': 0,
│   │   │   │   'train': False,
│   │   │   │   'val': False,
│   │   │   │   'test': True
│   │   │   },
│   │   │   'server': {
│   │   │   │   'interval': 1,
│   │   │   │   'train': False,
│   │   │   │   'val': False,
│   │   │   │   'test': True,
│   │   │   │   'model_in_train_mode': False
│   │   │   }
│   │   },
│   │   'verbose_gap': 10,
│   │   'monitor': 'tensorboard',
│   │   'use_cuda': True,
│   │   'save_log': True,
│   │   'save_model': False,
│   │   'save_learning_curve_plot': True,
│   │   'save_metrics': True,
│   │   'delete_useless_run': True,
│   │   'dataloader_num_workers': 2
│   },
│   'driftfedavg': {}
}
---------------------------- TRAINING EPOCH: 10 ----------------------------                                                                                
client [7]  (testset)   loss: 1.1030 -> 14.3824 accuracy: 0.00% -> 87.93%                                                                                   
client [6]  (testset)   loss: 24.9126 -> 24.9126    accuracy: 0.00% -> 0.00%                                                                                
client [9]  (testset)   loss: 0.7106 -> 0.0149  accuracy: 100.00% -> 100.00%                                                                                
client [1]  (testset)   loss: 8.1318 -> 0.0000  accuracy: 0.00% -> 100.00%                                                                                  
client [2]  (testset)   loss: 2.8582 -> 0.0000  accuracy: 0.00% -> 100.00%                                                                                  
client [8]  (testset)   loss: 1.0656 -> 0.6938  accuracy: 31.15% -> 55.74%                                                                                  
client [4]  (testset)   loss: 1.0080 -> 0.0153  accuracy: 0.28% -> 99.72%                                                                                   
client [5]  (testset)   loss: 2.6867 -> 0.3467  accuracy: 0.00% -> 100.00%                                                                                  
client [3]  (testset)   loss: 1.2953 -> 9.1454  accuracy: 70.59% -> 29.41%                                                                                  
client [0]  (testset)   loss: 3.4061 -> 3.4061  accuracy: 0.00% -> 0.00%                                                                                    
---------------------------- TRAINING EPOCH: 20 ----------------------------                                                                                
client [1]  (testset)   loss: 3.8061 -> 0.0000  accuracy: 0.00% -> 100.00%                                                                                  
client [0]  (testset)   loss: 2.8326 -> 2.8326  accuracy: 16.67% -> 16.67%                                                                                  
client [3]  (testset)   loss: 1.3359 -> 6.9284  accuracy: 29.41% -> 29.41%                                                                                  
client [8]  (testset)   loss: 0.8174 -> 1.6289  accuracy: 62.30% -> 63.93%                                                                                  
client [6]  (testset)   loss: 4.8946 -> 4.8946  accuracy: 0.00% -> 0.00%                                                                                    
client [2]  (testset)   loss: 2.6720 -> 0.0000  accuracy: 0.00% -> 100.00%                                                                                  
client [5]  (testset)   loss: 2.6621 -> 0.2185  accuracy: 0.00% -> 100.00%                                                                                  
client [4]  (testset)   loss: 0.8081 -> 0.0456  accuracy: 61.24% -> 99.44%                                                                                  
client [7]  (testset)   loss: 0.9840 -> 1.0357  accuracy: 58.62% -> 91.38%                                                                                  
client [9]  (testset)   loss: 0.8062 -> 0.0002  accuracy: 61.85% -> 100.00%                                                                                 
---------------------------- TRAINING EPOCH: 30 ----------------------------                                                                                
client [6]  (testset)   loss: 4.4373 -> 4.4373  accuracy: 0.00% -> 0.00%                                                                                    
client [8]  (testset)   loss: 0.8130 -> 9.4474  accuracy: 68.85% -> 57.38%                                                                                  
client [5]  (testset)   loss: 2.5722 -> 0.2494  accuracy: 0.00% -> 100.00%                                                                                  
client [2]  (testset)   loss: 2.5819 -> 0.0001  accuracy: 0.00% -> 100.00%                                                                                  
client [1]  (testset)   loss: 2.8554 -> 0.0000  accuracy: 0.00% -> 100.00%                                                                                  
client [9]  (testset)   loss: 0.8405 -> 0.0003  accuracy: 54.27% -> 100.00%                                                                                 
client [7]  (testset)   loss: 0.9731 -> 1.0390  accuracy: 70.69% -> 89.66%                                                                                  
client [3]  (testset)   loss: 1.3699 -> 1.4920  accuracy: 23.53% -> 35.29%                                                                                  
client [4]  (testset)   loss: 0.7935 -> 0.0219  accuracy: 80.34% -> 99.72%                                                                                  
client [0]  (testset)   loss: 2.1611 -> 2.1611  accuracy: 16.67% -> 16.67%                                                                                  
---------------------------- TRAINING EPOCH: 40 ----------------------------                                                                                
client [0]  (testset)   loss: 1.3197 -> 1.3197  accuracy: 16.67% -> 16.67%                                                                                  
client [2]  (testset)   loss: 3.5069 -> 0.0000  accuracy: 0.00% -> 100.00%                                                                                  
client [5]  (testset)   loss: 3.5095 -> 0.1926  accuracy: 0.00% -> 100.00%                                                                                  
client [6]  (testset)   loss: 1.2258 -> 1.2258  accuracy: 0.00% -> 0.00%                                                                                    
client [3]  (testset)   loss: 1.9121 -> 2.8178  accuracy: 5.88% -> 29.41%                                                                                   
client [1]  (testset)   loss: 1.3230 -> 0.0002  accuracy: 16.06% -> 100.00%                                                                                 
client [8]  (testset)   loss: 1.0921 -> 18.5588 accuracy: 60.66% -> 62.30%                                                                                  
client [9]  (testset)   loss: 1.1861 -> 0.0018  accuracy: 18.48% -> 100.00%                                                                                 
client [7]  (testset)   loss: 1.2844 -> 0.5489  accuracy: 58.62% -> 89.66%                                                                                  
client [4]  (testset)   loss: 1.0333 -> 0.0363  accuracy: 77.53% -> 99.72%                                                                                  
DriftFedAvg's average time taken by each global epoch: 1 min 26.04 sec.                                                                                     
DriftFedAvg's total running time: 1 h 5 m 10 s.                                                                                                             
==================== DriftFedAvg Experiment Results: ====================                                                                                   
Display format: (before local fine-tuning) -> (after local fine-tuning)                                                                                     
 So if finetune_epoch = 0, x.xx% -> 0.00% is normal.                                                                                                        
 Centralized testing ONLY happens after model aggregation, so the stats between '->' are the same.                                                          
{                                                                                                                                                           
    "1": {                                                                                                                                                  
        "centralized": {                                                                                                                                    
            "test": {                                                                                                                                       
                "loss": "1.3874 -> 1.3874",                                                                                                                 
                "accuracy": "24.94% -> 24.94%"                                                                                                              
            }                                                                                                                                               
        },                                                                                                                                                  
        "all_clients": {                                                                                                                                    
            "test": {                                                                                                                                       
                "loss": "1.3874 -> 0.0000",                                                                                                                 
                "accuracy": "24.94% -> 0.00%"                                                                                                               
            }                                                                                                                                               
        }                                                                                                                                                   
    },                                                                                                                                                      
    "2": {                                                                                                                                                  
        "centralized": {                                                                                                                                    
            "test": {                                                                                                                                       
                "loss": "1.3976 -> 1.3976",                                                                                                                 
                "accuracy": "24.94% -> 24.94%"                                                                                                              
            }                                                                                                                                               
        },                                                                                                                                                  
        "all_clients": {                                                                                                                                    
            "test": {                                                                                                                                       
                "loss": "1.3976 -> 0.0000",                                                                                                                 
                "accuracy": "24.94% -> 0.00%"                                                                                                               
            }                                                                                                                                               
        }                                                                                                                                                   
    },                                                                                                                                                      
    "3": {                                                                                                                                                  
        "centralized": {                                                                                                                                    
            "test": {                                                                                                                                       
                "loss": "1.5233 -> 1.5233",                                                                                                                 
                "accuracy": "25.28% -> 25.28%"                                                                                                              
            }                                                                                                                                               
        },                                                                                                                                                  
        "all_clients": {                                                                                                                                    
            "test": {                                                                                                                                       
                "loss": "1.5233 -> 0.0000",                                                                                                                 
                "accuracy": "25.28% -> 0.00%"                                                                                                               
            }                                                                                                                                               
        }                                                                                                                                                   
    },                                                                                                                                                      
    "4": {                                                                                                                                                  
        "centralized": {                                                                                                                                    
            "test": {                                                                                                                                       
                "loss": "2.3070 -> 2.3070",                                                                                                                 
                "accuracy": "23.83% -> 23.83%"                                                                                                              
            }                                                                                                                                               
        },                                                                                                                                                  
        "all_clients": {                                                                                                                                    
            "test": {                                                                                                                                       
                "loss": "2.3070 -> 0.0000",                                                                                                                 
                "accuracy": "23.83% -> 0.00%"                                                                                                               
            }                                                                                                                                               
        }                                                                                                                                                   
    },                                                                                                                                                      
    "5": {                                                                                                                                                  
        "centralized": {                                                                                                                                    
            "test": {                                                                                                                                       
                "loss": "2.2994 -> 2.2994",                                                                                                                 
                "accuracy": "25.28% -> 25.28%"                                                                                                              
            }                                                                                                                                               
        },                                                                                                                                                  
        "all_clients": {                                                                                                                                    
            "test": {                                                                                                                                       
                "loss": "2.2994 -> 0.0000",                                                                                                                 
                "accuracy": "25.28% -> 0.00%"                                                                                                               
            }                                                                                                                                               
        }                                                                                                                                                   
    },                                                                                                                                                      
    "6": {                                                                                                                                                  
        "centralized": {                                                                                                                                    
            "test": {                                                                                                                                       
                "loss": "2.0460 -> 2.0460",                                                                                                                 
                "accuracy": "25.61% -> 25.61%"                                                                                                              
            }                                                                                                                                               
        },                                                                                                                                                  
        "all_clients": {                                                                                                                                    
            "test": {                                                                                                                                       
                "loss": "2.0460 -> 0.0000",                                                                                                                 
                "accuracy": "25.61% -> 0.00%"                                                                                                               
            }                                                                                                                                               
        }                                                                                                                                                   
    },                                                                                                                                                      
    "7": {                                                                                                                                                  
        "centralized": {                                                                                                                                    
            "test": {                                                                                                                                       
                "loss": "2.3748 -> 2.3748",                                                                                                                 
                "accuracy": "25.28% -> 25.28%"                                                                                                              
            }                                                                                                                                               
        },                                                                                                                                                  
        "all_clients": {                                                                                                                                    
            "test": {                                                                                                                                       
                "loss": "2.3748 -> 0.0000",                                                                                                                 
                "accuracy": "25.28% -> 0.00%"                                                                                                               
            }                                                                                                                                               
        }                                                                                                                                                   
    },                                                                                                                                                      
    "8": {                                                                                                                                                  
        "centralized": {                                                                                                                                    
            "test": {                                                                                                                                       
                "loss": "2.1333 -> 2.1333",                                                                                                                 
                "accuracy": "26.89% -> 26.89%"                                                                                                              
            }                                                                                                                                               
        },                                                                                                                                                  
        "all_clients": {                                                                                                                                    
            "test": {                                                                                                                                       
                "loss": "2.1333 -> 0.0000",                                                                                                                 
                "accuracy": "26.89% -> 0.00%"                                                                                                               
            }                                                                                                                                               
        }                                                                                                                                                   
    },                                                                                                                                                      
    "9": {                                                                                                                                                  
        "centralized": {                                                                                                                                    
            "test": {                                                                                                                                       
                "loss": "3.2209 -> 3.2209",                                                                                                                 
                "accuracy": "25.28% -> 25.28%"                                                                                                              
            }                                                                                                                                               
        },                                                                                                                                                  
        "all_clients": {                                                                                                                                    
            "test": {                                                                                                                                       
                "loss": "3.2210 -> 0.0000",                                                                                                                 
                "accuracy": "25.28% -> 0.00%"                                                                                                               
            }                                                                                                                                               
        }                                                                                                                                                   
    },                                                                                                                                                      
    "10": {                                                                                                                                                 
        "centralized": {                                                                                                                                    
            "test": {                                                                                                                                       
                "loss": "3.3436 -> 3.3436",                                                                                                                 
                "accuracy": "13.03% -> 13.03%"                                                                                                              
            }                                                                                                                                               
        },                                                                                                                                                  
        "all_clients": {                                                                                                                                    
            "test": {                                                                                                                                       
                "loss": "3.3436 -> 0.0000",                                                                                                                 
                "accuracy": "13.03% -> 0.00%"                                                                                                               
            }                                                                                                                                               
        }                                                                                                                                                   
    },                                                                                                                                                      
    "11": {                                                                                                                                                 
        "centralized": {                                                                                                                                    
            "test": {                                                                                                                                       
                "loss": "1.9915 -> 1.9915",                                                                                                                 
                "accuracy": "24.44% -> 24.44%"                                                                                                              
            }                                                                                                                                               
        },                                                                                                                                                  
        "all_clients": {                                                                                                                                    
            "test": {                                                                                                                                       
                "loss": "1.9915 -> 0.0000",                                                                                                                 
                "accuracy": "24.44% -> 0.00%"                                                                                                               
            }                                                                                                                                               
        }                                                                                                                                                   
    },                                                                                                                                                      
    "12": {                                                                                                                                                 
        "centralized": {                                                                                                                                    
            "test": {                                                                                                                                       
                "loss": "3.3966 -> 3.3966",                                                                                                                 
                "accuracy": "33.74% -> 33.74%"                                                                                                              
            }                                                                                                                                               
        },                                                                                                                                                  
        "all_clients": {                                                                                                                                    
            "test": {                                                                                                                                       
                "loss": "3.3966 -> 0.0000",                                                                                                                 
                "accuracy": "33.74% -> 0.00%"                                                                                                               
            }                                                                                                                                               
        }                                                                                                                                                   
    },                                                                                                                                                      
    "13": {                                                                                                                                                 
        "centralized": {                                                                                                                                    
            "test": {                                                                                                                                       
                "loss": "1.8752 -> 1.8752",                                                                                                                 
                "accuracy": "32.35% -> 32.35%"                                                                                                              
            }                                                                                                                                               
        },                                                                                                                                                  
        "all_clients": {                                                                                                                                    
            "test": {                                                                                                                                       
                "loss": "1.8752 -> 0.0000",                                                                                                                 
                "accuracy": "32.35% -> 0.00%"                                                                                                               
            }                                                                                                                                               
        }                                                                                                                                                   
    },                                                                                                                                                      
    "14": {                                                                                                                                                 
        "centralized": {                                                                                                                                    
            "test": {                                                                                                                                       
                "loss": "2.1089 -> 2.1089",                                                                                                                 
                "accuracy": "21.83% -> 21.83%"                                                                                                              
            }                                                                                                                                               
        },                                                                                                                                                  
        "all_clients": {                                                                                                                                    
            "test": {                                                                                                                                       
                "loss": "2.1089 -> 0.0000",                                                                                                                 
                "accuracy": "21.83% -> 0.00%"                                                                                                               
            }                                                                                                                                               
        }                                                                                                                                                   
    },                                                                                                                                                      
    "15": {                                                                                                                                                 
        "centralized": {                                                                                                                                    
            "test": {                                                                                                                                       
                "loss": "2.3520 -> 2.3520",                                                                                                                 
                "accuracy": "34.58% -> 34.58%"                                                                                                              
            }                                                                                                                                               
        },                                                                                                                                                  
        "all_clients": {                                                                                                                                    
            "test": {                                                                                                                                       
                "loss": "2.3520 -> 0.0000",                                                                                                                 
                "accuracy": "34.58% -> 0.00%"                                                                                                               
            }                                                                                                                                               
        }                                                                                                                                                   
    },                                                                                                                                                      
    "16": {                                                                                                                                                 
        "centralized": {                                                                                                                                    
            "test": {                                                                                                                                       
                "loss": "2.0164 -> 2.0164",                                                                                                                 
                "accuracy": "18.54% -> 18.54%"                                                                                                              
            }                                                                                                                                               
        },                                                                                                                                                  
        "all_clients": {                                                                                                                                    
            "test": {                                                                                                                                       
                "loss": "2.0164 -> 0.0000",                                                                                                                 
                "accuracy": "18.54% -> 0.00%"                                                                                                               
            }                                                                                                                                               
        }                                                                                                                                                   
    },                                                                                                                                                      
    "17": {                                                                                                                                                 
        "centralized": {                                                                                                                                    
            "test": {                                                                                                                                       
                "loss": "2.1297 -> 2.1297",                                                                                                                 
                "accuracy": "29.57% -> 29.57%"                                                                                                              
            }                                                                                                                                               
        },                                                                                                                                                  
        "all_clients": {                                                                                                                                    
            "test": {                                                                                                                                       
                "loss": "2.1297 -> 0.0000",                                                                                                                 
                "accuracy": "29.57% -> 0.00%"                                                                                                               
            }                                                                                                                                               
        }                                                                                                                                                   
    },                                                                                                                                                      
    "18": {                                                                                                                                                 
        "centralized": {                                                                                                                                    
            "test": {                                                                                                                                       
                "loss": "1.8971 -> 1.8971",                                                                                                                 
                "accuracy": "14.42% -> 14.42%"                                                                                                              
            }                                                                                                                                               
        },                                                                                                                                                  
        "all_clients": {                                                                                                                                    
            "test": {                                                                                                                                       
                "loss": "1.8971 -> 0.0000",                                                                                                                 
                "accuracy": "14.42% -> 0.00%"                                                                                                               
            }                                                                                                                                               
        }                                                                                                                                                   
    },                                                                                                                                                      
    "19": {                                                                                                                                                 
        "centralized": {                                                                                                                                    
            "test": {                                                                                                                                       
                "loss": "2.0184 -> 2.0184",                                                                                                                 
                "accuracy": "31.01% -> 31.01%"                                                                                                              
            }                                                                                                                                               
        },                                                                                                                                                  
        "all_clients": {                                                                                                                                    
            "test": {                                                                                                                                       
                "loss": "2.0184 -> 0.0000",                                                                                                                 
                "accuracy": "31.01% -> 0.00%"                                                                                                               
            }                                                                                                                                               
        }                                                                                                                                                   
    },                                                                                                                                                      
    "20": {                                                                                                                                                 
        "centralized": {                                                                                                                                    
            "test": {                                                                                                                                       
                "loss": "1.8753 -> 1.8753",                                                                                                                 
                "accuracy": "21.33% -> 21.33%"                                                                                                              
            }                                                                                                                                               
        },                                                                                                                                                  
        "all_clients": {                                                                                                                                    
            "test": {                                                                                                                                       
                "loss": "1.8753 -> 0.0000",                                                                                                                 
                "accuracy": "21.33% -> 0.00%"                                                                                                               
            }                                                                                                                                               
        }                                                                                                                                                   
    },                                                                                                                                                      
    "21": {                                                                                                                                                 
        "centralized": {                                                                                                                                    
            "test": {                                                                                                                                       
                "loss": "1.9451 -> 1.9451",                                                                                                                 
                "accuracy": "32.85% -> 32.85%"                                                                                                              
            }                                                                                                                                               
        },                                                                                                                                                  
        "all_clients": {                                                                                                                                    
            "test": {                                                                                                                                       
                "loss": "1.9451 -> 0.0000",                                                                                                                 
                "accuracy": "32.85% -> 0.00%"                                                                                                               
            }                                                                                                                                               
        }                                                                                                                                                   
    },                                                                                                                                                      
    "22": {                                                                                                                                                 
        "centralized": {                                                                                                                                    
            "test": {                                                                                                                                       
                "loss": "1.9384 -> 1.9384",                                                                                                                 
                "accuracy": "22.49% -> 22.49%"                                                                                                              
            }                                                                                                                                               
        },                                                                                                                                                  
        "all_clients": {                                                                                                                                    
            "test": {                                                                                                                                       
                "loss": "1.9384 -> 0.0000",                                                                                                                 
                "accuracy": "22.49% -> 0.00%"                                                                                                               
            }                                                                                                                                               
        }                                                                                                                                                   
    },                                                                                                                                                      
    "23": {                                                                                                                                                 
        "centralized": {                                                                                                                                    
            "test": {                                                                                                                                       
                "loss": "2.0517 -> 2.0517",                                                                                                                 
                "accuracy": "25.45% -> 25.45%"                                                                                                              
            }                                                                                                                                               
        },                                                                                                                                                  
        "all_clients": {                                                                                                                                    
            "test": {                                                                                                                                       
                "loss": "2.0517 -> 0.0000",                                                                                                                 
                "accuracy": "25.45% -> 0.00%"                                                                                                               
            }                                                                                                                                               
        }                                                                                                                                                   
    },                                                                                                                                                      
    "24": {                                                                                                                                                 
        "centralized": {                                                                                                                                    
            "test": {                                                                                                                                       
                "loss": "1.8754 -> 1.8754",                                                                                                                 
                "accuracy": "19.88% -> 19.88%"                                                                                                              
            }                                                                                                                                               
        },                                                                                                                                                  
        "all_clients": {                                                                                                                                    
            "test": {                                                                                                                                       
                "loss": "1.8754 -> 0.0000",                                                                                                                 
                "accuracy": "19.88% -> 0.00%"                                                                                                               
            }                                                                                                                                               
        }                                                                                                                                                   
    },                                                                                                                                                      
    "25": {                                                                                                                                                 
        "centralized": {                                                                                                                                    
            "test": {                                                                                                                                       
                "loss": "1.9111 -> 1.9111",                                                                                                                 
                "accuracy": "32.74% -> 32.74%"                                                                                                              
            }                                                                                                                                               
        },                                                                                                                                                  
        "all_clients": {                                                                                                                                    
            "test": {                                                                                                                                       
                "loss": "1.9111 -> 0.0000",                                                                                                                 
                "accuracy": "32.74% -> 0.00%"                                                                                                               
            }                                                                                                                                               
        }                                                                                                                                                   
    },                                                                                                                                                      
    "26": {                                                                                                                                                 
        "centralized": {                                                                                                                                    
            "test": {                                                                                                                                       
                "loss": "1.8108 -> 1.8108",                                                                                                                 
                "accuracy": "18.65% -> 18.65%"                                                                                                              
            }                                                                                                                                               
        },                                                                                                                                                  
        "all_clients": {                                                                                                                                    
            "test": {                                                                                                                                       
                "loss": "1.8108 -> 0.0000",                                                                                                                 
                "accuracy": "18.65% -> 0.00%"                                                                                                               
            }                                                                                                                                               
        }                                                                                                                                                   
    },                                                                                                                                                      
    "27": {                                                                                                                                                 
        "centralized": {                                                                                                                                    
            "test": {                                                                                                                                       
                "loss": "1.8403 -> 1.8403",                                                                                                                 
                "accuracy": "30.40% -> 30.40%"                                                                                                              
            }                                                                                                                                               
        },                                                                                                                                                  
        "all_clients": {                                                                                                                                    
            "test": {                                                                                                                                       
                "loss": "1.8403 -> 0.0000",                                                                                                                 
                "accuracy": "30.40% -> 0.00%"                                                                                                               
            }                                                                                                                                               
        }                                                                                                                                                   
    },                                                                                                                                                      
    "28": {                                                                                                                                                 
        "centralized": {                                                                                                                                    
            "test": {                                                                                                                                       
                "loss": "2.2080 -> 2.2080",                                                                                                                 
                "accuracy": "20.49% -> 20.49%"                                                                                                              
            }                                                                                                                                               
        },                                                                                                                                                  
        "all_clients": {                                                                                                                                    
            "test": {                                                                                                                                       
                "loss": "2.2080 -> 0.0000",                                                                                                                 
                "accuracy": "20.49% -> 0.00%"                                                                                                               
            }                                                                                                                                               
        }                                                                                                                                                   
    },                                                                                                                                                      
    "29": {                                                                                                                                                 
        "centralized": {                                                                                                                                    
            "test": {                                                                                                                                       
                "loss": "1.7669 -> 1.7669",                                                                                                                 
                "accuracy": "33.57% -> 33.57%"                                                                                                              
            }                                                                                                                                               
        },                                                                                                                                                  
        "all_clients": {                                                                                                                                    
            "test": {                                                                                                                                       
                "loss": "1.7669 -> 0.0000",                                                                                                                 
                "accuracy": "33.57% -> 0.00%"                                                                                                               
            }                                                                                                                                               
        }                                                                                                                                                   
    },                                                                                                                                                      
    "30": {                                                                                                                                                 
        "centralized": {                                                                                                                                    
            "test": {                                                                                                                                       
                "loss": "1.6988 -> 1.6988",                                                                                                                 
                "accuracy": "13.42% -> 13.42%"                                                                                                              
            }                                                                                                                                               
        },                                                                                                                                                  
        "all_clients": {                                                                                                                                    
            "test": {                                                                                                                                       
                "loss": "1.6988 -> 0.0000",                                                                                                                 
                "accuracy": "13.42% -> 0.00%"                                                                                                               
            }                                                                                                                                               
        }                                                                                                                                                   
    },                                                                                                                                                      
    "31": {                                                                                                                                                 
        "centralized": {                                                                                                                                    
            "test": {                                                                                                                                       
                "loss": "1.7589 -> 1.7589",                                                                                                                 
                "accuracy": "32.63% -> 32.63%"                                                                                                              
            }                                                                                                                                               
        },                                                                                                                                                  
        "all_clients": {                                                                                                                                    
            "test": {                                                                                                                                       
                "loss": "1.7590 -> 0.0000",                                                                                                                 
                "accuracy": "32.63% -> 0.00%"                                                                                                               
            }                                                                                                                                               
        }                                                                                                                                                   
    },                                                                                                                                                      
    "32": {                                                                                                                                                 
        "centralized": {                                                                                                                                    
            "test": {                                                                                                                                       
                "loss": "1.7133 -> 1.7133",                                                                                                                 
                "accuracy": "25.56% -> 25.56%"                                                                                                              
            }                                                                                                                                               
        },                                                                                                                                                  
        "all_clients": {                                                                                                                                    
            "test": {                                                                                                                                       
                "loss": "1.7133 -> 0.0000",                                                                                                                 
                "accuracy": "25.56% -> 0.00%"                                                                                                               
            }                                                                                                                                               
        }                                                                                                                                                   
    },                                                                                                                                                      
    "33": {                                                                                                                                                 
        "centralized": {                                                                                                                                    
            "test": {                                                                                                                                       
                "loss": "1.6926 -> 1.6926",                                                                                                                 
                "accuracy": "33.46% -> 33.46%"                                                                                                              
            }                                                                                                                                               
        },                                                                                                                                                  
        "all_clients": {                                                                                                                                    
            "test": {                                                                                                                                       
                "loss": "1.6926 -> 0.0000",                                                                                                                 
                "accuracy": "33.46% -> 0.00%"                                                                                                               
            }                                                                                                                                               
        }                                                                                                                                                   
    },                                                                                                                                                      
    "34": {                                                                                                                                                 
        "centralized": {                                                                                                                                    
            "test": {                                                                                                                                       
                "loss": "1.7188 -> 1.7188",                                                                                                                 
                "accuracy": "24.72% -> 24.72%"                                                                                                              
            }                                                                                                                                               
        },                                                                                                                                                  
        "all_clients": {                                                                                                                                    
            "test": {                                                                                                                                       
                "loss": "1.7188 -> 0.0000",                                                                                                                 
                "accuracy": "24.72% -> 0.00%"                                                                                                               
            }                                                                                                                                               
        }                                                                                                                                                   
    },                                                                                                                                                      
    "35": {                                                                                                                                                 
        "centralized": {                                                                                                                                    
            "test": {                                                                                                                                       
                "loss": "1.8546 -> 1.8546",                                                                                                                 
                "accuracy": "33.52% -> 33.52%"                                                                                                              
            }                                                                                                                                               
        },                                                                                                                                                  
        "all_clients": {                                                                                                                                    
            "test": {                                                                                                                                       
                "loss": "1.8546 -> 0.0000",                                                                                                                 
                "accuracy": "33.52% -> 0.00%"                                                                                                               
            }                                                                                                                                               
        }                                                                                                                                                   
    },                                                                                                                                                      
    "36": {                                                                                                                                                 
        "centralized": {                                                                                                                                    
            "test": {                                                                                                                                       
                "loss": "1.5686 -> 1.5686",                                                                                                                 
                "accuracy": "24.72% -> 24.72%"                                                                                                              
            }                                                                                                                                               
        },                                                                                                                                                  
        "all_clients": {                                                                                                                                    
            "test": {                                                                                                                                       
                "loss": "1.5686 -> 0.0000",                                                                                                                 
                "accuracy": "24.72% -> 0.00%"                                                                                                               
            }                                                                                                                                               
        }                                                                                                                                                   
    },                                                                                                                                                      
    "37": {                                                                                                                                                 
        "centralized": {                                                                                                                                    
            "test": {                                                                                                                                       
                "loss": "1.7072 -> 1.7072",                                                                                                                 
                "accuracy": "33.35% -> 33.35%"                                                                                                              
            }                                                                                                                                               
        },                                                                                                                                                  
        "all_clients": {                                                                                                                                    
            "test": {                                                                                                                                       
                "loss": "1.7073 -> 0.0000",                                                                                                                 
                "accuracy": "33.35% -> 0.00%"                                                                                                               
            }                                                                                                                                               
        }                                                                                                                                                   
    },                                                                                                                                                      
    "38": {                                                                                                                                                 
        "centralized": {                                                                                                                                    
            "test": {                                                                                                                                       
                "loss": "1.5725 -> 1.5725",                                                                                                                 
                "accuracy": "24.78% -> 24.78%"                                                                                                              
            }                                                                                                                                               
        },                                                                                                                                                  
        "all_clients": {                                                                                                                                    
            "test": {                                                                                                                                       
                "loss": "1.5725 -> 0.0000",                                                                                                                 
                "accuracy": "24.78% -> 0.00%"                                                                                                               
            }                                                                                                                                               
        }                                                                                                                                                   
    },                                                                                                                                                      
    "39": {                                                                                                                                                 
        "centralized": {                                                                                                                                    
            "test": {                                                                                                                                       
                "loss": "1.7560 -> 1.7560",                                                                                                                 
                "accuracy": "27.67% -> 27.67%"                                                                                                              
            }                                                                                                                                               
        },                                                                                                                                                  
        "all_clients": {                                                                                                                                    
            "test": {                                                                                                                                       
                "loss": "1.7560 -> 0.0000",                                                                                                                 
                "accuracy": "27.67% -> 0.00%"                                                                                                               
            }                                                                                                                                               
        }                                                                                                                                                   
    },                                                                                                                                                      
    "40": {                                                                                                                                                 
        "centralized": {                                                                                                                                    
            "test": {                                                                                                                                       
                "loss": "1.6771 -> 1.6771",                                                                                                                 
                "accuracy": "24.83% -> 24.83%"                                                                                                              
            }                                                                                                                                               
        },                                                                                                                                                  
        "all_clients": {                                                                                                                                    
            "test": {                                                                                                                                       
                "loss": "1.6771 -> 0.0000",                                                                                                                 
                "accuracy": "24.83% -> 0.00%"                                                                                                               
            }                                                                                                                                               
        }                                                                                                                                                   
    }                                                                                                                                                       
}                                                                                                                                                           
==================== DriftFedAvg Max Accuracy ====================                                                                                          
all_clients:                                                                                                                                                
(test) before fine-tuning: 34.58% at epoch 15                                                                                                               
(test) after fine-tuning: 0.00% at epoch 1                                                                                                                  
centralized:                                                                                                                                                
(test) before fine-tuning: 34.58% at epoch 15                                                                                                               
(test) after fine-tuning: 34.58% at epoch 15                                                                                                                
