========================================
 driftscaffold Experiments
 Started: Wed May 27 23:28:19 -05 2026
========================================

----------------------------------------
 Running: brain_tumor | alpha=0.03 | vim_tiny
 Time:    Wed May 27 23:28:19 -05 2026
----------------------------------------
2026-05-27 23:28:26.746292: E external/local_xla/xla/stream_executor/cuda/cuda_fft.cc:467] Unable to register cuFFT factory: Attempting to register factory for plugin cuFFT when one has already been registered
WARNING: All log messages before absl::InitializeLog() is called are written to STDERR
E0000 00:00:1779942506.764370 1258481 cuda_dnn.cc:8579] Unable to register cuDNN factory: Attempting to register factory for plugin cuDNN when one has already been registered
E0000 00:00:1779942506.769897 1258481 cuda_blas.cc:1407] Unable to register cuBLAS factory: Attempting to register factory for plugin cuBLAS when one has already been registered
W0000 00:00:1779942506.783064 1258481 computation_placer.cc:177] computation placer already registered. Please check linkage and avoid linking the same target more than once.
W0000 00:00:1779942506.783082 1258481 computation_placer.cc:177] computation placer already registered. Please check linkage and avoid linking the same target more than once.
W0000 00:00:1779942506.783083 1258481 computation_placer.cc:177] computation placer already registered. Please check linkage and avoid linking the same target more than once.
W0000 00:00:1779942506.783085 1258481 computation_placer.cc:177] computation placer already registered. Please check linkage and avoid linking the same target more than once.
2026-05-27 23:28:26.787191: I tensorflow/core/platform/cpu_feature_guard.cc:210] This TensorFlow binary is optimized to use available CPU instructions in performance-critical operations.
To enable the following instructions: AVX2 FMA, in other operations, rebuild TensorFlow with the appropriate compiler flags.
/home/luis.mendezl/Thesis/Vim/mamba-1p1p1/mamba_ssm/ops/selective_scan_interface.py:163: FutureWarning: `torch.cuda.amp.custom_fwd(args...)` is deprecated. Please use `torch.amp.custom_fwd(args..., device_type='cuda')` instead.
  @custom_fwd
/home/luis.mendezl/Thesis/Vim/mamba-1p1p1/mamba_ssm/ops/selective_scan_interface.py:232: FutureWarning: `torch.cuda.amp.custom_bwd(args...)` is deprecated. Please use `torch.amp.custom_bwd(args..., device_type='cuda')` instead.
  @custom_bwd
/home/luis.mendezl/Thesis/Vim/mamba-1p1p1/mamba_ssm/ops/selective_scan_interface.py:300: FutureWarning: `torch.cuda.amp.custom_fwd(args...)` is deprecated. Please use `torch.amp.custom_fwd(args..., device_type='cuda')` instead.
  @custom_fwd
/home/luis.mendezl/Thesis/Vim/mamba-1p1p1/mamba_ssm/ops/selective_scan_interface.py:376: FutureWarning: `torch.cuda.amp.custom_bwd(args...)` is deprecated. Please use `torch.amp.custom_bwd(args..., device_type='cuda')` instead.
  @custom_bwd
/home/luis.mendezl/Thesis/Vim/mamba-1p1p1/mamba_ssm/ops/selective_scan_interface.py:451: FutureWarning: `torch.cuda.amp.custom_fwd(args...)` is deprecated. Please use `torch.amp.custom_fwd(args..., device_type='cuda')` instead.
  @custom_fwd
/home/luis.mendezl/Thesis/Vim/mamba-1p1p1/mamba_ssm/ops/selective_scan_interface.py:531: FutureWarning: `torch.cuda.amp.custom_bwd(args...)` is deprecated. Please use `torch.amp.custom_bwd(args..., device_type='cuda')` instead.
  @custom_bwd
/home/luis.mendezl/Thesis/Vim/mamba-1p1p1/mamba_ssm/ops/triton/layer_norm.py:985: FutureWarning: `torch.cuda.amp.custom_fwd(args...)` is deprecated. Please use `torch.amp.custom_fwd(args..., device_type='cuda')` instead.
  @custom_fwd
/home/luis.mendezl/Thesis/Vim/mamba-1p1p1/mamba_ssm/ops/triton/layer_norm.py:1044: FutureWarning: `torch.cuda.amp.custom_bwd(args...)` is deprecated. Please use `torch.amp.custom_bwd(args..., device_type='cuda')` instead.
  @custom_bwd
/home/luis.mendezl/.conda/envs/venv/lib/python3.11/site-packages/timm/models/registry.py:4: FutureWarning: Importing from timm.models.registry is deprecated, please import via timm.models
  warnings.warn(f"Importing from {__name__} is deprecated, please import via timm.models", FutureWarning)
/home/luis.mendezl/.conda/envs/venv/lib/python3.11/site-packages/timm/models/layers/__init__.py:48: FutureWarning: Importing from timm.models.layers is deprecated, please import via timm.layers
  warnings.warn(f"Importing from {__name__} is deprecated, please import via timm.layers", FutureWarning)
==================== DriftSCAFFOLD ====================                                                                                                     
Experiment Arguments:                                                                                                                                       
{
│   'method': 'driftscaffold',
│   'dataset': {
│   │   'name': 'brain_tumor',
│   │   'partition_dir': 'partitions/alpha_0.03/seed_42',
│   │   'client_num': 10,
│   │   'test_ratio': 0.25,
│   │   'val_ratio': 0.0,
│   │   'seed': 42,
│   │   'split': 'sample',
│   │   'IID_ratio': 0.0,
│   │   'monitor_window_name_suffix': 'brain_tumor-10clients-0%IID-Dir(0.03)-seed42',
│   │   'alpha': 0.03,
│   │   'min_samples_per_client': 10
│   },
│   'model': {
│   │   'name': 'vim_tiny',
│   │   'use_torchvision_pretrained_weights': False,
│   │   'external_model_weights_path': None
│   },
│   'optimizer': {
│   │   'lr': 0.01,
│   │   'dampening': 0,
│   │   'weight_decay': 0.0001,
│   │   'momentum': 0.9,
│   │   'nesterov': False,
│   │   'name': 'sgd'
│   },
│   'mode': 'serial',
│   'parallel': {
│   │   'ray_cluster_addr': None,
│   │   'num_cpus': None,
│   │   'num_gpus': None,
│   │   'num_workers': 2
│   },
│   'common': {
│   │   'seed': 42,
│   │   'join_ratio': 1.0,
│   │   'global_epoch': 40,
│   │   'local_epoch': 5,
│   │   'batch_size': 32,
│   │   'reset_optimizer_on_global_epoch': True,
│   │   'straggler_ratio': 0,
│   │   'straggler_min_local_epoch': 0,
│   │   'buffers': 'global',
│   │   'client_side_evaluation': True,
│   │   'test': {
│   │   │   'client': {
│   │   │   │   'interval': 1,
│   │   │   │   'finetune_epoch': 0,
│   │   │   │   'train': False,
│   │   │   │   'val': False,
│   │   │   │   'test': True
│   │   │   },
│   │   │   'server': {
│   │   │   │   'interval': 1,
│   │   │   │   'train': False,
│   │   │   │   'val': False,
│   │   │   │   'test': True,
│   │   │   │   'model_in_train_mode': False
│   │   │   }
│   │   },
│   │   'verbose_gap': 10,
│   │   'monitor': 'tensorboard',
│   │   'use_cuda': True,
│   │   'save_log': True,
│   │   'save_model': False,
│   │   'save_learning_curve_plot': True,
│   │   'save_metrics': True,
│   │   'delete_useless_run': True,
│   │   'dataloader_num_workers': 2
│   },
│   'driftscaffold': {
│   │   'global_lr': 1.0
│   },
│   'driftfedavg': {}
}
---------------------------- ROUND 1/40 START ----------------------------                                                                                  
Selected clients: [1, 0, 4, 9, 6, 5, 8, 2, 3, 7]                                                                                                            
  [Client 1] Starting local training...                                                                                                                     
  [Client 1] Finished training in 5.14s                                                                                                                     
  [Client 0] Starting local training...                                                                                                                     
Traceback (most recent call last):                                                                                                                          
  File "/home/luis.mendezl/Thesis/src/client/driftscaffold.py", line 128, in get_data_batch                                                                 
    x, y = next(self.iter_trainloader)                                                                                                                      
           ^^^^^^^^^^^^^^^^^^^^^^^^^^^                                                                                                                      
  File "/home/luis.mendezl/.conda/envs/venv/lib/python3.11/site-packages/torch/utils/data/dataloader.py", line 718, in __next__                             
    data = self._next_data()                                                                                                                                
           ^^^^^^^^^^^^^^^^^                                                                                                                                
  File "/home/luis.mendezl/.conda/envs/venv/lib/python3.11/site-packages/torch/utils/data/dataloader.py", line 1487, in _next_data                          
    raise StopIteration                                                                                                                                     
StopIteration                                                                                                                                               
                                                                                                                                                            
During handling of the above exception, another exception occurred:                                                                                         
                                                                                                                                                            
Traceback (most recent call last):                                                                                                                          
  File "/home/luis.mendezl/Thesis/src/server/fedavg.py", line 1073, in run_experiment                                                                       
    self.train()                                                                                                                                            
  File "/home/luis.mendezl/Thesis/src/server/fedavg.py", line 518, in train                                                                                 
    self.train_one_round()                                                                                                                                  
  File "/home/luis.mendezl/Thesis/src/server/driftfedavg.py", line 141, in train_one_round                                                                  
    client_packages = self.trainer.train()                                                                                                                  
                      ^^^^^^^^^^^^^^^^^^^^                                                                                                                  
  File "/home/luis.mendezl/Thesis/src/utils/trainer.py", line 47, in _serial_train                                                                          
    client_package = self.worker.train(server_package) # it gives eval_results                                                                              
                     ^^^^^^^^^^^^^^^^^^^^^^^^^^^^^^^^^                                                                                                      
  File "/home/luis.mendezl/Thesis/src/client/driftscaffold.py", line 68, in train                                                                           
    self.train_with_eval()                                                                                                                                  
  File "/home/luis.mendezl/Thesis/src/client/fedavg.py", line 117, in train_with_eval                                                                       
    self.fit()                                                                                                                                              
  File "/home/luis.mendezl/Thesis/src/client/driftscaffold.py", line 99, in fit                                                                             
    x, y = self.get_data_batch()                                                                                                                            
           ^^^^^^^^^^^^^^^^^^^^^                                                                                                                            
  File "/home/luis.mendezl/Thesis/src/client/driftscaffold.py", line 133, in get_data_batch                                                                 
    x, y = next(self.iter_trainloader)   # propagates if truly empty                                                                                        
           ^^^^^^^^^^^^^^^^^^^^^^^^^^^                                                                                                                      
  File "/home/luis.mendezl/.conda/envs/venv/lib/python3.11/site-packages/torch/utils/data/dataloader.py", line 718, in __next__                             
    data = self._next_data()                                                                                                                                
           ^^^^^^^^^^^^^^^^^                                                                                                                                
  File "/home/luis.mendezl/.conda/envs/venv/lib/python3.11/site-packages/torch/utils/data/dataloader.py", line 1487, in _next_data                          
    raise StopIteration                                                                                                                                     
StopIteration                                                                                                                                               
                                                                                                                                                            
Exception occurred:                                                                                                                                         
Training...                                            0% -:--:--
Error executing job with overrides: ['method=driftscaffold', 'dataset.name=brain_tumor', 'dataset.partition_dir=partitions/alpha_0.03/seed_42', 'model.name=vim_tiny', 'common.seed=42', 'common.global_epoch=40']
Traceback (most recent call last):
  File "/home/luis.mendezl/Thesis/src/client/driftscaffold.py", line 128, in get_data_batch
    x, y = next(self.iter_trainloader)
           ^^^^^^^^^^^^^^^^^^^^^^^^^^^
  File "/home/luis.mendezl/.conda/envs/venv/lib/python3.11/site-packages/torch/utils/data/dataloader.py", line 718, in __next__
    data = self._next_data()
           ^^^^^^^^^^^^^^^^^
  File "/home/luis.mendezl/.conda/envs/venv/lib/python3.11/site-packages/torch/utils/data/dataloader.py", line 1487, in _next_data
    raise StopIteration
StopIteration

During handling of the above exception, another exception occurred:

Traceback (most recent call last):
  File "/home/luis.mendezl/Thesis/main.py", line 78, in main
    server.run_experiment()
  File "/home/luis.mendezl/Thesis/src/server/fedavg.py", line 1073, in run_experiment
    self.train()
  File "/home/luis.mendezl/Thesis/src/server/fedavg.py", line 518, in train
    self.train_one_round()
  File "/home/luis.mendezl/Thesis/src/server/driftfedavg.py", line 141, in train_one_round
    client_packages = self.trainer.train()
                      ^^^^^^^^^^^^^^^^^^^^
  File "/home/luis.mendezl/Thesis/src/utils/trainer.py", line 47, in _serial_train
    client_package = self.worker.train(server_package) # it gives eval_results
                     ^^^^^^^^^^^^^^^^^^^^^^^^^^^^^^^^^
  File "/home/luis.mendezl/Thesis/src/client/driftscaffold.py", line 68, in train
    self.train_with_eval()
  File "/home/luis.mendezl/Thesis/src/client/fedavg.py", line 117, in train_with_eval
    self.fit()
  File "/home/luis.mendezl/Thesis/src/client/driftscaffold.py", line 99, in fit
    x, y = self.get_data_batch()
           ^^^^^^^^^^^^^^^^^^^^^
  File "/home/luis.mendezl/Thesis/src/client/driftscaffold.py", line 133, in get_data_batch
    x, y = next(self.iter_trainloader)   # propagates if truly empty
           ^^^^^^^^^^^^^^^^^^^^^^^^^^^
  File "/home/luis.mendezl/.conda/envs/venv/lib/python3.11/site-packages/torch/utils/data/dataloader.py", line 718, in __next__
    data = self._next_data()
           ^^^^^^^^^^^^^^^^^
  File "/home/luis.mendezl/.conda/envs/venv/lib/python3.11/site-packages/torch/utils/data/dataloader.py", line 1487, in _next_data
    raise StopIteration
StopIteration

Set the environment variable HYDRA_FULL_ERROR=1 for a complete stack trace.
