========================================
 DriftFedAvg Experiments
 Started: Wed May 20 23:53:44 -05 2026
========================================

----------------------------------------
 Running: brain_tumor | alpha=1000.0 | vim_tiny
 Time:    Wed May 20 23:53:44 -05 2026
----------------------------------------
2026-05-20 23:54:48.867690: I tensorflow/core/util/port.cc:153] oneDNN custom operations are on. You may see slightly different numerical results due to floating-point round-off errors from different computation orders. To turn them off, set the environment variable `TF_ENABLE_ONEDNN_OPTS=0`.
2026-05-20 23:54:50.590129: E external/local_xla/xla/stream_executor/cuda/cuda_fft.cc:467] Unable to register cuFFT factory: Attempting to register factory for plugin cuFFT when one has already been registered
WARNING: All log messages before absl::InitializeLog() is called are written to STDERR
E0000 00:00:1779339291.216604  327751 cuda_dnn.cc:8579] Unable to register cuDNN factory: Attempting to register factory for plugin cuDNN when one has already been registered
E0000 00:00:1779339291.463980  327751 cuda_blas.cc:1407] Unable to register cuBLAS factory: Attempting to register factory for plugin cuBLAS when one has already been registered
W0000 00:00:1779339292.705016  327751 computation_placer.cc:177] computation placer already registered. Please check linkage and avoid linking the same target more than once.
W0000 00:00:1779339292.705085  327751 computation_placer.cc:177] computation placer already registered. Please check linkage and avoid linking the same target more than once.
W0000 00:00:1779339292.705095  327751 computation_placer.cc:177] computation placer already registered. Please check linkage and avoid linking the same target more than once.
W0000 00:00:1779339292.705101  327751 computation_placer.cc:177] computation placer already registered. Please check linkage and avoid linking the same target more than once.
2026-05-20 23:54:52.790422: I tensorflow/core/platform/cpu_feature_guard.cc:210] This TensorFlow binary is optimized to use available CPU instructions in performance-critical operations.
To enable the following instructions: AVX2 AVX512F AVX512_VNNI AVX512_BF16 AVX512_FP16 AVX_VNNI AMX_TILE AMX_INT8 AMX_BF16 FMA, in other operations, rebuild TensorFlow with the appropriate compiler flags.
/home/luis.mendezl/Thesis/Vim/mamba-1p1p1/mamba_ssm/ops/selective_scan_interface.py:163: FutureWarning: `torch.cuda.amp.custom_fwd(args...)` is deprecated. Please use `torch.amp.custom_fwd(args..., device_type='cuda')` instead.
  @custom_fwd
/home/luis.mendezl/Thesis/Vim/mamba-1p1p1/mamba_ssm/ops/selective_scan_interface.py:232: FutureWarning: `torch.cuda.amp.custom_bwd(args...)` is deprecated. Please use `torch.amp.custom_bwd(args..., device_type='cuda')` instead.
  @custom_bwd
/home/luis.mendezl/Thesis/Vim/mamba-1p1p1/mamba_ssm/ops/selective_scan_interface.py:300: FutureWarning: `torch.cuda.amp.custom_fwd(args...)` is deprecated. Please use `torch.amp.custom_fwd(args..., device_type='cuda')` instead.
  @custom_fwd
/home/luis.mendezl/Thesis/Vim/mamba-1p1p1/mamba_ssm/ops/selective_scan_interface.py:376: FutureWarning: `torch.cuda.amp.custom_bwd(args...)` is deprecated. Please use `torch.amp.custom_bwd(args..., device_type='cuda')` instead.
  @custom_bwd
/home/luis.mendezl/Thesis/Vim/mamba-1p1p1/mamba_ssm/ops/selective_scan_interface.py:451: FutureWarning: `torch.cuda.amp.custom_fwd(args...)` is deprecated. Please use `torch.amp.custom_fwd(args..., device_type='cuda')` instead.
  @custom_fwd
/home/luis.mendezl/Thesis/Vim/mamba-1p1p1/mamba_ssm/ops/selective_scan_interface.py:531: FutureWarning: `torch.cuda.amp.custom_bwd(args...)` is deprecated. Please use `torch.amp.custom_bwd(args..., device_type='cuda')` instead.
  @custom_bwd
/home/luis.mendezl/Thesis/Vim/mamba-1p1p1/mamba_ssm/ops/triton/layer_norm.py:985: FutureWarning: `torch.cuda.amp.custom_fwd(args...)` is deprecated. Please use `torch.amp.custom_fwd(args..., device_type='cuda')` instead.
  @custom_fwd
/home/luis.mendezl/Thesis/Vim/mamba-1p1p1/mamba_ssm/ops/triton/layer_norm.py:1044: FutureWarning: `torch.cuda.amp.custom_bwd(args...)` is deprecated. Please use `torch.amp.custom_bwd(args..., device_type='cuda')` instead.
  @custom_bwd
/home/luis.mendezl/.conda/envs/venv/lib/python3.11/site-packages/timm/models/registry.py:4: FutureWarning: Importing from timm.models.registry is deprecated, please import via timm.models
  warnings.warn(f"Importing from {__name__} is deprecated, please import via timm.models", FutureWarning)
/home/luis.mendezl/.conda/envs/venv/lib/python3.11/site-packages/timm/models/layers/__init__.py:48: FutureWarning: Importing from timm.models.layers is deprecated, please import via timm.layers
  warnings.warn(f"Importing from {__name__} is deprecated, please import via timm.layers", FutureWarning)
==================== DriftFedAvg ====================                       
Experiment Arguments:                                                       
{
│   'method': 'driftfedavg',
│   'dataset': {
│   │   'name': 'brain_tumor',
│   │   'partition_dir': 'partitions/alpha_1000.0/seed_42',
│   │   'client_num': 10,
│   │   'test_ratio': 0.25,
│   │   'val_ratio': 0.0,
│   │   'seed': 42,
│   │   'split': 'sample',
│   │   'IID_ratio': 0.0,
│   │   'monitor_window_name_suffix': 'brain_tumor-10clients-0%IID-Dir(1000.0)-seed42',
│   │   'alpha': 1000.0,
│   │   'min_samples_per_client': 10
│   },
│   'model': {
│   │   'name': 'vim_tiny',
│   │   'use_torchvision_pretrained_weights': False,
│   │   'external_model_weights_path': None
│   },
│   'optimizer': {
│   │   'lr': 0.01,
│   │   'dampening': 0,
│   │   'weight_decay': 0.0001,
│   │   'momentum': 0.9,
│   │   'nesterov': False,
│   │   'name': 'sgd'
│   },
│   'mode': 'serial',
│   'parallel': {
│   │   'ray_cluster_addr': None,
│   │   'num_cpus': None,
│   │   'num_gpus': None,
│   │   'num_workers': 2
│   },
│   'common': {
│   │   'seed': 42,
│   │   'join_ratio': 1.0,
│   │   'global_epoch': 40,
│   │   'local_epoch': 5,
│   │   'batch_size': 32,
│   │   'reset_optimizer_on_global_epoch': True,
│   │   'straggler_ratio': 0,
│   │   'straggler_min_local_epoch': 0,
│   │   'buffers': 'global',
│   │   'client_side_evaluation': True,
│   │   'test': {
│   │   │   'client': {
│   │   │   │   'interval': 1,
│   │   │   │   'finetune_epoch': 0,
│   │   │   │   'train': False,
│   │   │   │   'val': False,
│   │   │   │   'test': True
│   │   │   },
│   │   │   'server': {
│   │   │   │   'interval': 1,
│   │   │   │   'train': False,
│   │   │   │   'val': False,
│   │   │   │   'test': True,
│   │   │   │   'model_in_train_mode': False
│   │   │   }
│   │   },
│   │   'verbose_gap': 10,
│   │   'monitor': 'tensorboard',
│   │   'use_cuda': True,
│   │   'save_log': True,
│   │   'save_model': False,
│   │   'save_learning_curve_plot': True,
│   │   'save_metrics': True,
│   │   'delete_useless_run': True,
│   │   'dataloader_num_workers': 2
│   },
│   'driftfedavg': {}
}
In file included from /tmp/tmp3ei6sd29/cuda_utils.c:1:
/home/luis.mendezl/.conda/envs/venv/lib/python3.11/site-packages/triton/backends/nvidia/include/cuda.h:56:10: fatal error: stdlib.h: No such file or directory
   56 | #include <stdlib.h>
      |          ^~~~~~~~~~
compilation terminated.
Traceback (most recent call last):                                          
  File "/home/luis.mendezl/Thesis/src/server/fedavg.py", line 1068, in      
run_experiment                                                              
    self.train()                                                            
  File "/home/luis.mendezl/Thesis/src/server/fedavg.py", line 518, in train 
    self.train_one_round()                                                  
  File "/home/luis.mendezl/Thesis/src/server/driftfedavg.py", line 141, in  
train_one_round                                                             
    client_packages = self.trainer.train()                                  
                      ^^^^^^^^^^^^^^^^^^^^                                  
  File "/home/luis.mendezl/Thesis/src/utils/trainer.py", line 44, in        
_serial_train                                                               
    client_package = self.worker.train(server_package) # it gives           
eval_results                                                                
                     ^^^^^^^^^^^^^^^^^^^^^^^^^^^^^^^^^                      
  File "/home/luis.mendezl/Thesis/src/client/fedavg.py", line 170, in train 
    self.train_with_eval()                                                  
  File "/home/luis.mendezl/Thesis/src/client/fedavg.py", line 114, in       
train_with_eval                                                             
    eval_results["before"] = self.evaluate()                                
                             ^^^^^^^^^^^^^^^                                
  File                                                                      
"/home/luis.mendezl/.conda/envs/venv/lib/python3.11/site-packages/torch/util
s/_contextlib.py", line 124, in decorate_context                            
    return func(*args, **kwargs)                                            
           ^^^^^^^^^^^^^^^^^^^^^                                            
  File "/home/luis.mendezl/Thesis/src/client/fedavg.py", line 269, in       
evaluate                                                                    
    test_metrics = evaluate_model(                                          
                   ^^^^^^^^^^^^^^^                                          
  File                                                                      
"/home/luis.mendezl/.conda/envs/venv/lib/python3.11/site-packages/torch/util
s/_contextlib.py", line 124, in decorate_context                            
    return func(*args, **kwargs)                                            
           ^^^^^^^^^^^^^^^^^^^^^                                            
  File "/home/luis.mendezl/Thesis/src/utils/functional.py", line 116, in    
evaluate_model                                                              
    logits = model(x)                                                       
             ^^^^^^^^                                                       
  File                                                                      
"/home/luis.mendezl/.conda/envs/venv/lib/python3.11/site-packages/torch/nn/m
odules/module.py", line 1778, in _wrapped_call_impl                         
    return self._call_impl(*args, **kwargs)                                 
           ^^^^^^^^^^^^^^^^^^^^^^^^^^^^^^^^                                 
  File                                                                      
"/home/luis.mendezl/.conda/envs/venv/lib/python3.11/site-packages/torch/nn/m
odules/module.py", line 1789, in _call_impl                                 
    return forward_call(*args, **kwargs)                                    
           ^^^^^^^^^^^^^^^^^^^^^^^^^^^^^                                    
  File "/home/luis.mendezl/Thesis/src/utils/models.py", line 594, in forward
    features = self.base(x)                                                 
               ^^^^^^^^^^^^                                                 
  File                                                                      
"/home/luis.mendezl/.conda/envs/venv/lib/python3.11/site-packages/torch/nn/m
odules/module.py", line 1778, in _wrapped_call_impl                         
    return self._call_impl(*args, **kwargs)                                 
           ^^^^^^^^^^^^^^^^^^^^^^^^^^^^^^^^                                 
  File                                                                      
"/home/luis.mendezl/.conda/envs/venv/lib/python3.11/site-packages/torch/nn/m
odules/module.py", line 1789, in _call_impl                                 
    return forward_call(*args, **kwargs)                                    
           ^^^^^^^^^^^^^^^^^^^^^^^^^^^^^                                    
  File "/home/luis.mendezl/Thesis/Vim/vim/models_mamba.py", line 546, in    
forward                                                                     
    x = self.forward_features(x, inference_params,                          
if_random_cls_token_position=if_random_cls_token_position,                  
if_random_token_rank=if_random_token_rank)                                  
        ^^^^^^^^^^^^^^^^^^^^^^^^^^^^^^^^^^^^^^^^^^^^^^^^^^^^^^^^^^^^^^^^^^^^
^^^^^^^^^^^^^^^^^^^^^^^^^^^^^^^^^^^^^^^^^^^^^^^^^^^^^^^^^^^^^^^^^^^^^^^^^^^^
  File "/home/luis.mendezl/Thesis/Vim/vim/models_mamba.py", line 483, in    
forward_features                                                            
    hidden_states, residual = layer(                                        
                              ^^^^^^                                        
  File                                                                      
"/home/luis.mendezl/.conda/envs/venv/lib/python3.11/site-packages/torch/nn/m
odules/module.py", line 1778, in _wrapped_call_impl                         
    return self._call_impl(*args, **kwargs)                                 
           ^^^^^^^^^^^^^^^^^^^^^^^^^^^^^^^^                                 
  File                                                                      
"/home/luis.mendezl/.conda/envs/venv/lib/python3.11/site-packages/torch/nn/m
odules/module.py", line 1789, in _call_impl                                 
    return forward_call(*args, **kwargs)                                    
           ^^^^^^^^^^^^^^^^^^^^^^^^^^^^^                                    
  File "/home/luis.mendezl/Thesis/Vim/vim/models_mamba.py", line 116, in    
forward                                                                     
    hidden_states, residual = fused_add_norm_fn(                            
                              ^^^^^^^^^^^^^^^^^^                            
  File                                                                      
"/home/luis.mendezl/Thesis/Vim/mamba-1p1p1/mamba_ssm/ops/triton/layer_norm.p
y", line 935, in rms_norm_fn                                                
    return LayerNormFn.apply(                                               
           ^^^^^^^^^^^^^^^^^^                                               
  File                                                                      
"/home/luis.mendezl/.conda/envs/venv/lib/python3.11/site-packages/torch/auto
grad/function.py", line 596, in apply                                       
    return super().apply(*args, **kwargs)  # type: ignore                   
           ^^^^^^^^^^^^^^^^^^^^^^^^^^^^^^                                   
  File                                                                      
"/home/luis.mendezl/Thesis/Vim/mamba-1p1p1/mamba_ssm/ops/triton/layer_norm.p
y", line 775, in forward                                                    
    y, y1, mean, rstd, residual_out, seeds, dropout_mask, dropout_mask1 =   
_layer_norm_fwd(                                                            
                                                                          ^^
^^^^^^^^^^^^^^                                                              
  File                                                                      
"/home/luis.mendezl/Thesis/Vim/mamba-1p1p1/mamba_ssm/ops/triton/layer_norm.p
y", line 369, in _layer_norm_fwd                                            
    _layer_norm_fwd_1pass_kernel[(M,)](                                     
  File                                                                      
"/home/luis.mendezl/.conda/envs/venv/lib/python3.11/site-packages/triton/run
time/jit.py", line 370, in <lambda>                                         
    return lambda *args, **kwargs: self.run(grid=grid, warmup=False, *args, 
**kwargs)                                                                   
                                   ^^^^^^^^^^^^^^^^^^^^^^^^^^^^^^^^^^^^^^^^^
^^^^^^^^^                                                                   
  File                                                                      
"/home/luis.mendezl/.conda/envs/venv/lib/python3.11/site-packages/triton/run
time/autotuner.py", line 240, in run                                        
    benchmark()                                                             
  File                                                                      
"/home/luis.mendezl/.conda/envs/venv/lib/python3.11/site-packages/triton/run
time/autotuner.py", line 229, in benchmark                                  
    timings = {config: self._bench(*args, config=config, **kwargs) for      
config in pruned_configs}                                                   
              ^^^^^^^^^^^^^^^^^^^^^^^^^^^^^^^^^^^^^^^^^^^^^^^^^^^^^^^^^^^^^^
^^^^^^^^^^^^^^^^^^^^                                                        
  File                                                                      
"/home/luis.mendezl/.conda/envs/venv/lib/python3.11/site-packages/triton/run
time/autotuner.py", line 229, in <dictcomp>                                 
    timings = {config: self._bench(*args, config=config, **kwargs) for      
config in pruned_configs}                                                   
                       ^^^^^^^^^^^^^^^^^^^^^^^^^^^^^^^^^^^^^^^^^^^          
  File                                                                      
"/home/luis.mendezl/.conda/envs/venv/lib/python3.11/site-packages/triton/run
time/autotuner.py", line 164, in _bench                                     
    return self.do_bench(kernel_call, quantiles=(0.5, 0.2, 0.8))            
           ^^^^^^^^^^^^^                                                    
  File "/home/luis.mendezl/.conda/envs/venv/lib/python3.11/functools.py",   
line 1001, in __get__                                                       
    val = self.func(instance)                                               
          ^^^^^^^^^^^^^^^^^^^                                               
  File                                                                      
"/home/luis.mendezl/.conda/envs/venv/lib/python3.11/site-packages/triton/run
time/autotuner.py", line 125, in do_bench                                   
    return driver.active.get_benchmarker()                                  
           ^^^^^^^^^^^^^                                                    
  File                                                                      
"/home/luis.mendezl/.conda/envs/venv/lib/python3.11/site-packages/triton/run
time/driver.py", line 39, in active                                         
    self._active = self.default                                             
                   ^^^^^^^^^^^^                                             
  File                                                                      
"/home/luis.mendezl/.conda/envs/venv/lib/python3.11/site-packages/triton/run
time/driver.py", line 33, in default                                        
    self._default = _create_driver()                                        
                    ^^^^^^^^^^^^^^^^                                        
  File                                                                      
"/home/luis.mendezl/.conda/envs/venv/lib/python3.11/site-packages/triton/run
time/driver.py", line 21, in _create_driver                                 
    return active_drivers[0]()                                              
           ^^^^^^^^^^^^^^^^^^^                                              
  File                                                                      
"/home/luis.mendezl/.conda/envs/venv/lib/python3.11/site-packages/triton/bac
kends/nvidia/driver.py", line 336, in __init__                              
    self.utils = CudaUtils()  # TODO: make static                           
                 ^^^^^^^^^^^                                                
  File                                                                      
"/home/luis.mendezl/.conda/envs/venv/lib/python3.11/site-packages/triton/bac
kends/nvidia/driver.py", line 66, in __init__                               
    mod = compile_module_from_src(                                          
          ^^^^^^^^^^^^^^^^^^^^^^^^                                          
  File                                                                      
"/home/luis.mendezl/.conda/envs/venv/lib/python3.11/site-packages/triton/run
time/build.py", line 93, in compile_module_from_src                         
    so = _build(name, src_path, tmpdir, library_dirs or [], include_dirs or 
[], libraries or [], ccflags or [])                                         
         ^^^^^^^^^^^^^^^^^^^^^^^^^^^^^^^^^^^^^^^^^^^^^^^^^^^^^^^^^^^^^^^^^^^
^^^^^^^^^^^^^^^^^^^^^^^^^^^^^^^^^^^                                         
  File                                                                      
"/home/luis.mendezl/.conda/envs/venv/lib/python3.11/site-packages/triton/run
time/build.py", line 48, in _build                                          
    subprocess.check_call(cc_cmd, stdout=subprocess.DEVNULL)                
  File "/home/luis.mendezl/.conda/envs/venv/lib/python3.11/subprocess.py",  
line 413, in check_call                                                     
    raise CalledProcessError(retcode, cmd)                                  
subprocess.CalledProcessError: Command                                      
'['/opt/ohpc/pub/compiler/gcc/12.4.0/bin/gcc',                              
'/tmp/tmp3ei6sd29/cuda_utils.c', '-O3', '-shared', '-fPIC', '-Wno-psabi',   
'-o', '/tmp/tmp3ei6sd29/cuda_utils.cpython-311-x86_64-linux-gnu.so',        
'-l:libcuda.so.1',                                                          
'-L/home/luis.mendezl/.conda/envs/venv/lib/python3.11/site-packages/triton/b
ackends/nvidia/lib', '-L/lib64',                                            
'-I/home/luis.mendezl/.conda/envs/venv/lib/python3.11/site-packages/triton/b
ackends/nvidia/include', '-I/tmp/tmp3ei6sd29',                              
'-I/home/luis.mendezl/.conda/envs/venv/include/python3.11']' returned       
non-zero exit status 1.                                                     
                                                                            
Exception occurred: Command '['/opt/ohpc/pub/compiler/gcc/12.4.0/bin/gcc',  
'/tmp/tmp3ei6sd29/cuda_utils.c', '-O3', '-shared', '-fPIC', '-Wno-psabi',   
'-o', '/tmp/tmp3ei6sd29/cuda_utils.cpython-311-x86_64-linux-gnu.so',        
'-l:libcuda.so.1',                                                          
'-L/home/luis.mendezl/.conda/envs/venv/lib/python3.11/site-packages/triton/b
ackends/nvidia/lib', '-L/lib64',                                            
'-I/home/luis.mendezl/.conda/envs/venv/lib/python3.11/site-packages/triton/b
ackends/nvidia/include', '-I/tmp/tmp3ei6sd29',                              
'-I/home/luis.mendezl/.conda/envs/venv/include/python3.11']' returned       
non-zero exit status 1.                                                     
Training...                                            0% -:--:--
Error executing job with overrides: ['method=driftfedavg', 'dataset.name=brain_tumor', 'dataset.partition_dir=partitions/alpha_1000.0/seed_42', 'model.name=vim_tiny', 'common.seed=42', 'common.global_epoch=40']
Traceback (most recent call last):
  File "/home/luis.mendezl/Thesis/main.py", line 78, in main
    server.run_experiment()
  File "/home/luis.mendezl/Thesis/src/server/fedavg.py", line 1068, in run_experiment
    self.train()
  File "/home/luis.mendezl/Thesis/src/server/fedavg.py", line 518, in train
    self.train_one_round()
  File "/home/luis.mendezl/Thesis/src/server/driftfedavg.py", line 141, in train_one_round
    client_packages = self.trainer.train()
                      ^^^^^^^^^^^^^^^^^^^^
  File "/home/luis.mendezl/Thesis/src/utils/trainer.py", line 44, in _serial_train
    client_package = self.worker.train(server_package) # it gives eval_results
                     ^^^^^^^^^^^^^^^^^^^^^^^^^^^^^^^^^
  File "/home/luis.mendezl/Thesis/src/client/fedavg.py", line 170, in train
    self.train_with_eval()
  File "/home/luis.mendezl/Thesis/src/client/fedavg.py", line 114, in train_with_eval
    eval_results["before"] = self.evaluate()
                             ^^^^^^^^^^^^^^^
  File "/home/luis.mendezl/.conda/envs/venv/lib/python3.11/site-packages/torch/utils/_contextlib.py", line 124, in decorate_context
    return func(*args, **kwargs)
           ^^^^^^^^^^^^^^^^^^^^^
  File "/home/luis.mendezl/Thesis/src/client/fedavg.py", line 269, in evaluate
    test_metrics = evaluate_model(
                   ^^^^^^^^^^^^^^^
  File "/home/luis.mendezl/.conda/envs/venv/lib/python3.11/site-packages/torch/utils/_contextlib.py", line 124, in decorate_context
    return func(*args, **kwargs)
           ^^^^^^^^^^^^^^^^^^^^^
  File "/home/luis.mendezl/Thesis/src/utils/functional.py", line 116, in evaluate_model
    logits = model(x)
             ^^^^^^^^
  File "/home/luis.mendezl/.conda/envs/venv/lib/python3.11/site-packages/torch/nn/modules/module.py", line 1778, in _wrapped_call_impl
    return self._call_impl(*args, **kwargs)
           ^^^^^^^^^^^^^^^^^^^^^^^^^^^^^^^^
  File "/home/luis.mendezl/.conda/envs/venv/lib/python3.11/site-packages/torch/nn/modules/module.py", line 1789, in _call_impl
    return forward_call(*args, **kwargs)
           ^^^^^^^^^^^^^^^^^^^^^^^^^^^^^
  File "/home/luis.mendezl/Thesis/src/utils/models.py", line 594, in forward
    features = self.base(x)
               ^^^^^^^^^^^^
  File "/home/luis.mendezl/.conda/envs/venv/lib/python3.11/site-packages/torch/nn/modules/module.py", line 1778, in _wrapped_call_impl
    return self._call_impl(*args, **kwargs)
           ^^^^^^^^^^^^^^^^^^^^^^^^^^^^^^^^
  File "/home/luis.mendezl/.conda/envs/venv/lib/python3.11/site-packages/torch/nn/modules/module.py", line 1789, in _call_impl
    return forward_call(*args, **kwargs)
           ^^^^^^^^^^^^^^^^^^^^^^^^^^^^^
  File "/home/luis.mendezl/Thesis/Vim/vim/models_mamba.py", line 546, in forward
    x = self.forward_features(x, inference_params, if_random_cls_token_position=if_random_cls_token_position, if_random_token_rank=if_random_token_rank)
        ^^^^^^^^^^^^^^^^^^^^^^^^^^^^^^^^^^^^^^^^^^^^^^^^^^^^^^^^^^^^^^^^^^^^^^^^^^^^^^^^^^^^^^^^^^^^^^^^^^^^^^^^^^^^^^^^^^^^^^^^^^^^^^^^^^^^^^^^^^^^^^^^
  File "/home/luis.mendezl/Thesis/Vim/vim/models_mamba.py", line 483, in forward_features
    hidden_states, residual = layer(
                              ^^^^^^
  File "/home/luis.mendezl/.conda/envs/venv/lib/python3.11/site-packages/torch/nn/modules/module.py", line 1778, in _wrapped_call_impl
    return self._call_impl(*args, **kwargs)
           ^^^^^^^^^^^^^^^^^^^^^^^^^^^^^^^^
  File "/home/luis.mendezl/.conda/envs/venv/lib/python3.11/site-packages/torch/nn/modules/module.py", line 1789, in _call_impl
    return forward_call(*args, **kwargs)
           ^^^^^^^^^^^^^^^^^^^^^^^^^^^^^
  File "/home/luis.mendezl/Thesis/Vim/vim/models_mamba.py", line 116, in forward
    hidden_states, residual = fused_add_norm_fn(
                              ^^^^^^^^^^^^^^^^^^
  File "/home/luis.mendezl/Thesis/Vim/mamba-1p1p1/mamba_ssm/ops/triton/layer_norm.py", line 935, in rms_norm_fn
    return LayerNormFn.apply(
           ^^^^^^^^^^^^^^^^^^
  File "/home/luis.mendezl/.conda/envs/venv/lib/python3.11/site-packages/torch/autograd/function.py", line 596, in apply
    return super().apply(*args, **kwargs)  # type: ignore[misc]
           ^^^^^^^^^^^^^^^^^^^^^^^^^^^^^^
  File "/home/luis.mendezl/Thesis/Vim/mamba-1p1p1/mamba_ssm/ops/triton/layer_norm.py", line 775, in forward
    y, y1, mean, rstd, residual_out, seeds, dropout_mask, dropout_mask1 = _layer_norm_fwd(
                                                                          ^^^^^^^^^^^^^^^^
  File "/home/luis.mendezl/Thesis/Vim/mamba-1p1p1/mamba_ssm/ops/triton/layer_norm.py", line 369, in _layer_norm_fwd
    _layer_norm_fwd_1pass_kernel[(M,)](
  File "/home/luis.mendezl/.conda/envs/venv/lib/python3.11/site-packages/triton/runtime/jit.py", line 370, in <lambda>
    return lambda *args, **kwargs: self.run(grid=grid, warmup=False, *args, **kwargs)
                                   ^^^^^^^^^^^^^^^^^^^^^^^^^^^^^^^^^^^^^^^^^^^^^^^^^^
  File "/home/luis.mendezl/.conda/envs/venv/lib/python3.11/site-packages/triton/runtime/autotuner.py", line 240, in run
    benchmark()
  File "/home/luis.mendezl/.conda/envs/venv/lib/python3.11/site-packages/triton/runtime/autotuner.py", line 229, in benchmark
    timings = {config: self._bench(*args, config=config, **kwargs) for config in pruned_configs}
              ^^^^^^^^^^^^^^^^^^^^^^^^^^^^^^^^^^^^^^^^^^^^^^^^^^^^^^^^^^^^^^^^^^^^^^^^^^^^^^^^^^
  File "/home/luis.mendezl/.conda/envs/venv/lib/python3.11/site-packages/triton/runtime/autotuner.py", line 229, in <dictcomp>
    timings = {config: self._bench(*args, config=config, **kwargs) for config in pruned_configs}
                       ^^^^^^^^^^^^^^^^^^^^^^^^^^^^^^^^^^^^^^^^^^^
  File "/home/luis.mendezl/.conda/envs/venv/lib/python3.11/site-packages/triton/runtime/autotuner.py", line 164, in _bench
    return self.do_bench(kernel_call, quantiles=(0.5, 0.2, 0.8))
           ^^^^^^^^^^^^^
  File "/home/luis.mendezl/.conda/envs/venv/lib/python3.11/functools.py", line 1001, in __get__
    val = self.func(instance)
          ^^^^^^^^^^^^^^^^^^^
  File "/home/luis.mendezl/.conda/envs/venv/lib/python3.11/site-packages/triton/runtime/autotuner.py", line 125, in do_bench
    return driver.active.get_benchmarker()
           ^^^^^^^^^^^^^
  File "/home/luis.mendezl/.conda/envs/venv/lib/python3.11/site-packages/triton/runtime/driver.py", line 39, in active
    self._active = self.default
                   ^^^^^^^^^^^^
  File "/home/luis.mendezl/.conda/envs/venv/lib/python3.11/site-packages/triton/runtime/driver.py", line 33, in default
    self._default = _create_driver()
                    ^^^^^^^^^^^^^^^^
  File "/home/luis.mendezl/.conda/envs/venv/lib/python3.11/site-packages/triton/runtime/driver.py", line 21, in _create_driver
    return active_drivers[0]()
           ^^^^^^^^^^^^^^^^^^^
  File "/home/luis.mendezl/.conda/envs/venv/lib/python3.11/site-packages/triton/backends/nvidia/driver.py", line 336, in __init__
    self.utils = CudaUtils()  # TODO: make static
                 ^^^^^^^^^^^
  File "/home/luis.mendezl/.conda/envs/venv/lib/python3.11/site-packages/triton/backends/nvidia/driver.py", line 66, in __init__
    mod = compile_module_from_src(
          ^^^^^^^^^^^^^^^^^^^^^^^^
  File "/home/luis.mendezl/.conda/envs/venv/lib/python3.11/site-packages/triton/runtime/build.py", line 93, in compile_module_from_src
    so = _build(name, src_path, tmpdir, library_dirs or [], include_dirs or [], libraries or [], ccflags or [])
         ^^^^^^^^^^^^^^^^^^^^^^^^^^^^^^^^^^^^^^^^^^^^^^^^^^^^^^^^^^^^^^^^^^^^^^^^^^^^^^^^^^^^^^^^^^^^^^^^^^^^^^
  File "/home/luis.mendezl/.conda/envs/venv/lib/python3.11/site-packages/triton/runtime/build.py", line 48, in _build
    subprocess.check_call(cc_cmd, stdout=subprocess.DEVNULL)
  File "/home/luis.mendezl/.conda/envs/venv/lib/python3.11/subprocess.py", line 413, in check_call
    raise CalledProcessError(retcode, cmd)
subprocess.CalledProcessError: Command '['/opt/ohpc/pub/compiler/gcc/12.4.0/bin/gcc', '/tmp/tmp3ei6sd29/cuda_utils.c', '-O3', '-shared', '-fPIC', '-Wno-psabi', '-o', '/tmp/tmp3ei6sd29/cuda_utils.cpython-311-x86_64-linux-gnu.so', '-l:libcuda.so.1', '-L/home/luis.mendezl/.conda/envs/venv/lib/python3.11/site-packages/triton/backends/nvidia/lib', '-L/lib64', '-I/home/luis.mendezl/.conda/envs/venv/lib/python3.11/site-packages/triton/backends/nvidia/include', '-I/tmp/tmp3ei6sd29', '-I/home/luis.mendezl/.conda/envs/venv/include/python3.11']' returned non-zero exit status 1.

Set the environment variable HYDRA_FULL_ERROR=1 for a complete stack trace.
