==================== CKADriftFedAvg ====================                                                                                                    
Experiment Arguments:                                                                                                                                       
{
│   'method': 'ckadriftfedavg',
│   'dataset': {
│   │   'name': 'brain_tumor',
│   │   'partition_dir': 'partitions/alpha_1000.0/seed_42',
│   │   'client_num': 10,
│   │   'test_ratio': 0.25,
│   │   'val_ratio': 0.0,
│   │   'seed': 42,
│   │   'split': 'sample',
│   │   'IID_ratio': 0.0,
│   │   'monitor_window_name_suffix': 'brain_tumor-10clients-0%IID-Dir(1000.0)-seed42',
│   │   'alpha': 1000.0,
│   │   'min_samples_per_client': 10
│   },
│   'model': {
│   │   'name': 'vig_tiny',
│   │   'use_torchvision_pretrained_weights': False,
│   │   'external_model_weights_path': None
│   },
│   'optimizer': {
│   │   'lr': 0.01,
│   │   'dampening': 0,
│   │   'weight_decay': 0.0001,
│   │   'momentum': 0.9,
│   │   'nesterov': False,
│   │   'name': 'sgd'
│   },
│   'mode': 'serial',
│   'parallel': {
│   │   'ray_cluster_addr': None,
│   │   'num_cpus': None,
│   │   'num_gpus': None,
│   │   'num_workers': 2
│   },
│   'common': {
│   │   'seed': 42,
│   │   'join_ratio': 1.0,
│   │   'global_epoch': 50,
│   │   'local_epoch': 5,
│   │   'batch_size': 32,
│   │   'reset_optimizer_on_global_epoch': True,
│   │   'straggler_ratio': 0,
│   │   'straggler_min_local_epoch': 0,
│   │   'buffers': 'global',
│   │   'client_side_evaluation': True,
│   │   'test': {
│   │   │   'client': {
│   │   │   │   'interval': 1,
│   │   │   │   'finetune_epoch': 0,
│   │   │   │   'train': False,
│   │   │   │   'val': False,
│   │   │   │   'test': True
│   │   │   },
│   │   │   'server': {
│   │   │   │   'interval': 1,
│   │   │   │   'train': False,
│   │   │   │   'val': False,
│   │   │   │   'test': True,
│   │   │   │   'model_in_train_mode': False
│   │   │   }
│   │   },
│   │   'verbose_gap': 10,
│   │   'monitor': 'tensorboard',
│   │   'use_cuda': True,
│   │   'save_log': True,
│   │   'save_model': False,
│   │   'save_learning_curve_plot': True,
│   │   'save_metrics': True,
│   │   'delete_useless_run': True,
│   │   'dataloader_num_workers': 2
│   },
│   'cka': {
│   │   'rounds': [
│   │   │   1,
│   │   │   2,
│   │   │   5,
│   │   │   10,
│   │   │   20,
│   │   │   30,
│   │   │   40,
│   │   │   50
│   │   ],
│   │   'client_sample': 10,
│   │   'probe_batches': 20
│   },
│   'ckadriftfedavg': {},
│   'driftfedavg': {}
}
---------------------------- ROUND 1/50 START ----------------------------                                                                                  
Selected clients: [1, 0, 4, 9, 6, 5, 8, 2, 3, 7]                                                                                                            
  [Client 1] Starting local training...                                                                                                                     
  [Client 1] Finished training in 17.61s                                                                                                                    
  [Client 0] Starting local training...                                                                                                                     
  [Client 0] Finished training in 15.67s                                                                                                                    
  [Client 4] Starting local training...                                                                                                                     
  [Client 4] Finished training in 16.54s                                                                                                                    
  [Client 9] Starting local training...                                                                                                                     
  [Client 9] Finished training in 16.53s                                                                                                                    
  [Client 6] Starting local training...                                                                                                                     
  [Client 6] Finished training in 15.69s                                                                                                                    
  [Client 5] Starting local training...                                                                                                                     
  [Client 5] Finished training in 15.72s                                                                                                                    
  [Client 8] Starting local training...                                                                                                                     
  [Client 8] Finished training in 15.71s                                                                                                                    
  [Client 2] Starting local training...                                                                                                                     
  [Client 2] Finished training in 15.75s                                                                                                                    
  [Client 3] Starting local training...                                                                                                                     
  [Client 3] Finished training in 16.60s                                                                                                                    
  [Client 7] Starting local training...                                                                                                                     
  [Client 7] Finished training in 15.76s                                                                                                                    
  Starting weight aggregation...                                                                                                                            
  Aggregation completed in 0.07s                                                                                                                            
ROUND 1 FINISHED in 206.55s (Avg: 206.55s)                                                                                                                  
---------------------------- ROUND 2/50 START ----------------------------                                                                                  
Selected clients: [0, 9, 1, 7, 6, 4, 8, 2, 3, 5]                                                                                                            
  [Client 0] Starting local training...                                                                                                                     
  [Client 0] Finished training in 15.75s                                                                                                                    
  [Client 9] Starting local training...                                                                                                                     
  [Client 9] Finished training in 16.73s                                                                                                                    
  [Client 1] Starting local training...                                                                                                                     
  [Client 1] Finished training in 15.82s                                                                                                                    
  [Client 7] Starting local training...                                                                                                                     
  [Client 7] Finished training in 15.84s                                                                                                                    
  [Client 6] Starting local training...                                                                                                                     
  [Client 6] Finished training in 15.83s                                                                                                                    
  [Client 4] Starting local training...                                                                                                                     
  [Client 4] Finished training in 16.71s                                                                                                                    
  [Client 8] Starting local training...                                                                                                                     
  [Client 8] Finished training in 15.80s                                                                                                                    
  [Client 2] Starting local training...                                                                                                                     
  [Client 2] Finished training in 15.84s                                                                                                                    
  [Client 3] Starting local training...                                                                                                                     
  [Client 3] Finished training in 16.72s                                                                                                                    
  [Client 5] Starting local training...                                                                                                                     
  [Client 5] Finished training in 15.83s                                                                                                                    
  Starting weight aggregation...                                                                                                                            
  Aggregation completed in 0.08s                                                                                                                            
ROUND 2 FINISHED in 205.83s (Avg: 206.19s)                                                                                                                  
---------------------------- ROUND 3/50 START ----------------------------                                                                                  
Selected clients: [3, 7, 4, 6, 0, 1, 9, 8, 2, 5]                                                                                                            
  [Client 3] Starting local training...                                                                                                                     
  [Client 3] Finished training in 16.66s                                                                                                                    
  [Client 7] Starting local training...                                                                                                                     
  [Client 7] Finished training in 15.83s                                                                                                                    
  [Client 4] Starting local training...                                                                                                                     
  [Client 4] Finished training in 16.68s                                                                                                                    
  [Client 6] Starting local training...                                                                                                                     
  [Client 6] Finished training in 15.86s                                                                                                                    
  [Client 0] Starting local training...                                                                                                                     
  [Client 0] Finished training in 15.79s                                                                                                                    
  [Client 1] Starting local training...                                                                                                                     
  [Client 1] Finished training in 15.84s                                                                                                                    
  [Client 9] Starting local training...                                                                                                                     
  [Client 9] Finished training in 16.70s                                                                                                                    
  [Client 8] Starting local training...                                                                                                                     
  [Client 8] Finished training in 15.84s                                                                                                                    
  [Client 2] Starting local training...                                                                                                                     
  [Client 2] Finished training in 15.80s                                                                                                                    
  [Client 5] Starting local training...                                                                                                                     
  [Client 5] Finished training in 15.84s                                                                                                                    
  Starting weight aggregation...                                                                                                                            
  Aggregation completed in 0.08s                                                                                                                            
ROUND 3 FINISHED in 161.70s (Avg: 191.36s)                                                                                                                  
---------------------------- ROUND 4/50 START ----------------------------                                                                                  
Selected clients: [3, 5, 1, 0, 9, 6, 2, 7, 8, 4]                                                                                                            
  [Client 3] Starting local training...                                                                                                                     
  [Client 3] Finished training in 16.64s                                                                                                                    
  [Client 5] Starting local training...                                                                                                                     
  [Client 5] Finished training in 15.89s                                                                                                                    
  [Client 1] Starting local training...                                                                                                                     
  [Client 1] Finished training in 15.82s                                                                                                                    
  [Client 0] Starting local training...                                                                                                                     
  [Client 0] Finished training in 15.80s                                                                                                                    
  [Client 9] Starting local training...                                                                                                                     
  [Client 9] Finished training in 16.67s                                                                                                                    
  [Client 6] Starting local training...                                                                                                                     
  [Client 6] Finished training in 15.78s                                                                                                                    
  [Client 2] Starting local training...                                                                                                                     
  [Client 2] Finished training in 15.82s                                                                                                                    
  [Client 7] Starting local training...                                                                                                                     
  [Client 7] Finished training in 15.85s                                                                                                                    
  [Client 8] Starting local training...                                                                                                                     
  [Client 8] Finished training in 15.85s                                                                                                                    
  [Client 4] Starting local training...                                                                                                                     
  [Client 4] Finished training in 16.67s                                                                                                                    
  Starting weight aggregation...                                                                                                                            
  Aggregation completed in 0.08s                                                                                                                            
ROUND 4 FINISHED in 161.63s (Avg: 183.93s)                                                                                                                  
---------------------------- ROUND 5/50 START ----------------------------                                                                                  
Selected clients: [7, 8, 1, 3, 0, 4, 2, 6, 9, 5]                                                                                                            
  [Client 7] Starting local training...                                                                                                                     
  [Client 7] Finished training in 15.87s                                                                                                                    
  [Client 8] Starting local training...                                                                                                                     
  [Client 8] Finished training in 15.79s                                                                                                                    
  [Client 1] Starting local training...                                                                                                                     
  [Client 1] Finished training in 15.84s                                                                                                                    
  [Client 3] Starting local training...                                                                                                                     
  [Client 3] Finished training in 16.68s                                                                                                                    
  [Client 0] Starting local training...                                                                                                                     
  [Client 0] Finished training in 15.79s                                                                                                                    
  [Client 4] Starting local training...                                                                                                                     
  [Client 4] Finished training in 16.67s                                                                                                                    
  [Client 2] Starting local training...                                                                                                                     
  [Client 2] Finished training in 15.81s                                                                                                                    
  [Client 6] Starting local training...                                                                                                                     
  [Client 6] Finished training in 15.83s                                                                                                                    
  [Client 9] Starting local training...                                                                                                                     
  [Client 9] Finished training in 16.72s                                                                                                                    
  [Client 5] Starting local training...                                                                                                                     
  [Client 5] Finished training in 15.82s                                                                                                                    
  Starting weight aggregation...                                                                                                                            
  Aggregation completed in 0.07s                                                                                                                            
ROUND 5 FINISHED in 205.64s (Avg: 188.27s)                                                                                                                  
---------------------------- ROUND 6/50 START ----------------------------                                                                                  
Selected clients: [1, 0, 3, 6, 2, 8, 9, 4, 7, 5]                                                                                                            
  [Client 1] Starting local training...                                                                                                                     
  [Client 1] Finished training in 15.82s                                                                                                                    
  [Client 0] Starting local training...                                                                                                                     
  [Client 0] Finished training in 15.86s                                                                                                                    
  [Client 3] Starting local training...                                                                                                                     
  [Client 3] Finished training in 16.63s                                                                                                                    
  [Client 6] Starting local training...                                                                                                                     
  [Client 6] Finished training in 15.84s                                                                                                                    
  [Client 2] Starting local training...                                                                                                                     
  [Client 2] Finished training in 15.86s                                                                                                                    
  [Client 8] Starting local training...                                                                                                                     
  [Client 8] Finished training in 15.82s                                                                                                                    
  [Client 9] Starting local training...                                                                                                                     
  [Client 9] Finished training in 16.68s                                                                                                                    
  [Client 4] Starting local training...                                                                                                                     
  [Client 4] Finished training in 16.66s                                                                                                                    
  [Client 7] Starting local training...                                                                                                                     
  [Client 7] Finished training in 15.87s                                                                                                                    
  [Client 5] Starting local training...                                                                                                                     
  [Client 5] Finished training in 15.79s                                                                                                                    
  Starting weight aggregation...                                                                                                                            
  Aggregation completed in 0.07s                                                                                                                            
ROUND 6 FINISHED in 161.67s (Avg: 183.84s)                                                                                                                  
---------------------------- ROUND 7/50 START ----------------------------                                                                                  
Selected clients: [7, 5, 2, 9, 6, 1, 8, 3, 0, 4]                                                                                                            
  [Client 7] Starting local training...                                                                                                                     
  [Client 7] Finished training in 15.87s                                                                                                                    
  [Client 5] Starting local training...                                                                                                                     
  [Client 5] Finished training in 15.83s                                                                                                                    
  [Client 2] Starting local training...                                                                                                                     
  [Client 2] Finished training in 15.82s                                                                                                                    
  [Client 9] Starting local training...                                                                                                                     
  [Client 9] Finished training in 16.67s                                                                                                                    
  [Client 6] Starting local training...                                                                                                                     
  [Client 6] Finished training in 15.85s                                                                                                                    
  [Client 1] Starting local training...                                                                                                                     
  [Client 1] Finished training in 15.85s                                                                                                                    
  [Client 8] Starting local training...                                                                                                                     
  [Client 8] Finished training in 15.82s                                                                                                                    
  [Client 3] Starting local training...                                                                                                                     
  [Client 3] Finished training in 16.72s                                                                                                                    
  [Client 0] Starting local training...                                                                                                                     
  [Client 0] Finished training in 15.86s                                                                                                                    
  [Client 4] Starting local training...                                                                                                                     
  [Client 4] Finished training in 16.64s                                                                                                                    
  Starting weight aggregation...                                                                                                                            
  Aggregation completed in 0.09s                                                                                                                            
ROUND 7 FINISHED in 161.81s (Avg: 180.69s)                                                                                                                  
---------------------------- ROUND 8/50 START ----------------------------                                                                                  
Selected clients: [8, 3, 2, 9, 6, 7, 1, 4, 5, 0]                                                                                                            
  [Client 8] Starting local training...                                                                                                                     
  [Client 8] Finished training in 15.84s                                                                                                                    
  [Client 3] Starting local training...                                                                                                                     
  [Client 3] Finished training in 16.72s                                                                                                                    
  [Client 2] Starting local training...                                                                                                                     
  [Client 2] Finished training in 15.87s                                                                                                                    
  [Client 9] Starting local training...                                                                                                                     
  [Client 9] Finished training in 16.74s                                                                                                                    
  [Client 6] Starting local training...                                                                                                                     
  [Client 6] Finished training in 15.87s                                                                                                                    
  [Client 7] Starting local training...                                                                                                                     
  [Client 7] Finished training in 15.81s                                                                                                                    
  [Client 1] Starting local training...                                                                                                                     
  [Client 1] Finished training in 15.91s                                                                                                                    
  [Client 4] Starting local training...                                                                                                                     
  [Client 4] Finished training in 16.71s                                                                                                                    
  [Client 5] Starting local training...                                                                                                                     
  [Client 5] Finished training in 15.80s                                                                                                                    
  [Client 0] Starting local training...                                                                                                                     
  [Client 0] Finished training in 15.92s                                                                                                                    
  Starting weight aggregation...                                                                                                                            
  Aggregation completed in 0.08s                                                                                                                            
ROUND 8 FINISHED in 162.04s (Avg: 178.36s)                                                                                                                  
---------------------------- ROUND 9/50 START ----------------------------                                                                                  
Selected clients: [3, 0, 5, 9, 2, 8, 1, 7, 6, 4]                                                                                                            
  [Client 3] Starting local training...                                                                                                                     
  [Client 3] Finished training in 16.69s                                                                                                                    
  [Client 0] Starting local training...                                                                                                                     
  [Client 0] Finished training in 15.82s                                                                                                                    
  [Client 5] Starting local training...                                                                                                                     
  [Client 5] Finished training in 15.83s                                                                                                                    
  [Client 9] Starting local training...                                                                                                                     
  [Client 9] Finished training in 16.76s                                                                                                                    
  [Client 2] Starting local training...                                                                                                                     
  [Client 2] Finished training in 15.89s                                                                                                                    
  [Client 8] Starting local training...                                                                                                                     
  [Client 8] Finished training in 16.20s                                                                                                                    
  [Client 1] Starting local training...                                                                                                                     
  [Client 1] Finished training in 15.82s                                                                                                                    
  [Client 7] Starting local training...                                                                                                                     
  [Client 7] Finished training in 15.86s                                                                                                                    
  [Client 6] Starting local training...                                                                                                                     
  [Client 6] Finished training in 15.86s                                                                                                                    
  [Client 4] Starting local training...                                                                                                                     
  [Client 4] Finished training in 16.69s                                                                                                                    
  Starting weight aggregation...                                                                                                                            
  Aggregation completed in 0.08s                                                                                                                            
ROUND 9 FINISHED in 162.22s (Avg: 176.57s)                                                                                                                  
---------------------------- ROUND 10/50 START ----------------------------                                                                                 
Selected clients: [7, 6, 9, 1, 2, 8, 4, 5, 3, 0]                                                                                                            
  [Client 7] Starting local training...                                                                                                                     
  [Client 7] Finished training in 15.90s                                                                                                                    
client [7]  (testset)   loss: 0.3366 -> 0.5221  accuracy: 88.83% -> 84.36%                                                                                  
  [Client 6] Starting local training...                                                                                                                     
  [Client 6] Finished training in 15.89s                                                                                                                    
client [6]  (testset)   loss: 0.5100 -> 0.4970  accuracy: 85.56% -> 84.44%                                                                                  
  [Client 9] Starting local training...                                                                                                                     
  [Client 9] Finished training in 16.69s                                                                                                                    
client [9]  (testset)   loss: 0.3347 -> 1.1156  accuracy: 89.62% -> 70.49%                                                                                  
  [Client 1] Starting local training...                                                                                                                     
  [Client 1] Finished training in 15.84s                                                                                                                    
client [1]  (testset)   loss: 0.5634 -> 0.6830  accuracy: 87.71% -> 86.59%                                                                                  
  [Client 2] Starting local training...                                                                                                                     
  [Client 2] Finished training in 15.80s                                                                                                                    
client [2]  (testset)   loss: 0.4829 -> 0.5546  accuracy: 87.01% -> 87.01%                                                                                  
  [Client 8] Starting local training...                                                                                                                     
  [Client 8] Finished training in 15.85s                                                                                                                    
client [8]  (testset)   loss: 0.6607 -> 1.4809  accuracy: 83.62% -> 69.49%                                                                                  
  [Client 4] Starting local training...                                                                                                                     
  [Client 4] Finished training in 16.70s                                                                                                                    
client [4]  (testset)   loss: 0.3108 -> 0.4167  accuracy: 90.71% -> 87.98%                                                                                  
  [Client 5] Starting local training...                                                                                                                     
  [Client 5] Finished training in 15.85s                                                                                                                    
client [5]  (testset)   loss: 0.5516 -> 2.6121  accuracy: 85.47% -> 66.48%                                                                                  
  [Client 3] Starting local training...                                                                                                                     
  [Client 3] Finished training in 16.72s                                                                                                                    
client [3]  (testset)   loss: 0.3642 -> 1.2999  accuracy: 87.85% -> 78.45%                                                                                  
  [Client 0] Starting local training...                                                                                                                     
  [Client 0] Finished training in 15.85s                                                                                                                    
client [0]  (testset)   loss: 0.4247 -> 1.7375  accuracy: 86.67% -> 70.56%                                                                                  
  Starting weight aggregation...                                                                                                                            
  Aggregation completed in 0.08s                                                                                                                            
ROUND 10 FINISHED in 205.64s (Avg: 179.47s)                                                                                                                 
---------------------------- ROUND 11/50 START ----------------------------                                                                                 
Selected clients: [9, 6, 5, 1, 8, 4, 3, 0, 2, 7]                                                                                                            
_LAYER_MAP; falling back to default spec ['base', 'classifier'].
[2026-06-02 20:10:00,184][src.utils.cka_drift][WARNING] - Model name 'vig_tiny' not found in ARCHITECTURE_LAYER_MAP; falling back to default spec ['base', 'classifier'].
[2026-06-02 20:10:04,557][src.utils.cka_drift][WARNING] - Model name 'vig_tiny' not found in ARCHITECTURE_LAYER_MAP; falling back to default spec ['base', 'classifier'].
[2026-06-02 20:10:08,920][src.utils.cka_drift][WARNING] - Model name 'vig_tiny' not found in ARCHITECTURE_LAYER_MAP; falling back to default spec ['base', 'classifier'].
[2026-06-02 20:10:13,258][src.utils.cka_drift][WARNING] - Model name 'vig_tiny' not found in ARCHITECTURE_LAYER_MAP; falling back to default spec ['base', 'classifier'].
[2026-06-02 20:10:17,577][src.utils.cka_drift][WARNING] - Model name 'vig_tiny' not found in ARCHITECTURE_LAYER_MAP; falling back to default spec ['base', 'classifier'].
