==================== DriftFedAvg ====================                                                                                                       
Experiment Arguments:                                                                                                                                       
{
│   'method': 'driftfedavg',
│   'dataset': {
│   │   'name': 'brain_tumor',
│   │   'partition_dir': 'partitions/alpha_0.03/seed_42',
│   │   'client_num': 10,
│   │   'test_ratio': 0.25,
│   │   'val_ratio': 0.0,
│   │   'seed': 42,
│   │   'split': 'sample',
│   │   'IID_ratio': 0.0,
│   │   'monitor_window_name_suffix': 'brain_tumor-10clients-0%IID-Dir(0.03)-seed42',
│   │   'alpha': 0.03,
│   │   'min_samples_per_client': 10
│   },
│   'model': {
│   │   'name': 'vim_tiny',
│   │   'use_torchvision_pretrained_weights': False,
│   │   'external_model_weights_path': None
│   },
│   'optimizer': {
│   │   'lr': 0.01,
│   │   'dampening': 0,
│   │   'weight_decay': 0.0001,
│   │   'momentum': 0.9,
│   │   'nesterov': False,
│   │   'name': 'sgd'
│   },
│   'mode': 'serial',
│   'parallel': {
│   │   'ray_cluster_addr': None,
│   │   'num_cpus': None,
│   │   'num_gpus': None,
│   │   'num_workers': 2
│   },
│   'common': {
│   │   'seed': 42,
│   │   'join_ratio': 1.0,
│   │   'global_epoch': 40,
│   │   'local_epoch': 5,
│   │   'batch_size': 32,
│   │   'reset_optimizer_on_global_epoch': True,
│   │   'straggler_ratio': 0,
│   │   'straggler_min_local_epoch': 0,
│   │   'buffers': 'global',
│   │   'client_side_evaluation': True,
│   │   'test': {
│   │   │   'client': {
│   │   │   │   'interval': 1,
│   │   │   │   'finetune_epoch': 0,
│   │   │   │   'train': False,
│   │   │   │   'val': False,
│   │   │   │   'test': True
│   │   │   },
│   │   │   'server': {
│   │   │   │   'interval': 1,
│   │   │   │   'train': False,
│   │   │   │   'val': False,
│   │   │   │   'test': True,
│   │   │   │   'model_in_train_mode': False
│   │   │   }
│   │   },
│   │   'verbose_gap': 10,
│   │   'monitor': 'tensorboard',
│   │   'use_cuda': True,
│   │   'save_log': True,
│   │   'save_model': False,
│   │   'save_learning_curve_plot': True,
│   │   'save_metrics': True,
│   │   'delete_useless_run': True,
│   │   'dataloader_num_workers': 2
│   },
│   'driftfedavg': {}
}
---------------------------- TRAINING EPOCH: 10 ----------------------------                                                                                
client [7]  (testset)   loss: 7.6833 -> 0.5065  accuracy: 0.00% -> 89.66%                                                                                   
client [6]  (testset)   loss: 8.3547 -> 8.3547  accuracy: 0.00% -> 0.00%                                                                                    
client [9]  (testset)   loss: 0.0011 -> 0.0032  accuracy: 100.00% -> 100.00%                                                                                
client [1]  (testset)   loss: 8.3533 -> 0.0000  accuracy: 0.00% -> 100.00%                                                                                  
client [2]  (testset)   loss: 7.7013 -> 0.0000  accuracy: 0.00% -> 100.00%                                                                                  
client [8]  (testset)   loss: 5.2900 -> 1.1553  accuracy: 31.15% -> 31.15%                                                                                  
client [4]  (testset)   loss: 7.6611 -> 0.0447  accuracy: 0.28% -> 99.72%                                                                                   
client [5]  (testset)   loss: 7.7022 -> 0.0000  accuracy: 0.00% -> 100.00%                                                                                  
client [3]  (testset)   loss: 2.2652 -> 8.8173  accuracy: 70.59% -> 29.41%                                                                                  
client [0]  (testset)   loss: 8.2465 -> 8.2465  accuracy: 0.00% -> 0.00%                                                                                    
---------------------------- TRAINING EPOCH: 20 ----------------------------                                                                                
client [1]  (testset)   loss: 6.1810 -> 0.0000  accuracy: 0.00% -> 100.00%                                                                                  
client [0]  (testset)   loss: 5.4937 -> 5.4937  accuracy: 0.00% -> 0.00%                                                                                    
client [3]  (testset)   loss: 1.9456 -> 1.5039  accuracy: 29.41% -> 29.41%                                                                                  
client [8]  (testset)   loss: 2.2125 -> 0.6332  accuracy: 0.00% -> 68.85%                                                                                   
client [6]  (testset)   loss: 6.1827 -> 6.1827  accuracy: 0.00% -> 0.00%                                                                                    
client [2]  (testset)   loss: 0.2275 -> 0.0001  accuracy: 100.00% -> 100.00%                                                                                
client [5]  (testset)   loss: 0.2281 -> 0.0425  accuracy: 100.00% -> 100.00%                                                                                
client [4]  (testset)   loss: 2.0127 -> 0.0200  accuracy: 0.00% -> 99.72%                                                                                   
client [7]  (testset)   loss: 1.8243 -> 0.4883  accuracy: 10.34% -> 89.66%                                                                                  
client [9]  (testset)   loss: 2.6574 -> 0.0021  accuracy: 0.00% -> 100.00%                                                                                  
---------------------------- TRAINING EPOCH: 30 ----------------------------                                                                                
client [6]  (testset)   loss: 1.8153 -> 1.8153  accuracy: 0.00% -> 0.00%                                                                                    
client [8]  (testset)   loss: 1.6390 -> 0.6342  accuracy: 0.00% -> 68.85%                                                                                   
client [5]  (testset)   loss: 0.8110 -> 0.1290  accuracy: 100.00% -> 100.00%                                                                                
client [2]  (testset)   loss: 0.8101 -> 0.0000  accuracy: 100.00% -> 100.00%                                                                                
client [1]  (testset)   loss: 1.8137 -> 0.0000  accuracy: 0.00% -> 100.00%                                                                                  
client [9]  (testset)   loss: 1.5943 -> 0.0013  accuracy: 0.00% -> 100.00%                                                                                  
client [7]  (testset)   loss: 1.5707 -> 0.4543  accuracy: 10.34% -> 89.66%                                                                                  
client [3]  (testset)   loss: 1.3640 -> 1.4557  accuracy: 29.41% -> 29.41%                                                                                  
client [4]  (testset)   loss: 1.6590 -> 0.0205  accuracy: 0.00% -> 99.72%                                                                                   
client [0]  (testset)   loss: 1.7930 -> 1.7930  accuracy: 0.00% -> 0.00%                                                                                    
---------------------------- TRAINING EPOCH: 40 ----------------------------                                                                                
client [0]  (testset)   loss: 2.9620 -> 2.9620  accuracy: 0.00% -> 0.00%                                                                                    
client [2]  (testset)   loss: 1.2240 -> 0.0000  accuracy: 0.00% -> 100.00%                                                                                  
client [5]  (testset)   loss: 1.2304 -> 0.0677  accuracy: 0.00% -> 100.00%                                                                                  
client [6]  (testset)   loss: 3.3245 -> 3.3245  accuracy: 0.00% -> 0.00%                                                                                    
client [3]  (testset)   loss: 1.0738 -> 1.5961  accuracy: 70.59% -> 29.41%                                                                                  
client [1]  (testset)   loss: 3.3245 -> 0.0001  accuracy: 0.00% -> 100.00%                                                                                  
client [8]  (testset)   loss: 1.1091 -> 0.6227  accuracy: 31.15% -> 68.85%                                                                                  
client [9]  (testset)   loss: 1.0075 -> 0.0012  accuracy: 100.00% -> 100.00%                                                                                
client [7]  (testset)   loss: 1.1595 -> 0.3272  accuracy: 0.00% -> 89.66%                                                                                   
client [4]  (testset)   loss: 1.1540 -> 0.0203  accuracy: 0.28% -> 99.72%                                                                                   
DriftFedAvg's average time taken by each global epoch: 1 min 36.13 sec.                                                                                     
DriftFedAvg's total running time: 1 h 12 m 4 s.                                                                                                             
==================== DriftFedAvg Experiment Results: ====================                                                                                   
Display format: (before local fine-tuning) -> (after local fine-tuning)                                                                                     
 So if finetune_epoch = 0, x.xx% -> 0.00% is normal.                                                                                                        
 Centralized testing ONLY happens after model aggregation, so the stats between '->' are the same.                                                          
{                                                                                                                                                           
    "1": {                                                                                                                                                  
        "centralized": {                                                                                                                                    
            "test": {                                                                                                                                       
                "loss": "2.9275 -> 2.9275",                                                                                                                 
                "accuracy": "36.30% -> 36.30%"                                                                                                              
            }                                                                                                                                               
        },                                                                                                                                                  
        "all_clients": {                                                                                                                                    
            "test": {                                                                                                                                       
                "loss": "2.9275 -> 0.0000",                                                                                                                 
                "accuracy": "36.30% -> 0.00%"                                                                                                               
            }                                                                                                                                               
        }                                                                                                                                                   
    },                                                                                                                                                      
    "2": {                                                                                                                                                  
        "centralized": {                                                                                                                                    
            "test": {                                                                                                                                       
                "loss": "4.7860 -> 4.7860",                                                                                                                 
                "accuracy": "25.06% -> 25.06%"                                                                                                              
            }                                                                                                                                               
        },                                                                                                                                                  
        "all_clients": {                                                                                                                                    
            "test": {                                                                                                                                       
                "loss": "4.7860 -> 0.0000",                                                                                                                 
                "accuracy": "25.06% -> 0.00%"                                                                                                               
            }                                                                                                                                               
        }                                                                                                                                                   
    },                                                                                                                                                      
    "3": {                                                                                                                                                  
        "centralized": {                                                                                                                                    
            "test": {                                                                                                                                       
                "loss": "4.7797 -> 4.7797",                                                                                                                 
                "accuracy": "24.94% -> 24.94%"                                                                                                              
            }                                                                                                                                               
        },                                                                                                                                                  
        "all_clients": {                                                                                                                                    
            "test": {                                                                                                                                       
                "loss": "4.7797 -> 0.0000",                                                                                                                 
                "accuracy": "24.94% -> 0.00%"                                                                                                               
            }                                                                                                                                               
        }                                                                                                                                                   
    },                                                                                                                                                      
    "4": {                                                                                                                                                  
        "centralized": {                                                                                                                                    
            "test": {                                                                                                                                       
                "loss": "5.9026 -> 5.9026",                                                                                                                 
                "accuracy": "24.94% -> 24.94%"                                                                                                              
            }                                                                                                                                               
        },                                                                                                                                                  
        "all_clients": {                                                                                                                                    
            "test": {                                                                                                                                       
                "loss": "5.9026 -> 0.0000",                                                                                                                 
                "accuracy": "24.94% -> 0.00%"                                                                                                               
            }                                                                                                                                               
        }                                                                                                                                                   
    },                                                                                                                                                      
    "5": {                                                                                                                                                  
        "centralized": {                                                                                                                                    
            "test": {                                                                                                                                       
                "loss": "4.2316 -> 4.2316",                                                                                                                 
                "accuracy": "25.28% -> 25.28%"                                                                                                              
            }                                                                                                                                               
        },                                                                                                                                                  
        "all_clients": {                                                                                                                                    
            "test": {                                                                                                                                       
                "loss": "4.2316 -> 0.0000",                                                                                                                 
                "accuracy": "25.28% -> 0.00%"                                                                                                               
            }                                                                                                                                               
        }                                                                                                                                                   
    },                                                                                                                                                      
    "6": {                                                                                                                                                  
        "centralized": {                                                                                                                                    
            "test": {                                                                                                                                       
                "loss": "3.5009 -> 3.5009",                                                                                                                 
                "accuracy": "15.92% -> 15.92%"                                                                                                              
            }                                                                                                                                               
        },                                                                                                                                                  
        "all_clients": {                                                                                                                                    
            "test": {                                                                                                                                       
                "loss": "3.5009 -> 0.0000",                                                                                                                 
                "accuracy": "15.92% -> 0.00%"                                                                                                               
            }                                                                                                                                               
        }                                                                                                                                                   
    },                                                                                                                                                      
    "7": {                                                                                                                                                  
        "centralized": {                                                                                                                                    
            "test": {                                                                                                                                       
                "loss": "5.0819 -> 5.0819",                                                                                                                 
                "accuracy": "25.28% -> 25.28%"                                                                                                              
            }                                                                                                                                               
        },                                                                                                                                                  
        "all_clients": {                                                                                                                                    
            "test": {                                                                                                                                       
                "loss": "5.0819 -> 0.0000",                                                                                                                 
                "accuracy": "25.28% -> 0.00%"                                                                                                               
            }                                                                                                                                               
        }                                                                                                                                                   
    },                                                                                                                                                      
    "8": {                                                                                                                                                  
        "centralized": {                                                                                                                                    
            "test": {                                                                                                                                       
                "loss": "6.2902 -> 6.2902",                                                                                                                 
                "accuracy": "24.94% -> 24.94%"                                                                                                              
            }                                                                                                                                               
        },                                                                                                                                                  
        "all_clients": {                                                                                                                                    
            "test": {                                                                                                                                       
                "loss": "6.2902 -> 0.0000",                                                                                                                 
                "accuracy": "24.94% -> 0.00%"                                                                                                               
            }                                                                                                                                               
        }                                                                                                                                                   
    },                                                                                                                                                      
    "9": {                                                                                                                                                  
        "centralized": {                                                                                                                                    
            "test": {                                                                                                                                       
                "loss": "5.9128 -> 5.9128",                                                                                                                 
                "accuracy": "25.28% -> 25.28%"                                                                                                              
            }                                                                                                                                               
        },                                                                                                                                                  
        "all_clients": {                                                                                                                                    
            "test": {                                                                                                                                       
                "loss": "5.9128 -> 0.0000",                                                                                                                 
                "accuracy": "25.28% -> 0.00%"                                                                                                               
            }                                                                                                                                               
        }                                                                                                                                                   
    },                                                                                                                                                      
    "10": {                                                                                                                                                 
        "centralized": {                                                                                                                                    
            "test": {                                                                                                                                       
                "loss": "6.9053 -> 6.9053",                                                                                                                 
                "accuracy": "24.72% -> 24.72%"                                                                                                              
            }                                                                                                                                               
        },                                                                                                                                                  
        "all_clients": {                                                                                                                                    
            "test": {                                                                                                                                       
                "loss": "6.9053 -> 0.0000",                                                                                                                 
                "accuracy": "24.72% -> 0.00%"                                                                                                               
            }                                                                                                                                               
        }                                                                                                                                                   
    },                                                                                                                                                      
    "11": {                                                                                                                                                 
        "centralized": {                                                                                                                                    
            "test": {                                                                                                                                       
                "loss": "4.7688 -> 4.7688",                                                                                                                 
                "accuracy": "25.28% -> 25.28%"                                                                                                              
            }                                                                                                                                               
        },                                                                                                                                                  
        "all_clients": {                                                                                                                                    
            "test": {                                                                                                                                       
                "loss": "4.7688 -> 0.0000",                                                                                                                 
                "accuracy": "25.28% -> 0.00%"                                                                                                               
            }                                                                                                                                               
        }                                                                                                                                                   
    },                                                                                                                                                      
    "12": {                                                                                                                                                 
        "centralized": {                                                                                                                                    
            "test": {                                                                                                                                       
                "loss": "4.4891 -> 4.4891",                                                                                                                 
                "accuracy": "24.72% -> 24.72%"                                                                                                              
            }                                                                                                                                               
        },                                                                                                                                                  
        "all_clients": {                                                                                                                                    
            "test": {                                                                                                                                       
                "loss": "4.4891 -> 0.0000",                                                                                                                 
                "accuracy": "24.72% -> 0.00%"                                                                                                               
            }                                                                                                                                               
        }                                                                                                                                                   
    },                                                                                                                                                      
    "13": {                                                                                                                                                 
        "centralized": {                                                                                                                                    
            "test": {                                                                                                                                       
                "loss": "3.0021 -> 3.0021",                                                                                                                 
                "accuracy": "25.28% -> 25.28%"                                                                                                              
            }                                                                                                                                               
        },                                                                                                                                                  
        "all_clients": {                                                                                                                                    
            "test": {                                                                                                                                       
                "loss": "3.0021 -> 0.0000",                                                                                                                 
                "accuracy": "25.28% -> 0.00%"                                                                                                               
            }                                                                                                                                               
        }                                                                                                                                                   
    },                                                                                                                                                      
    "14": {                                                                                                                                                 
        "centralized": {                                                                                                                                    
            "test": {                                                                                                                                       
                "loss": "2.1269 -> 2.1269",                                                                                                                 
                "accuracy": "24.94% -> 24.94%"                                                                                                              
            }                                                                                                                                               
        },                                                                                                                                                  
        "all_clients": {                                                                                                                                    
            "test": {                                                                                                                                       
                "loss": "2.1269 -> 0.0000",                                                                                                                 
                "accuracy": "24.94% -> 0.00%"                                                                                                               
            }                                                                                                                                               
        }                                                                                                                                                   
    },                                                                                                                                                      
    "15": {                                                                                                                                                 
        "centralized": {                                                                                                                                    
            "test": {                                                                                                                                       
                "loss": "1.7025 -> 1.7025",                                                                                                                 
                "accuracy": "25.28% -> 25.28%"                                                                                                              
            }                                                                                                                                               
        },                                                                                                                                                  
        "all_clients": {                                                                                                                                    
            "test": {                                                                                                                                       
                "loss": "1.7025 -> 0.0000",                                                                                                                 
                "accuracy": "25.28% -> 0.00%"                                                                                                               
            }                                                                                                                                               
        }                                                                                                                                                   
    },                                                                                                                                                      
    "16": {                                                                                                                                                 
        "centralized": {                                                                                                                                    
            "test": {                                                                                                                                       
                "loss": "1.6258 -> 1.6258",                                                                                                                 
                "accuracy": "24.94% -> 24.94%"                                                                                                              
            }                                                                                                                                               
        },                                                                                                                                                  
        "all_clients": {                                                                                                                                    
            "test": {                                                                                                                                       
                "loss": "1.6258 -> 0.0000",                                                                                                                 
                "accuracy": "24.94% -> 0.00%"                                                                                                               
            }                                                                                                                                               
        }                                                                                                                                                   
    },                                                                                                                                                      
    "17": {                                                                                                                                                 
        "centralized": {                                                                                                                                    
            "test": {                                                                                                                                       
                "loss": "1.8246 -> 1.8246",                                                                                                                 
                "accuracy": "24.72% -> 24.72%"                                                                                                              
            }                                                                                                                                               
        },                                                                                                                                                  
        "all_clients": {                                                                                                                                    
            "test": {                                                                                                                                       
                "loss": "1.8246 -> 0.0000",                                                                                                                 
                "accuracy": "24.72% -> 0.00%"                                                                                                               
            }                                                                                                                                               
        }                                                                                                                                                   
    },                                                                                                                                                      
    "18": {                                                                                                                                                 
        "centralized": {                                                                                                                                    
            "test": {                                                                                                                                       
                "loss": "2.4038 -> 2.4038",                                                                                                                 
                "accuracy": "24.94% -> 24.94%"                                                                                                              
            }                                                                                                                                               
        },                                                                                                                                                  
        "all_clients": {                                                                                                                                    
            "test": {                                                                                                                                       
                "loss": "2.4038 -> 0.0000",                                                                                                                 
                "accuracy": "24.94% -> 0.00%"                                                                                                               
            }                                                                                                                                               
        }                                                                                                                                                   
    },                                                                                                                                                      
    "19": {                                                                                                                                                 
        "centralized": {                                                                                                                                    
            "test": {                                                                                                                                       
                "loss": "2.7736 -> 2.7736",                                                                                                                 
                "accuracy": "24.72% -> 24.72%"                                                                                                              
            }                                                                                                                                               
        },                                                                                                                                                  
        "all_clients": {                                                                                                                                    
            "test": {                                                                                                                                       
                "loss": "2.7736 -> 0.0000",                                                                                                                 
                "accuracy": "24.72% -> 0.00%"                                                                                                               
            }                                                                                                                                               
        }                                                                                                                                                   
    },                                                                                                                                                      
    "20": {                                                                                                                                                 
        "centralized": {                                                                                                                                    
            "test": {                                                                                                                                       
                "loss": "2.0943 -> 2.0943",                                                                                                                 
                "accuracy": "25.28% -> 25.28%"                                                                                                              
            }                                                                                                                                               
        },                                                                                                                                                  
        "all_clients": {                                                                                                                                    
            "test": {                                                                                                                                       
                "loss": "2.0943 -> 0.0000",                                                                                                                 
                "accuracy": "25.28% -> 0.00%"                                                                                                               
            }                                                                                                                                               
        }                                                                                                                                                   
    },                                                                                                                                                      
    "21": {                                                                                                                                                 
        "centralized": {                                                                                                                                    
            "test": {                                                                                                                                       
                "loss": "1.7517 -> 1.7517",                                                                                                                 
                "accuracy": "24.72% -> 24.72%"                                                                                                              
            }                                                                                                                                               
        },                                                                                                                                                  
        "all_clients": {                                                                                                                                    
            "test": {                                                                                                                                       
                "loss": "1.7517 -> 0.0000",                                                                                                                 
                "accuracy": "24.72% -> 0.00%"                                                                                                               
            }                                                                                                                                               
        }                                                                                                                                                   
    },                                                                                                                                                      
    "22": {                                                                                                                                                 
        "centralized": {                                                                                                                                    
            "test": {                                                                                                                                       
                "loss": "1.8469 -> 1.8469",                                                                                                                 
                "accuracy": "25.28% -> 25.28%"                                                                                                              
            }                                                                                                                                               
        },                                                                                                                                                  
        "all_clients": {                                                                                                                                    
            "test": {                                                                                                                                       
                "loss": "1.8469 -> 0.0000",                                                                                                                 
                "accuracy": "25.28% -> 0.00%"                                                                                                               
            }                                                                                                                                               
        }                                                                                                                                                   
    },                                                                                                                                                      
    "23": {                                                                                                                                                 
        "centralized": {                                                                                                                                    
            "test": {                                                                                                                                       
                "loss": "1.7266 -> 1.7266",                                                                                                                 
                "accuracy": "24.72% -> 24.72%"                                                                                                              
            }                                                                                                                                               
        },                                                                                                                                                  
        "all_clients": {                                                                                                                                    
            "test": {                                                                                                                                       
                "loss": "1.7266 -> 0.0000",                                                                                                                 
                "accuracy": "24.72% -> 0.00%"                                                                                                               
            }                                                                                                                                               
        }                                                                                                                                                   
    },                                                                                                                                                      
    "24": {                                                                                                                                                 
        "centralized": {                                                                                                                                    
            "test": {                                                                                                                                       
                "loss": "1.7297 -> 1.7297",                                                                                                                 
                "accuracy": "25.28% -> 25.28%"                                                                                                              
            }                                                                                                                                               
        },                                                                                                                                                  
        "all_clients": {                                                                                                                                    
            "test": {                                                                                                                                       
                "loss": "1.7297 -> 0.0000",                                                                                                                 
                "accuracy": "25.28% -> 0.00%"                                                                                                               
            }                                                                                                                                               
        }                                                                                                                                                   
    },                                                                                                                                                      
    "25": {                                                                                                                                                 
        "centralized": {                                                                                                                                    
            "test": {                                                                                                                                       
                "loss": "1.5691 -> 1.5691",                                                                                                                 
                "accuracy": "29.12% -> 29.12%"                                                                                                              
            }                                                                                                                                               
        },                                                                                                                                                  
        "all_clients": {                                                                                                                                    
            "test": {                                                                                                                                       
                "loss": "1.5691 -> 0.0000",                                                                                                                 
                "accuracy": "29.12% -> 0.00%"                                                                                                               
            }                                                                                                                                               
        }                                                                                                                                                   
    },                                                                                                                                                      
    "26": {                                                                                                                                                 
        "centralized": {                                                                                                                                    
            "test": {                                                                                                                                       
                "loss": "1.6520 -> 1.6520",                                                                                                                 
                "accuracy": "25.28% -> 25.28%"                                                                                                              
            }                                                                                                                                               
        },                                                                                                                                                  
        "all_clients": {                                                                                                                                    
            "test": {                                                                                                                                       
                "loss": "1.6520 -> 0.0000",                                                                                                                 
                "accuracy": "25.28% -> 0.00%"                                                                                                               
            }                                                                                                                                               
        }                                                                                                                                                   
    },                                                                                                                                                      
    "27": {                                                                                                                                                 
        "centralized": {                                                                                                                                    
            "test": {                                                                                                                                       
                "loss": "1.6446 -> 1.6446",                                                                                                                 
                "accuracy": "28.67% -> 28.67%"                                                                                                              
            }                                                                                                                                               
        },                                                                                                                                                  
        "all_clients": {                                                                                                                                    
            "test": {                                                                                                                                       
                "loss": "1.6446 -> 0.0000",                                                                                                                 
                "accuracy": "28.67% -> 0.00%"                                                                                                               
            }                                                                                                                                               
        }                                                                                                                                                   
    },                                                                                                                                                      
    "28": {                                                                                                                                                 
        "centralized": {                                                                                                                                    
            "test": {                                                                                                                                       
                "loss": "1.7524 -> 1.7524",                                                                                                                 
                "accuracy": "25.28% -> 25.28%"                                                                                                              
            }                                                                                                                                               
        },                                                                                                                                                  
        "all_clients": {                                                                                                                                    
            "test": {                                                                                                                                       
                "loss": "1.7524 -> 0.0000",                                                                                                                 
                "accuracy": "25.28% -> 0.00%"                                                                                                               
            }                                                                                                                                               
        }                                                                                                                                                   
    },                                                                                                                                                      
    "29": {                                                                                                                                                 
        "centralized": {                                                                                                                                    
            "test": {                                                                                                                                       
                "loss": "1.4714 -> 1.4714",                                                                                                                 
                "accuracy": "24.72% -> 24.72%"                                                                                                              
            }                                                                                                                                               
        },                                                                                                                                                  
        "all_clients": {                                                                                                                                    
            "test": {                                                                                                                                       
                "loss": "1.4714 -> 0.0000",                                                                                                                 
                "accuracy": "24.72% -> 0.00%"                                                                                                               
            }                                                                                                                                               
        }                                                                                                                                                   
    },                                                                                                                                                      
    "30": {                                                                                                                                                 
        "centralized": {                                                                                                                                    
            "test": {                                                                                                                                       
                "loss": "1.5203 -> 1.5203",                                                                                                                 
                "accuracy": "24.94% -> 24.94%"                                                                                                              
            }                                                                                                                                               
        },                                                                                                                                                  
        "all_clients": {                                                                                                                                    
            "test": {                                                                                                                                       
                "loss": "1.5203 -> 0.0000",                                                                                                                 
                "accuracy": "24.94% -> 0.00%"                                                                                                               
            }                                                                                                                                               
        }                                                                                                                                                   
    },                                                                                                                                                      
    "31": {                                                                                                                                                 
        "centralized": {                                                                                                                                    
            "test": {                                                                                                                                       
                "loss": "1.7696 -> 1.7696",                                                                                                                 
                "accuracy": "24.72% -> 24.72%"                                                                                                              
            }                                                                                                                                               
        },                                                                                                                                                  
        "all_clients": {                                                                                                                                    
            "test": {                                                                                                                                       
                "loss": "1.7696 -> 0.0000",                                                                                                                 
                "accuracy": "24.72% -> 0.00%"                                                                                                               
            }                                                                                                                                               
        }                                                                                                                                                   
    },                                                                                                                                                      
    "32": {                                                                                                                                                 
        "centralized": {                                                                                                                                    
            "test": {                                                                                                                                       
                "loss": "2.1663 -> 2.1663",                                                                                                                 
                "accuracy": "24.94% -> 24.94%"                                                                                                              
            }                                                                                                                                               
        },                                                                                                                                                  
        "all_clients": {                                                                                                                                    
            "test": {                                                                                                                                       
                "loss": "2.1663 -> 0.0000",                                                                                                                 
                "accuracy": "24.94% -> 0.00%"                                                                                                               
            }                                                                                                                                               
        }                                                                                                                                                   
    },                                                                                                                                                      
    "33": {                                                                                                                                                 
        "centralized": {                                                                                                                                    
            "test": {                                                                                                                                       
                "loss": "2.5321 -> 2.5321",                                                                                                                 
                "accuracy": "24.72% -> 24.72%"                                                                                                              
            }                                                                                                                                               
        },                                                                                                                                                  
        "all_clients": {                                                                                                                                    
            "test": {                                                                                                                                       
                "loss": "2.5321 -> 0.0000",                                                                                                                 
                "accuracy": "24.72% -> 0.00%"                                                                                                               
            }                                                                                                                                               
        }                                                                                                                                                   
    },                                                                                                                                                      
    "34": {                                                                                                                                                 
        "centralized": {                                                                                                                                    
            "test": {                                                                                                                                       
                "loss": "1.7658 -> 1.7658",                                                                                                                 
                "accuracy": "24.94% -> 24.94%"                                                                                                              
            }                                                                                                                                               
        },                                                                                                                                                  
        "all_clients": {                                                                                                                                    
            "test": {                                                                                                                                       
                "loss": "1.7658 -> 0.0000",                                                                                                                 
                "accuracy": "24.94% -> 0.00%"                                                                                                               
            }                                                                                                                                               
        }                                                                                                                                                   
    },                                                                                                                                                      
    "35": {                                                                                                                                                 
        "centralized": {                                                                                                                                    
            "test": {                                                                                                                                       
                "loss": "1.6939 -> 1.6939",                                                                                                                 
                "accuracy": "24.72% -> 24.72%"                                                                                                              
            }                                                                                                                                               
        },                                                                                                                                                  
        "all_clients": {                                                                                                                                    
            "test": {                                                                                                                                       
                "loss": "1.6939 -> 0.0000",                                                                                                                 
                "accuracy": "24.72% -> 0.00%"                                                                                                               
            }                                                                                                                                               
        }                                                                                                                                                   
    },                                                                                                                                                      
    "36": {                                                                                                                                                 
        "centralized": {                                                                                                                                    
            "test": {                                                                                                                                       
                "loss": "1.5992 -> 1.5992",                                                                                                                 
                "accuracy": "24.94% -> 24.94%"                                                                                                              
            }                                                                                                                                               
        },                                                                                                                                                  
        "all_clients": {                                                                                                                                    
            "test": {                                                                                                                                       
                "loss": "1.5992 -> 0.0000",                                                                                                                 
                "accuracy": "24.94% -> 0.00%"                                                                                                               
            }                                                                                                                                               
        }                                                                                                                                                   
    },                                                                                                                                                      
    "37": {                                                                                                                                                 
        "centralized": {                                                                                                                                    
            "test": {                                                                                                                                       
                "loss": "1.6540 -> 1.6540",                                                                                                                 
                "accuracy": "24.72% -> 24.72%"                                                                                                              
            }                                                                                                                                               
        },                                                                                                                                                  
        "all_clients": {                                                                                                                                    
            "test": {                                                                                                                                       
                "loss": "1.6540 -> 0.0000",                                                                                                                 
                "accuracy": "24.72% -> 0.00%"                                                                                                               
            }                                                                                                                                               
        }                                                                                                                                                   
    },                                                                                                                                                      
    "38": {                                                                                                                                                 
        "centralized": {                                                                                                                                    
            "test": {                                                                                                                                       
                "loss": "1.6086 -> 1.6086",                                                                                                                 
                "accuracy": "24.94% -> 24.94%"                                                                                                              
            }                                                                                                                                               
        },                                                                                                                                                  
        "all_clients": {                                                                                                                                    
            "test": {                                                                                                                                       
                "loss": "1.6086 -> 0.0000",                                                                                                                 
                "accuracy": "24.94% -> 0.00%"                                                                                                               
            }                                                                                                                                               
        }                                                                                                                                                   
    },                                                                                                                                                      
    "39": {                                                                                                                                                 
        "centralized": {                                                                                                                                    
            "test": {                                                                                                                                       
                "loss": "1.6758 -> 1.6758",                                                                                                                 
                "accuracy": "25.28% -> 25.28%"                                                                                                              
            }                                                                                                                                               
        },                                                                                                                                                  
        "all_clients": {                                                                                                                                    
            "test": {                                                                                                                                       
                "loss": "1.6758 -> 0.0000",                                                                                                                 
                "accuracy": "25.28% -> 0.00%"                                                                                                               
            }                                                                                                                                               
        }                                                                                                                                                   
    },                                                                                                                                                      
    "40": {                                                                                                                                                 
        "centralized": {                                                                                                                                    
            "test": {                                                                                                                                       
                "loss": "1.6693 -> 1.6693",                                                                                                                 
                "accuracy": "24.94% -> 24.94%"                                                                                                              
            }                                                                                                                                               
        },                                                                                                                                                  
        "all_clients": {                                                                                                                                    
            "test": {                                                                                                                                       
                "loss": "1.6693 -> 0.0000",                                                                                                                 
                "accuracy": "24.94% -> 0.00%"                                                                                                               
            }                                                                                                                                               
        }                                                                                                                                                   
    }                                                                                                                                                       
}                                                                                                                                                           
==================== DriftFedAvg Max Accuracy ====================                                                                                          
all_clients:                                                                                                                                                
(test) before fine-tuning: 36.30% at epoch 1                                                                                                                
(test) after fine-tuning: 0.00% at epoch 1                                                                                                                  
centralized:                                                                                                                                                
(test) before fine-tuning: 36.30% at epoch 1                                                                                                                
(test) after fine-tuning: 36.30% at epoch 1                                                                                                                 
