[FedLateGram] _detect_late_layers: 13 units (expanded from 2 depth-1 children), cutoff=10 → 4 late prefixes                                                 
[FedLateGram] Late layers (4): ['base.blocks.9', 'base.blocks.10', 'base.blocks.11', 'classifier']                                                          
==================== FedLateGram ====================                                                                                                       
Experiment Arguments:                                                                                                                                       
{
│   'method': 'fedlategram',
│   'dataset': {
│   │   'name': 'cifar10',
│   │   'partition_dir': 'partitions/alpha_0.1/seed_42',
│   │   'client_num': 10,
│   │   'test_ratio': 0.25,
│   │   'val_ratio': 0.0,
│   │   'seed': 42,
│   │   'split': 'sample',
│   │   'IID_ratio': 0.0,
│   │   'alpha': 0.1,
│   │   'min_samples_per_client': 10,
│   │   'sample_fraction': 0.1,
│   │   'subset_seed': 42,
│   │   'monitor_window_name_suffix': 'cifar10-10clients-0%IID-Dir(0.1)-seed42-10pct'
│   },
│   'model': {
│   │   'name': 'vig_tiny',
│   │   'use_torchvision_pretrained_weights': False,
│   │   'external_model_weights_path': None
│   },
│   'optimizer': {
│   │   'lr': 0.01,
│   │   'dampening': 0,
│   │   'weight_decay': 0.0001,
│   │   'momentum': 0.9,
│   │   'nesterov': False,
│   │   'name': 'sgd'
│   },
│   'mode': 'serial',
│   'parallel': {
│   │   'ray_cluster_addr': None,
│   │   'num_cpus': None,
│   │   'num_gpus': None,
│   │   'num_workers': 4
│   },
│   'common': {
│   │   'seed': 42,
│   │   'join_ratio': 1.0,
│   │   'global_epoch': 50,
│   │   'local_epoch': 5,
│   │   'batch_size': 32,
│   │   'reset_optimizer_on_global_epoch': True,
│   │   'straggler_ratio': 0,
│   │   'straggler_min_local_epoch': 0,
│   │   'buffers': 'global',
│   │   'client_side_evaluation': True,
│   │   'test': {
│   │   │   'client': {
│   │   │   │   'interval': 1,
│   │   │   │   'finetune_epoch': 0,
│   │   │   │   'train': False,
│   │   │   │   'val': False,
│   │   │   │   'test': True
│   │   │   },
│   │   │   'server': {
│   │   │   │   'interval': 1,
│   │   │   │   'train': False,
│   │   │   │   'val': False,
│   │   │   │   'test': True,
│   │   │   │   'model_in_train_mode': False
│   │   │   }
│   │   },
│   │   'verbose_gap': 10,
│   │   'monitor': 'tensorboard',
│   │   'use_cuda': True,
│   │   'save_log': True,
│   │   'save_model': False,
│   │   'save_learning_curve_plot': True,
│   │   'save_metrics': True,
│   │   'delete_useless_run': True,
│   │   'dataloader_num_workers': 2,
│   │   'resume_checkpoint': None
│   },
│   'fedlategram': {
│   │   'lam': 0.08,
│   │   'tau_cka': 0.87,
│   │   'late_fraction': 0.2,
│   │   'freeze_strategy': 'full_freeze',
│   │   'T_warm': 20,
│   │   'alpha_early_lr': 0.05,
│   │   'freq_early': 5,
│   │   'gram_ref': 'proxy',
│   │   'proxy_size': 256,
│   │   'lam_adaptive': True
│   },
│   'cka': {
│   │   'rounds': [
│   │   │   1,
│   │   │   2,
│   │   │   5,
│   │   │   10,
│   │   │   20,
│   │   │   30,
│   │   │   40,
│   │   │   50
│   │   ],
│   │   'client_sample': 10,
│   │   'probe_batches': 20,
│   │   'probe_batch_size': 16
│   },
│   'ckadriftfedavg': {}
}
---------------------------- ROUND 1/50 START ----------------------------                                                                                  
Selected clients: [1, 0, 4, 9, 6, 5, 8, 2, 3, 7]                                                                                                            
  [Client 1] Starting local training...                                                                                                                     
  [Client 1] Finished training in 13.16s                                                                                                                    
  [Client 0] Starting local training...                                                                                                                     
  [Client 0] Finished training in 17.34s                                                                                                                    
  [Client 4] Starting local training...                                                                                                                     
  [Client 4] Finished training in 3.56s                                                                                                                     
  [Client 9] Starting local training...                                                                                                                     
  [Client 9] Finished training in 18.51s                                                                                                                    
  [Client 6] Starting local training...                                                                                                                     
  [Client 6] Finished training in 9.18s                                                                                                                     
  [Client 5] Starting local training...                                                                                                                     
  [Client 5] Finished training in 9.46s                                                                                                                     
  [Client 8] Starting local training...                                                                                                                     
  [Client 8] Finished training in 9.36s                                                                                                                     
  [Client 2] Starting local training...                                                                                                                     
  [Client 2] Finished training in 5.05s                                                                                                                     
  [Client 3] Starting local training...                                                                                                                     
  [Client 3] Finished training in 1.30s                                                                                                                     
  [Client 7] Starting local training...                                                                                                                     
  [Client 7] Finished training in 2.41s                                                                                                                     
[Round 0] layer_lambdas: 9=0.0266, 10=0.0268, 11=0.0267, classifier=0.0800                                                                                  
[FedLateGram Round 1] avg task: 1.5598 | avg gram: 0.4143                                                                                                   
  [CKA] Saved checkpoints for round 1 (10 clients) → /home/luis.mendezl/Thesis/logs/runs/cifar10/fedlategram/vig_tiny/alpha0.1/seed42/checkpoints/round_0001
ROUND 1 FINISHED in 93.73s (Avg: 93.73s)                                                                                                                    
  [FedLateGram] Saved checkpoint after round 1 →                                                                                                            
/home/luis.mendezl/Thesis/logs/runs/cifar10/fedlategram/vig_tiny/alpha0.1/seed42/checkpoints/training_state.pt                                              
---------------------------- ROUND 2/50 START ----------------------------                                                                                  
Selected clients: [0, 9, 1, 7, 6, 4, 8, 2, 3, 5]                                                                                                            
  [Client 0] Starting local training...                                                                                                                     
  [Client 0] Finished training in 17.93s                                                                                                                    
  [Client 9] Starting local training...                                                                                                                     
  [Client 9] Finished training in 17.34s                                                                                                                    
  [Client 1] Starting local training...                                                                                                                     
  [Client 1] Finished training in 12.19s                                                                                                                    
  [Client 7] Starting local training...                                                                                                                     
  [Client 7] Finished training in 2.72s                                                                                                                     
  [Client 6] Starting local training...                                                                                                                     
  [Client 6] Finished training in 8.27s                                                                                                                     
  [Client 4] Starting local training...                                                                                                                     
  [Client 4] Finished training in 3.04s                                                                                                                     
  [Client 8] Starting local training...                                                                                                                     
  [Client 8] Finished training in 12.31s                                                                                                                    
  [Client 2] Starting local training...                                                                                                                     
  [Client 2] Finished training in 5.29s                                                                                                                     
  [Client 3] Starting local training...                                                                                                                     
  [Client 3] Finished training in 1.51s                                                                                                                     
  [Client 5] Starting local training...                                                                                                                     
  [Client 5] Finished training in 10.39s                                                                                                                    
[Round 1] layer_lambdas: 9=0.0265, 10=0.0268, 11=0.0267, classifier=0.0800                                                                                  
[FedLateGram Round 2] avg task: 1.5251 | avg gram: 0.1381                                                                                                   
  [CKA] Saved checkpoints for round 2 (10 clients) → /home/luis.mendezl/Thesis/logs/runs/cifar10/fedlategram/vig_tiny/alpha0.1/seed42/checkpoints/round_0002
ROUND 2 FINISHED in 95.01s (Avg: 94.37s)                                                                                                                    
  [FedLateGram] Saved checkpoint after round 2 →                                                                                                            
/home/luis.mendezl/Thesis/logs/runs/cifar10/fedlategram/vig_tiny/alpha0.1/seed42/checkpoints/training_state.pt                                              
---------------------------- ROUND 3/50 START ----------------------------                                                                                  
Selected clients: [3, 7, 4, 6, 0, 1, 9, 8, 2, 5]                                                                                                            
  [Client 3] Starting local training...                                                                                                                     
  [Client 3] Finished training in 1.43s                                                                                                                     
  [Client 7] Starting local training...                                                                                                                     
  [Client 7] Finished training in 2.59s                                                                                                                     
  [Client 4] Starting local training...                                                                                                                     
  [Client 4] Finished training in 3.85s                                                                                                                     
  [Client 6] Starting local training...                                                                                                                     
  [Client 6] Finished training in 9.44s                                                                                                                     
  [Client 0] Starting local training...                                                                                                                     
  [Client 0] Finished training in 18.58s                                                                                                                    
  [Client 1] Starting local training...                                                                                                                     
  [Client 1] Finished training in 10.06s                                                                                                                    
  [Client 9] Starting local training...                                                                                                                     
  [Client 9] Finished training in 17.89s                                                                                                                    
  [Client 8] Starting local training...                                                                                                                     
  [Client 8] Finished training in 12.66s                                                                                                                    
  [Client 2] Starting local training...                                                                                                                     
  [Client 2] Finished training in 5.50s                                                                                                                     
  [Client 5] Starting local training...                                                                                                                     
  [Client 5] Finished training in 10.30s                                                                                                                    
[Round 2] layer_lambdas: 9=0.0265, 10=0.0268, 11=0.0267, classifier=0.0800                                                                                  
[FedLateGram Round 3] avg task: 1.4802 | avg gram: 0.1381                                                                                                   
ROUND 3 FINISHED in 93.25s (Avg: 93.99s)                                                                                                                    
  [FedLateGram] Saved checkpoint after round 3 →                                                                                                            
/home/luis.mendezl/Thesis/logs/runs/cifar10/fedlategram/vig_tiny/alpha0.1/seed42/checkpoints/training_state.pt                                              
---------------------------- ROUND 4/50 START ----------------------------                                                                                  
Selected clients: [3, 5, 1, 0, 9, 6, 2, 7, 8, 4]                                                                                                            
  [Client 3] Starting local training...                                                                                                                     
  [Client 3] Finished training in 1.60s                                                                                                                     
  [Client 5] Starting local training...                                                                                                                     
  [Client 5] Finished training in 10.45s                                                                                                                    
  [Client 1] Starting local training...                                                                                                                     
  [Client 1] Finished training in 12.01s                                                                                                                    
  [Client 0] Starting local training...                                                                                                                     
  [Client 0] Finished training in 14.86s                                                                                                                    
  [Client 9] Starting local training...                                                                                                                     
  [Client 9] Finished training in 18.37s                                                                                                                    
  [Client 6] Starting local training...                                                                                                                     
  [Client 6] Finished training in 9.06s                                                                                                                     
  [Client 2] Starting local training...                                                                                                                     
  [Client 2] Finished training in 5.32s                                                                                                                     
  [Client 7] Starting local training...                                                                                                                     
  [Client 7] Finished training in 2.50s                                                                                                                     
  [Client 8] Starting local training...                                                                                                                     
  [Client 8] Finished training in 12.78s                                                                                                                    
  [Client 4] Starting local training...                                                                                                                     
  [Client 4] Finished training in 3.80s                                                                                                                     
[Round 3] layer_lambdas: 9=0.0265, 10=0.0268, 11=0.0267, classifier=0.0800                                                                                  
[FedLateGram Round 4] avg task: 1.5329 | avg gram: 0.1380                                                                                                   
ROUND 4 FINISHED in 92.01s (Avg: 93.50s)                                                                                                                    
  [FedLateGram] Saved checkpoint after round 4 →                                                                                                            
/home/luis.mendezl/Thesis/logs/runs/cifar10/fedlategram/vig_tiny/alpha0.1/seed42/checkpoints/training_state.pt                                              
---------------------------- ROUND 5/50 START ----------------------------                                                                                  
Selected clients: [7, 8, 1, 3, 0, 4, 2, 6, 9, 5]                                                                                                            
  [Client 7] Starting local training...                                                                                                                     
  [Client 7] Finished training in 2.57s                                                                                                                     
  [Client 8] Starting local training...                                                                                                                     
  [Client 8] Finished training in 11.07s                                                                                                                    
  [Client 1] Starting local training...                                                                                                                     
  [Client 1] Finished training in 11.21s                                                                                                                    
  [Client 3] Starting local training...                                                                                                                     
  [Client 3] Finished training in 1.54s                                                                                                                     
  [Client 0] Starting local training...                                                                                                                     
  [Client 0] Finished training in 19.17s                                                                                                                    
  [Client 4] Starting local training...                                                                                                                     
  [Client 4] Finished training in 3.61s                                                                                                                     
  [Client 2] Starting local training...                                                                                                                     
  [Client 2] Finished training in 5.02s                                                                                                                     
  [Client 6] Starting local training...                                                                                                                     
  [Client 6] Finished training in 8.88s                                                                                                                     
  [Client 9] Starting local training...                                                                                                                     
  [Client 9] Finished training in 18.35s                                                                                                                    
  [Client 5] Starting local training...                                                                                                                     
  [Client 5] Finished training in 10.08s                                                                                                                    
[Round 4] layer_lambdas: 9=0.0265, 10=0.0268, 11=0.0267, classifier=0.0800                                                                                  
[FedLateGram Round 5] avg task: 1.5092 | avg gram: 0.1381                                                                                                   
  [CKA] Saved checkpoints for round 5 (10 clients) → /home/luis.mendezl/Thesis/logs/runs/cifar10/fedlategram/vig_tiny/alpha0.1/seed42/checkpoints/round_0005
ROUND 5 FINISHED in 95.26s (Avg: 93.85s)                                                                                                                    
  [FedLateGram] Saved checkpoint after round 5 →                                                                                                            
/home/luis.mendezl/Thesis/logs/runs/cifar10/fedlategram/vig_tiny/alpha0.1/seed42/checkpoints/training_state.pt                                              
---------------------------- ROUND 6/50 START ----------------------------                                                                                  
Selected clients: [1, 0, 3, 6, 2, 8, 9, 4, 7, 5]                                                                                                            
  [Client 1] Starting local training...                                                                                                                     
  [Client 1] Finished training in 11.99s                                                                                                                    
  [Client 0] Starting local training...                                                                                                                     
  [Client 0] Finished training in 18.60s                                                                                                                    
  [Client 3] Starting local training...                                                                                                                     
  [Client 3] Finished training in 1.49s                                                                                                                     
  [Client 6] Starting local training...                                                                                                                     
  [Client 6] Finished training in 9.64s                                                                                                                     
  [Client 2] Starting local training...                                                                                                                     
  [Client 2] Finished training in 5.16s                                                                                                                     
  [Client 8] Starting local training...                                                                                                                     
  [Client 8] Finished training in 12.00s                                                                                                                    
  [Client 9] Starting local training...                                                                                                                     
  [Client 9] Finished training in 18.39s                                                                                                                    
  [Client 4] Starting local training...                                                                                                                     
  [Client 4] Finished training in 3.88s                                                                                                                     
  [Client 7] Starting local training...                                                                                                                     
  [Client 7] Finished training in 2.51s                                                                                                                     
  [Client 5] Starting local training...                                                                                                                     
  [Client 5] Finished training in 8.26s                                                                                                                     
[Round 5] layer_lambdas: 9=0.0265, 10=0.0268, 11=0.0267, classifier=0.0800                                                                                  
[FedLateGram Round 6] avg task: 1.5237 | avg gram: 0.1380                                                                                                   
ROUND 6 FINISHED in 92.91s (Avg: 93.69s)                                                                                                                    
  [FedLateGram] Saved checkpoint after round 6 →                                                                                                            
/home/luis.mendezl/Thesis/logs/runs/cifar10/fedlategram/vig_tiny/alpha0.1/seed42/checkpoints/training_state.pt                                              
---------------------------- ROUND 7/50 START ----------------------------                                                                                  
Selected clients: [7, 5, 2, 9, 6, 1, 8, 3, 0, 4]                                                                                                            
  [Client 7] Starting local training...                                                                                                                     
  [Client 7] Finished training in 2.66s                                                                                                                     
  [Client 5] Starting local training...                                                                                                                     
  [Client 5] Finished training in 10.27s                                                                                                                    
  [Client 2] Starting local training...                                                                                                                     
  [Client 2] Finished training in 5.42s                                                                                                                     
  [Client 9] Starting local training...                                                                                                                     
  [Client 9] Finished training in 17.76s                                                                                                                    
  [Client 6] Starting local training...                                                                                                                     
  [Client 6] Finished training in 8.56s                                                                                                                     
  [Client 1] Starting local training...                                                                                                                     
  [Client 1] Finished training in 12.34s                                                                                                                    
  [Client 8] Starting local training...                                                                                                                     
  [Client 8] Finished training in 11.98s                                                                                                                    
  [Client 3] Starting local training...                                                                                                                     
  [Client 3] Finished training in 1.32s                                                                                                                     
  [Client 0] Starting local training...                                                                                                                     
  [Client 0] Finished training in 15.20s                                                                                                                    
  [Client 4] Starting local training...                                                                                                                     
  [Client 4] Finished training in 3.62s                                                                                                                     
[Round 6] layer_lambdas: 9=0.0265, 10=0.0268, 11=0.0267, classifier=0.0800                                                                                  
[FedLateGram Round 7] avg task: 1.5233 | avg gram: 0.1381                                                                                                   
ROUND 7 FINISHED in 90.29s (Avg: 93.21s)                                                                                                                    
  [FedLateGram] Saved checkpoint after round 7 →                                                                                                            
/home/luis.mendezl/Thesis/logs/runs/cifar10/fedlategram/vig_tiny/alpha0.1/seed42/checkpoints/training_state.pt                                              
---------------------------- ROUND 8/50 START ----------------------------                                                                                  
Selected clients: [8, 3, 2, 9, 6, 7, 1, 4, 5, 0]                                                                                                            
  [Client 8] Starting local training...                                                                                                                     
  [Client 8] Finished training in 12.13s                                                                                                                    
  [Client 3] Starting local training...                                                                                                                     
  [Client 3] Finished training in 1.36s                                                                                                                     
  [Client 2] Starting local training...                                                                                                                     
  [Client 2] Finished training in 5.45s                                                                                                                     
  [Client 9] Starting local training...                                                                                                                     
  [Client 9] Finished training in 18.81s                                                                                                                    
  [Client 6] Starting local training...                                                                                                                     
  [Client 6] Finished training in 9.01s                                                                                                                     
  [Client 7] Starting local training...                                                                                                                     
  [Client 7] Finished training in 2.56s                                                                                                                     
  [Client 1] Starting local training...                                                                                                                     
  [Client 1] Finished training in 12.24s                                                                                                                    
  [Client 4] Starting local training...                                                                                                                     
  [Client 4] Finished training in 3.09s                                                                                                                     
  [Client 5] Starting local training...                                                                                                                     
  [Client 5] Finished training in 10.16s                                                                                                                    
  [Client 0] Starting local training...                                                                                                                     
  [Client 0] Finished training in 17.81s                                                                                                                    
[Round 7] layer_lambdas: 9=0.0265, 10=0.0268, 11=0.0267, classifier=0.0800                                                                                  
[FedLateGram Round 8] avg task: 1.5219 | avg gram: 0.1380                                                                                                   
ROUND 8 FINISHED in 93.62s (Avg: 93.26s)                                                                                                                    
  [FedLateGram] Saved checkpoint after round 8 →                                                                                                            
/home/luis.mendezl/Thesis/logs/runs/cifar10/fedlategram/vig_tiny/alpha0.1/seed42/checkpoints/training_state.pt                                              
---------------------------- ROUND 9/50 START ----------------------------                                                                                  
Selected clients: [3, 0, 5, 9, 2, 8, 1, 7, 6, 4]                                                                                                            
  [Client 3] Starting local training...                                                                                                                     
  [Client 3] Finished training in 1.58s                                                                                                                     
  [Client 0] Starting local training...                                                                                                                     
  [Client 0] Finished training in 19.05s                                                                                                                    
  [Client 5] Starting local training...                                                                                                                     
  [Client 5] Finished training in 9.79s                                                                                                                     
  [Client 9] Starting local training...                                                                                                                     
  [Client 9] Finished training in 16.98s                                                                                                                    
  [Client 2] Starting local training...                                                                                                                     
  [Client 2] Finished training in 4.18s                                                                                                                     
  [Client 8] Starting local training...                                                                                                                     
  [Client 8] Finished training in 12.19s                                                                                                                    
  [Client 1] Starting local training...                                                                                                                     
  [Client 1] Finished training in 13.35s                                                                                                                    
  [Client 7] Starting local training...                                                                                                                     
  [Client 7] Finished training in 2.64s                                                                                                                     
  [Client 6] Starting local training...                                                                                                                     
  [Client 6] Finished training in 8.88s                                                                                                                     
  [Client 4] Starting local training...                                                                                                                     
  [Client 4] Finished training in 3.70s                                                                                                                     
[Round 8] layer_lambdas: 9=0.0265, 10=0.0268, 11=0.0267, classifier=0.0800                                                                                  
[FedLateGram Round 9] avg task: 1.5257 | avg gram: 0.1381                                                                                                   
ROUND 9 FINISHED in 93.47s (Avg: 93.28s)                                                                                                                    
  [FedLateGram] Saved checkpoint after round 9 →                                                                                                            
/home/luis.mendezl/Thesis/logs/runs/cifar10/fedlategram/vig_tiny/alpha0.1/seed42/checkpoints/training_state.pt                                              
---------------------------- ROUND 10/50 START ----------------------------                                                                                 
Selected clients: [7, 6, 9, 1, 2, 8, 4, 5, 3, 0]                                                                                                            
  [Client 7] Starting local training...                                                                                                                     
  [Client 7] Finished training in 2.86s                                                                                                                     
client [7]  (testset)   loss: 3130433.6842 -> 18.8698   accuracy: 47.37% -> 15.79%                                                                          
  [Client 6] Starting local training...                                                                                                                     
  [Client 6] Finished training in 8.94s                                                                                                                     
client [6]  (testset)   loss: 6019763.9137 -> 1.5190    accuracy: 0.00% -> 64.75%                                                                           
  [Client 9] Starting local training...                                                                                                                     
  [Client 9] Finished training in 17.53s                                                                                                                    
client [9]  (testset)   loss: 3859583.6347 -> 1.3079    accuracy: 43.34% -> 55.11%                                                                          
  [Client 1] Starting local training...                                                                                                                     
  [Client 1] Finished training in 9.65s                                                                                                                     
client [1]  (testset)   loss: 3025975.7757 -> 2.0143    accuracy: 0.47% -> 44.86%                                                                           
  [Client 2] Starting local training...                                                                                                                     
  [Client 2] Finished training in 5.35s                                                                                                                     
client [2]  (testset)   loss: 4640836.3175 -> 1.5459    accuracy: 9.52% -> 60.32%                                                                           
  [Client 8] Starting local training...                                                                                                                     
  [Client 8] Finished training in 12.69s                                                                                                                    
client [8]  (testset)   loss: 5310849.2217 -> 1.7946    accuracy: 0.49% -> 51.72%                                                                           
  [Client 4] Starting local training...                                                                                                                     
  [Client 4] Finished training in 3.71s                                                                                                                     
client [4]  (testset)   loss: 4557035.6364 -> 3.0758    accuracy: 27.27% -> 36.36%                                                                          
  [Client 5] Starting local training...                                                                                                                     
  [Client 5] Finished training in 10.32s                                                                                                                    
client [5]  (testset)   loss: 4890070.6061 -> 1.7203    accuracy: 0.00% -> 53.33%                                                                           
  [Client 3] Starting local training...                                                                                                                     
  [Client 3] Finished training in 1.40s                                                                                                                     
client [3]  (testset)   loss: 3768430.5000 -> 3768430.5000  accuracy: 0.00% -> 0.00%                                                                        
  [Client 0] Starting local training...                                                                                                                     
  [Client 0] Finished training in 18.31s                                                                                                                    
client [0]  (testset)   loss: 7541363.2242 -> 1.2157    accuracy: 0.00% -> 67.58%                                                                           
[Round 9] layer_lambdas: 9=0.0265, 10=0.0268, 11=0.0267, classifier=0.0800                                                                                  
[FedLateGram Round 10] avg task: 1.5300 | avg gram: 0.1381                                                                                                  
  [CKA] Saved checkpoints for round 10 (10 clients) →                                                                                                       
/home/luis.mendezl/Thesis/logs/runs/cifar10/fedlategram/vig_tiny/alpha0.1/seed42/checkpoints/round_0010                                                     
ROUND 10 FINISHED in 96.51s (Avg: 93.60s)                                                                                                                   
  [FedLateGram] Saved checkpoint after round 10 →                                                                                                           
/home/luis.mendezl/Thesis/logs/runs/cifar10/fedlategram/vig_tiny/alpha0.1/seed42/checkpoints/training_state.pt                                              
---------------------------- ROUND 11/50 START ----------------------------                                                                                 
Selected clients: [9, 6, 5, 1, 8, 4, 3, 0, 2, 7]                                                                                                            
  [Client 9] Starting local training...                                                                                                                     
  [Client 9] Finished training in 15.51s                                                                                                                    
  [Client 6] Starting local training...                                                                                                                     
  [Client 6] Finished training in 8.04s                                                                                                                     
  [Client 5] Starting local training...                                                                                                                     
  [Client 5] Finished training in 9.55s                                                                                                                     
  [Client 1] Starting local training...                                                                                                                     
  [Client 1] Finished training in 13.02s                                                                                                                    
  [Client 8] Starting local training...                                                                                                                     
  [Client 8] Finished training in 11.81s                                                                                                                    
  [Client 4] Starting local training...                                                                                                                     
  [Client 4] Finished training in 3.76s                                                                                                                     
  [Client 3] Starting local training...                                                                                                                     
  [Client 3] Finished training in 1.26s                                                                                                                     
  [Client 0] Starting local training...                                                                                                                     
  [Client 0] Finished training in 17.82s                                                                                                                    
  [Client 2] Starting local training...                                                                                                                     
  [Client 2] Finished training in 5.56s                                                                                                                     
  [Client 7] Starting local training...                                                                                                                     
  [Client 7] Finished training in 2.67s                                                                                                                     
[Round 10] layer_lambdas: 9=0.0265, 10=0.0268, 11=0.0267, classifier=0.0800                                                                                 
[FedLateGram Round 11] avg task: 1.5177 | avg gram: 0.1381                                                                                                  
ROUND 11 FINISHED in 90.05s (Avg: 93.28s)                                                                                                                   
  [FedLateGram] Saved checkpoint after round 11 →                                                                                                           
/home/luis.mendezl/Thesis/logs/runs/cifar10/fedlategram/vig_tiny/alpha0.1/seed42/checkpoints/training_state.pt                                              
---------------------------- ROUND 12/50 START ----------------------------                                                                                 
Selected clients: [2, 9, 6, 4, 0, 3, 7, 8, 1, 5]                                                                                                            
  [Client 2] Starting local training...                                                                                                                     
  [Client 2] Finished training in 4.34s                                                                                                                     
  [Client 9] Starting local training...                                                                                                                     
  [Client 9] Finished training in 19.07s                                                                                                                    
  [Client 6] Starting local training...                                                                                                                     
  [Client 6] Finished training in 8.52s                                                                                                                     
  [Client 4] Starting local training...                                                                                                                     
  [Client 4] Finished training in 3.76s                                                                                                                     
  [Client 0] Starting local training...                                                                                                                     
  [Client 0] Finished training in 17.50s                                                                                                                    
  [Client 3] Starting local training...                                                                                                                     
  [Client 3] Finished training in 1.40s                                                                                                                     
  [Client 7] Starting local training...                                                                                                                     
  [Client 7] Finished training in 2.75s                                                                                                                     
  [Client 8] Starting local training...                                                                                                                     
  [Client 8] Finished training in 11.93s                                                                                                                    
  [Client 1] Starting local training...                                                                                                                     
  [Client 1] Finished training in 13.01s                                                                                                                    
  [Client 5] Starting local training...                                                                                                                     
  [Client 5] Finished training in 8.01s                                                                                                                     
[Round 11] layer_lambdas: 9=0.0265, 10=0.0268, 11=0.0267, classifier=0.0800                                                                                 
[FedLateGram Round 12] avg task: 1.5447 | avg gram: 0.1380                                                                                                  
ROUND 12 FINISHED in 91.17s (Avg: 93.11s)                                                                                                                   
  [FedLateGram] Saved checkpoint after round 12 →                                                                                                           
/home/luis.mendezl/Thesis/logs/runs/cifar10/fedlategram/vig_tiny/alpha0.1/seed42/checkpoints/training_state.pt                                              
---------------------------- ROUND 13/50 START ----------------------------                                                                                 
Selected clients: [8, 0, 1, 5, 4, 2, 6, 9, 7, 3]                                                                                                            
  [Client 8] Starting local training...                                                                                                                     
  [Client 8] Finished training in 12.24s                                                                                                                    
  [Client 0] Starting local training...                                                                                                                     
  [Client 0] Finished training in 17.88s                                                                                                                    
  [Client 1] Starting local training...                                                                                                                     
  [Client 1] Finished training in 12.64s                                                                                                                    
  [Client 5] Starting local training...                                                                                                                     
  [Client 5] Finished training in 10.72s                                                                                                                    
  [Client 4] Starting local training...                                                                                                                     
  [Client 4] Finished training in 3.78s                                                                                                                     
  [Client 2] Starting local training...                                                                                                                     
  [Client 2] Finished training in 5.35s                                                                                                                     
  [Client 6] Starting local training...                                                                                                                     
  [Client 6] Finished training in 9.04s                                                                                                                     
  [Client 9] Starting local training...                                                                                                                     
  [Client 9] Finished training in 15.32s                                                                                                                    
  [Client 7] Starting local training...                                                                                                                     
  [Client 7] Finished training in 2.59s                                                                                                                     
  [Client 3] Starting local training...                                                                                                                     
  [Client 3] Finished training in 1.60s                                                                                                                     
[Round 12] layer_lambdas: 9=0.0265, 10=0.0268, 11=0.0267, classifier=0.0800                                                                                 
[FedLateGram Round 13] avg task: 1.5383 | avg gram: 0.1381                                                                                                  
ROUND 13 FINISHED in 92.20s (Avg: 93.04s)                                                                                                                   
  [FedLateGram] Saved checkpoint after round 13 →                                                                                                           
/home/luis.mendezl/Thesis/logs/runs/cifar10/fedlategram/vig_tiny/alpha0.1/seed42/checkpoints/training_state.pt                                              
---------------------------- ROUND 14/50 START ----------------------------                                                                                 
Selected clients: [2, 7, 0, 5, 6, 9, 1, 4, 8, 3]                                                                                                            
  [Client 2] Starting local training...                                                                                                                     
  [Client 2] Finished training in 5.49s                                                                                                                     
  [Client 7] Starting local training...                                                                                                                     
  [Client 7] Finished training in 2.65s                                                                                                                     
  [Client 0] Starting local training...                                                                                                                     
  [Client 0] Finished training in 17.21s                                                                                                                    
  [Client 5] Starting local training...                                                                                                                     
  [Client 5] Finished training in 10.67s                                                                                                                    
  [Client 6] Starting local training...                                                                                                                     
  [Client 6] Finished training in 8.86s                                                                                                                     
  [Client 9] Starting local training...                                                                                                                     
  [Client 9] Finished training in 16.23s                                                                                                                    
  [Client 1] Starting local training...                                                                                                                     
  [Client 1] Finished training in 11.79s                                                                                                                    
  [Client 4] Starting local training...                                                                                                                     
  [Client 4] Finished training in 3.77s                                                                                                                     
  [Client 8] Starting local training...                                                                                                                     
  [Client 8] Finished training in 12.19s                                                                                                                    
  [Client 3] Starting local training...                                                                                                                     
  [Client 3] Finished training in 1.25s                                                                                                                     
[Round 13] layer_lambdas: 9=0.0266, 10=0.0268, 11=0.0267, classifier=0.0800                                                                                 
[FedLateGram Round 14] avg task: 1.5119 | avg gram: 0.1381                                                                                                  
ROUND 14 FINISHED in 91.29s (Avg: 92.91s)                                                                                                                   
  [FedLateGram] Saved checkpoint after round 14 →                                                                                                           
/home/luis.mendezl/Thesis/logs/runs/cifar10/fedlategram/vig_tiny/alpha0.1/seed42/checkpoints/training_state.pt                                              
---------------------------- ROUND 15/50 START ----------------------------                                                                                 
Selected clients: [8, 3, 2, 7, 1, 4, 0, 6, 5, 9]                                                                                                            
  [Client 8] Starting local training...                                                                                                                     
  [Client 8] Finished training in 12.78s                                                                                                                    
  [Client 3] Starting local training...                                                                                                                     
  [Client 3] Finished training in 1.47s                                                                                                                     
  [Client 2] Starting local training...                                                                                                                     
  [Client 2] Finished training in 5.96s                                                                                                                     
  [Client 7] Starting local training...                                                                                                                     
  [Client 7] Finished training in 2.74s                                                                                                                     
  [Client 1] Starting local training...                                                                                                                     
  [Client 1] Finished training in 12.83s                                                                                                                    
  [Client 4] Starting local training...                                                                                                                     
  [Client 4] Finished training in 3.67s                                                                                                                     
  [Client 0] Starting local training...                                                                                                                     
  [Client 0] Finished training in 14.60s                                                                                                                    
  [Client 6] Starting local training...                                                                                                                     
  [Client 6] Finished training in 9.88s                                                                                                                     
  [Client 5] Starting local training...                                                                                                                     
  [Client 5] Finished training in 9.79s                                                                                                                     
  [Client 9] Starting local training...                                                                                                                     
  [Client 9] Finished training in 18.12s                                                                                                                    
[Round 14] layer_lambdas: 9=0.0265, 10=0.0268, 11=0.0267, classifier=0.0800                                                                                 
[FedLateGram Round 15] avg task: 1.5389 | avg gram: 0.1380                                                                                                  
ROUND 15 FINISHED in 92.99s (Avg: 92.92s)                                                                                                                   
  [FedLateGram] Saved checkpoint after round 15 →                                                                                                           
/home/luis.mendezl/Thesis/logs/runs/cifar10/fedlategram/vig_tiny/alpha0.1/seed42/checkpoints/training_state.pt                                              
---------------------------- ROUND 16/50 START ----------------------------                                                                                 
Selected clients: [0, 1, 5, 6, 2, 8, 9, 3, 7, 4]                                                                                                            
  [Client 0] Starting local training...                                                                                                                     
  [Client 0] Finished training in 17.79s                                                                                                                    
  [Client 1] Starting local training...                                                                                                                     
  [Client 1] Finished training in 11.53s                                                                                                                    
  [Client 5] Starting local training...                                                                                                                     
  [Client 5] Finished training in 7.44s                                                                                                                     
  [Client 6] Starting local training...                                                                                                                     
  [Client 6] Finished training in 6.18s                                                                                                                     
  [Client 2] Starting local training...                                                                                                                     
  [Client 2] Finished training in 3.89s                                                                                                                     
  [Client 8] Starting local training...                                                                                                                     
  [Client 8] Finished training in 12.11s                                                                                                                    
  [Client 9] Starting local training...                                                                                                                     
  [Client 9] Finished training in 17.80s                                                                                                                    
  [Client 3] Starting local training...                                                                                                                     
  [Client 3] Finished training in 1.32s                                                                                                                     
  [Client 7] Starting local training...                                                                                                                     
  [Client 7] Finished training in 2.74s                                                                                                                     
  [Client 4] Starting local training...                                                                                                                     
  [Client 4] Finished training in 4.04s                                                                                                                     
[Round 15] layer_lambdas: 9=0.0265, 10=0.0268, 11=0.0267, classifier=0.0800                                                                                 
[FedLateGram Round 16] avg task: 1.5202 | avg gram: 0.1381                                                                                                  
ROUND 16 FINISHED in 86.06s (Avg: 92.49s)                                                                                                                   
  [FedLateGram] Saved checkpoint after round 16 →                                                                                                           
/home/luis.mendezl/Thesis/logs/runs/cifar10/fedlategram/vig_tiny/alpha0.1/seed42/checkpoints/training_state.pt                                              
---------------------------- ROUND 17/50 START ----------------------------                                                                                 
Selected clients: [7, 1, 2, 8, 5, 3, 6, 4, 9, 0]                                                                                                            
  [Client 7] Starting local training...                                                                                                                     
  [Client 7] Finished training in 2.52s                                                                                                                     
  [Client 1] Starting local training...                                                                                                                     
  [Client 1] Finished training in 12.83s                                                                                                                    
  [Client 2] Starting local training...                                                                                                                     
  [Client 2] Finished training in 4.94s                                                                                                                     
  [Client 8] Starting local training...                                                                                                                     
  [Client 8] Finished training in 12.78s                                                                                                                    
  [Client 5] Starting local training...                                                                                                                     
  [Client 5] Finished training in 8.21s                                                                                                                     
  [Client 3] Starting local training...                                                                                                                     
  [Client 3] Finished training in 1.29s                                                                                                                     
  [Client 6] Starting local training...                                                                                                                     
  [Client 6] Finished training in 9.28s                                                                                                                     
  [Client 4] Starting local training...                                                                                                                     
  [Client 4] Finished training in 3.97s                                                                                                                     
  [Client 9] Starting local training...                                                                                                                     
  [Client 9] Finished training in 19.30s                                                                                                                    
  [Client 0] Starting local training...                                                                                                                     
  [Client 0] Finished training in 18.42s                                                                                                                    
[Round 16] layer_lambdas: 9=0.0265, 10=0.0268, 11=0.0267, classifier=0.0800                                                                                 
[FedLateGram Round 17] avg task: 1.5172 | avg gram: 0.1381                                                                                                  
ROUND 17 FINISHED in 94.60s (Avg: 92.61s)                                                                                                                   
  [FedLateGram] Saved checkpoint after round 17 →                                                                                                           
/home/luis.mendezl/Thesis/logs/runs/cifar10/fedlategram/vig_tiny/alpha0.1/seed42/checkpoints/training_state.pt                                              
---------------------------- ROUND 18/50 START ----------------------------                                                                                 
Selected clients: [8, 3, 4, 9, 5, 2, 6, 7, 1, 0]                                                                                                            
  [Client 8] Starting local training...                                                                                                                     
  [Client 8] Finished training in 12.57s                                                                                                                    
  [Client 3] Starting local training...                                                                                                                     
  [Client 3] Finished training in 1.33s                                                                                                                     
  [Client 4] Starting local training...                                                                                                                     
  [Client 4] Finished training in 3.59s                                                                                                                     
  [Client 9] Starting local training...                                                                                                                     
  [Client 9] Finished training in 14.14s                                                                                                                    
  [Client 5] Starting local training...                                                                                                                     
  [Client 5] Finished training in 10.12s                                                                                                                    
  [Client 2] Starting local training...                                                                                                                     
  [Client 2] Finished training in 5.30s                                                                                                                     
  [Client 6] Starting local training...                                                                                                                     
  [Client 6] Finished training in 9.09s                                                                                                                     
  [Client 7] Starting local training...                                                                                                                     
  [Client 7] Finished training in 2.51s                                                                                                                     
  [Client 1] Starting local training...                                                                                                                     
  [Client 1] Finished training in 12.73s                                                                                                                    
  [Client 0] Starting local training...                                                                                                                     
  [Client 0] Finished training in 19.22s                                                                                                                    
[Round 17] layer_lambdas: 9=0.0265, 10=0.0268, 11=0.0267, classifier=0.0800                                                                                 
[FedLateGram Round 18] avg task: 1.5129 | avg gram: 0.1380                                                                                                  
ROUND 18 FINISHED in 91.52s (Avg: 92.55s)                                                                                                                   
  [FedLateGram] Saved checkpoint after round 18 →                                                                                                           
/home/luis.mendezl/Thesis/logs/runs/cifar10/fedlategram/vig_tiny/alpha0.1/seed42/checkpoints/training_state.pt                                              
---------------------------- ROUND 19/50 START ----------------------------                                                                                 
Selected clients: [3, 9, 1, 2, 0, 4, 7, 6, 5, 8]                                                                                                            
  [Client 3] Starting local training...                                                                                                                     
  [Client 3] Finished training in 1.27s                                                                                                                     
  [Client 9] Starting local training...                                                                                                                     
  [Client 9] Finished training in 15.96s                                                                                                                    
  [Client 1] Starting local training...                                                                                                                     
  [Client 1] Finished training in 12.54s                                                                                                                    
  [Client 2] Starting local training...                                                                                                                     
  [Client 2] Finished training in 5.55s                                                                                                                     
  [Client 0] Starting local training...                                                                                                                     
  [Client 0] Finished training in 18.60s                                                                                                                    
  [Client 4] Starting local training...                                                                                                                     
  [Client 4] Finished training in 4.07s                                                                                                                     
  [Client 7] Starting local training...                                                                                                                     
  [Client 7] Finished training in 2.93s                                                                                                                     
  [Client 6] Starting local training...                                                                                                                     
  [Client 6] Finished training in 8.82s                                                                                                                     
  [Client 5] Starting local training...                                                                                                                     
  [Client 5] Finished training in 10.21s                                                                                                                    
  [Client 8] Starting local training...                                                                                                                     
  [Client 8] Finished training in 11.75s                                                                                                                    
[Round 18] layer_lambdas: 9=0.0265, 10=0.0268, 11=0.0267, classifier=0.0800                                                                                 
[FedLateGram Round 19] avg task: 1.5250 | avg gram: 0.1381                                                                                                  
ROUND 19 FINISHED in 92.86s (Avg: 92.57s)                                                                                                                   
  [FedLateGram] Saved checkpoint after round 19 →                                                                                                           
/home/luis.mendezl/Thesis/logs/runs/cifar10/fedlategram/vig_tiny/alpha0.1/seed42/checkpoints/training_state.pt                                              
---------------------------- ROUND 20/50 START ----------------------------                                                                                 
Selected clients: [1, 0, 3, 8, 6, 2, 5, 4, 7, 9]                                                                                                            
  [Client 1] Starting local training...                                                                                                                     
  [Client 1] Finished training in 12.02s                                                                                                                    
client [1]  (testset)   loss: 3508534.3738 -> 1.3899    accuracy: 50.47% -> 64.49%                                                                          
  [Client 0] Starting local training...                                                                                                                     
  [Client 0] Finished training in 17.61s                                                                                                                    
client [0]  (testset)   loss: 8247555.3939 -> 1.3019    accuracy: 0.00% -> 63.94%                                                                           
  [Client 3] Starting local training...                                                                                                                     
  [Client 3] Finished training in 1.43s                                                                                                                     
client [3]  (testset)   loss: 4246952.0000 -> 4246952.0000  accuracy: 0.00% -> 0.00%                                                                        
  [Client 8] Starting local training...                                                                                                                     
  [Client 8] Finished training in 12.37s                                                                                                                    
client [8]  (testset)   loss: 5416454.7783 -> 1.8023    accuracy: 6.90% -> 46.80%                                                                           
  [Client 6] Starting local training...                                                                                                                     
  [Client 6] Finished training in 9.38s                                                                                                                     
client [6]  (testset)   loss: 7455287.8273 -> 1.6316    accuracy: 4.32% -> 64.75%                                                                           
  [Client 2] Starting local training...                                                                                                                     
  [Client 2] Finished training in 4.95s                                                                                                                     
client [2]  (testset)   loss: 4594626.5397 -> 1.5532    accuracy: 0.00% -> 50.79%                                                                           
  [Client 5] Starting local training...                                                                                                                     
  [Client 5] Finished training in 11.33s                                                                                                                    
client [5]  (testset)   loss: 5705106.5818 -> 1.8204    accuracy: 11.52% -> 53.33%                                                                          
  [Client 4] Starting local training...                                                                                                                     
  [Client 4] Finished training in 4.10s                                                                                                                     
client [4]  (testset)   loss: 5862886.8030 -> 3.2877    accuracy: 0.00% -> 24.24%                                                                           
  [Client 7] Starting local training...                                                                                                                     
  [Client 7] Finished training in 2.75s                                                                                                                     
client [7]  (testset)   loss: 4120965.4737 -> 22.0848   accuracy: 0.00% -> 10.53%                                                                           
  [Client 9] Starting local training...                                                                                                                     
  [Client 9] Finished training in 15.33s                                                                                                                    
client [9]  (testset)   loss: 4384961.6099 -> 1.2167    accuracy: 0.31% -> 55.73%                                                                           
[Round 19] layer_lambdas: 9=0.0265, 10=0.0268, 11=0.0267, classifier=0.0800                                                                                 
[FedLateGram Round 20] avg task: 1.5165 | avg gram: 0.1381                                                                                                  
  [CKA] Saved checkpoints for round 20 (10 clients) →                                                                                                       
/home/luis.mendezl/Thesis/logs/runs/cifar10/fedlategram/vig_tiny/alpha0.1/seed42/checkpoints/round_0020                                                     
ROUND 20 FINISHED in 95.08s (Avg: 92.69s)                                                                                                                   
  [FedLateGram] Saved checkpoint after round 20 →                                                                                                           
/home/luis.mendezl/Thesis/logs/runs/cifar10/fedlategram/vig_tiny/alpha0.1/seed42/checkpoints/training_state.pt                                              
---------------------------- ROUND 21/50 START ----------------------------                                                                                 
Selected clients: [7, 3, 2, 5, 4, 6, 8, 0, 1, 9]                                                                                                            
  [Client 7] Starting local training...                                                                                                                     
  [Client 7] Finished training in 2.48s                                                                                                                     
  [Client 3] Starting local training...                                                                                                                     
  [Client 3] Finished training in 1.31s                                                                                                                     
  [Client 2] Starting local training...                                                                                                                     
  [Client 2] Finished training in 4.67s                                                                                                                     
  [Client 5] Starting local training...                                                                                                                     
  [Client 5] Finished training in 9.30s                                                                                                                     
  [Client 4] Starting local training...                                                                                                                     
  [Client 4] Finished training in 3.90s                                                                                                                     
  [Client 6] Starting local training...                                                                                                                     
  [Client 6] Finished training in 10.25s                                                                                                                    
  [Client 8] Starting local training...                                                                                                                     
  [Client 8] Finished training in 12.38s                                                                                                                    
  [Client 0] Starting local training...                                                                                                                     
  [Client 0] Finished training in 18.99s                                                                                                                    
  [Client 1] Starting local training...                                                                                                                     
  [Client 1] Finished training in 10.97s                                                                                                                    
  [Client 9] Starting local training...                                                                                                                     
  [Client 9] Finished training in 18.65s                                                                                                                    
[Round 20] layer_lambdas: 9=0.0265, 10=0.0268, 11=0.0267, classifier=0.0800                                                                                 
[FedLateGram Round 21] avg task: 1.5244 | avg gram: 0.1380                                                                                                  
ROUND 21 FINISHED in 93.93s (Avg: 92.75s)                                                                                                                   
  [FedLateGram] Saved checkpoint after round 21 →                                                                                                           
/home/luis.mendezl/Thesis/logs/runs/cifar10/fedlategram/vig_tiny/alpha0.1/seed42/checkpoints/training_state.pt                                              
---------------------------- ROUND 22/50 START ----------------------------                                                                                 
Selected clients: [3, 1, 8, 5, 9, 2, 6, 7, 4, 0]                                                                                                            
  [Client 3] Starting local training...                                                                                                                     
  [Client 3] Finished training in 1.70s                                                                                                                     
  [Client 1] Starting local training...                                                                                                                     
