==================== DriftFedAvg ====================                                                                                                       
Experiment Arguments:                                                                                                                                       
{
│   'method': 'driftfedavg',
│   'dataset': {
│   │   'name': 'tumor',
│   │   'partition_dir': 'iid',
│   │   'client_num': 10,
│   │   'test_ratio': 0.25,
│   │   'val_ratio': 0.0,
│   │   'seed': 42,
│   │   'split': 'sample',
│   │   'IID_ratio': 1.0,
│   │   'monitor_window_name_suffix': 'tumor-10clients-100%IID-seed42'
│   },
│   'model': {
│   │   'name': 'vim_tiny',
│   │   'use_torchvision_pretrained_weights': False,
│   │   'external_model_weights_path': None
│   },
│   'lr_scheduler': {
│   │   'T_max': 100,
│   │   'eta_min': 1e-05,
│   │   'last_epoch': -1,
│   │   'name': 'cosine'
│   },
│   'optimizer': {
│   │   'lr': 0.01,
│   │   'dampening': 0,
│   │   'weight_decay': 0.0001,
│   │   'momentum': 0.9,
│   │   'nesterov': False,
│   │   'name': 'sgd'
│   },
│   'mode': 'parallel',
│   'parallel': {
│   │   'ray_cluster_addr': None,
│   │   'num_cpus': 128.0,
│   │   'num_gpus': 1.0,
│   │   'num_workers': 4
│   },
│   'common': {
│   │   'seed': 42,
│   │   'join_ratio': 1.0,
│   │   'global_epoch': 20,
│   │   'local_epoch': 5,
│   │   'batch_size': 32,
│   │   'reset_optimizer_on_global_epoch': True,
│   │   'straggler_ratio': 0,
│   │   'straggler_min_local_epoch': 0,
│   │   'buffers': 'global',
│   │   'client_side_evaluation': True,
│   │   'test': {
│   │   │   'client': {
│   │   │   │   'interval': 1,
│   │   │   │   'finetune_epoch': 0,
│   │   │   │   'train': False,
│   │   │   │   'val': False,
│   │   │   │   'test': True
│   │   │   },
│   │   │   'server': {
│   │   │   │   'interval': 1,
│   │   │   │   'train': False,
│   │   │   │   'val': False,
│   │   │   │   'test': True,
│   │   │   │   'model_in_train_mode': False
│   │   │   }
│   │   },
│   │   'verbose_gap': 10,
│   │   'monitor': 'tensorboard',
│   │   'use_cuda': True,
│   │   'save_log': True,
│   │   'save_model': False,
│   │   'save_learning_curve_plot': True,
│   │   'save_metrics': True,
│   │   'delete_useless_run': True,
│   │   'dataloader_num_workers': 2
│   }
}
---------------------------- TRAINING EPOCH: 10 ----------------------------
client [7]  (testset)   loss: 0.5176 -> 0.6833  accuracy: 84.00% -> 78.86%  
client [6]  (testset)   loss: 0.5283 -> 0.8504  accuracy: 82.29% -> 71.43%  
client [9]  (testset)   loss: 0.6827 -> 0.6354  accuracy: 81.71% -> 78.29%  
client [1]  (testset)   loss: 0.3894 -> 0.5976  accuracy: 87.43% -> 80.00%  
client [2]  (testset)   loss: 0.5820 -> 0.7802  accuracy: 80.00% -> 76.00%  
client [8]  (testset)   loss: 0.3848 -> 0.6239  accuracy: 85.71% -> 79.43%  
client [4]  (testset)   loss: 0.4554 -> 0.6835  accuracy: 85.71% -> 78.86%  
client [5]  (testset)   loss: 0.5234 -> 0.8657  accuracy: 83.43% -> 74.86%  
client [3]  (testset)   loss: 0.5315 -> 0.7612  accuracy: 84.00% -> 77.71%  
client [0]  (testset)   loss: 0.6920 -> 0.9564  accuracy: 78.29% -> 74.29%  
---------------------------- TRAINING EPOCH: 20 ----------------------------
client [1]  (testset)   loss: 0.2822 -> 0.3231  accuracy: 92.00% -> 89.71%  
client [3]  (testset)   loss: 0.4954 -> 0.5553  accuracy: 85.71% -> 84.57%  
client [8]  (testset)   loss: 0.4173 -> 0.4637  accuracy: 88.57% -> 86.29%  
client [0]  (testset)   loss: 0.6935 -> 0.7367  accuracy: 84.00% -> 80.00%  
client [6]  (testset)   loss: 0.4768 -> 0.6177  accuracy: 86.86% -> 82.86%  
client [2]  (testset)   loss: 0.4564 -> 0.6444  accuracy: 85.14% -> 82.29%  
client [4]  (testset)   loss: 0.4043 -> 0.5717  accuracy: 88.57% -> 85.14%  
client [5]  (testset)   loss: 0.4849 -> 0.4777  accuracy: 89.14% -> 87.43%  
client [7]  (testset)   loss: 0.5438 -> 0.5384  accuracy: 84.57% -> 83.43%  
client [9]  (testset)   loss: 0.5848 -> 0.5897  accuracy: 84.57% -> 82.29%  
DriftFedAvg's average time taken by each global epoch: 0 min 46.16 sec.     
DriftFedAvg's total running time: 0 h 17 m 30 s.                            
==================== DriftFedAvg Experiment Results: ====================   
Display format: (before local fine-tuning) -> (after local fine-tuning)     
 So if finetune_epoch = 0, x.xx% -> 0.00% is normal.                        
 Centralized testing ONLY happens after model aggregation, so the stats     
between '->' are the same.                                                  
{                                                                           
    "1": {                                                                  
        "centralized": {                                                    
            "test": {                                                       
                "loss": "1.1504 -> 1.1504",                                 
                "accuracy": "44.63% -> 44.63%"                              
            }                                                               
        },                                                                  
        "all_clients": {                                                    
            "test": {                                                       
                "loss": "1.1504 -> 0.0000",                                 
                "accuracy": "44.63% -> 0.00%"                               
            }                                                               
        }                                                                   
    },                                                                      
    "2": {                                                                  
        "centralized": {                                                    
            "test": {                                                       
                "loss": "0.8535 -> 0.8535",                                 
                "accuracy": "64.69% -> 64.69%"                              
            }                                                               
        },                                                                  
        "all_clients": {                                                    
            "test": {                                                       
                "loss": "0.8535 -> 0.0000",                                 
                "accuracy": "64.69% -> 0.00%"                               
            }                                                               
        }                                                                   
    },                                                                      
    "3": {                                                                  
        "centralized": {                                                    
            "test": {                                                       
                "loss": "0.7035 -> 0.7035",                                 
                "accuracy": "73.60% -> 73.60%"                              
            }                                                               
        },                                                                  
        "all_clients": {                                                    
            "test": {                                                       
                "loss": "0.7035 -> 0.0000",                                 
                "accuracy": "73.60% -> 0.00%"                               
            }                                                               
        }                                                                   
    },                                                                      
    "4": {                                                                  
        "centralized": {                                                    
            "test": {                                                       
                "loss": "0.6513 -> 0.6513",                                 
                "accuracy": "77.31% -> 77.31%"                              
            }                                                               
        },                                                                  
        "all_clients": {                                                    
            "test": {                                                       
                "loss": "0.6513 -> 0.0000",                                 
                "accuracy": "77.31% -> 0.00%"                               
            }                                                               
        }                                                                   
    },                                                                      
    "5": {                                                                  
        "centralized": {                                                    
            "test": {                                                       
                "loss": "0.6112 -> 0.6112",                                 
                "accuracy": "78.51% -> 78.51%"                              
            }                                                               
        },                                                                  
        "all_clients": {                                                    
            "test": {                                                       
                "loss": "0.6112 -> 0.0000",                                 
                "accuracy": "78.51% -> 0.00%"                               
            }                                                               
        }                                                                   
    },                                                                      
    "6": {                                                                  
        "centralized": {                                                    
            "test": {                                                       
                "loss": "0.5508 -> 0.5508",                                 
                "accuracy": "81.37% -> 81.37%"                              
            }                                                               
        },                                                                  
        "all_clients": {                                                    
            "test": {                                                       
                "loss": "0.5508 -> 0.0000",                                 
                "accuracy": "81.37% -> 0.00%"                               
            }                                                               
        }                                                                   
    },                                                                      
    "7": {                                                                  
        "centralized": {                                                    
            "test": {                                                       
                "loss": "0.5306 -> 0.5306",                                 
                "accuracy": "82.00% -> 82.00%"                              
            }                                                               
        },                                                                  
        "all_clients": {                                                    
            "test": {                                                       
                "loss": "0.5306 -> 0.0000",                                 
                "accuracy": "82.00% -> 0.00%"                               
            }                                                               
        }                                                                   
    },                                                                      
    "8": {                                                                  
        "centralized": {                                                    
            "test": {                                                       
                "loss": "0.5291 -> 0.5291",                                 
                "accuracy": "82.00% -> 82.00%"                              
            }                                                               
        },                                                                  
        "all_clients": {                                                    
            "test": {                                                       
                "loss": "0.5291 -> 0.0000",                                 
                "accuracy": "82.00% -> 0.00%"                               
            }                                                               
        }                                                                   
    },                                                                      
    "9": {                                                                  
        "centralized": {                                                    
            "test": {                                                       
                "loss": "0.5287 -> 0.5287",                                 
                "accuracy": "83.26% -> 83.26%"                              
            }                                                               
        },                                                                  
        "all_clients": {                                                    
            "test": {                                                       
                "loss": "0.5287 -> 0.0000",                                 
                "accuracy": "83.26% -> 0.00%"                               
            }                                                               
        }                                                                   
    },                                                                      
    "10": {                                                                 
        "centralized": {                                                    
            "test": {                                                       
                "loss": "0.5297 -> 0.5297",                                 
                "accuracy": "82.46% -> 82.46%"                              
            }                                                               
        },                                                                  
        "all_clients": {                                                    
            "test": {                                                       
                "loss": "0.5297 -> 0.0000",                                 
                "accuracy": "82.46% -> 0.00%"                               
            }                                                               
        }                                                                   
    },                                                                      
    "11": {                                                                 
        "centralized": {                                                    
            "test": {                                                       
                "loss": "0.4958 -> 0.4958",                                 
                "accuracy": "84.00% -> 84.00%"                              
            }                                                               
        },                                                                  
        "all_clients": {                                                    
            "test": {                                                       
                "loss": "0.4958 -> 0.0000",                                 
                "accuracy": "84.00% -> 0.00%"                               
            }                                                               
        }                                                                   
    },                                                                      
    "12": {                                                                 
        "centralized": {                                                    
            "test": {                                                       
                "loss": "0.5018 -> 0.5018",                                 
                "accuracy": "84.97% -> 84.97%"                              
            }                                                               
        },                                                                  
        "all_clients": {                                                    
            "test": {                                                       
                "loss": "0.5018 -> 0.0000",                                 
                "accuracy": "84.97% -> 0.00%"                               
            }                                                               
        }                                                                   
    },                                                                      
    "13": {                                                                 
        "centralized": {                                                    
            "test": {                                                       
                "loss": "0.5166 -> 0.5166",                                 
                "accuracy": "85.14% -> 85.14%"                              
            }                                                               
        },                                                                  
        "all_clients": {                                                    
            "test": {                                                       
                "loss": "0.5166 -> 0.0000",                                 
                "accuracy": "85.14% -> 0.00%"                               
            }                                                               
        }                                                                   
    },                                                                      
    "14": {                                                                 
        "centralized": {                                                    
            "test": {                                                       
                "loss": "0.4898 -> 0.4898",                                 
                "accuracy": "85.14% -> 85.14%"                              
            }                                                               
        },                                                                  
        "all_clients": {                                                    
            "test": {                                                       
                "loss": "0.4898 -> 0.0000",                                 
                "accuracy": "85.14% -> 0.00%"                               
            }                                                               
        }                                                                   
    },                                                                      
    "15": {                                                                 
        "centralized": {                                                    
            "test": {                                                       
                "loss": "0.5059 -> 0.5059",                                 
                "accuracy": "85.66% -> 85.66%"                              
            }                                                               
        },                                                                  
        "all_clients": {                                                    
            "test": {                                                       
                "loss": "0.5059 -> 0.0000",                                 
                "accuracy": "85.66% -> 0.00%"                               
            }                                                               
        }                                                                   
    },                                                                      
    "16": {                                                                 
        "centralized": {                                                    
            "test": {                                                       
                "loss": "0.4826 -> 0.4826",                                 
                "accuracy": "86.06% -> 86.06%"                              
            }                                                               
        },                                                                  
        "all_clients": {                                                    
            "test": {                                                       
                "loss": "0.4826 -> 0.0000",                                 
                "accuracy": "86.06% -> 0.00%"                               
            }                                                               
        }                                                                   
    },                                                                      
    "17": {                                                                 
        "centralized": {                                                    
            "test": {                                                       
                "loss": "0.4934 -> 0.4934",                                 
                "accuracy": "85.94% -> 85.94%"                              
            }                                                               
        },                                                                  
        "all_clients": {                                                    
            "test": {                                                       
                "loss": "0.4934 -> 0.0000",                                 
                "accuracy": "85.94% -> 0.00%"                               
            }                                                               
        }                                                                   
    },                                                                      
    "18": {                                                                 
        "centralized": {                                                    
            "test": {                                                       
                "loss": "0.4789 -> 0.4789",                                 
                "accuracy": "86.51% -> 86.51%"                              
            }                                                               
        },                                                                  
        "all_clients": {                                                    
            "test": {                                                       
                "loss": "0.4789 -> 0.0000",                                 
                "accuracy": "86.51% -> 0.00%"                               
            }                                                               
        }                                                                   
    },                                                                      
    "19": {                                                                 
        "centralized": {                                                    
            "test": {                                                       
                "loss": "0.4840 -> 0.4840",                                 
                "accuracy": "86.91% -> 86.91%"                              
            }                                                               
        },                                                                  
        "all_clients": {                                                    
            "test": {                                                       
                "loss": "0.4840 -> 0.0000",                                 
                "accuracy": "86.91% -> 0.00%"                               
            }                                                               
        }                                                                   
    },                                                                      
    "20": {                                                                 
        "centralized": {                                                    
            "test": {                                                       
                "loss": "0.4502 -> 0.4502",                                 
                "accuracy": "86.91% -> 86.91%"                              
            }                                                               
        },                                                                  
        "all_clients": {                                                    
            "test": {                                                       
                "loss": "0.4502 -> 0.0000",                                 
                "accuracy": "86.91% -> 0.00%"                               
            }                                                               
        }                                                                   
    }                                                                       
}                                                                           
==================== DriftFedAvg Max Accuracy ====================          
all_clients:                                                                
(test) before fine-tuning: 86.91% at epoch 19                               
(test) after fine-tuning: 0.00% at epoch 1                                  
centralized:                                                                
(test) before fine-tuning: 86.91% at epoch 19                               
(test) after fine-tuning: 86.91% at epoch 19                                
