==================== DriftFedAvg ====================                                                                                                       
Experiment Arguments:                                                                                                                                       
{
│   'method': 'driftfedavg',
│   'dataset': {
│   │   'name': 'tumor',
│   │   'partition_dir': 'iid',
│   │   'client_num': 10,
│   │   'test_ratio': 0.25,
│   │   'val_ratio': 0.0,
│   │   'seed': 42,
│   │   'split': 'sample',
│   │   'IID_ratio': 1.0,
│   │   'monitor_window_name_suffix': 'tumor-10clients-100%IID-seed42'
│   },
│   'model': {
│   │   'name': 'efficient0',
│   │   'use_torchvision_pretrained_weights': False,
│   │   'external_model_weights_path': None
│   },
│   'lr_scheduler': {
│   │   'T_max': 100,
│   │   'eta_min': 1e-05,
│   │   'last_epoch': -1,
│   │   'name': 'cosine'
│   },
│   'optimizer': {
│   │   'lr': 0.01,
│   │   'dampening': 0,
│   │   'weight_decay': 0.0001,
│   │   'momentum': 0.9,
│   │   'nesterov': False,
│   │   'name': 'sgd'
│   },
│   'mode': 'parallel',
│   'parallel': {
│   │   'ray_cluster_addr': None,
│   │   'num_cpus': 128.0,
│   │   'num_gpus': 1.0,
│   │   'num_workers': 4
│   },
│   'common': {
│   │   'seed': 42,
│   │   'join_ratio': 1.0,
│   │   'global_epoch': 20,
│   │   'local_epoch': 5,
│   │   'batch_size': 32,
│   │   'reset_optimizer_on_global_epoch': True,
│   │   'straggler_ratio': 0,
│   │   'straggler_min_local_epoch': 0,
│   │   'buffers': 'global',
│   │   'client_side_evaluation': True,
│   │   'test': {
│   │   │   'client': {
│   │   │   │   'interval': 1,
│   │   │   │   'finetune_epoch': 0,
│   │   │   │   'train': False,
│   │   │   │   'val': False,
│   │   │   │   'test': True
│   │   │   },
│   │   │   'server': {
│   │   │   │   'interval': 1,
│   │   │   │   'train': False,
│   │   │   │   'val': False,
│   │   │   │   'test': True,
│   │   │   │   'model_in_train_mode': False
│   │   │   }
│   │   },
│   │   'verbose_gap': 10,
│   │   'monitor': 'tensorboard',
│   │   'use_cuda': True,
│   │   'save_log': True,
│   │   'save_model': False,
│   │   'save_learning_curve_plot': True,
│   │   'save_metrics': True,
│   │   'delete_useless_run': True,
│   │   'dataloader_num_workers': 2
│   }
}
---------------------------- TRAINING EPOCH: 10 ----------------------------                                                                                
client [7]  (testset)   loss: 0.4926 -> 0.6799  accuracy: 86.86% -> 82.86%                                                                                  
client [6]  (testset)   loss: 0.5981 -> 0.7848  accuracy: 81.71% -> 76.57%                                                                                  
client [9]  (testset)   loss: 0.6192 -> 0.8626  accuracy: 80.57% -> 74.29%                                                                                  
client [1]  (testset)   loss: 0.4484 -> 0.5561  accuracy: 87.43% -> 82.29%                                                                                  
client [8]  (testset)   loss: 0.4495 -> 0.5169  accuracy: 85.14% -> 81.14%                                                                                  
client [2]  (testset)   loss: 0.5028 -> 0.6000  accuracy: 84.57% -> 84.00%                                                                                  
client [4]  (testset)   loss: 0.5236 -> 0.4858  accuracy: 85.71% -> 84.57%                                                                                  
client [5]  (testset)   loss: 0.5319 -> 1.2015  accuracy: 83.43% -> 70.29%                                                                                  
client [3]  (testset)   loss: 0.3801 -> 0.4956  accuracy: 84.00% -> 85.71%                                                                                  
client [0]  (testset)   loss: 0.5748 -> 0.9919  accuracy: 82.29% -> 69.71%                                                                                  
---------------------------- TRAINING EPOCH: 20 ----------------------------                                                                                
client [0]  (testset)   loss: 0.2598 -> 0.2061  accuracy: 94.29% -> 94.29%                                                                                  
client [1]  (testset)   loss: 0.0681 -> 0.1041  accuracy: 97.14% -> 96.00%                                                                                  
client [3]  (testset)   loss: 0.1804 -> 0.2451  accuracy: 93.71% -> 93.71%                                                                                  
client [8]  (testset)   loss: 0.1095 -> 0.1452  accuracy: 95.43% -> 94.86%                                                                                  
client [6]  (testset)   loss: 0.2468 -> 0.3045  accuracy: 93.71% -> 94.29%                                                                                  
client [2]  (testset)   loss: 0.3101 -> 0.3337  accuracy: 91.43% -> 92.57%                                                                                  
client [5]  (testset)   loss: 0.1188 -> 0.1043  accuracy: 94.86% -> 95.43%                                                                                  
client [4]  (testset)   loss: 0.1423 -> 0.1615  accuracy: 93.71% -> 96.00%                                                                                  
client [7]  (testset)   loss: 0.2330 -> 0.2833  accuracy: 93.71% -> 91.43%                                                                                  
client [9]  (testset)   loss: 0.2721 -> 0.3078  accuracy: 93.14% -> 90.86%                                                                                  
DriftFedAvg's average time taken by each global epoch: 0 min 42.32 sec.                                                                                     
DriftFedAvg's total running time: 0 h 16 m 14 s.                                                                                                            
==================== DriftFedAvg Experiment Results: ====================                                                                                   
Display format: (before local fine-tuning) -> (after local fine-tuning)                                                                                     
 So if finetune_epoch = 0, x.xx% -> 0.00% is normal.                                                                                                        
 Centralized testing ONLY happens after model aggregation, so the stats between '->' are the same.                                                          
{                                                                                                                                                           
    "1": {                                                                                                                                                  
        "centralized": {                                                                                                                                    
            "test": {                                                                                                                                       
                "loss": "1.6754 -> 1.6754",                                                                                                                 
                "accuracy": "25.60% -> 25.60%"                                                                                                              
            }                                                                                                                                               
        },                                                                                                                                                  
        "all_clients": {                                                                                                                                    
            "test": {                                                                                                                                       
                "loss": "1.6754 -> 0.0000",                                                                                                                 
                "accuracy": "25.60% -> 0.00%"                                                                                                               
            }                                                                                                                                               
        }                                                                                                                                                   
    },                                                                                                                                                      
    "2": {                                                                                                                                                  
        "centralized": {                                                                                                                                    
            "test": {                                                                                                                                       
                "loss": "1.9090 -> 1.9090",                                                                                                                 
                "accuracy": "25.89% -> 25.89%"                                                                                                              
            }                                                                                                                                               
        },                                                                                                                                                  
        "all_clients": {                                                                                                                                    
            "test": {                                                                                                                                       
                "loss": "1.9090 -> 0.0000",                                                                                                                 
                "accuracy": "25.89% -> 0.00%"                                                                                                               
            }                                                                                                                                               
        }                                                                                                                                                   
    },                                                                                                                                                      
    "3": {                                                                                                                                                  
        "centralized": {                                                                                                                                    
            "test": {                                                                                                                                       
                "loss": "1.8378 -> 1.8378",                                                                                                                 
                "accuracy": "42.51% -> 42.51%"                                                                                                              
            }                                                                                                                                               
        },                                                                                                                                                  
        "all_clients": {                                                                                                                                    
            "test": {                                                                                                                                       
                "loss": "1.8378 -> 0.0000",                                                                                                                 
                "accuracy": "42.51% -> 0.00%"                                                                                                               
            }                                                                                                                                               
        }                                                                                                                                                   
    },                                                                                                                                                      
    "4": {                                                                                                                                                  
        "centralized": {                                                                                                                                    
            "test": {                                                                                                                                       
                "loss": "1.7176 -> 1.7176",                                                                                                                 
                "accuracy": "47.31% -> 47.31%"                                                                                                              
            }                                                                                                                                               
        },                                                                                                                                                  
        "all_clients": {                                                                                                                                    
            "test": {                                                                                                                                       
                "loss": "1.7177 -> 0.0000",                                                                                                                 
                "accuracy": "47.31% -> 0.00%"                                                                                                               
            }                                                                                                                                               
        }                                                                                                                                                   
    },                                                                                                                                                      
    "5": {                                                                                                                                                  
        "centralized": {                                                                                                                                    
            "test": {                                                                                                                                       
                "loss": "1.1382 -> 1.1382",                                                                                                                 
                "accuracy": "64.06% -> 64.06%"                                                                                                              
            }                                                                                                                                               
        },                                                                                                                                                  
        "all_clients": {                                                                                                                                    
            "test": {                                                                                                                                       
                "loss": "1.1382 -> 0.0000",                                                                                                                 
                "accuracy": "64.06% -> 0.00%"                                                                                                               
            }                                                                                                                                               
        }                                                                                                                                                   
    },                                                                                                                                                      
    "6": {                                                                                                                                                  
        "centralized": {                                                                                                                                    
            "test": {                                                                                                                                       
                "loss": "0.6250 -> 0.6250",                                                                                                                 
                "accuracy": "79.14% -> 79.14%"                                                                                                              
            }                                                                                                                                               
        },                                                                                                                                                  
        "all_clients": {                                                                                                                                    
            "test": {                                                                                                                                       
                "loss": "0.6249 -> 0.0000",                                                                                                                 
                "accuracy": "79.14% -> 0.00%"                                                                                                               
            }                                                                                                                                               
        }                                                                                                                                                   
    },                                                                                                                                                      
    "7": {                                                                                                                                                  
        "centralized": {                                                                                                                                    
            "test": {                                                                                                                                       
                "loss": "0.6095 -> 0.6095",                                                                                                                 
                "accuracy": "81.43% -> 81.43%"                                                                                                              
            }                                                                                                                                               
        },                                                                                                                                                  
        "all_clients": {                                                                                                                                    
            "test": {                                                                                                                                       
                "loss": "0.6095 -> 0.0000",                                                                                                                 
                "accuracy": "81.43% -> 0.00%"                                                                                                               
            }                                                                                                                                               
        }                                                                                                                                                   
    },                                                                                                                                                      
    "8": {                                                                                                                                                  
        "centralized": {                                                                                                                                    
            "test": {                                                                                                                                       
                "loss": "0.6428 -> 0.6428",                                                                                                                 
                "accuracy": "80.46% -> 80.46%"                                                                                                              
            }                                                                                                                                               
        },                                                                                                                                                  
        "all_clients": {                                                                                                                                    
            "test": {                                                                                                                                       
                "loss": "0.6428 -> 0.0000",                                                                                                                 
                "accuracy": "80.46% -> 0.00%"                                                                                                               
            }                                                                                                                                               
        }                                                                                                                                                   
    },                                                                                                                                                      
    "9": {                                                                                                                                                  
        "centralized": {                                                                                                                                    
            "test": {                                                                                                                                       
                "loss": "0.5121 -> 0.5121",                                                                                                                 
                "accuracy": "84.17% -> 84.17%"                                                                                                              
            }                                                                                                                                               
        },                                                                                                                                                  
        "all_clients": {                                                                                                                                    
            "test": {                                                                                                                                       
                "loss": "0.5121 -> 0.0000",                                                                                                                 
                "accuracy": "84.17% -> 0.00%"                                                                                                               
            }                                                                                                                                               
        }                                                                                                                                                   
    },                                                                                                                                                      
    "10": {                                                                                                                                                 
        "centralized": {                                                                                                                                    
            "test": {                                                                                                                                       
                "loss": "0.3834 -> 0.3834",                                                                                                                 
                "accuracy": "87.03% -> 87.03%"                                                                                                              
            }                                                                                                                                               
        },                                                                                                                                                  
        "all_clients": {                                                                                                                                    
            "test": {                                                                                                                                       
                "loss": "0.3834 -> 0.0000",                                                                                                                 
                "accuracy": "87.03% -> 0.00%"                                                                                                               
            }                                                                                                                                               
        }                                                                                                                                                   
    },                                                                                                                                                      
    "11": {                                                                                                                                                 
        "centralized": {                                                                                                                                    
            "test": {                                                                                                                                       
                "loss": "0.3366 -> 0.3366",                                                                                                                 
                "accuracy": "89.03% -> 89.03%"                                                                                                              
            }                                                                                                                                               
        },                                                                                                                                                  
        "all_clients": {                                                                                                                                    
            "test": {                                                                                                                                       
                "loss": "0.3366 -> 0.0000",                                                                                                                 
                "accuracy": "89.03% -> 0.00%"                                                                                                               
            }                                                                                                                                               
        }                                                                                                                                                   
    },                                                                                                                                                      
    "12": {                                                                                                                                                 
        "centralized": {                                                                                                                                    
            "test": {                                                                                                                                       
                "loss": "0.3577 -> 0.3577",                                                                                                                 
                "accuracy": "88.57% -> 88.57%"                                                                                                              
            }                                                                                                                                               
        },                                                                                                                                                  
        "all_clients": {                                                                                                                                    
            "test": {                                                                                                                                       
                "loss": "0.3577 -> 0.0000",                                                                                                                 
                "accuracy": "88.57% -> 0.00%"                                                                                                               
            }                                                                                                                                               
        }                                                                                                                                                   
    },                                                                                                                                                      
    "13": {                                                                                                                                                 
        "centralized": {                                                                                                                                    
            "test": {                                                                                                                                       
                "loss": "0.2645 -> 0.2645",                                                                                                                 
                "accuracy": "92.06% -> 92.06%"                                                                                                              
            }                                                                                                                                               
        },                                                                                                                                                  
        "all_clients": {                                                                                                                                    
            "test": {                                                                                                                                       
                "loss": "0.2645 -> 0.0000",                                                                                                                 
                "accuracy": "92.06% -> 0.00%"                                                                                                               
            }                                                                                                                                               
        }                                                                                                                                                   
    },                                                                                                                                                      
    "14": {                                                                                                                                                 
        "centralized": {                                                                                                                                    
            "test": {                                                                                                                                       
                "loss": "0.2701 -> 0.2701",                                                                                                                 
                "accuracy": "91.60% -> 91.60%"                                                                                                              
            }                                                                                                                                               
        },                                                                                                                                                  
        "all_clients": {                                                                                                                                    
            "test": {                                                                                                                                       
                "loss": "0.2701 -> 0.0000",                                                                                                                 
                "accuracy": "91.60% -> 0.00%"                                                                                                               
            }                                                                                                                                               
        }                                                                                                                                                   
    },                                                                                                                                                      
    "15": {                                                                                                                                                 
        "centralized": {                                                                                                                                    
            "test": {                                                                                                                                       
                "loss": "0.2458 -> 0.2458",                                                                                                                 
                "accuracy": "92.51% -> 92.51%"                                                                                                              
            }                                                                                                                                               
        },                                                                                                                                                  
        "all_clients": {                                                                                                                                    
            "test": {                                                                                                                                       
                "loss": "0.2458 -> 0.0000",                                                                                                                 
                "accuracy": "92.51% -> 0.00%"                                                                                                               
            }                                                                                                                                               
        }                                                                                                                                                   
    },                                                                                                                                                      
    "16": {                                                                                                                                                 
        "centralized": {                                                                                                                                    
            "test": {                                                                                                                                       
                "loss": "0.2204 -> 0.2204",                                                                                                                 
                "accuracy": "93.43% -> 93.43%"                                                                                                              
            }                                                                                                                                               
        },                                                                                                                                                  
        "all_clients": {                                                                                                                                    
            "test": {                                                                                                                                       
                "loss": "0.2204 -> 0.0000",                                                                                                                 
                "accuracy": "93.43% -> 0.00%"                                                                                                               
            }                                                                                                                                               
        }                                                                                                                                                   
    },                                                                                                                                                      
    "17": {                                                                                                                                                 
        "centralized": {                                                                                                                                    
            "test": {                                                                                                                                       
                "loss": "0.2318 -> 0.2318",                                                                                                                 
                "accuracy": "92.97% -> 92.97%"                                                                                                              
            }                                                                                                                                               
        },                                                                                                                                                  
        "all_clients": {                                                                                                                                    
            "test": {                                                                                                                                       
                "loss": "0.2318 -> 0.0000",                                                                                                                 
                "accuracy": "92.97% -> 0.00%"                                                                                                               
            }                                                                                                                                               
        }                                                                                                                                                   
    },                                                                                                                                                      
    "18": {                                                                                                                                                 
        "centralized": {                                                                                                                                    
            "test": {                                                                                                                                       
                "loss": "0.2096 -> 0.2096",                                                                                                                 
                "accuracy": "93.14% -> 93.14%"                                                                                                              
            }                                                                                                                                               
        },                                                                                                                                                  
        "all_clients": {                                                                                                                                    
            "test": {                                                                                                                                       
                "loss": "0.2096 -> 0.0000",                                                                                                                 
                "accuracy": "93.14% -> 0.00%"                                                                                                               
            }                                                                                                                                               
        }                                                                                                                                                   
    },                                                                                                                                                      
    "19": {                                                                                                                                                 
        "centralized": {                                                                                                                                    
            "test": {                                                                                                                                       
                "loss": "0.1941 -> 0.1941",                                                                                                                 
                "accuracy": "94.11% -> 94.11%"                                                                                                              
            }                                                                                                                                               
        },                                                                                                                                                  
        "all_clients": {                                                                                                                                    
            "test": {                                                                                                                                       
                "loss": "0.1941 -> 0.0000",                                                                                                                 
                "accuracy": "94.11% -> 0.00%"                                                                                                               
            }                                                                                                                                               
        }                                                                                                                                                   
    },                                                                                                                                                      
    "20": {                                                                                                                                                 
        "centralized": {                                                                                                                                    
            "test": {                                                                                                                                       
                "loss": "0.1886 -> 0.1886",                                                                                                                 
                "accuracy": "93.94% -> 93.94%"                                                                                                              
            }                                                                                                                                               
        },                                                                                                                                                  
        "all_clients": {                                                                                                                                    
            "test": {                                                                                                                                       
                "loss": "0.1886 -> 0.0000",                                                                                                                 
                "accuracy": "93.94% -> 0.00%"                                                                                                               
            }                                                                                                                                               
        }                                                                                                                                                   
    }                                                                                                                                                       
}                                                                                                                                                           
==================== DriftFedAvg Max Accuracy ====================                                                                                          
all_clients:                                                                                                                                                
(test) before fine-tuning: 94.11% at epoch 19                                                                                                               
(test) after fine-tuning: 0.00% at epoch 1                                                                                                                  
centralized:                                                                                                                                                
(test) before fine-tuning: 94.11% at epoch 19                                                                                                               
(test) after fine-tuning: 94.11% at epoch 19                                                                                                                
