==================== DriftSCAFFOLD ====================                                                                                                     
Experiment Arguments:                                                                                                                                       
{
│   'method': 'driftscaffold',
│   'dataset': {
│   │   'name': 'brain_tumor',
│   │   'partition_dir': 'partitions/alpha_0.03/seed_42',
│   │   'client_num': 10,
│   │   'test_ratio': 0.25,
│   │   'val_ratio': 0.0,
│   │   'seed': 42,
│   │   'split': 'sample',
│   │   'IID_ratio': 0.0,
│   │   'monitor_window_name_suffix': 'brain_tumor-10clients-0%IID-Dir(0.03)-seed42',
│   │   'alpha': 0.03,
│   │   'min_samples_per_client': 10
│   },
│   'model': {
│   │   'name': 'vim_tiny',
│   │   'use_torchvision_pretrained_weights': False,
│   │   'external_model_weights_path': None
│   },
│   'optimizer': {
│   │   'lr': 0.01,
│   │   'dampening': 0,
│   │   'weight_decay': 0.0001,
│   │   'momentum': 0.9,
│   │   'nesterov': False,
│   │   'name': 'sgd'
│   },
│   'mode': 'serial',
│   'parallel': {
│   │   'ray_cluster_addr': None,
│   │   'num_cpus': None,
│   │   'num_gpus': None,
│   │   'num_workers': 2
│   },
│   'common': {
│   │   'seed': 42,
│   │   'join_ratio': 1.0,
│   │   'global_epoch': 40,
│   │   'local_epoch': 5,
│   │   'batch_size': 32,
│   │   'reset_optimizer_on_global_epoch': True,
│   │   'straggler_ratio': 0,
│   │   'straggler_min_local_epoch': 0,
│   │   'buffers': 'global',
│   │   'client_side_evaluation': True,
│   │   'test': {
│   │   │   'client': {
│   │   │   │   'interval': 1,
│   │   │   │   'finetune_epoch': 0,
│   │   │   │   'train': False,
│   │   │   │   'val': False,
│   │   │   │   'test': True
│   │   │   },
│   │   │   'server': {
│   │   │   │   'interval': 1,
│   │   │   │   'train': False,
│   │   │   │   'val': False,
│   │   │   │   'test': True,
│   │   │   │   'model_in_train_mode': False
│   │   │   }
│   │   },
│   │   'verbose_gap': 10,
│   │   'monitor': 'tensorboard',
│   │   'use_cuda': True,
│   │   'save_log': True,
│   │   'save_model': False,
│   │   'save_learning_curve_plot': True,
│   │   'save_metrics': True,
│   │   'delete_useless_run': True,
│   │   'dataloader_num_workers': 2
│   },
│   'driftscaffold': {
│   │   'global_lr': 1.0
│   },
│   'driftfedavg': {}
}
---------------------------- ROUND 1/40 START ----------------------------                                                                                  
Selected clients: [1, 0, 4, 9, 6, 5, 8, 2, 3, 7]                                                                                                            
  [Client 1] Starting local training...                                                                                                                     
  [Client 1] Finished training in 7.09s                                                                                                                     
  [Client 0] Starting local training...                                                                                                                     
Traceback (most recent call last):                                                                                                                          
  File "/home/luis.mendezl/Thesis/src/client/scaffold.py", line 76, in get_data_batch                                                                       
    x, y = next(self.iter_trainloader)                                                                                                                      
           ^^^^^^^^^^^^^^^^^^^^^^^^^^^                                                                                                                      
  File "/home/luis.mendezl/.conda/envs/venv/lib/python3.11/site-packages/torch/utils/data/dataloader.py", line 718, in __next__                             
    data = self._next_data()                                                                                                                                
           ^^^^^^^^^^^^^^^^^                                                                                                                                
  File "/home/luis.mendezl/.conda/envs/venv/lib/python3.11/site-packages/torch/utils/data/dataloader.py", line 1487, in _next_data                          
    raise StopIteration                                                                                                                                     
StopIteration                                                                                                                                               
                                                                                                                                                            
During handling of the above exception, another exception occurred:                                                                                         
                                                                                                                                                            
Traceback (most recent call last):                                                                                                                          
  File "/home/luis.mendezl/Thesis/src/server/fedavg.py", line 1073, in run_experiment                                                                       
    self.train()                                                                                                                                            
  File "/home/luis.mendezl/Thesis/src/server/fedavg.py", line 518, in train                                                                                 
    self.train_one_round()                                                                                                                                  
  File "/home/luis.mendezl/Thesis/src/server/driftfedavg.py", line 141, in train_one_round                                                                  
    client_packages = self.trainer.train()                                                                                                                  
                      ^^^^^^^^^^^^^^^^^^^^                                                                                                                  
  File "/home/luis.mendezl/Thesis/src/utils/trainer.py", line 47, in _serial_train                                                                          
    client_package = self.worker.train(server_package) # it gives eval_results                                                                              
                     ^^^^^^^^^^^^^^^^^^^^^^^^^^^^^^^^^                                                                                                      
  File "/home/luis.mendezl/Thesis/src/client/scaffold.py", line 26, in train                                                                                
    self.train_with_eval()                                                                                                                                  
  File "/home/luis.mendezl/Thesis/src/client/fedavg.py", line 117, in train_with_eval                                                                       
    self.fit()                                                                                                                                              
  File "/home/luis.mendezl/Thesis/src/client/scaffold.py", line 59, in fit                                                                                  
    x, y = self.get_data_batch()                                                                                                                            
           ^^^^^^^^^^^^^^^^^^^^^                                                                                                                            
  File "/home/luis.mendezl/Thesis/src/client/scaffold.py", line 81, in get_data_batch                                                                       
    x, y = next(self.iter_trainloader)                                                                                                                      
           ^^^^^^^^^^^^^^^^^^^^^^^^^^^                                                                                                                      
  File "/home/luis.mendezl/.conda/envs/venv/lib/python3.11/site-packages/torch/utils/data/dataloader.py", line 718, in __next__                             
    data = self._next_data()                                                                                                                                
           ^^^^^^^^^^^^^^^^^                                                                                                                                
  File "/home/luis.mendezl/.conda/envs/venv/lib/python3.11/site-packages/torch/utils/data/dataloader.py", line 1487, in _next_data                          
    raise StopIteration                                                                                                                                     
StopIteration                                                                                                                                               
                                                                                                                                                            
Exception occurred:                                                                                                                                         
