==================== DriftFedAvg ====================                                                                                                       
Experiment Arguments:                                                                                                                                       
{
│   'method': 'driftfedavg',
│   'dataset': {
│   │   'name': 'brain_tumor',
│   │   'partition_dir': 'partitions/alpha_0.3/seed_42',
│   │   'client_num': 10,
│   │   'test_ratio': 0.25,
│   │   'val_ratio': 0.0,
│   │   'seed': 42,
│   │   'split': 'sample',
│   │   'IID_ratio': 0.0,
│   │   'monitor_window_name_suffix': 'brain_tumor-10clients-0%IID-Dir(0.3)-seed42',
│   │   'alpha': 0.3,
│   │   'min_samples_per_client': 10
│   },
│   'model': {
│   │   'name': 'efficient0',
│   │   'use_torchvision_pretrained_weights': False,
│   │   'external_model_weights_path': None
│   },
│   'optimizer': {
│   │   'lr': 0.01,
│   │   'dampening': 0,
│   │   'weight_decay': 0.0001,
│   │   'momentum': 0.9,
│   │   'nesterov': False,
│   │   'name': 'sgd'
│   },
│   'mode': 'serial',
│   'parallel': {
│   │   'ray_cluster_addr': None,
│   │   'num_cpus': None,
│   │   'num_gpus': None,
│   │   'num_workers': 2
│   },
│   'common': {
│   │   'seed': 42,
│   │   'join_ratio': 1.0,
│   │   'global_epoch': 40,
│   │   'local_epoch': 5,
│   │   'batch_size': 32,
│   │   'reset_optimizer_on_global_epoch': True,
│   │   'straggler_ratio': 0,
│   │   'straggler_min_local_epoch': 0,
│   │   'buffers': 'global',
│   │   'client_side_evaluation': True,
│   │   'test': {
│   │   │   'client': {
│   │   │   │   'interval': 1,
│   │   │   │   'finetune_epoch': 0,
│   │   │   │   'train': False,
│   │   │   │   'val': False,
│   │   │   │   'test': True
│   │   │   },
│   │   │   'server': {
│   │   │   │   'interval': 1,
│   │   │   │   'train': False,
│   │   │   │   'val': False,
│   │   │   │   'test': True,
│   │   │   │   'model_in_train_mode': False
│   │   │   }
│   │   },
│   │   'verbose_gap': 10,
│   │   'monitor': 'tensorboard',
│   │   'use_cuda': True,
│   │   'save_log': True,
│   │   'save_model': False,
│   │   'save_learning_curve_plot': True,
│   │   'save_metrics': True,
│   │   'delete_useless_run': True,
│   │   'dataloader_num_workers': 2
│   },
│   'driftfedavg': {}
}
---------------------------- TRAINING EPOCH: 10 ----------------------------                                                                                
client [7]  (testset)   loss: 0.7871 -> 0.4650  accuracy: 72.79% -> 88.60%                                                                                  
client [6]  (testset)   loss: 0.5003 -> 0.3779  accuracy: 79.55% -> 90.33%                                                                                  
client [9]  (testset)   loss: 0.5269 -> 0.7391  accuracy: 80.53% -> 81.42%                                                                                  
client [1]  (testset)   loss: 0.6982 -> 0.1181  accuracy: 76.60% -> 95.74%                                                                                  
client [2]  (testset)   loss: 0.7994 -> 0.3813  accuracy: 79.17% -> 90.28%                                                                                  
client [8]  (testset)   loss: 1.5254 -> 0.1424  accuracy: 20.68% -> 96.30%                                                                                  
client [4]  (testset)   loss: 0.7990 -> 0.5299  accuracy: 69.23% -> 86.54%                                                                                  
client [5]  (testset)   loss: 0.5013 -> 0.3279  accuracy: 82.40% -> 91.20%                                                                                  
client [3]  (testset)   loss: 1.2882 -> 0.0429  accuracy: 41.12% -> 98.60%                                                                                  
client [0]  (testset)   loss: 0.9891 -> 1.0146  accuracy: 68.36% -> 73.83%                                                                                  
---------------------------- TRAINING EPOCH: 20 ----------------------------                                                                                
client [1]  (testset)   loss: 0.1552 -> 0.0219  accuracy: 95.74% -> 100.00%                                                                                 
client [0]  (testset)   loss: 0.3432 -> 0.3485  accuracy: 89.06% -> 92.58%                                                                                  
client [3]  (testset)   loss: 1.3159 -> 0.0540  accuracy: 57.94% -> 98.13%                                                                                  
client [8]  (testset)   loss: 2.2385 -> 0.1789  accuracy: 23.46% -> 95.99%                                                                                  
client [6]  (testset)   loss: 0.6161 -> 0.2948  accuracy: 77.70% -> 96.65%                                                                                  
client [2]  (testset)   loss: 0.4220 -> 0.4221  accuracy: 87.50% -> 93.06%                                                                                  
client [5]  (testset)   loss: 0.1823 -> 0.2303  accuracy: 94.40% -> 95.20%                                                                                  
client [4]  (testset)   loss: 0.5806 -> 0.6633  accuracy: 84.62% -> 84.62%                                                                                  
client [7]  (testset)   loss: 0.3219 -> 0.4027  accuracy: 91.18% -> 92.28%                                                                                  
client [9]  (testset)   loss: 0.4804 -> 0.6619  accuracy: 85.84% -> 84.07%                                                                                  
---------------------------- TRAINING EPOCH: 30 ----------------------------                                                                                
client [6]  (testset)   loss: 0.5877 -> 0.2132  accuracy: 78.07% -> 96.65%                                                                                  
client [8]  (testset)   loss: 1.8912 -> 0.1109  accuracy: 22.53% -> 98.15%                                                                                  
client [5]  (testset)   loss: 0.1571 -> 0.9640  accuracy: 94.40% -> 74.40%                                                                                  
client [2]  (testset)   loss: 0.3864 -> 0.4800  accuracy: 88.89% -> 90.28%                                                                                  
client [1]  (testset)   loss: 0.1631 -> 0.0496  accuracy: 97.87% -> 95.74%                                                                                  
client [9]  (testset)   loss: 0.4077 -> 0.9561  accuracy: 86.73% -> 81.42%                                                                                  
client [7]  (testset)   loss: 0.2779 -> 0.3007  accuracy: 92.28% -> 91.91%                                                                                  
client [3]  (testset)   loss: 1.1411 -> 0.0355  accuracy: 58.41% -> 99.53%                                                                                  
client [4]  (testset)   loss: 0.4906 -> 0.8349  accuracy: 84.62% -> 83.65%                                                                                  
client [0]  (testset)   loss: 0.3105 -> 0.2317  accuracy: 91.80% -> 94.14%                                                                                  
---------------------------- TRAINING EPOCH: 40 ----------------------------                                                                                
client [0]  (testset)   loss: 0.2315 -> 0.3712  accuracy: 92.58% -> 93.36%                                                                                  
client [2]  (testset)   loss: 0.3097 -> 0.6365  accuracy: 88.89% -> 87.50%                                                                                  
client [5]  (testset)   loss: 0.2198 -> 1.1713  accuracy: 92.80% -> 81.60%                                                                                  
client [6]  (testset)   loss: 0.6894 -> 0.2826  accuracy: 78.44% -> 95.54%                                                                                  
client [3]  (testset)   loss: 0.9946 -> 0.0297  accuracy: 64.49% -> 98.60%                                                                                  
client [1]  (testset)   loss: 0.0956 -> 0.0157  accuracy: 97.87% -> 100.00%                                                                                 
client [8]  (testset)   loss: 1.7024 -> 0.1344  accuracy: 30.56% -> 97.22%                                                                                  
client [9]  (testset)   loss: 0.4201 -> 0.8043  accuracy: 87.61% -> 80.53%                                                                                  
client [7]  (testset)   loss: 0.2138 -> 0.2763  accuracy: 94.12% -> 95.22%                                                                                  
client [4]  (testset)   loss: 0.5945 -> 0.8787  accuracy: 85.58% -> 80.77%                                                                                  
DriftFedAvg's average time taken by each global epoch: 1 min 32.73 sec.                                                                                     
DriftFedAvg's total running time: 1 h 9 m 27 s.                                                                                                             
==================== DriftFedAvg Experiment Results: ====================                                                                                   
Display format: (before local fine-tuning) -> (after local fine-tuning)                                                                                     
 So if finetune_epoch = 0, x.xx% -> 0.00% is normal.                                                                                                        
 Centralized testing ONLY happens after model aggregation, so the stats between '->' are the same.                                                          
{                                                                                                                                                           
    "1": {                                                                                                                                                  
        "centralized": {                                                                                                                                    
            "test": {                                                                                                                                       
                "loss": "1.4331 -> 1.4331",                                                                                                                 
                "accuracy": "24.78% -> 24.78%"                                                                                                              
            }                                                                                                                                               
        },                                                                                                                                                  
        "all_clients": {                                                                                                                                    
            "test": {                                                                                                                                       
                "loss": "1.4331 -> 0.0000",                                                                                                                 
                "accuracy": "24.78% -> 0.00%"                                                                                                               
            }                                                                                                                                               
        }                                                                                                                                                   
    },                                                                                                                                                      
    "2": {                                                                                                                                                  
        "centralized": {                                                                                                                                    
            "test": {                                                                                                                                       
                "loss": "1.5176 -> 1.5176",                                                                                                                 
                "accuracy": "24.28% -> 24.28%"                                                                                                              
            }                                                                                                                                               
        },                                                                                                                                                  
        "all_clients": {                                                                                                                                    
            "test": {                                                                                                                                       
                "loss": "1.5176 -> 0.0000",                                                                                                                 
                "accuracy": "24.28% -> 0.00%"                                                                                                               
            }                                                                                                                                               
        }                                                                                                                                                   
    },                                                                                                                                                      
    "3": {                                                                                                                                                  
        "centralized": {                                                                                                                                    
            "test": {                                                                                                                                       
                "loss": "1.8432 -> 1.8432",                                                                                                                 
                "accuracy": "24.61% -> 24.61%"                                                                                                              
            }                                                                                                                                               
        },                                                                                                                                                  
        "all_clients": {                                                                                                                                    
            "test": {                                                                                                                                       
                "loss": "1.8432 -> 0.0000",                                                                                                                 
                "accuracy": "24.61% -> 0.00%"                                                                                                               
            }                                                                                                                                               
        }                                                                                                                                                   
    },                                                                                                                                                      
    "4": {                                                                                                                                                  
        "centralized": {                                                                                                                                    
            "test": {                                                                                                                                       
                "loss": "1.8889 -> 1.8889",                                                                                                                 
                "accuracy": "25.78% -> 25.78%"                                                                                                              
            }                                                                                                                                               
        },                                                                                                                                                  
        "all_clients": {                                                                                                                                    
            "test": {                                                                                                                                       
                "loss": "1.8889 -> 0.0000",                                                                                                                 
                "accuracy": "25.78% -> 0.00%"                                                                                                               
            }                                                                                                                                               
        }                                                                                                                                                   
    },                                                                                                                                                      
    "5": {                                                                                                                                                  
        "centralized": {                                                                                                                                    
            "test": {                                                                                                                                       
                "loss": "1.7025 -> 1.7025",                                                                                                                 
                "accuracy": "33.18% -> 33.18%"                                                                                                              
            }                                                                                                                                               
        },                                                                                                                                                  
        "all_clients": {                                                                                                                                    
            "test": {                                                                                                                                       
                "loss": "1.7025 -> 0.0000",                                                                                                                 
                "accuracy": "33.18% -> 0.00%"                                                                                                               
            }                                                                                                                                               
        }                                                                                                                                                   
    },                                                                                                                                                      
    "6": {                                                                                                                                                  
        "centralized": {                                                                                                                                    
            "test": {                                                                                                                                       
                "loss": "1.3281 -> 1.3281",                                                                                                                 
                "accuracy": "36.86% -> 36.86%"                                                                                                              
            }                                                                                                                                               
        },                                                                                                                                                  
        "all_clients": {                                                                                                                                    
            "test": {                                                                                                                                       
                "loss": "1.3281 -> 0.0000",                                                                                                                 
                "accuracy": "36.86% -> 0.00%"                                                                                                               
            }                                                                                                                                               
        }                                                                                                                                                   
    },                                                                                                                                                      
    "7": {                                                                                                                                                  
        "centralized": {                                                                                                                                    
            "test": {                                                                                                                                       
                "loss": "1.2069 -> 1.2069",                                                                                                                 
                "accuracy": "49.78% -> 49.78%"                                                                                                              
            }                                                                                                                                               
        },                                                                                                                                                  
        "all_clients": {                                                                                                                                    
            "test": {                                                                                                                                       
                "loss": "1.2069 -> 0.0000",                                                                                                                 
                "accuracy": "49.78% -> 0.00%"                                                                                                               
            }                                                                                                                                               
        }                                                                                                                                                   
    },                                                                                                                                                      
    "8": {                                                                                                                                                  
        "centralized": {                                                                                                                                    
            "test": {                                                                                                                                       
                "loss": "1.0358 -> 1.0358",                                                                                                                 
                "accuracy": "55.18% -> 55.18%"                                                                                                              
            }                                                                                                                                               
        },                                                                                                                                                  
        "all_clients": {                                                                                                                                    
            "test": {                                                                                                                                       
                "loss": "1.0358 -> 0.0000",                                                                                                                 
                "accuracy": "55.18% -> 0.00%"                                                                                                               
            }                                                                                                                                               
        }                                                                                                                                                   
    },                                                                                                                                                      
    "9": {                                                                                                                                                  
        "centralized": {                                                                                                                                    
            "test": {                                                                                                                                       
                "loss": "0.9284 -> 0.9284",                                                                                                                 
                "accuracy": "61.30% -> 61.30%"                                                                                                              
            }                                                                                                                                               
        },                                                                                                                                                  
        "all_clients": {                                                                                                                                    
            "test": {                                                                                                                                       
                "loss": "0.9284 -> 0.0000",                                                                                                                 
                "accuracy": "61.30% -> 0.00%"                                                                                                               
            }                                                                                                                                               
        }                                                                                                                                                   
    },                                                                                                                                                      
    "10": {                                                                                                                                                 
        "centralized": {                                                                                                                                    
            "test": {                                                                                                                                       
                "loss": "0.8080 -> 0.8080",                                                                                                                 
                "accuracy": "67.32% -> 67.32%"                                                                                                              
            }                                                                                                                                               
        },                                                                                                                                                  
        "all_clients": {                                                                                                                                    
            "test": {                                                                                                                                       
                "loss": "0.8080 -> 0.0000",                                                                                                                 
                "accuracy": "67.32% -> 0.00%"                                                                                                               
            }                                                                                                                                               
        }                                                                                                                                                   
    },                                                                                                                                                      
    "11": {                                                                                                                                                 
        "centralized": {                                                                                                                                    
            "test": {                                                                                                                                       
                "loss": "0.8429 -> 0.8429",                                                                                                                 
                "accuracy": "66.04% -> 66.04%"                                                                                                              
            }                                                                                                                                               
        },                                                                                                                                                  
        "all_clients": {                                                                                                                                    
            "test": {                                                                                                                                       
                "loss": "0.8429 -> 0.0000",                                                                                                                 
                "accuracy": "66.04% -> 0.00%"                                                                                                               
            }                                                                                                                                               
        }                                                                                                                                                   
    },                                                                                                                                                      
    "12": {                                                                                                                                                 
        "centralized": {                                                                                                                                    
            "test": {                                                                                                                                       
                "loss": "0.8056 -> 0.8056",                                                                                                                 
                "accuracy": "64.70% -> 64.70%"                                                                                                              
            }                                                                                                                                               
        },                                                                                                                                                  
        "all_clients": {                                                                                                                                    
            "test": {                                                                                                                                       
                "loss": "0.8056 -> 0.0000",                                                                                                                 
                "accuracy": "64.70% -> 0.00%"                                                                                                               
            }                                                                                                                                               
        }                                                                                                                                                   
    },                                                                                                                                                      
    "13": {                                                                                                                                                 
        "centralized": {                                                                                                                                    
            "test": {                                                                                                                                       
                "loss": "0.8410 -> 0.8410",                                                                                                                 
                "accuracy": "68.71% -> 68.71%"                                                                                                              
            }                                                                                                                                               
        },                                                                                                                                                  
        "all_clients": {                                                                                                                                    
            "test": {                                                                                                                                       
                "loss": "0.8410 -> 0.0000",                                                                                                                 
                "accuracy": "68.71% -> 0.00%"                                                                                                               
            }                                                                                                                                               
        }                                                                                                                                                   
    },                                                                                                                                                      
    "14": {                                                                                                                                                 
        "centralized": {                                                                                                                                    
            "test": {                                                                                                                                       
                "loss": "0.7423 -> 0.7423",                                                                                                                 
                "accuracy": "67.37% -> 67.37%"                                                                                                              
            }                                                                                                                                               
        },                                                                                                                                                  
        "all_clients": {                                                                                                                                    
            "test": {                                                                                                                                       
                "loss": "0.7423 -> 0.0000",                                                                                                                 
                "accuracy": "67.37% -> 0.00%"                                                                                                               
            }                                                                                                                                               
        }                                                                                                                                                   
    },                                                                                                                                                      
    "15": {                                                                                                                                                 
        "centralized": {                                                                                                                                    
            "test": {                                                                                                                                       
                "loss": "0.8621 -> 0.8621",                                                                                                                 
                "accuracy": "70.71% -> 70.71%"                                                                                                              
            }                                                                                                                                               
        },                                                                                                                                                  
        "all_clients": {                                                                                                                                    
            "test": {                                                                                                                                       
                "loss": "0.8621 -> 0.0000",                                                                                                                 
                "accuracy": "70.71% -> 0.00%"                                                                                                               
            }                                                                                                                                               
        }                                                                                                                                                   
    },                                                                                                                                                      
    "16": {                                                                                                                                                 
        "centralized": {                                                                                                                                    
            "test": {                                                                                                                                       
                "loss": "0.6425 -> 0.6425",                                                                                                                 
                "accuracy": "71.44% -> 71.44%"                                                                                                              
            }                                                                                                                                               
        },                                                                                                                                                  
        "all_clients": {                                                                                                                                    
            "test": {                                                                                                                                       
                "loss": "0.6425 -> 0.0000",                                                                                                                 
                "accuracy": "71.44% -> 0.00%"                                                                                                               
            }                                                                                                                                               
        }                                                                                                                                                   
    },                                                                                                                                                      
    "17": {                                                                                                                                                 
        "centralized": {                                                                                                                                    
            "test": {                                                                                                                                       
                "loss": "0.8930 -> 0.8930",                                                                                                                 
                "accuracy": "70.21% -> 70.21%"                                                                                                              
            }                                                                                                                                               
        },                                                                                                                                                  
        "all_clients": {                                                                                                                                    
            "test": {                                                                                                                                       
                "loss": "0.8930 -> 0.0000",                                                                                                                 
                "accuracy": "70.21% -> 0.00%"                                                                                                               
            }                                                                                                                                               
        }                                                                                                                                                   
    },                                                                                                                                                      
    "18": {                                                                                                                                                 
        "centralized": {                                                                                                                                    
            "test": {                                                                                                                                       
                "loss": "0.5505 -> 0.5505",                                                                                                                 
                "accuracy": "78.06% -> 78.06%"                                                                                                              
            }                                                                                                                                               
        },                                                                                                                                                  
        "all_clients": {                                                                                                                                    
            "test": {                                                                                                                                       
                "loss": "0.5505 -> 0.0000",                                                                                                                 
                "accuracy": "78.06% -> 0.00%"                                                                                                               
            }                                                                                                                                               
        }                                                                                                                                                   
    },                                                                                                                                                      
    "19": {                                                                                                                                                 
        "centralized": {                                                                                                                                    
            "test": {                                                                                                                                       
                "loss": "0.8481 -> 0.8481",                                                                                                                 
                "accuracy": "72.16% -> 72.16%"                                                                                                              
            }                                                                                                                                               
        },                                                                                                                                                  
        "all_clients": {                                                                                                                                    
            "test": {                                                                                                                                       
                "loss": "0.8481 -> 0.0000",                                                                                                                 
                "accuracy": "72.16% -> 0.00%"                                                                                                               
            }                                                                                                                                               
        }                                                                                                                                                   
    },                                                                                                                                                      
    "20": {                                                                                                                                                 
        "centralized": {                                                                                                                                    
            "test": {                                                                                                                                       
                "loss": "0.5060 -> 0.5060",                                                                                                                 
                "accuracy": "80.57% -> 80.57%"                                                                                                              
            }                                                                                                                                               
        },                                                                                                                                                  
        "all_clients": {                                                                                                                                    
            "test": {                                                                                                                                       
                "loss": "0.5060 -> 0.0000",                                                                                                                 
                "accuracy": "80.57% -> 0.00%"                                                                                                               
            }                                                                                                                                               
        }                                                                                                                                                   
    },                                                                                                                                                      
    "21": {                                                                                                                                                 
        "centralized": {                                                                                                                                    
            "test": {                                                                                                                                       
                "loss": "0.8363 -> 0.8363",                                                                                                                 
                "accuracy": "70.99% -> 70.99%"                                                                                                              
            }                                                                                                                                               
        },                                                                                                                                                  
        "all_clients": {                                                                                                                                    
            "test": {                                                                                                                                       
                "loss": "0.8363 -> 0.0000",                                                                                                                 
                "accuracy": "70.99% -> 0.00%"                                                                                                               
            }                                                                                                                                               
        }                                                                                                                                                   
    },                                                                                                                                                      
    "22": {                                                                                                                                                 
        "centralized": {                                                                                                                                    
            "test": {                                                                                                                                       
                "loss": "0.4913 -> 0.4913",                                                                                                                 
                "accuracy": "80.23% -> 80.23%"                                                                                                              
            }                                                                                                                                               
        },                                                                                                                                                  
        "all_clients": {                                                                                                                                    
            "test": {                                                                                                                                       
                "loss": "0.4913 -> 0.0000",                                                                                                                 
                "accuracy": "80.23% -> 0.00%"                                                                                                               
            }                                                                                                                                               
        }                                                                                                                                                   
    },                                                                                                                                                      
    "23": {                                                                                                                                                 
        "centralized": {                                                                                                                                    
            "test": {                                                                                                                                       
                "loss": "0.8119 -> 0.8119",                                                                                                                 
                "accuracy": "73.16% -> 73.16%"                                                                                                              
            }                                                                                                                                               
        },                                                                                                                                                  
        "all_clients": {                                                                                                                                    
            "test": {                                                                                                                                       
                "loss": "0.8119 -> 0.0000",                                                                                                                 
                "accuracy": "73.16% -> 0.00%"                                                                                                               
            }                                                                                                                                               
        }                                                                                                                                                   
    },                                                                                                                                                      
    "24": {                                                                                                                                                 
        "centralized": {                                                                                                                                    
            "test": {                                                                                                                                       
                "loss": "0.4500 -> 0.4500",                                                                                                                 
                "accuracy": "83.91% -> 83.91%"                                                                                                              
            }                                                                                                                                               
        },                                                                                                                                                  
        "all_clients": {                                                                                                                                    
            "test": {                                                                                                                                       
                "loss": "0.4500 -> 0.0000",                                                                                                                 
                "accuracy": "83.91% -> 0.00%"                                                                                                               
            }                                                                                                                                               
        }                                                                                                                                                   
    },                                                                                                                                                      
    "25": {                                                                                                                                                 
        "centralized": {                                                                                                                                    
            "test": {                                                                                                                                       
                "loss": "0.6271 -> 0.6271",                                                                                                                 
                "accuracy": "75.84% -> 75.84%"                                                                                                              
            }                                                                                                                                               
        },                                                                                                                                                  
        "all_clients": {                                                                                                                                    
            "test": {                                                                                                                                       
                "loss": "0.6271 -> 0.0000",                                                                                                                 
                "accuracy": "75.84% -> 0.00%"                                                                                                               
            }                                                                                                                                               
        }                                                                                                                                                   
    },                                                                                                                                                      
    "26": {                                                                                                                                                 
        "centralized": {                                                                                                                                    
            "test": {                                                                                                                                       
                "loss": "0.4455 -> 0.4455",                                                                                                                 
                "accuracy": "83.30% -> 83.30%"                                                                                                              
            }                                                                                                                                               
        },                                                                                                                                                  
        "all_clients": {                                                                                                                                    
            "test": {                                                                                                                                       
                "loss": "0.4455 -> 0.0000",                                                                                                                 
                "accuracy": "83.30% -> 0.00%"                                                                                                               
            }                                                                                                                                               
        }                                                                                                                                                   
    },                                                                                                                                                      
    "27": {                                                                                                                                                 
        "centralized": {                                                                                                                                    
            "test": {                                                                                                                                       
                "loss": "0.8051 -> 0.8051",                                                                                                                 
                "accuracy": "70.82% -> 70.82%"                                                                                                              
            }                                                                                                                                               
        },                                                                                                                                                  
        "all_clients": {                                                                                                                                    
            "test": {                                                                                                                                       
                "loss": "0.8051 -> 0.0000",                                                                                                                 
                "accuracy": "70.82% -> 0.00%"                                                                                                               
            }                                                                                                                                               
        }                                                                                                                                                   
    },                                                                                                                                                      
    "28": {                                                                                                                                                 
        "centralized": {                                                                                                                                    
            "test": {                                                                                                                                       
                "loss": "0.4278 -> 0.4278",                                                                                                                 
                "accuracy": "86.02% -> 86.02%"                                                                                                              
            }                                                                                                                                               
        },                                                                                                                                                  
        "all_clients": {                                                                                                                                    
            "test": {                                                                                                                                       
                "loss": "0.4278 -> 0.0000",                                                                                                                 
                "accuracy": "86.02% -> 0.00%"                                                                                                               
            }                                                                                                                                               
        }                                                                                                                                                   
    },                                                                                                                                                      
    "29": {                                                                                                                                                 
        "centralized": {                                                                                                                                    
            "test": {                                                                                                                                       
                "loss": "0.7363 -> 0.7363",                                                                                                                 
                "accuracy": "72.83% -> 72.83%"                                                                                                              
            }                                                                                                                                               
        },                                                                                                                                                  
        "all_clients": {                                                                                                                                    
            "test": {                                                                                                                                       
                "loss": "0.7363 -> 0.0000",                                                                                                                 
                "accuracy": "72.83% -> 0.00%"                                                                                                               
            }                                                                                                                                               
        }                                                                                                                                                   
    },                                                                                                                                                      
    "30": {                                                                                                                                                 
        "centralized": {                                                                                                                                    
            "test": {                                                                                                                                       
                "loss": "0.3957 -> 0.3957",                                                                                                                 
                "accuracy": "86.19% -> 86.19%"                                                                                                              
            }                                                                                                                                               
        },                                                                                                                                                  
        "all_clients": {                                                                                                                                    
            "test": {                                                                                                                                       
                "loss": "0.3957 -> 0.0000",                                                                                                                 
                "accuracy": "86.19% -> 0.00%"                                                                                                               
            }                                                                                                                                               
        }                                                                                                                                                   
    },                                                                                                                                                      
    "31": {                                                                                                                                                 
        "centralized": {                                                                                                                                    
            "test": {                                                                                                                                       
                "loss": "0.7268 -> 0.7268",                                                                                                                 
                "accuracy": "74.16% -> 74.16%"                                                                                                              
            }                                                                                                                                               
        },                                                                                                                                                  
        "all_clients": {                                                                                                                                    
            "test": {                                                                                                                                       
                "loss": "0.7268 -> 0.0000",                                                                                                                 
                "accuracy": "74.16% -> 0.00%"                                                                                                               
            }                                                                                                                                               
        }                                                                                                                                                   
    },                                                                                                                                                      
    "32": {                                                                                                                                                 
        "centralized": {                                                                                                                                    
            "test": {                                                                                                                                       
                "loss": "0.3932 -> 0.3932",                                                                                                                 
                "accuracy": "85.80% -> 85.80%"                                                                                                              
            }                                                                                                                                               
        },                                                                                                                                                  
        "all_clients": {                                                                                                                                    
            "test": {                                                                                                                                       
                "loss": "0.3932 -> 0.0000",                                                                                                                 
                "accuracy": "85.80% -> 0.00%"                                                                                                               
            }                                                                                                                                               
        }                                                                                                                                                   
    },                                                                                                                                                      
    "33": {                                                                                                                                                 
        "centralized": {                                                                                                                                    
            "test": {                                                                                                                                       
                "loss": "0.7079 -> 0.7079",                                                                                                                 
                "accuracy": "74.39% -> 74.39%"                                                                                                              
            }                                                                                                                                               
        },                                                                                                                                                  
        "all_clients": {                                                                                                                                    
            "test": {                                                                                                                                       
                "loss": "0.7079 -> 0.0000",                                                                                                                 
                "accuracy": "74.39% -> 0.00%"                                                                                                               
            }                                                                                                                                               
        }                                                                                                                                                   
    },                                                                                                                                                      
    "34": {                                                                                                                                                 
        "centralized": {                                                                                                                                    
            "test": {                                                                                                                                       
                "loss": "0.3943 -> 0.3943",                                                                                                                 
                "accuracy": "85.97% -> 85.97%"                                                                                                              
            }                                                                                                                                               
        },                                                                                                                                                  
        "all_clients": {                                                                                                                                    
            "test": {                                                                                                                                       
                "loss": "0.3943 -> 0.0000",                                                                                                                 
                "accuracy": "85.97% -> 0.00%"                                                                                                               
            }                                                                                                                                               
        }                                                                                                                                                   
    },                                                                                                                                                      
    "35": {                                                                                                                                                 
        "centralized": {                                                                                                                                    
            "test": {                                                                                                                                       
                "loss": "0.6853 -> 0.6853",                                                                                                                 
                "accuracy": "76.22% -> 76.22%"                                                                                                              
            }                                                                                                                                               
        },                                                                                                                                                  
        "all_clients": {                                                                                                                                    
            "test": {                                                                                                                                       
                "loss": "0.6853 -> 0.0000",                                                                                                                 
                "accuracy": "76.22% -> 0.00%"                                                                                                               
            }                                                                                                                                               
        }                                                                                                                                                   
    },                                                                                                                                                      
    "36": {                                                                                                                                                 
        "centralized": {                                                                                                                                    
            "test": {                                                                                                                                       
                "loss": "0.4052 -> 0.4052",                                                                                                                 
                "accuracy": "86.64% -> 86.64%"                                                                                                              
            }                                                                                                                                               
        },                                                                                                                                                  
        "all_clients": {                                                                                                                                    
            "test": {                                                                                                                                       
                "loss": "0.4052 -> 0.0000",                                                                                                                 
                "accuracy": "86.64% -> 0.00%"                                                                                                               
            }                                                                                                                                               
        }                                                                                                                                                   
    },                                                                                                                                                      
    "37": {                                                                                                                                                 
        "centralized": {                                                                                                                                    
            "test": {                                                                                                                                       
                "loss": "0.5754 -> 0.5754",                                                                                                                 
                "accuracy": "78.01% -> 78.01%"                                                                                                              
            }                                                                                                                                               
        },                                                                                                                                                  
        "all_clients": {                                                                                                                                    
            "test": {                                                                                                                                       
                "loss": "0.5754 -> 0.0000",                                                                                                                 
                "accuracy": "78.01% -> 0.00%"                                                                                                               
            }                                                                                                                                               
        }                                                                                                                                                   
    },                                                                                                                                                      
    "38": {                                                                                                                                                 
        "centralized": {                                                                                                                                    
            "test": {                                                                                                                                       
                "loss": "0.3721 -> 0.3721",                                                                                                                 
                "accuracy": "88.03% -> 88.03%"                                                                                                              
            }                                                                                                                                               
        },                                                                                                                                                  
        "all_clients": {                                                                                                                                    
            "test": {                                                                                                                                       
                "loss": "0.3721 -> 0.0000",                                                                                                                 
                "accuracy": "88.03% -> 0.00%"                                                                                                               
            }                                                                                                                                               
        }                                                                                                                                                   
    },                                                                                                                                                      
    "39": {                                                                                                                                                 
        "centralized": {                                                                                                                                    
            "test": {                                                                                                                                       
                "loss": "0.6853 -> 0.6853",                                                                                                                 
                "accuracy": "75.45% -> 75.45%"                                                                                                              
            }                                                                                                                                               
        },                                                                                                                                                  
        "all_clients": {                                                                                                                                    
            "test": {                                                                                                                                       
                "loss": "0.6853 -> 0.0000",                                                                                                                 
                "accuracy": "75.45% -> 0.00%"                                                                                                               
            }                                                                                                                                               
        }                                                                                                                                                   
    },                                                                                                                                                      
    "40": {                                                                                                                                                 
        "centralized": {                                                                                                                                    
            "test": {                                                                                                                                       
                "loss": "0.3521 -> 0.3521",                                                                                                                 
                "accuracy": "88.81% -> 88.81%"                                                                                                              
            }                                                                                                                                               
        },                                                                                                                                                  
        "all_clients": {                                                                                                                                    
            "test": {                                                                                                                                       
                "loss": "0.3521 -> 0.0000",                                                                                                                 
                "accuracy": "88.81% -> 0.00%"                                                                                                               
            }                                                                                                                                               
        }                                                                                                                                                   
    }                                                                                                                                                       
}                                                                                                                                                           
==================== DriftFedAvg Max Accuracy ====================                                                                                          
all_clients:                                                                                                                                                
(test) before fine-tuning: 88.81% at epoch 40                                                                                                               
(test) after fine-tuning: 0.00% at epoch 1                                                                                                                  
centralized:                                                                                                                                                
(test) before fine-tuning: 88.81% at epoch 40                                                                                                               
(test) after fine-tuning: 88.81% at epoch 40                                                                                                                
