==================== DriftFedAvg ====================                                                                                                       
Experiment Arguments:                                                                                                                                       
{
│   'method': 'driftfedavg',
│   'dataset': {
│   │   'name': 'brain_tumor',
│   │   'partition_dir': 'partitions/alpha_0.03/seed_42',
│   │   'client_num': 10,
│   │   'test_ratio': 0.25,
│   │   'val_ratio': 0.0,
│   │   'seed': 42,
│   │   'split': 'sample',
│   │   'IID_ratio': 0.0,
│   │   'monitor_window_name_suffix': 'brain_tumor-10clients-0%IID-Dir(0.03)-seed42',
│   │   'alpha': 0.03,
│   │   'min_samples_per_client': 10
│   },
│   'model': {
│   │   'name': 'vit_tiny',
│   │   'use_torchvision_pretrained_weights': False,
│   │   'external_model_weights_path': None
│   },
│   'optimizer': {
│   │   'lr': 0.01,
│   │   'dampening': 0,
│   │   'weight_decay': 0.0001,
│   │   'momentum': 0.9,
│   │   'nesterov': False,
│   │   'name': 'sgd'
│   },
│   'mode': 'serial',
│   'parallel': {
│   │   'ray_cluster_addr': None,
│   │   'num_cpus': None,
│   │   'num_gpus': None,
│   │   'num_workers': 2
│   },
│   'common': {
│   │   'seed': 42,
│   │   'join_ratio': 1.0,
│   │   'global_epoch': 40,
│   │   'local_epoch': 5,
│   │   'batch_size': 32,
│   │   'reset_optimizer_on_global_epoch': True,
│   │   'straggler_ratio': 0,
│   │   'straggler_min_local_epoch': 0,
│   │   'buffers': 'global',
│   │   'client_side_evaluation': True,
│   │   'test': {
│   │   │   'client': {
│   │   │   │   'interval': 1,
│   │   │   │   'finetune_epoch': 0,
│   │   │   │   'train': False,
│   │   │   │   'val': False,
│   │   │   │   'test': True
│   │   │   },
│   │   │   'server': {
│   │   │   │   'interval': 1,
│   │   │   │   'train': False,
│   │   │   │   'val': False,
│   │   │   │   'test': True,
│   │   │   │   'model_in_train_mode': False
│   │   │   }
│   │   },
│   │   'verbose_gap': 10,
│   │   'monitor': 'tensorboard',
│   │   'use_cuda': True,
│   │   'save_log': True,
│   │   'save_model': False,
│   │   'save_learning_curve_plot': True,
│   │   'save_metrics': True,
│   │   'delete_useless_run': True,
│   │   'dataloader_num_workers': 2
│   },
│   'driftfedavg': {}
}
---------------------------- TRAINING EPOCH: 10 ----------------------------                                                                                
client [7]  (testset)   loss: 7.1713 -> 0.6537  accuracy: 10.34% -> 89.66%                                                                                  
client [6]  (testset)   loss: 20.9765 -> 20.9765    accuracy: 0.00% -> 0.00%                                                                                
client [9]  (testset)   loss: 8.9666 -> 0.0001  accuracy: 0.00% -> 100.00%                                                                                  
client [1]  (testset)   loss: 20.9791 -> 0.0000 accuracy: 0.00% -> 100.00%                                                                                  
client [2]  (testset)   loss: 0.0005 -> 0.0001  accuracy: 100.00% -> 100.00%                                                                                
client [8]  (testset)   loss: 8.3010 -> 0.6478  accuracy: 0.00% -> 68.85%                                                                                   
client [4]  (testset)   loss: 8.0002 -> 0.0192  accuracy: 0.00% -> 99.72%                                                                                   
client [5]  (testset)   loss: 0.0005 -> 0.0004  accuracy: 100.00% -> 100.00%                                                                                
client [3]  (testset)   loss: 6.3413 -> 0.6112  accuracy: 29.41% -> 70.59%                                                                                  
client [0]  (testset)   loss: 18.8361 -> 18.8361    accuracy: 0.00% -> 0.00%                                                                                
---------------------------- TRAINING EPOCH: 20 ----------------------------                                                                                
client [1]  (testset)   loss: 0.6164 -> 0.0000  accuracy: 100.00% -> 100.00%                                                                                
client [0]  (testset)   loss: 0.7958 -> 0.7958  accuracy: 83.33% -> 83.33%                                                                                  
client [3]  (testset)   loss: 1.9030 -> 1.4472  accuracy: 0.00% -> 29.41%                                                                                   
client [8]  (testset)   loss: 1.6713 -> 0.6369  accuracy: 0.00% -> 68.85%                                                                                   
client [6]  (testset)   loss: 0.6190 -> 0.6190  accuracy: 100.00% -> 100.00%                                                                                
client [2]  (testset)   loss: 2.5102 -> 0.0000  accuracy: 0.00% -> 100.00%                                                                                  
client [5]  (testset)   loss: 2.5103 -> 0.1613  accuracy: 0.00% -> 100.00%                                                                                  
client [4]  (testset)   loss: 1.6803 -> 0.0208  accuracy: 0.00% -> 99.72%                                                                                   
client [7]  (testset)   loss: 1.7674 -> 0.3380  accuracy: 0.00% -> 89.66%                                                                                   
client [9]  (testset)   loss: 1.6510 -> 0.0017  accuracy: 0.00% -> 100.00%                                                                                  
---------------------------- TRAINING EPOCH: 30 ----------------------------                                                                                
client [6]  (testset)   loss: 0.6634 -> 0.6634  accuracy: 100.00% -> 100.00%                                                                                
client [8]  (testset)   loss: 1.6657 -> 0.6241  accuracy: 0.00% -> 68.85%                                                                                   
client [5]  (testset)   loss: 2.4477 -> 0.2416  accuracy: 0.00% -> 100.00%                                                                                  
client [2]  (testset)   loss: 2.4474 -> 0.0000  accuracy: 0.00% -> 100.00%                                                                                  
client [1]  (testset)   loss: 0.6626 -> 0.0001  accuracy: 100.00% -> 100.00%                                                                                
client [9]  (testset)   loss: 1.4976 -> 0.0011  accuracy: 0.00% -> 100.00%                                                                                  
client [7]  (testset)   loss: 1.8150 -> 0.3652  accuracy: 0.00% -> 89.66%                                                                                   
client [3]  (testset)   loss: 1.7764 -> 1.4294  accuracy: 0.00% -> 29.41%                                                                                   
client [4]  (testset)   loss: 1.7408 -> 0.0202  accuracy: 0.00% -> 99.72%                                                                                   
client [0]  (testset)   loss: 0.8417 -> 0.8417  accuracy: 83.33% -> 83.33%                                                                                  
---------------------------- TRAINING EPOCH: 40 ----------------------------                                                                                
client [0]  (testset)   loss: 1.2172 -> 1.2172  accuracy: 0.00% -> 0.00%                                                                                    
client [2]  (testset)   loss: 0.8107 -> 0.0000  accuracy: 100.00% -> 100.00%                                                                                
client [5]  (testset)   loss: 0.8106 -> 0.1111  accuracy: 100.00% -> 100.00%                                                                                
client [6]  (testset)   loss: 1.0756 -> 1.0756  accuracy: 0.00% -> 0.00%                                                                                    
client [3]  (testset)   loss: 2.0973 -> 2.0550  accuracy: 29.41% -> 29.41%                                                                                  
client [1]  (testset)   loss: 1.0745 -> 0.0001  accuracy: 0.00% -> 100.00%                                                                                  
client [8]  (testset)   loss: 2.1533 -> 0.6411  accuracy: 0.00% -> 68.85%                                                                                   
client [9]  (testset)   loss: 2.6340 -> 0.0018  accuracy: 0.00% -> 100.00%                                                                                  
client [7]  (testset)   loss: 1.8194 -> 0.4388  accuracy: 10.34% -> 89.66%                                                                                  
client [4]  (testset)   loss: 1.9379 -> 0.0202  accuracy: 0.00% -> 99.72%                                                                                   
DriftFedAvg's average time taken by each global epoch: 1 min 23.35 sec.                                                                                     
DriftFedAvg's total running time: 1 h 3 m 21 s.                                                                                                             
==================== DriftFedAvg Experiment Results: ====================                                                                                   
Display format: (before local fine-tuning) -> (after local fine-tuning)                                                                                     
 So if finetune_epoch = 0, x.xx% -> 0.00% is normal.                                                                                                        
 Centralized testing ONLY happens after model aggregation, so the stats between '->' are the same.                                                          
{                                                                                                                                                           
    "1": {                                                                                                                                                  
        "centralized": {                                                                                                                                    
            "test": {                                                                                                                                       
                "loss": "3.2063 -> 3.2063",                                                                                                                 
                "accuracy": "25.28% -> 25.28%"                                                                                                              
            }                                                                                                                                               
        },                                                                                                                                                  
        "all_clients": {                                                                                                                                    
            "test": {                                                                                                                                       
                "loss": "3.2063 -> 0.0000",                                                                                                                 
                "accuracy": "25.28% -> 0.00%"                                                                                                               
            }                                                                                                                                               
        }                                                                                                                                                   
    },                                                                                                                                                      
    "2": {                                                                                                                                                  
        "centralized": {                                                                                                                                    
            "test": {                                                                                                                                       
                "loss": "4.6226 -> 4.6226",                                                                                                                 
                "accuracy": "24.72% -> 24.72%"                                                                                                              
            }                                                                                                                                               
        },                                                                                                                                                  
        "all_clients": {                                                                                                                                    
            "test": {                                                                                                                                       
                "loss": "4.6226 -> 0.0000",                                                                                                                 
                "accuracy": "24.72% -> 0.00%"                                                                                                               
            }                                                                                                                                               
        }                                                                                                                                                   
    },                                                                                                                                                      
    "3": {                                                                                                                                                  
        "centralized": {                                                                                                                                    
            "test": {                                                                                                                                       
                "loss": "4.5859 -> 4.5859",                                                                                                                 
                "accuracy": "25.28% -> 25.28%"                                                                                                              
            }                                                                                                                                               
        },                                                                                                                                                  
        "all_clients": {                                                                                                                                    
            "test": {                                                                                                                                       
                "loss": "4.5859 -> 0.0000",                                                                                                                 
                "accuracy": "25.28% -> 0.00%"                                                                                                               
            }                                                                                                                                               
        }                                                                                                                                                   
    },                                                                                                                                                      
    "4": {                                                                                                                                                  
        "centralized": {                                                                                                                                    
            "test": {                                                                                                                                       
                "loss": "5.6252 -> 5.6252",                                                                                                                 
                "accuracy": "25.39% -> 25.39%"                                                                                                              
            }                                                                                                                                               
        },                                                                                                                                                  
        "all_clients": {                                                                                                                                    
            "test": {                                                                                                                                       
                "loss": "5.6252 -> 0.0000",                                                                                                                 
                "accuracy": "25.39% -> 0.00%"                                                                                                               
            }                                                                                                                                               
        }                                                                                                                                                   
    },                                                                                                                                                      
    "5": {                                                                                                                                                  
        "centralized": {                                                                                                                                    
            "test": {                                                                                                                                       
                "loss": "9.2133 -> 9.2133",                                                                                                                 
                "accuracy": "24.72% -> 24.72%"                                                                                                              
            }                                                                                                                                               
        },                                                                                                                                                  
        "all_clients": {                                                                                                                                    
            "test": {                                                                                                                                       
                "loss": "9.2133 -> 0.0000",                                                                                                                 
                "accuracy": "24.72% -> 0.00%"                                                                                                               
            }                                                                                                                                               
        }                                                                                                                                                   
    },                                                                                                                                                      
    "6": {                                                                                                                                                  
        "centralized": {                                                                                                                                    
            "test": {                                                                                                                                       
                "loss": "7.2271 -> 7.2271",                                                                                                                 
                "accuracy": "25.06% -> 25.06%"                                                                                                              
            }                                                                                                                                               
        },                                                                                                                                                  
        "all_clients": {                                                                                                                                    
            "test": {                                                                                                                                       
                "loss": "7.2271 -> 0.0000",                                                                                                                 
                "accuracy": "25.06% -> 0.00%"                                                                                                               
            }                                                                                                                                               
        }                                                                                                                                                   
    },                                                                                                                                                      
    "7": {                                                                                                                                                  
        "centralized": {                                                                                                                                    
            "test": {                                                                                                                                       
                "loss": "8.0125 -> 8.0125",                                                                                                                 
                "accuracy": "24.72% -> 24.72%"                                                                                                              
            }                                                                                                                                               
        },                                                                                                                                                  
        "all_clients": {                                                                                                                                    
            "test": {                                                                                                                                       
                "loss": "8.0125 -> 0.0000",                                                                                                                 
                "accuracy": "24.72% -> 0.00%"                                                                                                               
            }                                                                                                                                               
        }                                                                                                                                                   
    },                                                                                                                                                      
    "8": {                                                                                                                                                  
        "centralized": {                                                                                                                                    
            "test": {                                                                                                                                       
                "loss": "9.6344 -> 9.6344",                                                                                                                 
                "accuracy": "24.94% -> 24.94%"                                                                                                              
            }                                                                                                                                               
        },                                                                                                                                                  
        "all_clients": {                                                                                                                                    
            "test": {                                                                                                                                       
                "loss": "9.6344 -> 0.0000",                                                                                                                 
                "accuracy": "24.94% -> 0.00%"                                                                                                               
            }                                                                                                                                               
        }                                                                                                                                                   
    },                                                                                                                                                      
    "9": {                                                                                                                                                  
        "centralized": {                                                                                                                                    
            "test": {                                                                                                                                       
                "loss": "9.5039 -> 9.5039",                                                                                                                 
                "accuracy": "24.72% -> 24.72%"                                                                                                              
            }                                                                                                                                               
        },                                                                                                                                                  
        "all_clients": {                                                                                                                                    
            "test": {                                                                                                                                       
                "loss": "9.5039 -> 0.0000",                                                                                                                 
                "accuracy": "24.72% -> 0.00%"                                                                                                               
            }                                                                                                                                               
        }                                                                                                                                                   
    },                                                                                                                                                      
    "10": {                                                                                                                                                 
        "centralized": {                                                                                                                                    
            "test": {                                                                                                                                       
                "loss": "9.8557 -> 9.8557",                                                                                                                 
                "accuracy": "25.28% -> 25.28%"                                                                                                              
            }                                                                                                                                               
        },                                                                                                                                                  
        "all_clients": {                                                                                                                                    
            "test": {                                                                                                                                       
                "loss": "9.8557 -> 0.0000",                                                                                                                 
                "accuracy": "25.28% -> 0.00%"                                                                                                               
            }                                                                                                                                               
        }                                                                                                                                                   
    },                                                                                                                                                      
    "11": {                                                                                                                                                 
        "centralized": {                                                                                                                                    
            "test": {                                                                                                                                       
                "loss": "12.4881 -> 12.4881",                                                                                                               
                "accuracy": "24.94% -> 24.94%"                                                                                                              
            }                                                                                                                                               
        },                                                                                                                                                  
        "all_clients": {                                                                                                                                    
            "test": {                                                                                                                                       
                "loss": "12.4881 -> 0.0000",                                                                                                                
                "accuracy": "24.94% -> 0.00%"                                                                                                               
            }                                                                                                                                               
        }                                                                                                                                                   
    },                                                                                                                                                      
    "12": {                                                                                                                                                 
        "centralized": {                                                                                                                                    
            "test": {                                                                                                                                       
                "loss": "9.2503 -> 9.2503",                                                                                                                 
                "accuracy": "24.72% -> 24.72%"                                                                                                              
            }                                                                                                                                               
        },                                                                                                                                                  
        "all_clients": {                                                                                                                                    
            "test": {                                                                                                                                       
                "loss": "9.2503 -> 0.0000",                                                                                                                 
                "accuracy": "24.72% -> 0.00%"                                                                                                               
            }                                                                                                                                               
        }                                                                                                                                                   
    },                                                                                                                                                      
    "13": {                                                                                                                                                 
        "centralized": {                                                                                                                                    
            "test": {                                                                                                                                       
                "loss": "8.4951 -> 8.4951",                                                                                                                 
                "accuracy": "24.94% -> 24.94%"                                                                                                              
            }                                                                                                                                               
        },                                                                                                                                                  
        "all_clients": {                                                                                                                                    
            "test": {                                                                                                                                       
                "loss": "8.4951 -> 0.0000",                                                                                                                 
                "accuracy": "24.94% -> 0.00%"                                                                                                               
            }                                                                                                                                               
        }                                                                                                                                                   
    },                                                                                                                                                      
    "14": {                                                                                                                                                 
        "centralized": {                                                                                                                                    
            "test": {                                                                                                                                       
                "loss": "6.4429 -> 6.4429",                                                                                                                 
                "accuracy": "25.28% -> 25.28%"                                                                                                              
            }                                                                                                                                               
        },                                                                                                                                                  
        "all_clients": {                                                                                                                                    
            "test": {                                                                                                                                       
                "loss": "6.4429 -> 0.0000",                                                                                                                 
                "accuracy": "25.28% -> 0.00%"                                                                                                               
            }                                                                                                                                               
        }                                                                                                                                                   
    },                                                                                                                                                      
    "15": {                                                                                                                                                 
        "centralized": {                                                                                                                                    
            "test": {                                                                                                                                       
                "loss": "3.8528 -> 3.8528",                                                                                                                 
                "accuracy": "24.72% -> 24.72%"                                                                                                              
            }                                                                                                                                               
        },                                                                                                                                                  
        "all_clients": {                                                                                                                                    
            "test": {                                                                                                                                       
                "loss": "3.8528 -> 0.0000",                                                                                                                 
                "accuracy": "24.72% -> 0.00%"                                                                                                               
            }                                                                                                                                               
        }                                                                                                                                                   
    },                                                                                                                                                      
    "16": {                                                                                                                                                 
        "centralized": {                                                                                                                                    
            "test": {                                                                                                                                       
                "loss": "2.5164 -> 2.5164",                                                                                                                 
                "accuracy": "25.28% -> 25.28%"                                                                                                              
            }                                                                                                                                               
        },                                                                                                                                                  
        "all_clients": {                                                                                                                                    
            "test": {                                                                                                                                       
                "loss": "2.5164 -> 0.0000",                                                                                                                 
                "accuracy": "25.28% -> 0.00%"                                                                                                               
            }                                                                                                                                               
        }                                                                                                                                                   
    },                                                                                                                                                      
    "17": {                                                                                                                                                 
        "centralized": {                                                                                                                                    
            "test": {                                                                                                                                       
                "loss": "1.5534 -> 1.5534",                                                                                                                 
                "accuracy": "24.94% -> 24.94%"                                                                                                              
            }                                                                                                                                               
        },                                                                                                                                                  
        "all_clients": {                                                                                                                                    
            "test": {                                                                                                                                       
                "loss": "1.5534 -> 0.0000",                                                                                                                 
                "accuracy": "24.94% -> 0.00%"                                                                                                               
            }                                                                                                                                               
        }                                                                                                                                                   
    },                                                                                                                                                      
    "18": {                                                                                                                                                 
        "centralized": {                                                                                                                                    
            "test": {                                                                                                                                       
                "loss": "1.6221 -> 1.6221",                                                                                                                 
                "accuracy": "25.28% -> 25.28%"                                                                                                              
            }                                                                                                                                               
        },                                                                                                                                                  
        "all_clients": {                                                                                                                                    
            "test": {                                                                                                                                       
                "loss": "1.6221 -> 0.0000",                                                                                                                 
                "accuracy": "25.28% -> 0.00%"                                                                                                               
            }                                                                                                                                               
        }                                                                                                                                                   
    },                                                                                                                                                      
    "19": {                                                                                                                                                 
        "centralized": {                                                                                                                                    
            "test": {                                                                                                                                       
                "loss": "1.6127 -> 1.6127",                                                                                                                 
                "accuracy": "24.94% -> 24.94%"                                                                                                              
            }                                                                                                                                               
        },                                                                                                                                                  
        "all_clients": {                                                                                                                                    
            "test": {                                                                                                                                       
                "loss": "1.6127 -> 0.0000",                                                                                                                 
                "accuracy": "24.94% -> 0.00%"                                                                                                               
            }                                                                                                                                               
        }                                                                                                                                                   
    },                                                                                                                                                      
    "20": {                                                                                                                                                 
        "centralized": {                                                                                                                                    
            "test": {                                                                                                                                       
                "loss": "2.0035 -> 2.0035",                                                                                                                 
                "accuracy": "24.72% -> 24.72%"                                                                                                              
            }                                                                                                                                               
        },                                                                                                                                                  
        "all_clients": {                                                                                                                                    
            "test": {                                                                                                                                       
                "loss": "2.0035 -> 0.0000",                                                                                                                 
                "accuracy": "24.72% -> 0.00%"                                                                                                               
            }                                                                                                                                               
        }                                                                                                                                                   
    },                                                                                                                                                      
    "21": {                                                                                                                                                 
        "centralized": {                                                                                                                                    
            "test": {                                                                                                                                       
                "loss": "2.1822 -> 2.1822",                                                                                                                 
                "accuracy": "24.94% -> 24.94%"                                                                                                              
            }                                                                                                                                               
        },                                                                                                                                                  
        "all_clients": {                                                                                                                                    
            "test": {                                                                                                                                       
                "loss": "2.1822 -> 0.0000",                                                                                                                 
                "accuracy": "24.94% -> 0.00%"                                                                                                               
            }                                                                                                                                               
        }                                                                                                                                                   
    },                                                                                                                                                      
    "22": {                                                                                                                                                 
        "centralized": {                                                                                                                                    
            "test": {                                                                                                                                       
                "loss": "2.3170 -> 2.3170",                                                                                                                 
                "accuracy": "24.72% -> 24.72%"                                                                                                              
            }                                                                                                                                               
        },                                                                                                                                                  
        "all_clients": {                                                                                                                                    
            "test": {                                                                                                                                       
                "loss": "2.3170 -> 0.0000",                                                                                                                 
                "accuracy": "24.72% -> 0.00%"                                                                                                               
            }                                                                                                                                               
        }                                                                                                                                                   
    },                                                                                                                                                      
    "23": {                                                                                                                                                 
        "centralized": {                                                                                                                                    
            "test": {                                                                                                                                       
                "loss": "1.7340 -> 1.7340",                                                                                                                 
                "accuracy": "24.94% -> 24.94%"                                                                                                              
            }                                                                                                                                               
        },                                                                                                                                                  
        "all_clients": {                                                                                                                                    
            "test": {                                                                                                                                       
                "loss": "1.7340 -> 0.0000",                                                                                                                 
                "accuracy": "24.94% -> 0.00%"                                                                                                               
            }                                                                                                                                               
        }                                                                                                                                                   
    },                                                                                                                                                      
    "24": {                                                                                                                                                 
        "centralized": {                                                                                                                                    
            "test": {                                                                                                                                       
                "loss": "1.6366 -> 1.6366",                                                                                                                 
                "accuracy": "24.72% -> 24.72%"                                                                                                              
            }                                                                                                                                               
        },                                                                                                                                                  
        "all_clients": {                                                                                                                                    
            "test": {                                                                                                                                       
                "loss": "1.6366 -> 0.0000",                                                                                                                 
                "accuracy": "24.72% -> 0.00%"                                                                                                               
            }                                                                                                                                               
        }                                                                                                                                                   
    },                                                                                                                                                      
    "25": {                                                                                                                                                 
        "centralized": {                                                                                                                                    
            "test": {                                                                                                                                       
                "loss": "1.6000 -> 1.6000",                                                                                                                 
                "accuracy": "24.94% -> 24.94%"                                                                                                              
            }                                                                                                                                               
        },                                                                                                                                                  
        "all_clients": {                                                                                                                                    
            "test": {                                                                                                                                       
                "loss": "1.6000 -> 0.0000",                                                                                                                 
                "accuracy": "24.94% -> 0.00%"                                                                                                               
            }                                                                                                                                               
        }                                                                                                                                                   
    },                                                                                                                                                      
    "26": {                                                                                                                                                 
        "centralized": {                                                                                                                                    
            "test": {                                                                                                                                       
                "loss": "1.6209 -> 1.6209",                                                                                                                 
                "accuracy": "24.72% -> 24.72%"                                                                                                              
            }                                                                                                                                               
        },                                                                                                                                                  
        "all_clients": {                                                                                                                                    
            "test": {                                                                                                                                       
                "loss": "1.6209 -> 0.0000",                                                                                                                 
                "accuracy": "24.72% -> 0.00%"                                                                                                               
            }                                                                                                                                               
        }                                                                                                                                                   
    },                                                                                                                                                      
    "27": {                                                                                                                                                 
        "centralized": {                                                                                                                                    
            "test": {                                                                                                                                       
                "loss": "1.6006 -> 1.6006",                                                                                                                 
                "accuracy": "24.94% -> 24.94%"                                                                                                              
            }                                                                                                                                               
        },                                                                                                                                                  
        "all_clients": {                                                                                                                                    
            "test": {                                                                                                                                       
                "loss": "1.6006 -> 0.0000",                                                                                                                 
                "accuracy": "24.94% -> 0.00%"                                                                                                               
            }                                                                                                                                               
        }                                                                                                                                                   
    },                                                                                                                                                      
    "28": {                                                                                                                                                 
        "centralized": {                                                                                                                                    
            "test": {                                                                                                                                       
                "loss": "1.6241 -> 1.6241",                                                                                                                 
                "accuracy": "24.72% -> 24.72%"                                                                                                              
            }                                                                                                                                               
        },                                                                                                                                                  
        "all_clients": {                                                                                                                                    
            "test": {                                                                                                                                       
                "loss": "1.6241 -> 0.0000",                                                                                                                 
                "accuracy": "24.72% -> 0.00%"                                                                                                               
            }                                                                                                                                               
        }                                                                                                                                                   
    },                                                                                                                                                      
    "29": {                                                                                                                                                 
        "centralized": {                                                                                                                                    
            "test": {                                                                                                                                       
                "loss": "1.5852 -> 1.5852",                                                                                                                 
                "accuracy": "24.94% -> 24.94%"                                                                                                              
            }                                                                                                                                               
        },                                                                                                                                                  
        "all_clients": {                                                                                                                                    
            "test": {                                                                                                                                       
                "loss": "1.5852 -> 0.0000",                                                                                                                 
                "accuracy": "24.94% -> 0.00%"                                                                                                               
            }                                                                                                                                               
        }                                                                                                                                                   
    },                                                                                                                                                      
    "30": {                                                                                                                                                 
        "centralized": {                                                                                                                                    
            "test": {                                                                                                                                       
                "loss": "1.5981 -> 1.5981",                                                                                                                 
                "accuracy": "24.72% -> 24.72%"                                                                                                              
            }                                                                                                                                               
        },                                                                                                                                                  
        "all_clients": {                                                                                                                                    
            "test": {                                                                                                                                       
                "loss": "1.5981 -> 0.0000",                                                                                                                 
                "accuracy": "24.72% -> 0.00%"                                                                                                               
            }                                                                                                                                               
        }                                                                                                                                                   
    },                                                                                                                                                      
    "31": {                                                                                                                                                 
        "centralized": {                                                                                                                                    
            "test": {                                                                                                                                       
                "loss": "1.5591 -> 1.5591",                                                                                                                 
                "accuracy": "24.94% -> 24.94%"                                                                                                              
            }                                                                                                                                               
        },                                                                                                                                                  
        "all_clients": {                                                                                                                                    
            "test": {                                                                                                                                       
                "loss": "1.5591 -> 0.0000",                                                                                                                 
                "accuracy": "24.94% -> 0.00%"                                                                                                               
            }                                                                                                                                               
        }                                                                                                                                                   
    },                                                                                                                                                      
    "32": {                                                                                                                                                 
        "centralized": {                                                                                                                                    
            "test": {                                                                                                                                       
                "loss": "1.5730 -> 1.5730",                                                                                                                 
                "accuracy": "24.72% -> 24.72%"                                                                                                              
            }                                                                                                                                               
        },                                                                                                                                                  
        "all_clients": {                                                                                                                                    
            "test": {                                                                                                                                       
                "loss": "1.5730 -> 0.0000",                                                                                                                 
                "accuracy": "24.72% -> 0.00%"                                                                                                               
            }                                                                                                                                               
        }                                                                                                                                                   
    },                                                                                                                                                      
    "33": {                                                                                                                                                 
        "centralized": {                                                                                                                                    
            "test": {                                                                                                                                       
                "loss": "1.5704 -> 1.5704",                                                                                                                 
                "accuracy": "24.94% -> 24.94%"                                                                                                              
            }                                                                                                                                               
        },                                                                                                                                                  
        "all_clients": {                                                                                                                                    
            "test": {                                                                                                                                       
                "loss": "1.5704 -> 0.0000",                                                                                                                 
                "accuracy": "24.94% -> 0.00%"                                                                                                               
            }                                                                                                                                               
        }                                                                                                                                                   
    },                                                                                                                                                      
    "34": {                                                                                                                                                 
        "centralized": {                                                                                                                                    
            "test": {                                                                                                                                       
                "loss": "1.6135 -> 1.6135",                                                                                                                 
                "accuracy": "25.28% -> 25.28%"                                                                                                              
            }                                                                                                                                               
        },                                                                                                                                                  
        "all_clients": {                                                                                                                                    
            "test": {                                                                                                                                       
                "loss": "1.6135 -> 0.0000",                                                                                                                 
                "accuracy": "25.28% -> 0.00%"                                                                                                               
            }                                                                                                                                               
        }                                                                                                                                                   
    },                                                                                                                                                      
    "35": {                                                                                                                                                 
        "centralized": {                                                                                                                                    
            "test": {                                                                                                                                       
                "loss": "1.7380 -> 1.7380",                                                                                                                 
                "accuracy": "24.94% -> 24.94%"                                                                                                              
            }                                                                                                                                               
        },                                                                                                                                                  
        "all_clients": {                                                                                                                                    
            "test": {                                                                                                                                       
                "loss": "1.7380 -> 0.0000",                                                                                                                 
                "accuracy": "24.94% -> 0.00%"                                                                                                               
            }                                                                                                                                               
        }                                                                                                                                                   
    },                                                                                                                                                      
    "36": {                                                                                                                                                 
        "centralized": {                                                                                                                                    
            "test": {                                                                                                                                       
                "loss": "1.9536 -> 1.9536",                                                                                                                 
                "accuracy": "25.28% -> 25.28%"                                                                                                              
            }                                                                                                                                               
        },                                                                                                                                                  
        "all_clients": {                                                                                                                                    
            "test": {                                                                                                                                       
                "loss": "1.9536 -> 0.0000",                                                                                                                 
                "accuracy": "25.28% -> 0.00%"                                                                                                               
            }                                                                                                                                               
        }                                                                                                                                                   
    },                                                                                                                                                      
    "37": {                                                                                                                                                 
        "centralized": {                                                                                                                                    
            "test": {                                                                                                                                       
                "loss": "2.1778 -> 2.1778",                                                                                                                 
                "accuracy": "24.72% -> 24.72%"                                                                                                              
            }                                                                                                                                               
        },                                                                                                                                                  
        "all_clients": {                                                                                                                                    
            "test": {                                                                                                                                       
                "loss": "2.1778 -> 0.0000",                                                                                                                 
                "accuracy": "24.72% -> 0.00%"                                                                                                               
            }                                                                                                                                               
        }                                                                                                                                                   
    },                                                                                                                                                      
    "38": {                                                                                                                                                 
        "centralized": {                                                                                                                                    
            "test": {                                                                                                                                       
                "loss": "2.0672 -> 2.0672",                                                                                                                 
                "accuracy": "25.28% -> 25.28%"                                                                                                              
            }                                                                                                                                               
        },                                                                                                                                                  
        "all_clients": {                                                                                                                                    
            "test": {                                                                                                                                       
                "loss": "2.0672 -> 0.0000",                                                                                                                 
                "accuracy": "25.28% -> 0.00%"                                                                                                               
            }                                                                                                                                               
        }                                                                                                                                                   
    },                                                                                                                                                      
    "39": {                                                                                                                                                 
        "centralized": {                                                                                                                                    
            "test": {                                                                                                                                       
                "loss": "1.6193 -> 1.6193",                                                                                                                 
                "accuracy": "24.72% -> 24.72%"                                                                                                              
            }                                                                                                                                               
        },                                                                                                                                                  
        "all_clients": {                                                                                                                                    
            "test": {                                                                                                                                       
                "loss": "1.6193 -> 0.0000",                                                                                                                 
                "accuracy": "24.72% -> 0.00%"                                                                                                               
            }                                                                                                                                               
        }                                                                                                                                                   
    },                                                                                                                                                      
    "40": {                                                                                                                                                 
        "centralized": {                                                                                                                                    
            "test": {                                                                                                                                       
                "loss": "1.5547 -> 1.5547",                                                                                                                 
                "accuracy": "25.28% -> 25.28%"                                                                                                              
            }                                                                                                                                               
        },                                                                                                                                                  
        "all_clients": {                                                                                                                                    
            "test": {                                                                                                                                       
                "loss": "1.5547 -> 0.0000",                                                                                                                 
                "accuracy": "25.28% -> 0.00%"                                                                                                               
            }                                                                                                                                               
        }                                                                                                                                                   
    }                                                                                                                                                       
}                                                                                                                                                           
==================== DriftFedAvg Max Accuracy ====================                                                                                          
all_clients:                                                                                                                                                
(test) before fine-tuning: 25.39% at epoch 4                                                                                                                
(test) after fine-tuning: 0.00% at epoch 1                                                                                                                  
centralized:                                                                                                                                                
(test) before fine-tuning: 25.39% at epoch 4                                                                                                                
(test) after fine-tuning: 25.39% at epoch 4                                                                                                                 
