==================== CKADriftFedAvg ====================                                                                                                                  
Experiment Arguments:                                                                                                                                                     
{
│   'method': 'ckadriftfedavg',
│   'dataset': {
│   │   'name': 'cifar10',
│   │   'partition_dir': 'partitions/alpha_1000.0/seed_456',
│   │   'client_num': 10,
│   │   'test_ratio': 0.25,
│   │   'val_ratio': 0.0,
│   │   'seed': 456,
│   │   'split': 'sample',
│   │   'IID_ratio': 0.0,
│   │   'alpha': 1000.0,
│   │   'min_samples_per_client': 10,
│   │   'sample_fraction': 0.1,
│   │   'subset_seed': 42,
│   │   'monitor_window_name_suffix': 'cifar10-10clients-0%IID-Dir(1000.0)-seed456-10pct'
│   },
│   'model': {
│   │   'name': 'res9',
│   │   'use_torchvision_pretrained_weights': False,
│   │   'external_model_weights_path': None
│   },
│   'optimizer': {
│   │   'lr': 0.01,
│   │   'dampening': 0,
│   │   'weight_decay': 0.0001,
│   │   'momentum': 0.9,
│   │   'nesterov': False,
│   │   'name': 'sgd'
│   },
│   'mode': 'serial',
│   'parallel': {
│   │   'ray_cluster_addr': None,
│   │   'num_cpus': 40,
│   │   'num_gpus': 0,
│   │   'num_workers': 5
│   },
│   'common': {
│   │   'seed': 456,
│   │   'join_ratio': 1.0,
│   │   'global_epoch': 50,
│   │   'local_epoch': 5,
│   │   'batch_size': 32,
│   │   'reset_optimizer_on_global_epoch': True,
│   │   'straggler_ratio': 0,
│   │   'straggler_min_local_epoch': 0,
│   │   'buffers': 'global',
│   │   'client_side_evaluation': True,
│   │   'test': {
│   │   │   'client': {
│   │   │   │   'interval': 1,
│   │   │   │   'finetune_epoch': 0,
│   │   │   │   'train': False,
│   │   │   │   'val': False,
│   │   │   │   'test': True
│   │   │   },
│   │   │   'server': {
│   │   │   │   'interval': 1,
│   │   │   │   'train': False,
│   │   │   │   'val': False,
│   │   │   │   'test': True,
│   │   │   │   'model_in_train_mode': False
│   │   │   }
│   │   },
│   │   'verbose_gap': 10,
│   │   'monitor': 'tensorboard',
│   │   'use_cuda': True,
│   │   'save_log': True,
│   │   'save_model': False,
│   │   'save_learning_curve_plot': True,
│   │   'save_metrics': True,
│   │   'delete_useless_run': True,
│   │   'dataloader_num_workers': 2,
│   │   'resume_checkpoint': None
│   },
│   'cka': {
│   │   'rounds': [
│   │   │   1,
│   │   │   2,
│   │   │   5,
│   │   │   10,
│   │   │   20,
│   │   │   30,
│   │   │   40,
│   │   │   50
│   │   ],
│   │   'client_sample': 10,
│   │   'probe_batches': 20,
│   │   'probe_batch_size': 16
│   },
│   'ckadriftfedavg': {},
│   'driftfedavg': {}
}
---------------------------- ROUND 1/50 START ----------------------------                                                                                                
Selected clients: [7, 9, 6, 3, 5, 0, 4, 1, 2, 8]                                                                                                                          
  [Client 7] Starting local training...                                                                                                                                   
Traceback (most recent call last):                                                                                                                                        
  File "/home/luis.mendezl/Thesis/src/server/fedavg.py", line 1155, in run_experiment                                                                                     
    self.train()                                                                                                                                                          
  File "/home/luis.mendezl/Thesis/src/server/ckadriftfedavg.py", line 320, in train                                                                                       
    self.train_one_round()                                                                                                                                                
  File "/home/luis.mendezl/Thesis/src/server/driftfedavg.py", line 146, in train_one_round                                                                                
    client_packages = self.trainer.train()                                                                                                                                
                      ^^^^^^^^^^^^^^^^^^^^                                                                                                                                
  File "/home/luis.mendezl/Thesis/src/utils/trainer.py", line 47, in _serial_train                                                                                        
    client_package = self.worker.train(server_package) # it gives eval_results                                                                                            
                     ^^^^^^^^^^^^^^^^^^^^^^^^^^^^^^^^^                                                                                                                    
  File "/home/luis.mendezl/Thesis/src/client/fedavg.py", line 171, in train                                                                                               
    self.train_with_eval()                                                                                                                                                
  File "/home/luis.mendezl/Thesis/src/client/fedavg.py", line 117, in train_with_eval                                                                                     
    self.fit()                                                                                                                                                            
  File "/home/luis.mendezl/Thesis/src/client/fedavg.py", line 238, in fit                                                                                                 
    logit = self.model(x)                                                                                                                                                 
            ^^^^^^^^^^^^^                                                                                                                                                 
  File "/home/luis.mendezl/.conda/envs/venv/lib/python3.11/site-packages/torch/nn/modules/module.py", line 1778, in _wrapped_call_impl                                    
    return self._call_impl(*args, **kwargs)                                                                                                                               
           ^^^^^^^^^^^^^^^^^^^^^^^^^^^^^^^^                                                                                                                               
  File "/home/luis.mendezl/.conda/envs/venv/lib/python3.11/site-packages/torch/nn/modules/module.py", line 1789, in _call_impl                                            
    return forward_call(*args, **kwargs)                                                                                                                                  
           ^^^^^^^^^^^^^^^^^^^^^^^^^^^^^                                                                                                                                  
  File "/home/luis.mendezl/Thesis/src/utils/models.py", line 117, in forward                                                                                              
    return self.classifier(self.base(x))                                                                                                                                  
                           ^^^^^^^^^^^^                                                                                                                                   
  File "/home/luis.mendezl/.conda/envs/venv/lib/python3.11/site-packages/torch/nn/modules/module.py", line 1778, in _wrapped_call_impl                                    
    return self._call_impl(*args, **kwargs)                                                                                                                               
           ^^^^^^^^^^^^^^^^^^^^^^^^^^^^^^^^                                                                                                                               
  File "/home/luis.mendezl/.conda/envs/venv/lib/python3.11/site-packages/torch/nn/modules/module.py", line 1789, in _call_impl                                            
    return forward_call(*args, **kwargs)                                                                                                                                  
           ^^^^^^^^^^^^^^^^^^^^^^^^^^^^^                                                                                                                                  
  File "/home/luis.mendezl/.conda/envs/venv/lib/python3.11/site-packages/torch/nn/modules/container.py", line 253, in forward                                             
    input = module(input)                                                                                                                                                 
            ^^^^^^^^^^^^^                                                                                                                                                 
  File "/home/luis.mendezl/.conda/envs/venv/lib/python3.11/site-packages/torch/nn/modules/module.py", line 1778, in _wrapped_call_impl                                    
    return self._call_impl(*args, **kwargs)                                                                                                                               
           ^^^^^^^^^^^^^^^^^^^^^^^^^^^^^^^^                                                                                                                               
  File "/home/luis.mendezl/.conda/envs/venv/lib/python3.11/site-packages/torch/nn/modules/module.py", line 1789, in _call_impl                                            
    return forward_call(*args, **kwargs)                                                                                                                                  
           ^^^^^^^^^^^^^^^^^^^^^^^^^^^^^                                                                                                                                  
  File "/home/luis.mendezl/.conda/envs/venv/lib/python3.11/site-packages/torch/nn/modules/batchnorm.py", line 210, in forward                                             
    return F.batch_norm(                                                                                                                                                  
           ^^^^^^^^^^^^^                                                                                                                                                  
  File "/home/luis.mendezl/.conda/envs/venv/lib/python3.11/site-packages/torch/nn/functional.py", line 2850, in batch_norm                                                
    return torch.batch_norm(                                                                                                                                              
           ^^^^^^^^^^^^^^^^^                                                                                                                                              
torch.OutOfMemoryError: CUDA out of memory. Tried to allocate 392.00 MiB. GPU 0 has a total capacity of 4.75 GiB of which 366.00 MiB is free. Process 2644768 has 4.65 GiB
memory in use. Process 3604831 has 2.04 GiB memory in use. Including non-PyTorch memory, this process has 4.37 GiB memory in use. Of the allocated memory 4.26 GiB is     
allocated by PyTorch, and 16.40 MiB is reserved by PyTorch but unallocated. If reserved but unallocated memory is large try setting                                       
PYTORCH_CUDA_ALLOC_CONF=expandable_segments:True to avoid fragmentation.  See documentation for Memory Management                                                         
(https://docs.pytorch.org/docs/stable/notes/cuda.html#optimizing-memory-usage-with-pytorch-cuda-alloc-conf)                                                               
                                                                                                                                                                          
Exception occurred: CUDA out of memory. Tried to allocate 392.00 MiB. GPU 0 has a total capacity of 4.75 GiB of which 366.00 MiB is free. Process 2644768 has 4.65 GiB    
memory in use. Process 3604831 has 2.04 GiB memory in use. Including non-PyTorch memory, this process has 4.37 GiB memory in use. Of the allocated memory 4.26 GiB is     
allocated by PyTorch, and 16.40 MiB is reserved by PyTorch but unallocated. If reserved but unallocated memory is large try setting                                       
PYTORCH_CUDA_ALLOC_CONF=expandable_segments:True to avoid fragmentation.  See documentation for Memory Management                                                         
(https://docs.pytorch.org/docs/stable/notes/cuda.html#optimizing-memory-usage-with-pytorch-cuda-alloc-conf)                                                               
