==================== DriftFedAvg ====================                                                                                                       
Experiment Arguments:                                                                                                                                       
{
│   'method': 'driftfedavg',
│   'dataset': {
│   │   'name': 'brain_tumor',
│   │   'partition_dir': 'partitions/alpha_1000.0/seed_42',
│   │   'client_num': 10,
│   │   'test_ratio': 0.25,
│   │   'val_ratio': 0.0,
│   │   'seed': 42,
│   │   'split': 'sample',
│   │   'IID_ratio': 0.0,
│   │   'monitor_window_name_suffix': 'brain_tumor-10clients-0%IID-Dir(1000.0)-seed42',
│   │   'alpha': 1000.0,
│   │   'min_samples_per_client': 10
│   },
│   'model': {
│   │   'name': 'vim_tiny',
│   │   'use_torchvision_pretrained_weights': False,
│   │   'external_model_weights_path': None
│   },
│   'optimizer': {
│   │   'lr': 0.01,
│   │   'dampening': 0,
│   │   'weight_decay': 0.0001,
│   │   'momentum': 0.9,
│   │   'nesterov': False,
│   │   'name': 'sgd'
│   },
│   'mode': 'serial',
│   'parallel': {
│   │   'ray_cluster_addr': None,
│   │   'num_cpus': None,
│   │   'num_gpus': None,
│   │   'num_workers': 2
│   },
│   'common': {
│   │   'seed': 42,
│   │   'join_ratio': 1.0,
│   │   'global_epoch': 40,
│   │   'local_epoch': 5,
│   │   'batch_size': 32,
│   │   'reset_optimizer_on_global_epoch': True,
│   │   'straggler_ratio': 0,
│   │   'straggler_min_local_epoch': 0,
│   │   'buffers': 'global',
│   │   'client_side_evaluation': True,
│   │   'test': {
│   │   │   'client': {
│   │   │   │   'interval': 1,
│   │   │   │   'finetune_epoch': 0,
│   │   │   │   'train': False,
│   │   │   │   'val': False,
│   │   │   │   'test': True
│   │   │   },
│   │   │   'server': {
│   │   │   │   'interval': 1,
│   │   │   │   'train': False,
│   │   │   │   'val': False,
│   │   │   │   'test': True,
│   │   │   │   'model_in_train_mode': False
│   │   │   }
│   │   },
│   │   'verbose_gap': 10,
│   │   'monitor': 'tensorboard',
│   │   'use_cuda': True,
│   │   'save_log': True,
│   │   'save_model': False,
│   │   'save_learning_curve_plot': True,
│   │   'save_metrics': True,
│   │   'delete_useless_run': True,
│   │   'dataloader_num_workers': 2
│   },
│   'driftfedavg': {}
}
---------------------------- TRAINING EPOCH: 10 ----------------------------                                                                                
client [7]  (testset)   loss: 0.4722 -> 0.7892  accuracy: 83.80% -> 75.98%                                                                                  
client [6]  (testset)   loss: 0.4671 -> 0.7066  accuracy: 81.11% -> 80.00%                                                                                  
client [9]  (testset)   loss: 0.4970 -> 0.7819  accuracy: 81.97% -> 79.78%                                                                                  
client [1]  (testset)   loss: 0.5821 -> 1.0468  accuracy: 81.01% -> 70.39%                                                                                  
client [2]  (testset)   loss: 0.4722 -> 0.7724  accuracy: 81.36% -> 76.27%                                                                                  
client [8]  (testset)   loss: 0.6760 -> 1.0723  accuracy: 76.84% -> 68.93%                                                                                  
client [4]  (testset)   loss: 0.4619 -> 0.7357  accuracy: 86.89% -> 78.14%                                                                                  
client [5]  (testset)   loss: 0.5249 -> 0.6824  accuracy: 79.33% -> 75.42%                                                                                  
client [3]  (testset)   loss: 0.4977 -> 0.8155  accuracy: 82.32% -> 78.45%                                                                                  
client [0]  (testset)   loss: 0.4675 -> 0.6611  accuracy: 83.33% -> 80.56%                                                                                  
---------------------------- TRAINING EPOCH: 20 ----------------------------                                                                                
client [1]  (testset)   loss: 0.5286 -> 0.8427  accuracy: 86.59% -> 74.86%                                                                                  
client [0]  (testset)   loss: 0.4135 -> 0.6493  accuracy: 84.44% -> 80.56%                                                                                  
client [3]  (testset)   loss: 0.5001 -> 0.8458  accuracy: 85.64% -> 80.11%                                                                                  
client [8]  (testset)   loss: 0.6668 -> 0.7067  accuracy: 83.05% -> 80.23%                                                                                  
client [6]  (testset)   loss: 0.4496 -> 0.7554  accuracy: 86.67% -> 80.00%                                                                                  
client [2]  (testset)   loss: 0.4997 -> 0.7386  accuracy: 85.31% -> 79.10%                                                                                  
client [5]  (testset)   loss: 0.5319 -> 0.7594  accuracy: 83.24% -> 82.12%                                                                                  
client [4]  (testset)   loss: 0.3535 -> 0.4960  accuracy: 90.16% -> 83.06%                                                                                  
client [7]  (testset)   loss: 0.4669 -> 0.7961  accuracy: 88.83% -> 79.33%                                                                                  
client [9]  (testset)   loss: 0.3892 -> 0.8260  accuracy: 85.79% -> 81.42%                                                                                  
---------------------------- TRAINING EPOCH: 30 ----------------------------                                                                                
client [6]  (testset)   loss: 0.5158 -> 0.8687  accuracy: 86.67% -> 80.00%                                                                                  
client [8]  (testset)   loss: 0.6723 -> 1.1621  accuracy: 85.31% -> 79.10%                                                                                  
client [5]  (testset)   loss: 0.6330 -> 0.7967  accuracy: 84.36% -> 83.80%                                                                                  
client [2]  (testset)   loss: 0.6165 -> 0.9891  accuracy: 87.01% -> 77.40%                                                                                  
client [1]  (testset)   loss: 0.5657 -> 0.8022  accuracy: 87.71% -> 82.12%                                                                                  
client [9]  (testset)   loss: 0.3904 -> 0.6509  accuracy: 88.52% -> 83.06%                                                                                  
client [7]  (testset)   loss: 0.3758 -> 0.6233  accuracy: 90.50% -> 83.80%                                                                                  
client [3]  (testset)   loss: 0.5393 -> 0.7147  accuracy: 89.50% -> 81.22%                                                                                  
client [4]  (testset)   loss: 0.3646 -> 0.5742  accuracy: 91.80% -> 86.89%                                                                                  
client [0]  (testset)   loss: 0.3302 -> 0.7039  accuracy: 87.78% -> 81.11%                                                                                  
---------------------------- TRAINING EPOCH: 40 ----------------------------                                                                                
client [0]  (testset)   loss: 0.3974 -> 0.6847  accuracy: 87.78% -> 84.44%                                                                                  
client [2]  (testset)   loss: 0.7046 -> 0.8230  accuracy: 84.75% -> 83.62%                                                                                  
client [5]  (testset)   loss: 0.6553 -> 0.8350  accuracy: 87.71% -> 84.36%                                                                                  
client [6]  (testset)   loss: 0.5202 -> 0.7854  accuracy: 88.33% -> 80.00%                                                                                  
client [3]  (testset)   loss: 0.6035 -> 0.7491  accuracy: 88.40% -> 82.87%                                                                                  
client [1]  (testset)   loss: 0.6247 -> 0.9336  accuracy: 88.27% -> 80.45%                                                                                  
client [8]  (testset)   loss: 0.6933 -> 0.9135  accuracy: 86.44% -> 85.31%                                                                                  
client [9]  (testset)   loss: 0.4115 -> 0.7451  accuracy: 89.62% -> 81.97%                                                                                  
client [7]  (testset)   loss: 0.3553 -> 0.6606  accuracy: 93.30% -> 84.36%                                                                                  
client [4]  (testset)   loss: 0.3878 -> 0.4540  accuracy: 91.80% -> 87.43%                                                                                  
DriftFedAvg's average time taken by each global epoch: 1 min 41.24 sec.                                                                                     
DriftFedAvg's total running time: 1 h 15 m 22 s.                                                                                                            
==================== DriftFedAvg Experiment Results: ====================                                                                                   
Display format: (before local fine-tuning) -> (after local fine-tuning)                                                                                     
 So if finetune_epoch = 0, x.xx% -> 0.00% is normal.                                                                                                        
 Centralized testing ONLY happens after model aggregation, so the stats between '->' are the same.                                                          
{                                                                                                                                                           
    "1": {                                                                                                                                                  
        "centralized": {                                                                                                                                    
            "test": {                                                                                                                                       
                "loss": "1.1598 -> 1.1598",                                                                                                                 
                "accuracy": "50.61% -> 50.61%"                                                                                                              
            }                                                                                                                                               
        },                                                                                                                                                  
        "all_clients": {                                                                                                                                    
            "test": {                                                                                                                                       
                "loss": "1.1598 -> 0.0000",                                                                                                                 
                "accuracy": "50.61% -> 0.00%"                                                                                                               
            }                                                                                                                                               
        }                                                                                                                                                   
    },                                                                                                                                                      
    "2": {                                                                                                                                                  
        "centralized": {                                                                                                                                    
            "test": {                                                                                                                                       
                "loss": "0.8563 -> 0.8563",                                                                                                                 
                "accuracy": "66.80% -> 66.80%"                                                                                                              
            }                                                                                                                                               
        },                                                                                                                                                  
        "all_clients": {                                                                                                                                    
            "test": {                                                                                                                                       
                "loss": "0.8563 -> 0.0000",                                                                                                                 
                "accuracy": "66.80% -> 0.00%"                                                                                                               
            }                                                                                                                                               
        }                                                                                                                                                   
    },                                                                                                                                                      
    "3": {                                                                                                                                                  
        "centralized": {                                                                                                                                    
            "test": {                                                                                                                                       
                "loss": "0.7325 -> 0.7325",                                                                                                                 
                "accuracy": "71.69% -> 71.69%"                                                                                                              
            }                                                                                                                                               
        },                                                                                                                                                  
        "all_clients": {                                                                                                                                    
            "test": {                                                                                                                                       
                "loss": "0.7325 -> 0.0000",                                                                                                                 
                "accuracy": "71.69% -> 0.00%"                                                                                                               
            }                                                                                                                                               
        }                                                                                                                                                   
    },                                                                                                                                                      
    "4": {                                                                                                                                                  
        "centralized": {                                                                                                                                    
            "test": {                                                                                                                                       
                "loss": "0.7204 -> 0.7204",                                                                                                                 
                "accuracy": "72.25% -> 72.25%"                                                                                                              
            }                                                                                                                                               
        },                                                                                                                                                  
        "all_clients": {                                                                                                                                    
            "test": {                                                                                                                                       
                "loss": "0.7204 -> 0.0000",                                                                                                                 
                "accuracy": "72.25% -> 0.00%"                                                                                                               
            }                                                                                                                                               
        }                                                                                                                                                   
    },                                                                                                                                                      
    "5": {                                                                                                                                                  
        "centralized": {                                                                                                                                    
            "test": {                                                                                                                                       
                "loss": "0.6139 -> 0.6139",                                                                                                                 
                "accuracy": "77.03% -> 77.03%"                                                                                                              
            }                                                                                                                                               
        },                                                                                                                                                  
        "all_clients": {                                                                                                                                    
            "test": {                                                                                                                                       
                "loss": "0.6139 -> 0.0000",                                                                                                                 
                "accuracy": "77.03% -> 0.00%"                                                                                                               
            }                                                                                                                                               
        }                                                                                                                                                   
    },                                                                                                                                                      
    "6": {                                                                                                                                                  
        "centralized": {                                                                                                                                    
            "test": {                                                                                                                                       
                "loss": "0.6033 -> 0.6033",                                                                                                                 
                "accuracy": "78.25% -> 78.25%"                                                                                                              
            }                                                                                                                                               
        },                                                                                                                                                  
        "all_clients": {                                                                                                                                    
            "test": {                                                                                                                                       
                "loss": "0.6033 -> 0.0000",                                                                                                                 
                "accuracy": "78.25% -> 0.00%"                                                                                                               
            }                                                                                                                                               
        }                                                                                                                                                   
    },                                                                                                                                                      
    "7": {                                                                                                                                                  
        "centralized": {                                                                                                                                    
            "test": {                                                                                                                                       
                "loss": "0.5532 -> 0.5532",                                                                                                                 
                "accuracy": "80.03% -> 80.03%"                                                                                                              
            }                                                                                                                                               
        },                                                                                                                                                  
        "all_clients": {                                                                                                                                    
            "test": {                                                                                                                                       
                "loss": "0.5532 -> 0.0000",                                                                                                                 
                "accuracy": "80.03% -> 0.00%"                                                                                                               
            }                                                                                                                                               
        }                                                                                                                                                   
    },                                                                                                                                                      
    "8": {                                                                                                                                                  
        "centralized": {                                                                                                                                    
            "test": {                                                                                                                                       
                "loss": "0.5483 -> 0.5483",                                                                                                                 
                "accuracy": "79.37% -> 79.37%"                                                                                                              
            }                                                                                                                                               
        },                                                                                                                                                  
        "all_clients": {                                                                                                                                    
            "test": {                                                                                                                                       
                "loss": "0.5483 -> 0.0000",                                                                                                                 
                "accuracy": "79.37% -> 0.00%"                                                                                                               
            }                                                                                                                                               
        }                                                                                                                                                   
    },                                                                                                                                                      
    "9": {                                                                                                                                                  
        "centralized": {                                                                                                                                    
            "test": {                                                                                                                                       
                "loss": "0.5115 -> 0.5115",                                                                                                                 
                "accuracy": "81.81% -> 81.81%"                                                                                                              
            }                                                                                                                                               
        },                                                                                                                                                  
        "all_clients": {                                                                                                                                    
            "test": {                                                                                                                                       
                "loss": "0.5115 -> 0.0000",                                                                                                                 
                "accuracy": "81.81% -> 0.00%"                                                                                                               
            }                                                                                                                                               
        }                                                                                                                                                   
    },                                                                                                                                                      
    "10": {                                                                                                                                                 
        "centralized": {                                                                                                                                    
            "test": {                                                                                                                                       
                "loss": "0.5278 -> 0.5278",                                                                                                                 
                "accuracy": "82.37% -> 82.37%"                                                                                                              
            }                                                                                                                                               
        },                                                                                                                                                  
        "all_clients": {                                                                                                                                    
            "test": {                                                                                                                                       
                "loss": "0.5278 -> 0.0000",                                                                                                                 
                "accuracy": "82.37% -> 0.00%"                                                                                                               
            }                                                                                                                                               
        }                                                                                                                                                   
    },                                                                                                                                                      
    "11": {                                                                                                                                                 
        "centralized": {                                                                                                                                    
            "test": {                                                                                                                                       
                "loss": "0.5244 -> 0.5244",                                                                                                                 
                "accuracy": "82.09% -> 82.09%"                                                                                                              
            }                                                                                                                                               
        },                                                                                                                                                  
        "all_clients": {                                                                                                                                    
            "test": {                                                                                                                                       
                "loss": "0.5244 -> 0.0000",                                                                                                                 
                "accuracy": "82.09% -> 0.00%"                                                                                                               
            }                                                                                                                                               
        }                                                                                                                                                   
    },                                                                                                                                                      
    "12": {                                                                                                                                                 
        "centralized": {                                                                                                                                    
            "test": {                                                                                                                                       
                "loss": "0.5065 -> 0.5065",                                                                                                                 
                "accuracy": "83.09% -> 83.09%"                                                                                                              
            }                                                                                                                                               
        },                                                                                                                                                  
        "all_clients": {                                                                                                                                    
            "test": {                                                                                                                                       
                "loss": "0.5065 -> 0.0000",                                                                                                                 
                "accuracy": "83.09% -> 0.00%"                                                                                                               
            }                                                                                                                                               
        }                                                                                                                                                   
    },                                                                                                                                                      
    "13": {                                                                                                                                                 
        "centralized": {                                                                                                                                    
            "test": {                                                                                                                                       
                "loss": "0.5213 -> 0.5213",                                                                                                                 
                "accuracy": "83.26% -> 83.26%"                                                                                                              
            }                                                                                                                                               
        },                                                                                                                                                  
        "all_clients": {                                                                                                                                    
            "test": {                                                                                                                                       
                "loss": "0.5213 -> 0.0000",                                                                                                                 
                "accuracy": "83.26% -> 0.00%"                                                                                                               
            }                                                                                                                                               
        }                                                                                                                                                   
    },                                                                                                                                                      
    "14": {                                                                                                                                                 
        "centralized": {                                                                                                                                    
            "test": {                                                                                                                                       
                "loss": "0.5067 -> 0.5067",                                                                                                                 
                "accuracy": "84.32% -> 84.32%"                                                                                                              
            }                                                                                                                                               
        },                                                                                                                                                  
        "all_clients": {                                                                                                                                    
            "test": {                                                                                                                                       
                "loss": "0.5067 -> 0.0000",                                                                                                                 
                "accuracy": "84.32% -> 0.00%"                                                                                                               
            }                                                                                                                                               
        }                                                                                                                                                   
    },                                                                                                                                                      
    "15": {                                                                                                                                                 
        "centralized": {                                                                                                                                    
            "test": {                                                                                                                                       
                "loss": "0.4949 -> 0.4949",                                                                                                                 
                "accuracy": "84.71% -> 84.71%"                                                                                                              
            }                                                                                                                                               
        },                                                                                                                                                  
        "all_clients": {                                                                                                                                    
            "test": {                                                                                                                                       
                "loss": "0.4949 -> 0.0000",                                                                                                                 
                "accuracy": "84.71% -> 0.00%"                                                                                                               
            }                                                                                                                                               
        }                                                                                                                                                   
    },                                                                                                                                                      
    "16": {                                                                                                                                                 
        "centralized": {                                                                                                                                    
            "test": {                                                                                                                                       
                "loss": "0.4805 -> 0.4805",                                                                                                                 
                "accuracy": "84.93% -> 84.93%"                                                                                                              
            }                                                                                                                                               
        },                                                                                                                                                  
        "all_clients": {                                                                                                                                    
            "test": {                                                                                                                                       
                "loss": "0.4805 -> 0.0000",                                                                                                                 
                "accuracy": "84.93% -> 0.00%"                                                                                                               
            }                                                                                                                                               
        }                                                                                                                                                   
    },                                                                                                                                                      
    "17": {                                                                                                                                                 
        "centralized": {                                                                                                                                    
            "test": {                                                                                                                                       
                "loss": "0.4736 -> 0.4736",                                                                                                                 
                "accuracy": "86.10% -> 86.10%"                                                                                                              
            }                                                                                                                                               
        },                                                                                                                                                  
        "all_clients": {                                                                                                                                    
            "test": {                                                                                                                                       
                "loss": "0.4736 -> 0.0000",                                                                                                                 
                "accuracy": "86.10% -> 0.00%"                                                                                                               
            }                                                                                                                                               
        }                                                                                                                                                   
    },                                                                                                                                                      
    "18": {                                                                                                                                                 
        "centralized": {                                                                                                                                    
            "test": {                                                                                                                                       
                "loss": "0.4919 -> 0.4919",                                                                                                                 
                "accuracy": "85.54% -> 85.54%"                                                                                                              
            }                                                                                                                                               
        },                                                                                                                                                  
        "all_clients": {                                                                                                                                    
            "test": {                                                                                                                                       
                "loss": "0.4919 -> 0.0000",                                                                                                                 
                "accuracy": "85.54% -> 0.00%"                                                                                                               
            }                                                                                                                                               
        }                                                                                                                                                   
    },                                                                                                                                                      
    "19": {                                                                                                                                                 
        "centralized": {                                                                                                                                    
            "test": {                                                                                                                                       
                "loss": "0.4792 -> 0.4792",                                                                                                                 
                "accuracy": "85.98% -> 85.98%"                                                                                                              
            }                                                                                                                                               
        },                                                                                                                                                  
        "all_clients": {                                                                                                                                    
            "test": {                                                                                                                                       
                "loss": "0.4792 -> 0.0000",                                                                                                                 
                "accuracy": "85.98% -> 0.00%"                                                                                                               
            }                                                                                                                                               
        }                                                                                                                                                   
    },                                                                                                                                                      
    "20": {                                                                                                                                                 
        "centralized": {                                                                                                                                    
            "test": {                                                                                                                                       
                "loss": "0.4562 -> 0.4562",                                                                                                                 
                "accuracy": "87.26% -> 87.26%"                                                                                                              
            }                                                                                                                                               
        },                                                                                                                                                  
        "all_clients": {                                                                                                                                    
            "test": {                                                                                                                                       
                "loss": "0.4562 -> 0.0000",                                                                                                                 
                "accuracy": "87.26% -> 0.00%"                                                                                                               
            }                                                                                                                                               
        }                                                                                                                                                   
    },                                                                                                                                                      
    "21": {                                                                                                                                                 
        "centralized": {                                                                                                                                    
            "test": {                                                                                                                                       
                "loss": "0.5044 -> 0.5044",                                                                                                                 
                "accuracy": "86.43% -> 86.43%"                                                                                                              
            }                                                                                                                                               
        },                                                                                                                                                  
        "all_clients": {                                                                                                                                    
            "test": {                                                                                                                                       
                "loss": "0.5044 -> 0.0000",                                                                                                                 
                "accuracy": "86.43% -> 0.00%"                                                                                                               
            }                                                                                                                                               
        }                                                                                                                                                   
    },                                                                                                                                                      
    "22": {                                                                                                                                                 
        "centralized": {                                                                                                                                    
            "test": {                                                                                                                                       
                "loss": "0.4689 -> 0.4689",                                                                                                                 
                "accuracy": "86.71% -> 86.71%"                                                                                                              
            }                                                                                                                                               
        },                                                                                                                                                  
        "all_clients": {                                                                                                                                    
            "test": {                                                                                                                                       
                "loss": "0.4689 -> 0.0000",                                                                                                                 
                "accuracy": "86.71% -> 0.00%"                                                                                                               
            }                                                                                                                                               
        }                                                                                                                                                   
    },                                                                                                                                                      
    "23": {                                                                                                                                                 
        "centralized": {                                                                                                                                    
            "test": {                                                                                                                                       
                "loss": "0.4917 -> 0.4917",                                                                                                                 
                "accuracy": "86.21% -> 86.21%"                                                                                                              
            }                                                                                                                                               
        },                                                                                                                                                  
        "all_clients": {                                                                                                                                    
            "test": {                                                                                                                                       
                "loss": "0.4917 -> 0.0000",                                                                                                                 
                "accuracy": "86.21% -> 0.00%"                                                                                                               
            }                                                                                                                                               
        }                                                                                                                                                   
    },                                                                                                                                                      
    "24": {                                                                                                                                                 
        "centralized": {                                                                                                                                    
            "test": {                                                                                                                                       
                "loss": "0.4709 -> 0.4709",                                                                                                                 
                "accuracy": "86.93% -> 86.93%"                                                                                                              
            }                                                                                                                                               
        },                                                                                                                                                  
        "all_clients": {                                                                                                                                    
            "test": {                                                                                                                                       
                "loss": "0.4709 -> 0.0000",                                                                                                                 
                "accuracy": "86.93% -> 0.00%"                                                                                                               
            }                                                                                                                                               
        }                                                                                                                                                   
    },                                                                                                                                                      
    "25": {                                                                                                                                                 
        "centralized": {                                                                                                                                    
            "test": {                                                                                                                                       
                "loss": "0.4737 -> 0.4737",                                                                                                                 
                "accuracy": "87.54% -> 87.54%"                                                                                                              
            }                                                                                                                                               
        },                                                                                                                                                  
        "all_clients": {                                                                                                                                    
            "test": {                                                                                                                                       
                "loss": "0.4737 -> 0.0000",                                                                                                                 
                "accuracy": "87.54% -> 0.00%"                                                                                                               
            }                                                                                                                                               
        }                                                                                                                                                   
    },                                                                                                                                                      
    "26": {                                                                                                                                                 
        "centralized": {                                                                                                                                    
            "test": {                                                                                                                                       
                "loss": "0.4979 -> 0.4979",                                                                                                                 
                "accuracy": "87.26% -> 87.26%"                                                                                                              
            }                                                                                                                                               
        },                                                                                                                                                  
        "all_clients": {                                                                                                                                    
            "test": {                                                                                                                                       
                "loss": "0.4979 -> 0.0000",                                                                                                                 
                "accuracy": "87.26% -> 0.00%"                                                                                                               
            }                                                                                                                                               
        }                                                                                                                                                   
    },                                                                                                                                                      
    "27": {                                                                                                                                                 
        "centralized": {                                                                                                                                    
            "test": {                                                                                                                                       
                "loss": "0.4871 -> 0.4871",                                                                                                                 
                "accuracy": "87.60% -> 87.60%"                                                                                                              
            }                                                                                                                                               
        },                                                                                                                                                  
        "all_clients": {                                                                                                                                    
            "test": {                                                                                                                                       
                "loss": "0.4871 -> 0.0000",                                                                                                                 
                "accuracy": "87.60% -> 0.00%"                                                                                                               
            }                                                                                                                                               
        }                                                                                                                                                   
    },                                                                                                                                                      
    "28": {                                                                                                                                                 
        "centralized": {                                                                                                                                    
            "test": {                                                                                                                                       
                "loss": "0.4754 -> 0.4754",                                                                                                                 
                "accuracy": "87.71% -> 87.71%"                                                                                                              
            }                                                                                                                                               
        },                                                                                                                                                  
        "all_clients": {                                                                                                                                    
            "test": {                                                                                                                                       
                "loss": "0.4754 -> 0.0000",                                                                                                                 
                "accuracy": "87.71% -> 0.00%"                                                                                                               
            }                                                                                                                                               
        }                                                                                                                                                   
    },                                                                                                                                                      
    "29": {                                                                                                                                                 
        "centralized": {                                                                                                                                    
            "test": {                                                                                                                                       
                "loss": "0.4994 -> 0.4994",                                                                                                                 
                "accuracy": "87.93% -> 87.93%"                                                                                                              
            }                                                                                                                                               
        },                                                                                                                                                  
        "all_clients": {                                                                                                                                    
            "test": {                                                                                                                                       
                "loss": "0.4994 -> 0.0000",                                                                                                                 
                "accuracy": "87.93% -> 0.00%"                                                                                                               
            }                                                                                                                                               
        }                                                                                                                                                   
    },                                                                                                                                                      
    "30": {                                                                                                                                                 
        "centralized": {                                                                                                                                    
            "test": {                                                                                                                                       
                "loss": "0.4826 -> 0.4826",                                                                                                                 
                "accuracy": "87.71% -> 87.71%"                                                                                                              
            }                                                                                                                                               
        },                                                                                                                                                  
        "all_clients": {                                                                                                                                    
            "test": {                                                                                                                                       
                "loss": "0.4826 -> 0.0000",                                                                                                                 
                "accuracy": "87.71% -> 0.00%"                                                                                                               
            }                                                                                                                                               
        }                                                                                                                                                   
    },                                                                                                                                                      
    "31": {                                                                                                                                                 
        "centralized": {                                                                                                                                    
            "test": {                                                                                                                                       
                "loss": "0.4762 -> 0.4762",                                                                                                                 
                "accuracy": "87.88% -> 87.88%"                                                                                                              
            }                                                                                                                                               
        },                                                                                                                                                  
        "all_clients": {                                                                                                                                    
            "test": {                                                                                                                                       
                "loss": "0.4762 -> 0.0000",                                                                                                                 
                "accuracy": "87.88% -> 0.00%"                                                                                                               
            }                                                                                                                                               
        }                                                                                                                                                   
    },                                                                                                                                                      
    "32": {                                                                                                                                                 
        "centralized": {                                                                                                                                    
            "test": {                                                                                                                                       
                "loss": "0.4982 -> 0.4982",                                                                                                                 
                "accuracy": "88.21% -> 88.21%"                                                                                                              
            }                                                                                                                                               
        },                                                                                                                                                  
        "all_clients": {                                                                                                                                    
            "test": {                                                                                                                                       
                "loss": "0.4982 -> 0.0000",                                                                                                                 
                "accuracy": "88.21% -> 0.00%"                                                                                                               
            }                                                                                                                                               
        }                                                                                                                                                   
    },                                                                                                                                                      
    "33": {                                                                                                                                                 
        "centralized": {                                                                                                                                    
            "test": {                                                                                                                                       
                "loss": "0.4999 -> 0.4999",                                                                                                                 
                "accuracy": "88.60% -> 88.60%"                                                                                                              
            }                                                                                                                                               
        },                                                                                                                                                  
        "all_clients": {                                                                                                                                    
            "test": {                                                                                                                                       
                "loss": "0.4999 -> 0.0000",                                                                                                                 
                "accuracy": "88.60% -> 0.00%"                                                                                                               
            }                                                                                                                                               
        }                                                                                                                                                   
    },                                                                                                                                                      
    "34": {                                                                                                                                                 
        "centralized": {                                                                                                                                    
            "test": {                                                                                                                                       
                "loss": "0.5206 -> 0.5206",                                                                                                                 
                "accuracy": "88.21% -> 88.21%"                                                                                                              
            }                                                                                                                                               
        },                                                                                                                                                  
        "all_clients": {                                                                                                                                    
            "test": {                                                                                                                                       
                "loss": "0.5206 -> 0.0000",                                                                                                                 
                "accuracy": "88.21% -> 0.00%"                                                                                                               
            }                                                                                                                                               
        }                                                                                                                                                   
    },                                                                                                                                                      
    "35": {                                                                                                                                                 
        "centralized": {                                                                                                                                    
            "test": {                                                                                                                                       
                "loss": "0.4983 -> 0.4983",                                                                                                                 
                "accuracy": "88.10% -> 88.10%"                                                                                                              
            }                                                                                                                                               
        },                                                                                                                                                  
        "all_clients": {                                                                                                                                    
            "test": {                                                                                                                                       
                "loss": "0.4983 -> 0.0000",                                                                                                                 
                "accuracy": "88.10% -> 0.00%"                                                                                                               
            }                                                                                                                                               
        }                                                                                                                                                   
    },                                                                                                                                                      
    "36": {                                                                                                                                                 
        "centralized": {                                                                                                                                    
            "test": {                                                                                                                                       
                "loss": "0.5286 -> 0.5286",                                                                                                                 
                "accuracy": "88.38% -> 88.38%"                                                                                                              
            }                                                                                                                                               
        },                                                                                                                                                  
        "all_clients": {                                                                                                                                    
            "test": {                                                                                                                                       
                "loss": "0.5286 -> 0.0000",                                                                                                                 
                "accuracy": "88.38% -> 0.00%"                                                                                                               
            }                                                                                                                                               
        }                                                                                                                                                   
    },                                                                                                                                                      
    "37": {                                                                                                                                                 
        "centralized": {                                                                                                                                    
            "test": {                                                                                                                                       
                "loss": "0.5121 -> 0.5121",                                                                                                                 
                "accuracy": "89.43% -> 89.43%"                                                                                                              
            }                                                                                                                                               
        },                                                                                                                                                  
        "all_clients": {                                                                                                                                    
            "test": {                                                                                                                                       
                "loss": "0.5121 -> 0.0000",                                                                                                                 
                "accuracy": "89.43% -> 0.00%"                                                                                                               
            }                                                                                                                                               
        }                                                                                                                                                   
    },                                                                                                                                                      
    "38": {                                                                                                                                                 
        "centralized": {                                                                                                                                    
            "test": {                                                                                                                                       
                "loss": "0.5056 -> 0.5056",                                                                                                                 
                "accuracy": "88.93% -> 88.93%"                                                                                                              
            }                                                                                                                                               
        },                                                                                                                                                  
        "all_clients": {                                                                                                                                    
            "test": {                                                                                                                                       
                "loss": "0.5056 -> 0.0000",                                                                                                                 
                "accuracy": "88.93% -> 0.00%"                                                                                                               
            }                                                                                                                                               
        }                                                                                                                                                   
    },                                                                                                                                                      
    "39": {                                                                                                                                                 
        "centralized": {                                                                                                                                    
            "test": {                                                                                                                                       
                "loss": "0.5344 -> 0.5344",                                                                                                                 
                "accuracy": "88.65% -> 88.65%"                                                                                                              
            }                                                                                                                                               
        },                                                                                                                                                  
        "all_clients": {                                                                                                                                    
            "test": {                                                                                                                                       
                "loss": "0.5344 -> 0.0000",                                                                                                                 
                "accuracy": "88.65% -> 0.00%"                                                                                                               
            }                                                                                                                                               
        }                                                                                                                                                   
    },                                                                                                                                                      
    "40": {                                                                                                                                                 
        "centralized": {                                                                                                                                    
            "test": {                                                                                                                                       
                "loss": "0.5169 -> 0.5169",                                                                                                                 
                "accuracy": "89.27% -> 89.27%"                                                                                                              
            }                                                                                                                                               
        },                                                                                                                                                  
        "all_clients": {                                                                                                                                    
            "test": {                                                                                                                                       
                "loss": "0.5169 -> 0.0000",                                                                                                                 
                "accuracy": "89.27% -> 0.00%"                                                                                                               
            }                                                                                                                                               
        }                                                                                                                                                   
    }                                                                                                                                                       
}                                                                                                                                                           
==================== DriftFedAvg Max Accuracy ====================                                                                                          
all_clients:                                                                                                                                                
(test) before fine-tuning: 89.43% at epoch 37                                                                                                               
(test) after fine-tuning: 0.00% at epoch 1                                                                                                                  
centralized:                                                                                                                                                
(test) before fine-tuning: 89.43% at epoch 37                                                                                                               
(test) after fine-tuning: 89.43% at epoch 37                                                                                                                
