==================== DriftFedAvg ====================                                                                                                       
Experiment Arguments:                                                                                                                                       
{
│   'method': 'driftfedavg',
│   'dataset': {
│   │   'name': 'brain_tumor',
│   │   'partition_dir': 'partitions/alpha_0.3/seed_42',
│   │   'client_num': 10,
│   │   'test_ratio': 0.25,
│   │   'val_ratio': 0.0,
│   │   'seed': 42,
│   │   'split': 'sample',
│   │   'IID_ratio': 0.0,
│   │   'monitor_window_name_suffix': 'brain_tumor-10clients-0%IID-Dir(0.3)-seed42',
│   │   'alpha': 0.3,
│   │   'min_samples_per_client': 10
│   },
│   'model': {
│   │   'name': 'vit_tiny',
│   │   'use_torchvision_pretrained_weights': False,
│   │   'external_model_weights_path': None
│   },
│   'optimizer': {
│   │   'lr': 0.01,
│   │   'dampening': 0,
│   │   'weight_decay': 0.0001,
│   │   'momentum': 0.9,
│   │   'nesterov': False,
│   │   'name': 'sgd'
│   },
│   'mode': 'serial',
│   'parallel': {
│   │   'ray_cluster_addr': None,
│   │   'num_cpus': None,
│   │   'num_gpus': None,
│   │   'num_workers': 2
│   },
│   'common': {
│   │   'seed': 42,
│   │   'join_ratio': 1.0,
│   │   'global_epoch': 40,
│   │   'local_epoch': 5,
│   │   'batch_size': 32,
│   │   'reset_optimizer_on_global_epoch': True,
│   │   'straggler_ratio': 0,
│   │   'straggler_min_local_epoch': 0,
│   │   'buffers': 'global',
│   │   'client_side_evaluation': True,
│   │   'test': {
│   │   │   'client': {
│   │   │   │   'interval': 1,
│   │   │   │   'finetune_epoch': 0,
│   │   │   │   'train': False,
│   │   │   │   'val': False,
│   │   │   │   'test': True
│   │   │   },
│   │   │   'server': {
│   │   │   │   'interval': 1,
│   │   │   │   'train': False,
│   │   │   │   'val': False,
│   │   │   │   'test': True,
│   │   │   │   'model_in_train_mode': False
│   │   │   }
│   │   },
│   │   'verbose_gap': 10,
│   │   'monitor': 'tensorboard',
│   │   'use_cuda': True,
│   │   'save_log': True,
│   │   'save_model': False,
│   │   'save_learning_curve_plot': True,
│   │   'save_metrics': True,
│   │   'delete_useless_run': True,
│   │   'dataloader_num_workers': 2
│   },
│   'driftfedavg': {}
}
---------------------------- TRAINING EPOCH: 10 ----------------------------                                                                                
client [7]  (testset)   loss: 0.8739 -> 0.5112  accuracy: 61.03% -> 81.99%                                                                                  
client [6]  (testset)   loss: 1.0089 -> 0.2357  accuracy: 56.51% -> 92.94%                                                                                  
client [9]  (testset)   loss: 0.7538 -> 0.7008  accuracy: 70.80% -> 72.57%                                                                                  
client [1]  (testset)   loss: 0.8245 -> 0.3755  accuracy: 68.09% -> 87.23%                                                                                  
client [2]  (testset)   loss: 1.1721 -> 0.6019  accuracy: 47.22% -> 80.56%                                                                                  
client [8]  (testset)   loss: 5.0365 -> 0.3001  accuracy: 6.17% -> 89.51%                                                                                   
client [4]  (testset)   loss: 0.9620 -> 0.7412  accuracy: 54.81% -> 71.15%                                                                                  
client [5]  (testset)   loss: 0.6535 -> 0.5056  accuracy: 72.80% -> 80.80%                                                                                  
client [3]  (testset)   loss: 3.5808 -> 0.2933  accuracy: 15.89% -> 88.32%                                                                                  
client [0]  (testset)   loss: 1.2729 -> 0.5090  accuracy: 50.00% -> 83.20%                                                                                  
---------------------------- TRAINING EPOCH: 20 ----------------------------                                                                                
client [1]  (testset)   loss: 1.1877 -> 0.4689  accuracy: 42.55% -> 80.85%                                                                                  
client [0]  (testset)   loss: 1.2308 -> 0.5215  accuracy: 50.39% -> 80.08%                                                                                  
client [3]  (testset)   loss: 1.0831 -> 0.1504  accuracy: 61.21% -> 93.93%                                                                                  
client [8]  (testset)   loss: 1.2784 -> 0.2905  accuracy: 47.53% -> 89.81%                                                                                  
client [6]  (testset)   loss: 0.4548 -> 0.2447  accuracy: 85.87% -> 93.31%                                                                                  
client [2]  (testset)   loss: 0.7210 -> 0.4762  accuracy: 76.39% -> 83.33%                                                                                  
client [5]  (testset)   loss: 1.1199 -> 0.4640  accuracy: 45.60% -> 80.00%                                                                                  
client [4]  (testset)   loss: 0.9619 -> 0.6386  accuracy: 59.62% -> 74.04%                                                                                  
client [7]  (testset)   loss: 1.1391 -> 0.5757  accuracy: 48.16% -> 79.78%                                                                                  
client [9]  (testset)   loss: 0.9523 -> 0.6486  accuracy: 53.98% -> 72.57%                                                                                  
---------------------------- TRAINING EPOCH: 30 ----------------------------                                                                                
client [6]  (testset)   loss: 0.5773 -> 0.1989  accuracy: 76.58% -> 94.42%                                                                                  
client [8]  (testset)   loss: 0.6960 -> 0.2093  accuracy: 76.23% -> 92.59%                                                                                  
client [5]  (testset)   loss: 1.0012 -> 0.4095  accuracy: 53.60% -> 82.40%                                                                                  
client [2]  (testset)   loss: 0.5465 -> 0.4251  accuracy: 80.56% -> 81.94%                                                                                  
client [1]  (testset)   loss: 0.9068 -> 0.5148  accuracy: 61.70% -> 80.85%                                                                                  
client [9]  (testset)   loss: 0.8601 -> 0.6698  accuracy: 55.75% -> 68.14%                                                                                  
client [7]  (testset)   loss: 0.8377 -> 0.5263  accuracy: 61.40% -> 79.04%                                                                                  
client [3]  (testset)   loss: 0.5030 -> 0.0472  accuracy: 85.05% -> 98.13%                                                                                  
client [4]  (testset)   loss: 0.6933 -> 0.7127  accuracy: 71.15% -> 75.00%                                                                                  
client [0]  (testset)   loss: 0.8352 -> 0.3941  accuracy: 67.58% -> 85.94%                                                                                  
---------------------------- TRAINING EPOCH: 40 ----------------------------                                                                                
client [0]  (testset)   loss: 0.6951 -> 0.4057  accuracy: 70.31% -> 87.50%                                                                                  
client [2]  (testset)   loss: 0.4277 -> 0.3071  accuracy: 84.72% -> 88.89%                                                                                  
client [5]  (testset)   loss: 0.8765 -> 0.3714  accuracy: 58.40% -> 84.00%                                                                                  
client [6]  (testset)   loss: 0.4609 -> 0.1788  accuracy: 82.90% -> 95.54%                                                                                  
client [3]  (testset)   loss: 0.5517 -> 0.0930  accuracy: 79.44% -> 97.20%                                                                                  
client [1]  (testset)   loss: 0.7652 -> 0.4138  accuracy: 68.09% -> 80.85%                                                                                  
client [8]  (testset)   loss: 0.7850 -> 0.2410  accuracy: 69.44% -> 92.28%                                                                                  
client [9]  (testset)   loss: 0.7289 -> 0.6273  accuracy: 60.18% -> 78.76%                                                                                  
client [7]  (testset)   loss: 0.7426 -> 0.4722  accuracy: 68.01% -> 82.35%                                                                                  
client [4]  (testset)   loss: 0.6271 -> 0.5598  accuracy: 76.92% -> 77.88%                                                                                  
DriftFedAvg's average time taken by each global epoch: 1 min 30.82 sec.                                                                                     
DriftFedAvg's total running time: 1 h 7 m 53 s.                                                                                                             
==================== DriftFedAvg Experiment Results: ====================                                                                                   
Display format: (before local fine-tuning) -> (after local fine-tuning)                                                                                     
 So if finetune_epoch = 0, x.xx% -> 0.00% is normal.                                                                                                        
 Centralized testing ONLY happens after model aggregation, so the stats between '->' are the same.                                                          
{                                                                                                                                                           
    "1": {                                                                                                                                                  
        "centralized": {                                                                                                                                    
            "test": {                                                                                                                                       
                "loss": "1.9658 -> 1.9658",                                                                                                                 
                "accuracy": "29.57% -> 29.57%"                                                                                                              
            }                                                                                                                                               
        },                                                                                                                                                  
        "all_clients": {                                                                                                                                    
            "test": {                                                                                                                                       
                "loss": "1.9658 -> 0.0000",                                                                                                                 
                "accuracy": "29.57% -> 0.00%"                                                                                                               
            }                                                                                                                                               
        }                                                                                                                                                   
    },                                                                                                                                                      
    "2": {                                                                                                                                                  
        "centralized": {                                                                                                                                    
            "test": {                                                                                                                                       
                "loss": "3.3902 -> 3.3902",                                                                                                                 
                "accuracy": "28.51% -> 28.51%"                                                                                                              
            }                                                                                                                                               
        },                                                                                                                                                  
        "all_clients": {                                                                                                                                    
            "test": {                                                                                                                                       
                "loss": "3.3902 -> 0.0000",                                                                                                                 
                "accuracy": "28.51% -> 0.00%"                                                                                                               
            }                                                                                                                                               
        }                                                                                                                                                   
    },                                                                                                                                                      
    "3": {                                                                                                                                                  
        "centralized": {                                                                                                                                    
            "test": {                                                                                                                                       
                "loss": "2.2844 -> 2.2844",                                                                                                                 
                "accuracy": "32.24% -> 32.24%"                                                                                                              
            }                                                                                                                                               
        },                                                                                                                                                  
        "all_clients": {                                                                                                                                    
            "test": {                                                                                                                                       
                "loss": "2.2844 -> 0.0000",                                                                                                                 
                "accuracy": "32.24% -> 0.00%"                                                                                                               
            }                                                                                                                                               
        }                                                                                                                                                   
    },                                                                                                                                                      
    "4": {                                                                                                                                                  
        "centralized": {                                                                                                                                    
            "test": {                                                                                                                                       
                "loss": "3.8851 -> 3.8851",                                                                                                                 
                "accuracy": "24.67% -> 24.67%"                                                                                                              
            }                                                                                                                                               
        },                                                                                                                                                  
        "all_clients": {                                                                                                                                    
            "test": {                                                                                                                                       
                "loss": "3.8851 -> 0.0000",                                                                                                                 
                "accuracy": "24.67% -> 0.00%"                                                                                                               
            }                                                                                                                                               
        }                                                                                                                                                   
    },                                                                                                                                                      
    "5": {                                                                                                                                                  
        "centralized": {                                                                                                                                    
            "test": {                                                                                                                                       
                "loss": "2.4464 -> 2.4464",                                                                                                                 
                "accuracy": "47.27% -> 47.27%"                                                                                                              
            }                                                                                                                                               
        },                                                                                                                                                  
        "all_clients": {                                                                                                                                    
            "test": {                                                                                                                                       
                "loss": "2.4464 -> 0.0000",                                                                                                                 
                "accuracy": "47.27% -> 0.00%"                                                                                                               
            }                                                                                                                                               
        }                                                                                                                                                   
    },                                                                                                                                                      
    "6": {                                                                                                                                                  
        "centralized": {                                                                                                                                    
            "test": {                                                                                                                                       
                "loss": "3.6064 -> 3.6064",                                                                                                                 
                "accuracy": "24.28% -> 24.28%"                                                                                                              
            }                                                                                                                                               
        },                                                                                                                                                  
        "all_clients": {                                                                                                                                    
            "test": {                                                                                                                                       
                "loss": "3.6064 -> 0.0000",                                                                                                                 
                "accuracy": "24.28% -> 0.00%"                                                                                                               
            }                                                                                                                                               
        }                                                                                                                                                   
    },                                                                                                                                                      
    "7": {                                                                                                                                                  
        "centralized": {                                                                                                                                    
            "test": {                                                                                                                                       
                "loss": "2.8273 -> 2.8273",                                                                                                                 
                "accuracy": "39.53% -> 39.53%"                                                                                                              
            }                                                                                                                                               
        },                                                                                                                                                  
        "all_clients": {                                                                                                                                    
            "test": {                                                                                                                                       
                "loss": "2.8273 -> 0.0000",                                                                                                                 
                "accuracy": "39.53% -> 0.00%"                                                                                                               
            }                                                                                                                                               
        }                                                                                                                                                   
    },                                                                                                                                                      
    "8": {                                                                                                                                                  
        "centralized": {                                                                                                                                    
            "test": {                                                                                                                                       
                "loss": "2.3696 -> 2.3696",                                                                                                                 
                "accuracy": "39.20% -> 39.20%"                                                                                                              
            }                                                                                                                                               
        },                                                                                                                                                  
        "all_clients": {                                                                                                                                    
            "test": {                                                                                                                                       
                "loss": "2.3696 -> 0.0000",                                                                                                                 
                "accuracy": "39.20% -> 0.00%"                                                                                                               
            }                                                                                                                                               
        }                                                                                                                                                   
    },                                                                                                                                                      
    "9": {                                                                                                                                                  
        "centralized": {                                                                                                                                    
            "test": {                                                                                                                                       
                "loss": "2.0173 -> 2.0173",                                                                                                                 
                "accuracy": "44.21% -> 44.21%"                                                                                                              
            }                                                                                                                                               
        },                                                                                                                                                  
        "all_clients": {                                                                                                                                    
            "test": {                                                                                                                                       
                "loss": "2.0173 -> 0.0000",                                                                                                                 
                "accuracy": "44.21% -> 0.00%"                                                                                                               
            }                                                                                                                                               
        }                                                                                                                                                   
    },                                                                                                                                                      
    "10": {                                                                                                                                                 
        "centralized": {                                                                                                                                    
            "test": {                                                                                                                                       
                "loss": "2.1495 -> 2.1495",                                                                                                                 
                "accuracy": "39.03% -> 39.03%"                                                                                                              
            }                                                                                                                                               
        },                                                                                                                                                  
        "all_clients": {                                                                                                                                    
            "test": {                                                                                                                                       
                "loss": "2.1495 -> 0.0000",                                                                                                                 
                "accuracy": "39.03% -> 0.00%"                                                                                                               
            }                                                                                                                                               
        }                                                                                                                                                   
    },                                                                                                                                                      
    "11": {                                                                                                                                                 
        "centralized": {                                                                                                                                    
            "test": {                                                                                                                                       
                "loss": "1.6687 -> 1.6687",                                                                                                                 
                "accuracy": "26.50% -> 26.50%"                                                                                                              
            }                                                                                                                                               
        },                                                                                                                                                  
        "all_clients": {                                                                                                                                    
            "test": {                                                                                                                                       
                "loss": "1.6687 -> 0.0000",                                                                                                                 
                "accuracy": "26.50% -> 0.00%"                                                                                                               
            }                                                                                                                                               
        }                                                                                                                                                   
    },                                                                                                                                                      
    "12": {                                                                                                                                                 
        "centralized": {                                                                                                                                    
            "test": {                                                                                                                                       
                "loss": "1.2799 -> 1.2799",                                                                                                                 
                "accuracy": "48.55% -> 48.55%"                                                                                                              
            }                                                                                                                                               
        },                                                                                                                                                  
        "all_clients": {                                                                                                                                    
            "test": {                                                                                                                                       
                "loss": "1.2799 -> 0.0000",                                                                                                                 
                "accuracy": "48.55% -> 0.00%"                                                                                                               
            }                                                                                                                                               
        }                                                                                                                                                   
    },                                                                                                                                                      
    "13": {                                                                                                                                                 
        "centralized": {                                                                                                                                    
            "test": {                                                                                                                                       
                "loss": "1.2029 -> 1.2029",                                                                                                                 
                "accuracy": "50.06% -> 50.06%"                                                                                                              
            }                                                                                                                                               
        },                                                                                                                                                  
        "all_clients": {                                                                                                                                    
            "test": {                                                                                                                                       
                "loss": "1.2029 -> 0.0000",                                                                                                                 
                "accuracy": "50.06% -> 0.00%"                                                                                                               
            }                                                                                                                                               
        }                                                                                                                                                   
    },                                                                                                                                                      
    "14": {                                                                                                                                                 
        "centralized": {                                                                                                                                    
            "test": {                                                                                                                                       
                "loss": "1.1011 -> 1.1011",                                                                                                                 
                "accuracy": "52.78% -> 52.78%"                                                                                                              
            }                                                                                                                                               
        },                                                                                                                                                  
        "all_clients": {                                                                                                                                    
            "test": {                                                                                                                                       
                "loss": "1.1011 -> 0.0000",                                                                                                                 
                "accuracy": "52.78% -> 0.00%"                                                                                                               
            }                                                                                                                                               
        }                                                                                                                                                   
    },                                                                                                                                                      
    "15": {                                                                                                                                                 
        "centralized": {                                                                                                                                    
            "test": {                                                                                                                                       
                "loss": "1.1943 -> 1.1943",                                                                                                                 
                "accuracy": "51.11% -> 51.11%"                                                                                                              
            }                                                                                                                                               
        },                                                                                                                                                  
        "all_clients": {                                                                                                                                    
            "test": {                                                                                                                                       
                "loss": "1.1943 -> 0.0000",                                                                                                                 
                "accuracy": "51.11% -> 0.00%"                                                                                                               
            }                                                                                                                                               
        }                                                                                                                                                   
    },                                                                                                                                                      
    "16": {                                                                                                                                                 
        "centralized": {                                                                                                                                    
            "test": {                                                                                                                                       
                "loss": "1.0198 -> 1.0198",                                                                                                                 
                "accuracy": "58.02% -> 58.02%"                                                                                                              
            }                                                                                                                                               
        },                                                                                                                                                  
        "all_clients": {                                                                                                                                    
            "test": {                                                                                                                                       
                "loss": "1.0198 -> 0.0000",                                                                                                                 
                "accuracy": "58.02% -> 0.00%"                                                                                                               
            }                                                                                                                                               
        }                                                                                                                                                   
    },                                                                                                                                                      
    "17": {                                                                                                                                                 
        "centralized": {                                                                                                                                    
            "test": {                                                                                                                                       
                "loss": "1.1502 -> 1.1502",                                                                                                                 
                "accuracy": "52.45% -> 52.45%"                                                                                                              
            }                                                                                                                                               
        },                                                                                                                                                  
        "all_clients": {                                                                                                                                    
            "test": {                                                                                                                                       
                "loss": "1.1502 -> 0.0000",                                                                                                                 
                "accuracy": "52.45% -> 0.00%"                                                                                                               
            }                                                                                                                                               
        }                                                                                                                                                   
    },                                                                                                                                                      
    "18": {                                                                                                                                                 
        "centralized": {                                                                                                                                    
            "test": {                                                                                                                                       
                "loss": "0.9443 -> 0.9443",                                                                                                                 
                "accuracy": "62.14% -> 62.14%"                                                                                                              
            }                                                                                                                                               
        },                                                                                                                                                  
        "all_clients": {                                                                                                                                    
            "test": {                                                                                                                                       
                "loss": "0.9443 -> 0.0000",                                                                                                                 
                "accuracy": "62.14% -> 0.00%"                                                                                                               
            }                                                                                                                                               
        }                                                                                                                                                   
    },                                                                                                                                                      
    "19": {                                                                                                                                                 
        "centralized": {                                                                                                                                    
            "test": {                                                                                                                                       
                "loss": "1.0293 -> 1.0293",                                                                                                                 
                "accuracy": "57.41% -> 57.41%"                                                                                                              
            }                                                                                                                                               
        },                                                                                                                                                  
        "all_clients": {                                                                                                                                    
            "test": {                                                                                                                                       
                "loss": "1.0293 -> 0.0000",                                                                                                                 
                "accuracy": "57.41% -> 0.00%"                                                                                                               
            }                                                                                                                                               
        }                                                                                                                                                   
    },                                                                                                                                                      
    "20": {                                                                                                                                                 
        "centralized": {                                                                                                                                    
            "test": {                                                                                                                                       
                "loss": "0.9507 -> 0.9507",                                                                                                                 
                "accuracy": "59.63% -> 59.63%"                                                                                                              
            }                                                                                                                                               
        },                                                                                                                                                  
        "all_clients": {                                                                                                                                    
            "test": {                                                                                                                                       
                "loss": "0.9507 -> 0.0000",                                                                                                                 
                "accuracy": "59.63% -> 0.00%"                                                                                                               
            }                                                                                                                                               
        }                                                                                                                                                   
    },                                                                                                                                                      
    "21": {                                                                                                                                                 
        "centralized": {                                                                                                                                    
            "test": {                                                                                                                                       
                "loss": "0.9284 -> 0.9284",                                                                                                                 
                "accuracy": "61.92% -> 61.92%"                                                                                                              
            }                                                                                                                                               
        },                                                                                                                                                  
        "all_clients": {                                                                                                                                    
            "test": {                                                                                                                                       
                "loss": "0.9284 -> 0.0000",                                                                                                                 
                "accuracy": "61.92% -> 0.00%"                                                                                                               
            }                                                                                                                                               
        }                                                                                                                                                   
    },                                                                                                                                                      
    "22": {                                                                                                                                                 
        "centralized": {                                                                                                                                    
            "test": {                                                                                                                                       
                "loss": "0.9451 -> 0.9451",                                                                                                                 
                "accuracy": "63.25% -> 63.25%"                                                                                                              
            }                                                                                                                                               
        },                                                                                                                                                  
        "all_clients": {                                                                                                                                    
            "test": {                                                                                                                                       
                "loss": "0.9451 -> 0.0000",                                                                                                                 
                "accuracy": "63.25% -> 0.00%"                                                                                                               
            }                                                                                                                                               
        }                                                                                                                                                   
    },                                                                                                                                                      
    "23": {                                                                                                                                                 
        "centralized": {                                                                                                                                    
            "test": {                                                                                                                                       
                "loss": "0.8791 -> 0.8791",                                                                                                                 
                "accuracy": "63.53% -> 63.53%"                                                                                                              
            }                                                                                                                                               
        },                                                                                                                                                  
        "all_clients": {                                                                                                                                    
            "test": {                                                                                                                                       
                "loss": "0.8791 -> 0.0000",                                                                                                                 
                "accuracy": "63.53% -> 0.00%"                                                                                                               
            }                                                                                                                                               
        }                                                                                                                                                   
    },                                                                                                                                                      
    "24": {                                                                                                                                                 
        "centralized": {                                                                                                                                    
            "test": {                                                                                                                                       
                "loss": "0.8969 -> 0.8969",                                                                                                                 
                "accuracy": "62.64% -> 62.64%"                                                                                                              
            }                                                                                                                                               
        },                                                                                                                                                  
        "all_clients": {                                                                                                                                    
            "test": {                                                                                                                                       
                "loss": "0.8969 -> 0.0000",                                                                                                                 
                "accuracy": "62.64% -> 0.00%"                                                                                                               
            }                                                                                                                                               
        }                                                                                                                                                   
    },                                                                                                                                                      
    "25": {                                                                                                                                                 
        "centralized": {                                                                                                                                    
            "test": {                                                                                                                                       
                "loss": "0.8344 -> 0.8344",                                                                                                                 
                "accuracy": "64.98% -> 64.98%"                                                                                                              
            }                                                                                                                                               
        },                                                                                                                                                  
        "all_clients": {                                                                                                                                    
            "test": {                                                                                                                                       
                "loss": "0.8344 -> 0.0000",                                                                                                                 
                "accuracy": "64.98% -> 0.00%"                                                                                                               
            }                                                                                                                                               
        }                                                                                                                                                   
    },                                                                                                                                                      
    "26": {                                                                                                                                                 
        "centralized": {                                                                                                                                    
            "test": {                                                                                                                                       
                "loss": "0.8307 -> 0.8307",                                                                                                                 
                "accuracy": "65.20% -> 65.20%"                                                                                                              
            }                                                                                                                                               
        },                                                                                                                                                  
        "all_clients": {                                                                                                                                    
            "test": {                                                                                                                                       
                "loss": "0.8307 -> 0.0000",                                                                                                                 
                "accuracy": "65.20% -> 0.00%"                                                                                                               
            }                                                                                                                                               
        }                                                                                                                                                   
    },                                                                                                                                                      
    "27": {                                                                                                                                                 
        "centralized": {                                                                                                                                    
            "test": {                                                                                                                                       
                "loss": "0.7682 -> 0.7682",                                                                                                                 
                "accuracy": "67.87% -> 67.87%"                                                                                                              
            }                                                                                                                                               
        },                                                                                                                                                  
        "all_clients": {                                                                                                                                    
            "test": {                                                                                                                                       
                "loss": "0.7682 -> 0.0000",                                                                                                                 
                "accuracy": "67.87% -> 0.00%"                                                                                                               
            }                                                                                                                                               
        }                                                                                                                                                   
    },                                                                                                                                                      
    "28": {                                                                                                                                                 
        "centralized": {                                                                                                                                    
            "test": {                                                                                                                                       
                "loss": "0.7412 -> 0.7412",                                                                                                                 
                "accuracy": "69.60% -> 69.60%"                                                                                                              
            }                                                                                                                                               
        },                                                                                                                                                  
        "all_clients": {                                                                                                                                    
            "test": {                                                                                                                                       
                "loss": "0.7412 -> 0.0000",                                                                                                                 
                "accuracy": "69.60% -> 0.00%"                                                                                                               
            }                                                                                                                                               
        }                                                                                                                                                   
    },                                                                                                                                                      
    "29": {                                                                                                                                                 
        "centralized": {                                                                                                                                    
            "test": {                                                                                                                                       
                "loss": "0.7275 -> 0.7275",                                                                                                                 
                "accuracy": "70.49% -> 70.49%"                                                                                                              
            }                                                                                                                                               
        },                                                                                                                                                  
        "all_clients": {                                                                                                                                    
            "test": {                                                                                                                                       
                "loss": "0.7275 -> 0.0000",                                                                                                                 
                "accuracy": "70.49% -> 0.00%"                                                                                                               
            }                                                                                                                                               
        }                                                                                                                                                   
    },                                                                                                                                                      
    "30": {                                                                                                                                                 
        "centralized": {                                                                                                                                    
            "test": {                                                                                                                                       
                "loss": "0.7015 -> 0.7015",                                                                                                                 
                "accuracy": "71.10% -> 71.10%"                                                                                                              
            }                                                                                                                                               
        },                                                                                                                                                  
        "all_clients": {                                                                                                                                    
            "test": {                                                                                                                                       
                "loss": "0.7015 -> 0.0000",                                                                                                                 
                "accuracy": "71.10% -> 0.00%"                                                                                                               
            }                                                                                                                                               
        }                                                                                                                                                   
    },                                                                                                                                                      
    "31": {                                                                                                                                                 
        "centralized": {                                                                                                                                    
            "test": {                                                                                                                                       
                "loss": "0.6698 -> 0.6698",                                                                                                                 
                "accuracy": "74.39% -> 74.39%"                                                                                                              
            }                                                                                                                                               
        },                                                                                                                                                  
        "all_clients": {                                                                                                                                    
            "test": {                                                                                                                                       
                "loss": "0.6698 -> 0.0000",                                                                                                                 
                "accuracy": "74.39% -> 0.00%"                                                                                                               
            }                                                                                                                                               
        }                                                                                                                                                   
    },                                                                                                                                                      
    "32": {                                                                                                                                                 
        "centralized": {                                                                                                                                    
            "test": {                                                                                                                                       
                "loss": "0.6770 -> 0.6770",                                                                                                                 
                "accuracy": "73.11% -> 73.11%"                                                                                                              
            }                                                                                                                                               
        },                                                                                                                                                  
        "all_clients": {                                                                                                                                    
            "test": {                                                                                                                                       
                "loss": "0.6770 -> 0.0000",                                                                                                                 
                "accuracy": "73.11% -> 0.00%"                                                                                                               
            }                                                                                                                                               
        }                                                                                                                                                   
    },                                                                                                                                                      
    "33": {                                                                                                                                                 
        "centralized": {                                                                                                                                    
            "test": {                                                                                                                                       
                "loss": "0.6359 -> 0.6359",                                                                                                                 
                "accuracy": "75.39% -> 75.39%"                                                                                                              
            }                                                                                                                                               
        },                                                                                                                                                  
        "all_clients": {                                                                                                                                    
            "test": {                                                                                                                                       
                "loss": "0.6359 -> 0.0000",                                                                                                                 
                "accuracy": "75.39% -> 0.00%"                                                                                                               
            }                                                                                                                                               
        }                                                                                                                                                   
    },                                                                                                                                                      
    "34": {                                                                                                                                                 
        "centralized": {                                                                                                                                    
            "test": {                                                                                                                                       
                "loss": "0.6445 -> 0.6445",                                                                                                                 
                "accuracy": "75.72% -> 75.72%"                                                                                                              
            }                                                                                                                                               
        },                                                                                                                                                  
        "all_clients": {                                                                                                                                    
            "test": {                                                                                                                                       
                "loss": "0.6445 -> 0.0000",                                                                                                                 
                "accuracy": "75.72% -> 0.00%"                                                                                                               
            }                                                                                                                                               
        }                                                                                                                                                   
    },                                                                                                                                                      
    "35": {                                                                                                                                                 
        "centralized": {                                                                                                                                    
            "test": {                                                                                                                                       
                "loss": "0.6516 -> 0.6516",                                                                                                                 
                "accuracy": "74.61% -> 74.61%"                                                                                                              
            }                                                                                                                                               
        },                                                                                                                                                  
        "all_clients": {                                                                                                                                    
            "test": {                                                                                                                                       
                "loss": "0.6516 -> 0.0000",                                                                                                                 
                "accuracy": "74.61% -> 0.00%"                                                                                                               
            }                                                                                                                                               
        }                                                                                                                                                   
    },                                                                                                                                                      
    "36": {                                                                                                                                                 
        "centralized": {                                                                                                                                    
            "test": {                                                                                                                                       
                "loss": "0.6355 -> 0.6355",                                                                                                                 
                "accuracy": "75.61% -> 75.61%"                                                                                                              
            }                                                                                                                                               
        },                                                                                                                                                  
        "all_clients": {                                                                                                                                    
            "test": {                                                                                                                                       
                "loss": "0.6355 -> 0.0000",                                                                                                                 
                "accuracy": "75.61% -> 0.00%"                                                                                                               
            }                                                                                                                                               
        }                                                                                                                                                   
    },                                                                                                                                                      
    "37": {                                                                                                                                                 
        "centralized": {                                                                                                                                    
            "test": {                                                                                                                                       
                "loss": "0.6888 -> 0.6888",                                                                                                                 
                "accuracy": "73.50% -> 73.50%"                                                                                                              
            }                                                                                                                                               
        },                                                                                                                                                  
        "all_clients": {                                                                                                                                    
            "test": {                                                                                                                                       
                "loss": "0.6888 -> 0.0000",                                                                                                                 
                "accuracy": "73.50% -> 0.00%"                                                                                                               
            }                                                                                                                                               
        }                                                                                                                                                   
    },                                                                                                                                                      
    "38": {                                                                                                                                                 
        "centralized": {                                                                                                                                    
            "test": {                                                                                                                                       
                "loss": "0.6899 -> 0.6899",                                                                                                                 
                "accuracy": "73.22% -> 73.22%"                                                                                                              
            }                                                                                                                                               
        },                                                                                                                                                  
        "all_clients": {                                                                                                                                    
            "test": {                                                                                                                                       
                "loss": "0.6899 -> 0.0000",                                                                                                                 
                "accuracy": "73.22% -> 0.00%"                                                                                                               
            }                                                                                                                                               
        }                                                                                                                                                   
    },                                                                                                                                                      
    "39": {                                                                                                                                                 
        "centralized": {                                                                                                                                    
            "test": {                                                                                                                                       
                "loss": "0.6683 -> 0.6683",                                                                                                                 
                "accuracy": "72.22% -> 72.22%"                                                                                                              
            }                                                                                                                                               
        },                                                                                                                                                  
        "all_clients": {                                                                                                                                    
            "test": {                                                                                                                                       
                "loss": "0.6683 -> 0.0000",                                                                                                                 
                "accuracy": "72.22% -> 0.00%"                                                                                                               
            }                                                                                                                                               
        }                                                                                                                                                   
    },                                                                                                                                                      
    "40": {                                                                                                                                                 
        "centralized": {                                                                                                                                    
            "test": {                                                                                                                                       
                "loss": "0.5983 -> 0.5983",                                                                                                                 
                "accuracy": "77.06% -> 77.06%"                                                                                                              
            }                                                                                                                                               
        },                                                                                                                                                  
        "all_clients": {                                                                                                                                    
            "test": {                                                                                                                                       
                "loss": "0.5983 -> 0.0000",                                                                                                                 
                "accuracy": "77.06% -> 0.00%"                                                                                                               
            }                                                                                                                                               
        }                                                                                                                                                   
    }                                                                                                                                                       
}                                                                                                                                                           
==================== DriftFedAvg Max Accuracy ====================                                                                                          
all_clients:                                                                                                                                                
(test) before fine-tuning: 77.06% at epoch 40                                                                                                               
(test) after fine-tuning: 0.00% at epoch 1                                                                                                                  
centralized:                                                                                                                                                
(test) before fine-tuning: 77.06% at epoch 40                                                                                                               
(test) after fine-tuning: 77.06% at epoch 40                                                                                                                
