==================== DriftFedAvg ====================                                                                                                       
Experiment Arguments:                                                                                                                                       
{
│   'method': 'driftfedavg',
│   'dataset': {
│   │   'name': 'brain_tumor',
│   │   'partition_dir': 'partitions/alpha_1.0/seed_42',
│   │   'client_num': 10,
│   │   'test_ratio': 0.25,
│   │   'val_ratio': 0.0,
│   │   'seed': 42,
│   │   'split': 'sample',
│   │   'IID_ratio': 0.0,
│   │   'monitor_window_name_suffix': 'brain_tumor-10clients-0%IID-Dir(1.0)-seed42',
│   │   'alpha': 1.0,
│   │   'min_samples_per_client': 10
│   },
│   'model': {
│   │   'name': 'vim_tiny',
│   │   'use_torchvision_pretrained_weights': False,
│   │   'external_model_weights_path': None
│   },
│   'optimizer': {
│   │   'lr': 0.01,
│   │   'dampening': 0,
│   │   'weight_decay': 0.0001,
│   │   'momentum': 0.9,
│   │   'nesterov': False,
│   │   'name': 'sgd'
│   },
│   'mode': 'serial',
│   'parallel': {
│   │   'ray_cluster_addr': None,
│   │   'num_cpus': None,
│   │   'num_gpus': None,
│   │   'num_workers': 2
│   },
│   'common': {
│   │   'seed': 42,
│   │   'join_ratio': 1.0,
│   │   'global_epoch': 40,
│   │   'local_epoch': 5,
│   │   'batch_size': 32,
│   │   'reset_optimizer_on_global_epoch': True,
│   │   'straggler_ratio': 0,
│   │   'straggler_min_local_epoch': 0,
│   │   'buffers': 'global',
│   │   'client_side_evaluation': True,
│   │   'test': {
│   │   │   'client': {
│   │   │   │   'interval': 1,
│   │   │   │   'finetune_epoch': 0,
│   │   │   │   'train': False,
│   │   │   │   'val': False,
│   │   │   │   'test': True
│   │   │   },
│   │   │   'server': {
│   │   │   │   'interval': 1,
│   │   │   │   'train': False,
│   │   │   │   'val': False,
│   │   │   │   'test': True,
│   │   │   │   'model_in_train_mode': False
│   │   │   }
│   │   },
│   │   'verbose_gap': 10,
│   │   'monitor': 'tensorboard',
│   │   'use_cuda': True,
│   │   'save_log': True,
│   │   'save_model': False,
│   │   'save_learning_curve_plot': True,
│   │   'save_metrics': True,
│   │   'delete_useless_run': True,
│   │   'dataloader_num_workers': 2
│   },
│   'driftfedavg': {}
}
---------------------------- TRAINING EPOCH: 10 ----------------------------                                                                                
client [7]  (testset)   loss: 0.6404 -> 0.6243  accuracy: 79.29% -> 84.02%                                                                                  
client [6]  (testset)   loss: 0.5048 -> 0.7134  accuracy: 81.76% -> 79.25%                                                                                  
client [9]  (testset)   loss: 0.5382 -> 0.6320  accuracy: 81.90% -> 78.88%                                                                                  
client [1]  (testset)   loss: 0.7640 -> 0.6036  accuracy: 75.32% -> 77.92%                                                                                  
client [2]  (testset)   loss: 0.3394 -> 0.5744  accuracy: 88.51% -> 87.36%                                                                                  
client [8]  (testset)   loss: 0.4261 -> 0.6079  accuracy: 85.99% -> 82.97%                                                                                  
client [4]  (testset)   loss: 0.5672 -> 0.7341  accuracy: 82.28% -> 80.38%                                                                                  
client [5]  (testset)   loss: 0.3127 -> 0.3735  accuracy: 90.00% -> 90.00%                                                                                  
client [3]  (testset)   loss: 0.4159 -> 0.3739  accuracy: 85.71% -> 87.30%                                                                                  
client [0]  (testset)   loss: 0.4562 -> 0.8127  accuracy: 85.63% -> 80.24%                                                                                  
---------------------------- TRAINING EPOCH: 20 ----------------------------                                                                                
client [1]  (testset)   loss: 0.7872 -> 0.5719  accuracy: 79.65% -> 79.65%                                                                                  
client [0]  (testset)   loss: 0.4938 -> 0.6300  accuracy: 86.83% -> 86.83%                                                                                  
client [3]  (testset)   loss: 0.2884 -> 0.3910  accuracy: 87.30% -> 82.54%                                                                                  
client [8]  (testset)   loss: 0.4994 -> 0.3846  accuracy: 85.71% -> 89.84%                                                                                  
client [6]  (testset)   loss: 0.4460 -> 0.7937  accuracy: 88.68% -> 79.25%                                                                                  
client [2]  (testset)   loss: 0.2629 -> 0.6834  accuracy: 91.95% -> 86.78%                                                                                  
client [5]  (testset)   loss: 0.3851 -> 0.3297  accuracy: 92.50% -> 91.25%                                                                                  
client [4]  (testset)   loss: 0.4835 -> 0.5968  accuracy: 85.44% -> 86.71%                                                                                  
client [7]  (testset)   loss: 0.7267 -> 0.6507  accuracy: 82.84% -> 88.17%                                                                                  
client [9]  (testset)   loss: 0.5259 -> 0.6591  accuracy: 85.34% -> 80.17%                                                                                  
---------------------------- TRAINING EPOCH: 30 ----------------------------                                                                                
client [6]  (testset)   loss: 0.4553 -> 0.7676  accuracy: 88.05% -> 79.25%                                                                                  
client [8]  (testset)   loss: 0.5080 -> 0.3788  accuracy: 87.36% -> 92.03%                                                                                  
client [5]  (testset)   loss: 0.4310 -> 0.2948  accuracy: 91.25% -> 90.00%                                                                                  
client [2]  (testset)   loss: 0.3013 -> 0.7838  accuracy: 93.10% -> 86.78%                                                                                  
client [1]  (testset)   loss: 0.8004 -> 0.8404  accuracy: 80.09% -> 81.82%                                                                                  
client [9]  (testset)   loss: 0.5119 -> 0.8573  accuracy: 87.07% -> 80.60%                                                                                  
client [7]  (testset)   loss: 0.7348 -> 0.5490  accuracy: 82.84% -> 89.35%                                                                                  
client [3]  (testset)   loss: 0.2589 -> 0.3803  accuracy: 88.89% -> 85.71%                                                                                  
client [4]  (testset)   loss: 0.4457 -> 0.5836  accuracy: 87.97% -> 87.34%                                                                                  
client [0]  (testset)   loss: 0.4560 -> 0.5174  accuracy: 89.22% -> 88.02%                                                                                  
---------------------------- TRAINING EPOCH: 40 ----------------------------                                                                                
client [0]  (testset)   loss: 0.4523 -> 0.4118  accuracy: 89.82% -> 89.22%                                                                                  
client [2]  (testset)   loss: 0.2659 -> 0.5510  accuracy: 91.95% -> 90.80%                                                                                  
client [5]  (testset)   loss: 0.4069 -> 0.3599  accuracy: 92.50% -> 93.75%                                                                                  
client [6]  (testset)   loss: 0.4717 -> 0.7102  accuracy: 92.45% -> 80.50%                                                                                  
client [3]  (testset)   loss: 0.2691 -> 0.3133  accuracy: 90.48% -> 93.65%                                                                                  
client [1]  (testset)   loss: 0.7896 -> 0.8402  accuracy: 83.55% -> 86.58%                                                                                  
client [8]  (testset)   loss: 0.5197 -> 0.4460  accuracy: 88.19% -> 92.58%                                                                                  
client [9]  (testset)   loss: 0.6194 -> 0.7391  accuracy: 85.34% -> 86.64%                                                                                  
client [7]  (testset)   loss: 0.8152 -> 0.6430  accuracy: 86.39% -> 89.35%                                                                                  
client [4]  (testset)   loss: 0.4696 -> 0.6680  accuracy: 90.51% -> 86.08%                                                                                  
DriftFedAvg's average time taken by each global epoch: 1 min 39.23 sec.                                                                                     
DriftFedAvg's total running time: 1 h 14 m 8 s.                                                                                                             
==================== DriftFedAvg Experiment Results: ====================                                                                                   
Display format: (before local fine-tuning) -> (after local fine-tuning)                                                                                     
 So if finetune_epoch = 0, x.xx% -> 0.00% is normal.                                                                                                        
 Centralized testing ONLY happens after model aggregation, so the stats between '->' are the same.                                                          
{                                                                                                                                                           
    "1": {                                                                                                                                                  
        "centralized": {                                                                                                                                    
            "test": {                                                                                                                                       
                "loss": "1.4395 -> 1.4395",                                                                                                                 
                "accuracy": "47.30% -> 47.30%"                                                                                                              
            }                                                                                                                                               
        },                                                                                                                                                  
        "all_clients": {                                                                                                                                    
            "test": {                                                                                                                                       
                "loss": "1.4395 -> 0.0000",                                                                                                                 
                "accuracy": "47.30% -> 0.00%"                                                                                                               
            }                                                                                                                                               
        }                                                                                                                                                   
    },                                                                                                                                                      
    "2": {                                                                                                                                                  
        "centralized": {                                                                                                                                    
            "test": {                                                                                                                                       
                "loss": "0.8885 -> 0.8885",                                                                                                                 
                "accuracy": "65.11% -> 65.11%"                                                                                                              
            }                                                                                                                                               
        },                                                                                                                                                  
        "all_clients": {                                                                                                                                    
            "test": {                                                                                                                                       
                "loss": "0.8885 -> 0.0000",                                                                                                                 
                "accuracy": "65.11% -> 0.00%"                                                                                                               
            }                                                                                                                                               
        }                                                                                                                                                   
    },                                                                                                                                                      
    "3": {                                                                                                                                                  
        "centralized": {                                                                                                                                    
            "test": {                                                                                                                                       
                "loss": "0.6882 -> 0.6882",                                                                                                                 
                "accuracy": "75.01% -> 75.01%"                                                                                                              
            }                                                                                                                                               
        },                                                                                                                                                  
        "all_clients": {                                                                                                                                    
            "test": {                                                                                                                                       
                "loss": "0.6882 -> 0.0000",                                                                                                                 
                "accuracy": "75.01% -> 0.00%"                                                                                                               
            }                                                                                                                                               
        }                                                                                                                                                   
    },                                                                                                                                                      
    "4": {                                                                                                                                                  
        "centralized": {                                                                                                                                    
            "test": {                                                                                                                                       
                "loss": "0.6369 -> 0.6369",                                                                                                                 
                "accuracy": "77.30% -> 77.30%"                                                                                                              
            }                                                                                                                                               
        },                                                                                                                                                  
        "all_clients": {                                                                                                                                    
            "test": {                                                                                                                                       
                "loss": "0.6369 -> 0.0000",                                                                                                                 
                "accuracy": "77.30% -> 0.00%"                                                                                                               
            }                                                                                                                                               
        }                                                                                                                                                   
    },                                                                                                                                                      
    "5": {                                                                                                                                                  
        "centralized": {                                                                                                                                    
            "test": {                                                                                                                                       
                "loss": "0.6146 -> 0.6146",                                                                                                                 
                "accuracy": "76.79% -> 76.79%"                                                                                                              
            }                                                                                                                                               
        },                                                                                                                                                  
        "all_clients": {                                                                                                                                    
            "test": {                                                                                                                                       
                "loss": "0.6146 -> 0.0000",                                                                                                                 
                "accuracy": "76.79% -> 0.00%"                                                                                                               
            }                                                                                                                                               
        }                                                                                                                                                   
    },                                                                                                                                                      
    "6": {                                                                                                                                                  
        "centralized": {                                                                                                                                    
            "test": {                                                                                                                                       
                "loss": "0.5690 -> 0.5690",                                                                                                                 
                "accuracy": "80.52% -> 80.52%"                                                                                                              
            }                                                                                                                                               
        },                                                                                                                                                  
        "all_clients": {                                                                                                                                    
            "test": {                                                                                                                                       
                "loss": "0.5690 -> 0.0000",                                                                                                                 
                "accuracy": "80.52% -> 0.00%"                                                                                                               
            }                                                                                                                                               
        }                                                                                                                                                   
    },                                                                                                                                                      
    "7": {                                                                                                                                                  
        "centralized": {                                                                                                                                    
            "test": {                                                                                                                                       
                "loss": "0.5601 -> 0.5601",                                                                                                                 
                "accuracy": "81.75% -> 81.75%"                                                                                                              
            }                                                                                                                                               
        },                                                                                                                                                  
        "all_clients": {                                                                                                                                    
            "test": {                                                                                                                                       
                "loss": "0.5601 -> 0.0000",                                                                                                                 
                "accuracy": "81.75% -> 0.00%"                                                                                                               
            }                                                                                                                                               
        }                                                                                                                                                   
    },                                                                                                                                                      
    "8": {                                                                                                                                                  
        "centralized": {                                                                                                                                    
            "test": {                                                                                                                                       
                "loss": "0.5408 -> 0.5408",                                                                                                                 
                "accuracy": "81.97% -> 81.97%"                                                                                                              
            }                                                                                                                                               
        },                                                                                                                                                  
        "all_clients": {                                                                                                                                    
            "test": {                                                                                                                                       
                "loss": "0.5408 -> 0.0000",                                                                                                                 
                "accuracy": "81.97% -> 0.00%"                                                                                                               
            }                                                                                                                                               
        }                                                                                                                                                   
    },                                                                                                                                                      
    "9": {                                                                                                                                                  
        "centralized": {                                                                                                                                    
            "test": {                                                                                                                                       
                "loss": "0.5125 -> 0.5125",                                                                                                                 
                "accuracy": "83.14% -> 83.14%"                                                                                                              
            }                                                                                                                                               
        },                                                                                                                                                  
        "all_clients": {                                                                                                                                    
            "test": {                                                                                                                                       
                "loss": "0.5125 -> 0.0000",                                                                                                                 
                "accuracy": "83.14% -> 0.00%"                                                                                                               
            }                                                                                                                                               
        }                                                                                                                                                   
    },                                                                                                                                                      
    "10": {                                                                                                                                                 
        "centralized": {                                                                                                                                    
            "test": {                                                                                                                                       
                "loss": "0.5212 -> 0.5212",                                                                                                                 
                "accuracy": "83.03% -> 83.03%"                                                                                                              
            }                                                                                                                                               
        },                                                                                                                                                  
        "all_clients": {                                                                                                                                    
            "test": {                                                                                                                                       
                "loss": "0.5212 -> 0.0000",                                                                                                                 
                "accuracy": "83.03% -> 0.00%"                                                                                                               
            }                                                                                                                                               
        }                                                                                                                                                   
    },                                                                                                                                                      
    "11": {                                                                                                                                                 
        "centralized": {                                                                                                                                    
            "test": {                                                                                                                                       
                "loss": "0.5225 -> 0.5225",                                                                                                                 
                "accuracy": "82.97% -> 82.97%"                                                                                                              
            }                                                                                                                                               
        },                                                                                                                                                  
        "all_clients": {                                                                                                                                    
            "test": {                                                                                                                                       
                "loss": "0.5225 -> 0.0000",                                                                                                                 
                "accuracy": "82.97% -> 0.00%"                                                                                                               
            }                                                                                                                                               
        }                                                                                                                                                   
    },                                                                                                                                                      
    "12": {                                                                                                                                                 
        "centralized": {                                                                                                                                    
            "test": {                                                                                                                                       
                "loss": "0.5082 -> 0.5082",                                                                                                                 
                "accuracy": "83.97% -> 83.97%"                                                                                                              
            }                                                                                                                                               
        },                                                                                                                                                  
        "all_clients": {                                                                                                                                    
            "test": {                                                                                                                                       
                "loss": "0.5082 -> 0.0000",                                                                                                                 
                "accuracy": "83.97% -> 0.00%"                                                                                                               
            }                                                                                                                                               
        }                                                                                                                                                   
    },                                                                                                                                                      
    "13": {                                                                                                                                                 
        "centralized": {                                                                                                                                    
            "test": {                                                                                                                                       
                "loss": "0.4917 -> 0.4917",                                                                                                                 
                "accuracy": "84.70% -> 84.70%"                                                                                                              
            }                                                                                                                                               
        },                                                                                                                                                  
        "all_clients": {                                                                                                                                    
            "test": {                                                                                                                                       
                "loss": "0.4917 -> 0.0000",                                                                                                                 
                "accuracy": "84.70% -> 0.00%"                                                                                                               
            }                                                                                                                                               
        }                                                                                                                                                   
    },                                                                                                                                                      
    "14": {                                                                                                                                                 
        "centralized": {                                                                                                                                    
            "test": {                                                                                                                                       
                "loss": "0.5120 -> 0.5120",                                                                                                                 
                "accuracy": "84.75% -> 84.75%"                                                                                                              
            }                                                                                                                                               
        },                                                                                                                                                  
        "all_clients": {                                                                                                                                    
            "test": {                                                                                                                                       
                "loss": "0.5120 -> 0.0000",                                                                                                                 
                "accuracy": "84.75% -> 0.00%"                                                                                                               
            }                                                                                                                                               
        }                                                                                                                                                   
    },                                                                                                                                                      
    "15": {                                                                                                                                                 
        "centralized": {                                                                                                                                    
            "test": {                                                                                                                                       
                "loss": "0.4883 -> 0.4883",                                                                                                                 
                "accuracy": "85.64% -> 85.64%"                                                                                                              
            }                                                                                                                                               
        },                                                                                                                                                  
        "all_clients": {                                                                                                                                    
            "test": {                                                                                                                                       
                "loss": "0.4883 -> 0.0000",                                                                                                                 
                "accuracy": "85.64% -> 0.00%"                                                                                                               
            }                                                                                                                                               
        }                                                                                                                                                   
    },                                                                                                                                                      
    "16": {                                                                                                                                                 
        "centralized": {                                                                                                                                    
            "test": {                                                                                                                                       
                "loss": "0.4920 -> 0.4920",                                                                                                                 
                "accuracy": "86.14% -> 86.14%"                                                                                                              
            }                                                                                                                                               
        },                                                                                                                                                  
        "all_clients": {                                                                                                                                    
            "test": {                                                                                                                                       
                "loss": "0.4920 -> 0.0000",                                                                                                                 
                "accuracy": "86.14% -> 0.00%"                                                                                                               
            }                                                                                                                                               
        }                                                                                                                                                   
    },                                                                                                                                                      
    "17": {                                                                                                                                                 
        "centralized": {                                                                                                                                    
            "test": {                                                                                                                                       
                "loss": "0.4930 -> 0.4930",                                                                                                                 
                "accuracy": "86.14% -> 86.14%"                                                                                                              
            }                                                                                                                                               
        },                                                                                                                                                  
        "all_clients": {                                                                                                                                    
            "test": {                                                                                                                                       
                "loss": "0.4930 -> 0.0000",                                                                                                                 
                "accuracy": "86.14% -> 0.00%"                                                                                                               
            }                                                                                                                                               
        }                                                                                                                                                   
    },                                                                                                                                                      
    "18": {                                                                                                                                                 
        "centralized": {                                                                                                                                    
            "test": {                                                                                                                                       
                "loss": "0.4950 -> 0.4950",                                                                                                                 
                "accuracy": "85.98% -> 85.98%"                                                                                                              
            }                                                                                                                                               
        },                                                                                                                                                  
        "all_clients": {                                                                                                                                    
            "test": {                                                                                                                                       
                "loss": "0.4950 -> 0.0000",                                                                                                                 
                "accuracy": "85.98% -> 0.00%"                                                                                                               
            }                                                                                                                                               
        }                                                                                                                                                   
    },                                                                                                                                                      
    "19": {                                                                                                                                                 
        "centralized": {                                                                                                                                    
            "test": {                                                                                                                                       
                "loss": "0.5192 -> 0.5192",                                                                                                                 
                "accuracy": "85.92% -> 85.92%"                                                                                                              
            }                                                                                                                                               
        },                                                                                                                                                  
        "all_clients": {                                                                                                                                    
            "test": {                                                                                                                                       
                "loss": "0.5192 -> 0.0000",                                                                                                                 
                "accuracy": "85.92% -> 0.00%"                                                                                                               
            }                                                                                                                                               
        }                                                                                                                                                   
    },                                                                                                                                                      
    "20": {                                                                                                                                                 
        "centralized": {                                                                                                                                    
            "test": {                                                                                                                                       
                "loss": "0.4912 -> 0.4912",                                                                                                                 
                "accuracy": "86.20% -> 86.20%"                                                                                                              
            }                                                                                                                                               
        },                                                                                                                                                  
        "all_clients": {                                                                                                                                    
            "test": {                                                                                                                                       
                "loss": "0.4912 -> 0.0000",                                                                                                                 
                "accuracy": "86.20% -> 0.00%"                                                                                                               
            }                                                                                                                                               
        }                                                                                                                                                   
    },                                                                                                                                                      
    "21": {                                                                                                                                                 
        "centralized": {                                                                                                                                    
            "test": {                                                                                                                                       
                "loss": "0.4706 -> 0.4706",                                                                                                                 
                "accuracy": "86.92% -> 86.92%"                                                                                                              
            }                                                                                                                                               
        },                                                                                                                                                  
        "all_clients": {                                                                                                                                    
            "test": {                                                                                                                                       
                "loss": "0.4706 -> 0.0000",                                                                                                                 
                "accuracy": "86.92% -> 0.00%"                                                                                                               
            }                                                                                                                                               
        }                                                                                                                                                   
    },                                                                                                                                                      
    "22": {                                                                                                                                                 
        "centralized": {                                                                                                                                    
            "test": {                                                                                                                                       
                "loss": "0.5040 -> 0.5040",                                                                                                                 
                "accuracy": "86.70% -> 86.70%"                                                                                                              
            }                                                                                                                                               
        },                                                                                                                                                  
        "all_clients": {                                                                                                                                    
            "test": {                                                                                                                                       
                "loss": "0.5040 -> 0.0000",                                                                                                                 
                "accuracy": "86.70% -> 0.00%"                                                                                                               
            }                                                                                                                                               
        }                                                                                                                                                   
    },                                                                                                                                                      
    "23": {                                                                                                                                                 
        "centralized": {                                                                                                                                    
            "test": {                                                                                                                                       
                "loss": "0.4819 -> 0.4819",                                                                                                                 
                "accuracy": "86.59% -> 86.59%"                                                                                                              
            }                                                                                                                                               
        },                                                                                                                                                  
        "all_clients": {                                                                                                                                    
            "test": {                                                                                                                                       
                "loss": "0.4819 -> 0.0000",                                                                                                                 
                "accuracy": "86.59% -> 0.00%"                                                                                                               
            }                                                                                                                                               
        }                                                                                                                                                   
    },                                                                                                                                                      
    "24": {                                                                                                                                                 
        "centralized": {                                                                                                                                    
            "test": {                                                                                                                                       
                "loss": "0.5315 -> 0.5315",                                                                                                                 
                "accuracy": "86.59% -> 86.59%"                                                                                                              
            }                                                                                                                                               
        },                                                                                                                                                  
        "all_clients": {                                                                                                                                    
            "test": {                                                                                                                                       
                "loss": "0.5315 -> 0.0000",                                                                                                                 
                "accuracy": "86.59% -> 0.00%"                                                                                                               
            }                                                                                                                                               
        }                                                                                                                                                   
    },                                                                                                                                                      
    "25": {                                                                                                                                                 
        "centralized": {                                                                                                                                    
            "test": {                                                                                                                                       
                "loss": "0.5103 -> 0.5103",                                                                                                                 
                "accuracy": "87.87% -> 87.87%"                                                                                                              
            }                                                                                                                                               
        },                                                                                                                                                  
        "all_clients": {                                                                                                                                    
            "test": {                                                                                                                                       
                "loss": "0.5103 -> 0.0000",                                                                                                                 
                "accuracy": "87.87% -> 0.00%"                                                                                                               
            }                                                                                                                                               
        }                                                                                                                                                   
    },                                                                                                                                                      
    "26": {                                                                                                                                                 
        "centralized": {                                                                                                                                    
            "test": {                                                                                                                                       
                "loss": "0.4855 -> 0.4855",                                                                                                                 
                "accuracy": "86.92% -> 86.92%"                                                                                                              
            }                                                                                                                                               
        },                                                                                                                                                  
        "all_clients": {                                                                                                                                    
            "test": {                                                                                                                                       
                "loss": "0.4855 -> 0.0000",                                                                                                                 
                "accuracy": "86.92% -> 0.00%"                                                                                                               
            }                                                                                                                                               
        }                                                                                                                                                   
    },                                                                                                                                                      
    "27": {                                                                                                                                                 
        "centralized": {                                                                                                                                    
            "test": {                                                                                                                                       
                "loss": "0.4976 -> 0.4976",                                                                                                                 
                "accuracy": "87.03% -> 87.03%"                                                                                                              
            }                                                                                                                                               
        },                                                                                                                                                  
        "all_clients": {                                                                                                                                    
            "test": {                                                                                                                                       
                "loss": "0.4976 -> 0.0000",                                                                                                                 
                "accuracy": "87.03% -> 0.00%"                                                                                                               
            }                                                                                                                                               
        }                                                                                                                                                   
    },                                                                                                                                                      
    "28": {                                                                                                                                                 
        "centralized": {                                                                                                                                    
            "test": {                                                                                                                                       
                "loss": "0.5266 -> 0.5266",                                                                                                                 
                "accuracy": "87.03% -> 87.03%"                                                                                                              
            }                                                                                                                                               
        },                                                                                                                                                  
        "all_clients": {                                                                                                                                    
            "test": {                                                                                                                                       
                "loss": "0.5266 -> 0.0000",                                                                                                                 
                "accuracy": "87.03% -> 0.00%"                                                                                                               
            }                                                                                                                                               
        }                                                                                                                                                   
    },                                                                                                                                                      
    "29": {                                                                                                                                                 
        "centralized": {                                                                                                                                    
            "test": {                                                                                                                                       
                "loss": "0.5203 -> 0.5203",                                                                                                                 
                "accuracy": "87.03% -> 87.03%"                                                                                                              
            }                                                                                                                                               
        },                                                                                                                                                  
        "all_clients": {                                                                                                                                    
            "test": {                                                                                                                                       
                "loss": "0.5203 -> 0.0000",                                                                                                                 
                "accuracy": "87.03% -> 0.00%"                                                                                                               
            }                                                                                                                                               
        }                                                                                                                                                   
    },                                                                                                                                                      
    "30": {                                                                                                                                                 
        "centralized": {                                                                                                                                    
            "test": {                                                                                                                                       
                "loss": "0.4817 -> 0.4817",                                                                                                                 
                "accuracy": "88.26% -> 88.26%"                                                                                                              
            }                                                                                                                                               
        },                                                                                                                                                  
        "all_clients": {                                                                                                                                    
            "test": {                                                                                                                                       
                "loss": "0.4817 -> 0.0000",                                                                                                                 
                "accuracy": "88.26% -> 0.00%"                                                                                                               
            }                                                                                                                                               
        }                                                                                                                                                   
    },                                                                                                                                                      
    "31": {                                                                                                                                                 
        "centralized": {                                                                                                                                    
            "test": {                                                                                                                                       
                "loss": "0.5295 -> 0.5295",                                                                                                                 
                "accuracy": "86.53% -> 86.53%"                                                                                                              
            }                                                                                                                                               
        },                                                                                                                                                  
        "all_clients": {                                                                                                                                    
            "test": {                                                                                                                                       
                "loss": "0.5295 -> 0.0000",                                                                                                                 
                "accuracy": "86.53% -> 0.00%"                                                                                                               
            }                                                                                                                                               
        }                                                                                                                                                   
    },                                                                                                                                                      
    "32": {                                                                                                                                                 
        "centralized": {                                                                                                                                    
            "test": {                                                                                                                                       
                "loss": "0.5091 -> 0.5091",                                                                                                                 
                "accuracy": "87.92% -> 87.92%"                                                                                                              
            }                                                                                                                                               
        },                                                                                                                                                  
        "all_clients": {                                                                                                                                    
            "test": {                                                                                                                                       
                "loss": "0.5091 -> 0.0000",                                                                                                                 
                "accuracy": "87.92% -> 0.00%"                                                                                                               
            }                                                                                                                                               
        }                                                                                                                                                   
    },                                                                                                                                                      
    "33": {                                                                                                                                                 
        "centralized": {                                                                                                                                    
            "test": {                                                                                                                                       
                "loss": "0.5270 -> 0.5270",                                                                                                                 
                "accuracy": "87.59% -> 87.59%"                                                                                                              
            }                                                                                                                                               
        },                                                                                                                                                  
        "all_clients": {                                                                                                                                    
            "test": {                                                                                                                                       
                "loss": "0.5270 -> 0.0000",                                                                                                                 
                "accuracy": "87.59% -> 0.00%"                                                                                                               
            }                                                                                                                                               
        }                                                                                                                                                   
    },                                                                                                                                                      
    "34": {                                                                                                                                                 
        "centralized": {                                                                                                                                    
            "test": {                                                                                                                                       
                "loss": "0.4968 -> 0.4968",                                                                                                                 
                "accuracy": "88.43% -> 88.43%"                                                                                                              
            }                                                                                                                                               
        },                                                                                                                                                  
        "all_clients": {                                                                                                                                    
            "test": {                                                                                                                                       
                "loss": "0.4968 -> 0.0000",                                                                                                                 
                "accuracy": "88.43% -> 0.00%"                                                                                                               
            }                                                                                                                                               
        }                                                                                                                                                   
    },                                                                                                                                                      
    "35": {                                                                                                                                                 
        "centralized": {                                                                                                                                    
            "test": {                                                                                                                                       
                "loss": "0.5223 -> 0.5223",                                                                                                                 
                "accuracy": "88.48% -> 88.48%"                                                                                                              
            }                                                                                                                                               
        },                                                                                                                                                  
        "all_clients": {                                                                                                                                    
            "test": {                                                                                                                                       
                "loss": "0.5223 -> 0.0000",                                                                                                                 
                "accuracy": "88.48% -> 0.00%"                                                                                                               
            }                                                                                                                                               
        }                                                                                                                                                   
    },                                                                                                                                                      
    "36": {                                                                                                                                                 
        "centralized": {                                                                                                                                    
            "test": {                                                                                                                                       
                "loss": "0.5161 -> 0.5161",                                                                                                                 
                "accuracy": "88.31% -> 88.31%"                                                                                                              
            }                                                                                                                                               
        },                                                                                                                                                  
        "all_clients": {                                                                                                                                    
            "test": {                                                                                                                                       
                "loss": "0.5161 -> 0.0000",                                                                                                                 
                "accuracy": "88.31% -> 0.00%"                                                                                                               
            }                                                                                                                                               
        }                                                                                                                                                   
    },                                                                                                                                                      
    "37": {                                                                                                                                                 
        "centralized": {                                                                                                                                    
            "test": {                                                                                                                                       
                "loss": "0.5260 -> 0.5260",                                                                                                                 
                "accuracy": "88.65% -> 88.65%"                                                                                                              
            }                                                                                                                                               
        },                                                                                                                                                  
        "all_clients": {                                                                                                                                    
            "test": {                                                                                                                                       
                "loss": "0.5260 -> 0.0000",                                                                                                                 
                "accuracy": "88.65% -> 0.00%"                                                                                                               
            }                                                                                                                                               
        }                                                                                                                                                   
    },                                                                                                                                                      
    "38": {                                                                                                                                                 
        "centralized": {                                                                                                                                    
            "test": {                                                                                                                                       
                "loss": "0.5472 -> 0.5472",                                                                                                                 
                "accuracy": "88.31% -> 88.31%"                                                                                                              
            }                                                                                                                                               
        },                                                                                                                                                  
        "all_clients": {                                                                                                                                    
            "test": {                                                                                                                                       
                "loss": "0.5472 -> 0.0000",                                                                                                                 
                "accuracy": "88.31% -> 0.00%"                                                                                                               
            }                                                                                                                                               
        }                                                                                                                                                   
    },                                                                                                                                                      
    "39": {                                                                                                                                                 
        "centralized": {                                                                                                                                    
            "test": {                                                                                                                                       
                "loss": "0.5418 -> 0.5418",                                                                                                                 
                "accuracy": "88.43% -> 88.43%"                                                                                                              
            }                                                                                                                                               
        },                                                                                                                                                  
        "all_clients": {                                                                                                                                    
            "test": {                                                                                                                                       
                "loss": "0.5418 -> 0.0000",                                                                                                                 
                "accuracy": "88.43% -> 0.00%"                                                                                                               
            }                                                                                                                                               
        }                                                                                                                                                   
    },                                                                                                                                                      
    "40": {                                                                                                                                                 
        "centralized": {                                                                                                                                    
            "test": {                                                                                                                                       
                "loss": "0.5362 -> 0.5362",                                                                                                                 
                "accuracy": "88.15% -> 88.15%"                                                                                                              
            }                                                                                                                                               
        },                                                                                                                                                  
        "all_clients": {                                                                                                                                    
            "test": {                                                                                                                                       
                "loss": "0.5362 -> 0.0000",                                                                                                                 
                "accuracy": "88.15% -> 0.00%"                                                                                                               
            }                                                                                                                                               
        }                                                                                                                                                   
    }                                                                                                                                                       
}                                                                                                                                                           
==================== DriftFedAvg Max Accuracy ====================                                                                                          
all_clients:                                                                                                                                                
(test) before fine-tuning: 88.65% at epoch 37                                                                                                               
(test) after fine-tuning: 0.00% at epoch 1                                                                                                                  
centralized:                                                                                                                                                
(test) before fine-tuning: 88.65% at epoch 37                                                                                                               
(test) after fine-tuning: 88.65% at epoch 37                                                                                                                
