==================== DriftFedAvg ====================                                                                                                       
Experiment Arguments:                                                                                                                                       
{
│   'method': 'driftfedavg',
│   'dataset': {
│   │   'name': 'brain_tumor',
│   │   'partition_dir': 'partitions/alpha_1000.0/seed_42',
│   │   'client_num': 10,
│   │   'test_ratio': 0.25,
│   │   'val_ratio': 0.0,
│   │   'seed': 42,
│   │   'split': 'sample',
│   │   'IID_ratio': 0.0,
│   │   'monitor_window_name_suffix': 'brain_tumor-10clients-0%IID-Dir(1000.0)-seed42',
│   │   'alpha': 1000.0,
│   │   'min_samples_per_client': 10
│   },
│   'model': {
│   │   'name': 'vit_tiny',
│   │   'use_torchvision_pretrained_weights': False,
│   │   'external_model_weights_path': None
│   },
│   'optimizer': {
│   │   'lr': 0.01,
│   │   'dampening': 0,
│   │   'weight_decay': 0.0001,
│   │   'momentum': 0.9,
│   │   'nesterov': False,
│   │   'name': 'sgd'
│   },
│   'mode': 'serial',
│   'parallel': {
│   │   'ray_cluster_addr': None,
│   │   'num_cpus': None,
│   │   'num_gpus': None,
│   │   'num_workers': 2
│   },
│   'common': {
│   │   'seed': 42,
│   │   'join_ratio': 1.0,
│   │   'global_epoch': 40,
│   │   'local_epoch': 5,
│   │   'batch_size': 32,
│   │   'reset_optimizer_on_global_epoch': True,
│   │   'straggler_ratio': 0,
│   │   'straggler_min_local_epoch': 0,
│   │   'buffers': 'global',
│   │   'client_side_evaluation': True,
│   │   'test': {
│   │   │   'client': {
│   │   │   │   'interval': 1,
│   │   │   │   'finetune_epoch': 0,
│   │   │   │   'train': False,
│   │   │   │   'val': False,
│   │   │   │   'test': True
│   │   │   },
│   │   │   'server': {
│   │   │   │   'interval': 1,
│   │   │   │   'train': False,
│   │   │   │   'val': False,
│   │   │   │   'test': True,
│   │   │   │   'model_in_train_mode': False
│   │   │   }
│   │   },
│   │   'verbose_gap': 10,
│   │   'monitor': 'tensorboard',
│   │   'use_cuda': True,
│   │   'save_log': True,
│   │   'save_model': False,
│   │   'save_learning_curve_plot': True,
│   │   'save_metrics': True,
│   │   'delete_useless_run': True,
│   │   'dataloader_num_workers': 2
│   },
│   'driftfedavg': {}
}
---------------------------- TRAINING EPOCH: 10 ----------------------------                                                                                
client [7]  (testset)   loss: 0.6175 -> 0.7091  accuracy: 74.86% -> 72.63%                                                                                  
client [6]  (testset)   loss: 0.5994 -> 0.7766  accuracy: 78.33% -> 72.22%                                                                                  
client [9]  (testset)   loss: 0.6658 -> 0.7707  accuracy: 77.05% -> 67.76%                                                                                  
client [1]  (testset)   loss: 0.6581 -> 0.8019  accuracy: 74.86% -> 69.27%                                                                                  
client [2]  (testset)   loss: 0.5797 -> 0.6594  accuracy: 80.23% -> 75.71%                                                                                  
client [8]  (testset)   loss: 0.7755 -> 0.8760  accuracy: 71.75% -> 64.97%                                                                                  
client [4]  (testset)   loss: 0.5605 -> 0.7288  accuracy: 78.69% -> 72.13%                                                                                  
client [5]  (testset)   loss: 0.6259 -> 0.6300  accuracy: 74.30% -> 75.98%                                                                                  
client [3]  (testset)   loss: 0.5746 -> 0.6243  accuracy: 79.56% -> 76.80%                                                                                  
client [0]  (testset)   loss: 0.5266 -> 0.5801  accuracy: 83.89% -> 81.11%                                                                                  
---------------------------- TRAINING EPOCH: 20 ----------------------------                                                                                
client [1]  (testset)   loss: 0.5452 -> 0.5741  accuracy: 78.77% -> 75.98%                                                                                  
client [0]  (testset)   loss: 0.4381 -> 0.5488  accuracy: 86.67% -> 81.11%                                                                                  
client [3]  (testset)   loss: 0.4081 -> 0.5265  accuracy: 86.19% -> 77.90%                                                                                  
client [8]  (testset)   loss: 0.5361 -> 0.6555  accuracy: 79.66% -> 76.84%                                                                                  
client [6]  (testset)   loss: 0.4809 -> 0.5965  accuracy: 78.33% -> 76.67%                                                                                  
client [2]  (testset)   loss: 0.3972 -> 0.4612  accuracy: 88.14% -> 83.05%                                                                                  
client [5]  (testset)   loss: 0.4930 -> 0.6459  accuracy: 80.45% -> 79.89%                                                                                  
client [4]  (testset)   loss: 0.3568 -> 0.5884  accuracy: 87.98% -> 78.69%                                                                                  
client [7]  (testset)   loss: 0.5199 -> 0.7297  accuracy: 79.89% -> 76.54%                                                                                  
client [9]  (testset)   loss: 0.5138 -> 0.5706  accuracy: 82.51% -> 80.33%                                                                                  
---------------------------- TRAINING EPOCH: 30 ----------------------------                                                                                
client [6]  (testset)   loss: 0.4564 -> 0.7470  accuracy: 81.67% -> 72.78%                                                                                  
client [8]  (testset)   loss: 0.4932 -> 0.6459  accuracy: 83.62% -> 77.97%                                                                                  
client [5]  (testset)   loss: 0.4594 -> 0.7194  accuracy: 82.68% -> 79.33%                                                                                  
client [2]  (testset)   loss: 0.3413 -> 0.4251  accuracy: 86.44% -> 86.44%                                                                                  
client [1]  (testset)   loss: 0.5235 -> 0.6347  accuracy: 81.01% -> 79.89%                                                                                  
client [9]  (testset)   loss: 0.4735 -> 0.7466  accuracy: 84.15% -> 75.96%                                                                                  
client [7]  (testset)   loss: 0.5217 -> 0.6944  accuracy: 85.47% -> 75.42%                                                                                  
client [3]  (testset)   loss: 0.4173 -> 0.4885  accuracy: 86.19% -> 83.43%                                                                                  
client [4]  (testset)   loss: 0.3322 -> 0.5128  accuracy: 89.07% -> 81.97%                                                                                  
client [0]  (testset)   loss: 0.3861 -> 0.5393  accuracy: 88.89% -> 77.22%                                                                                  
---------------------------- TRAINING EPOCH: 40 ----------------------------                                                                                
client [0]  (testset)   loss: 0.3734 -> 0.4477  accuracy: 88.89% -> 83.33%                                                                                  
client [2]  (testset)   loss: 0.2955 -> 0.4097  accuracy: 88.14% -> 82.49%                                                                                  
client [5]  (testset)   loss: 0.4879 -> 0.5977  accuracy: 84.36% -> 79.89%                                                                                  
client [6]  (testset)   loss: 0.4418 -> 0.6264  accuracy: 83.89% -> 76.11%                                                                                  
client [3]  (testset)   loss: 0.4127 -> 0.5960  accuracy: 86.74% -> 81.22%                                                                                  
client [1]  (testset)   loss: 0.5143 -> 0.8318  accuracy: 81.56% -> 77.65%                                                                                  
client [8]  (testset)   loss: 0.5641 -> 0.7014  accuracy: 82.49% -> 77.97%                                                                                  
client [9]  (testset)   loss: 0.4083 -> 0.5121  accuracy: 86.89% -> 85.25%                                                                                  
client [7]  (testset)   loss: 0.4992 -> 0.5435  accuracy: 86.03% -> 82.68%                                                                                  
client [4]  (testset)   loss: 0.3118 -> 0.4921  accuracy: 90.71% -> 81.97%                                                                                  
DriftFedAvg's average time taken by each global epoch: 1 min 34.89 sec.                                                                                     
DriftFedAvg's total running time: 1 h 11 m 2 s.                                                                                                             
==================== DriftFedAvg Experiment Results: ====================                                                                                   
Display format: (before local fine-tuning) -> (after local fine-tuning)                                                                                     
 So if finetune_epoch = 0, x.xx% -> 0.00% is normal.                                                                                                        
 Centralized testing ONLY happens after model aggregation, so the stats between '->' are the same.                                                          
{                                                                                                                                                           
    "1": {                                                                                                                                                  
        "centralized": {                                                                                                                                    
            "test": {                                                                                                                                       
                "loss": "1.5232 -> 1.5232",                                                                                                                 
                "accuracy": "26.08% -> 26.08%"                                                                                                              
            }                                                                                                                                               
        },                                                                                                                                                  
        "all_clients": {                                                                                                                                    
            "test": {                                                                                                                                       
                "loss": "1.5232 -> 0.0000",                                                                                                                 
                "accuracy": "26.08% -> 0.00%"                                                                                                               
            }                                                                                                                                               
        }                                                                                                                                                   
    },                                                                                                                                                      
    "2": {                                                                                                                                                  
        "centralized": {                                                                                                                                    
            "test": {                                                                                                                                       
                "loss": "1.1653 -> 1.1653",                                                                                                                 
                "accuracy": "48.11% -> 48.11%"                                                                                                              
            }                                                                                                                                               
        },                                                                                                                                                  
        "all_clients": {                                                                                                                                    
            "test": {                                                                                                                                       
                "loss": "1.1653 -> 0.0000",                                                                                                                 
                "accuracy": "48.11% -> 0.00%"                                                                                                               
            }                                                                                                                                               
        }                                                                                                                                                   
    },                                                                                                                                                      
    "3": {                                                                                                                                                  
        "centralized": {                                                                                                                                    
            "test": {                                                                                                                                       
                "loss": "1.0685 -> 1.0685",                                                                                                                 
                "accuracy": "55.78% -> 55.78%"                                                                                                              
            }                                                                                                                                               
        },                                                                                                                                                  
        "all_clients": {                                                                                                                                    
            "test": {                                                                                                                                       
                "loss": "1.0685 -> 0.0000",                                                                                                                 
                "accuracy": "55.78% -> 0.00%"                                                                                                               
            }                                                                                                                                               
        }                                                                                                                                                   
    },                                                                                                                                                      
    "4": {                                                                                                                                                  
        "centralized": {                                                                                                                                    
            "test": {                                                                                                                                       
                "loss": "0.9255 -> 0.9255",                                                                                                                 
                "accuracy": "65.24% -> 65.24%"                                                                                                              
            }                                                                                                                                               
        },                                                                                                                                                  
        "all_clients": {                                                                                                                                    
            "test": {                                                                                                                                       
                "loss": "0.9255 -> 0.0000",                                                                                                                 
                "accuracy": "65.24% -> 0.00%"                                                                                                               
            }                                                                                                                                               
        }                                                                                                                                                   
    },                                                                                                                                                      
    "5": {                                                                                                                                                  
        "centralized": {                                                                                                                                    
            "test": {                                                                                                                                       
                "loss": "0.8610 -> 0.8610",                                                                                                                 
                "accuracy": "67.91% -> 67.91%"                                                                                                              
            }                                                                                                                                               
        },                                                                                                                                                  
        "all_clients": {                                                                                                                                    
            "test": {                                                                                                                                       
                "loss": "0.8610 -> 0.0000",                                                                                                                 
                "accuracy": "67.91% -> 0.00%"                                                                                                               
            }                                                                                                                                               
        }                                                                                                                                                   
    },                                                                                                                                                      
    "6": {                                                                                                                                                  
        "centralized": {                                                                                                                                    
            "test": {                                                                                                                                       
                "loss": "0.7949 -> 0.7949",                                                                                                                 
                "accuracy": "68.80% -> 68.80%"                                                                                                              
            }                                                                                                                                               
        },                                                                                                                                                  
        "all_clients": {                                                                                                                                    
            "test": {                                                                                                                                       
                "loss": "0.7949 -> 0.0000",                                                                                                                 
                "accuracy": "68.80% -> 0.00%"                                                                                                               
            }                                                                                                                                               
        }                                                                                                                                                   
    },                                                                                                                                                      
    "7": {                                                                                                                                                  
        "centralized": {                                                                                                                                    
            "test": {                                                                                                                                       
                "loss": "0.7231 -> 0.7231",                                                                                                                 
                "accuracy": "72.08% -> 72.08%"                                                                                                              
            }                                                                                                                                               
        },                                                                                                                                                  
        "all_clients": {                                                                                                                                    
            "test": {                                                                                                                                       
                "loss": "0.7231 -> 0.0000",                                                                                                                 
                "accuracy": "72.08% -> 0.00%"                                                                                                               
            }                                                                                                                                               
        }                                                                                                                                                   
    },                                                                                                                                                      
    "8": {                                                                                                                                                  
        "centralized": {                                                                                                                                    
            "test": {                                                                                                                                       
                "loss": "0.6877 -> 0.6877",                                                                                                                 
                "accuracy": "73.19% -> 73.19%"                                                                                                              
            }                                                                                                                                               
        },                                                                                                                                                  
        "all_clients": {                                                                                                                                    
            "test": {                                                                                                                                       
                "loss": "0.6877 -> 0.0000",                                                                                                                 
                "accuracy": "73.19% -> 0.00%"                                                                                                               
            }                                                                                                                                               
        }                                                                                                                                                   
    },                                                                                                                                                      
    "9": {                                                                                                                                                  
        "centralized": {                                                                                                                                    
            "test": {                                                                                                                                       
                "loss": "0.6181 -> 0.6181",                                                                                                                 
                "accuracy": "77.36% -> 77.36%"                                                                                                              
            }                                                                                                                                               
        },                                                                                                                                                  
        "all_clients": {                                                                                                                                    
            "test": {                                                                                                                                       
                "loss": "0.6181 -> 0.0000",                                                                                                                 
                "accuracy": "77.36% -> 0.00%"                                                                                                               
            }                                                                                                                                               
        }                                                                                                                                                   
    },                                                                                                                                                      
    "10": {                                                                                                                                                 
        "centralized": {                                                                                                                                    
            "test": {                                                                                                                                       
                "loss": "0.6445 -> 0.6445",                                                                                                                 
                "accuracy": "75.47% -> 75.47%"                                                                                                              
            }                                                                                                                                               
        },                                                                                                                                                  
        "all_clients": {                                                                                                                                    
            "test": {                                                                                                                                       
                "loss": "0.6445 -> 0.0000",                                                                                                                 
                "accuracy": "75.47% -> 0.00%"                                                                                                               
            }                                                                                                                                               
        }                                                                                                                                                   
    },                                                                                                                                                      
    "11": {                                                                                                                                                 
        "centralized": {                                                                                                                                    
            "test": {                                                                                                                                       
                "loss": "0.5761 -> 0.5761",                                                                                                                 
                "accuracy": "77.70% -> 77.70%"                                                                                                              
            }                                                                                                                                               
        },                                                                                                                                                  
        "all_clients": {                                                                                                                                    
            "test": {                                                                                                                                       
                "loss": "0.5761 -> 0.0000",                                                                                                                 
                "accuracy": "77.70% -> 0.00%"                                                                                                               
            }                                                                                                                                               
        }                                                                                                                                                   
    },                                                                                                                                                      
    "12": {                                                                                                                                                 
        "centralized": {                                                                                                                                    
            "test": {                                                                                                                                       
                "loss": "0.5651 -> 0.5651",                                                                                                                 
                "accuracy": "78.14% -> 78.14%"                                                                                                              
            }                                                                                                                                               
        },                                                                                                                                                  
        "all_clients": {                                                                                                                                    
            "test": {                                                                                                                                       
                "loss": "0.5651 -> 0.0000",                                                                                                                 
                "accuracy": "78.14% -> 0.00%"                                                                                                               
            }                                                                                                                                               
        }                                                                                                                                                   
    },                                                                                                                                                      
    "13": {                                                                                                                                                 
        "centralized": {                                                                                                                                    
            "test": {                                                                                                                                       
                "loss": "0.5500 -> 0.5500",                                                                                                                 
                "accuracy": "79.09% -> 79.09%"                                                                                                              
            }                                                                                                                                               
        },                                                                                                                                                  
        "all_clients": {                                                                                                                                    
            "test": {                                                                                                                                       
                "loss": "0.5500 -> 0.0000",                                                                                                                 
                "accuracy": "79.09% -> 0.00%"                                                                                                               
            }                                                                                                                                               
        }                                                                                                                                                   
    },                                                                                                                                                      
    "14": {                                                                                                                                                 
        "centralized": {                                                                                                                                    
            "test": {                                                                                                                                       
                "loss": "0.5353 -> 0.5353",                                                                                                                 
                "accuracy": "79.59% -> 79.59%"                                                                                                              
            }                                                                                                                                               
        },                                                                                                                                                  
        "all_clients": {                                                                                                                                    
            "test": {                                                                                                                                       
                "loss": "0.5353 -> 0.0000",                                                                                                                 
                "accuracy": "79.59% -> 0.00%"                                                                                                               
            }                                                                                                                                               
        }                                                                                                                                                   
    },                                                                                                                                                      
    "15": {                                                                                                                                                 
        "centralized": {                                                                                                                                    
            "test": {                                                                                                                                       
                "loss": "0.5219 -> 0.5219",                                                                                                                 
                "accuracy": "80.09% -> 80.09%"                                                                                                              
            }                                                                                                                                               
        },                                                                                                                                                  
        "all_clients": {                                                                                                                                    
            "test": {                                                                                                                                       
                "loss": "0.5219 -> 0.0000",                                                                                                                 
                "accuracy": "80.09% -> 0.00%"                                                                                                               
            }                                                                                                                                               
        }                                                                                                                                                   
    },                                                                                                                                                      
    "16": {                                                                                                                                                 
        "centralized": {                                                                                                                                    
            "test": {                                                                                                                                       
                "loss": "0.5078 -> 0.5078",                                                                                                                 
                "accuracy": "80.65% -> 80.65%"                                                                                                              
            }                                                                                                                                               
        },                                                                                                                                                  
        "all_clients": {                                                                                                                                    
            "test": {                                                                                                                                       
                "loss": "0.5078 -> 0.0000",                                                                                                                 
                "accuracy": "80.65% -> 0.00%"                                                                                                               
            }                                                                                                                                               
        }                                                                                                                                                   
    },                                                                                                                                                      
    "17": {                                                                                                                                                 
        "centralized": {                                                                                                                                    
            "test": {                                                                                                                                       
                "loss": "0.4805 -> 0.4805",                                                                                                                 
                "accuracy": "81.87% -> 81.87%"                                                                                                              
            }                                                                                                                                               
        },                                                                                                                                                  
        "all_clients": {                                                                                                                                    
            "test": {                                                                                                                                       
                "loss": "0.4805 -> 0.0000",                                                                                                                 
                "accuracy": "81.87% -> 0.00%"                                                                                                               
            }                                                                                                                                               
        }                                                                                                                                                   
    },                                                                                                                                                      
    "18": {                                                                                                                                                 
        "centralized": {                                                                                                                                    
            "test": {                                                                                                                                       
                "loss": "0.4845 -> 0.4845",                                                                                                                 
                "accuracy": "81.31% -> 81.31%"                                                                                                              
            }                                                                                                                                               
        },                                                                                                                                                  
        "all_clients": {                                                                                                                                    
            "test": {                                                                                                                                       
                "loss": "0.4845 -> 0.0000",                                                                                                                 
                "accuracy": "81.31% -> 0.00%"                                                                                                               
            }                                                                                                                                               
        }                                                                                                                                                   
    },                                                                                                                                                      
    "19": {                                                                                                                                                 
        "centralized": {                                                                                                                                    
            "test": {                                                                                                                                       
                "loss": "0.4687 -> 0.4687",                                                                                                                 
                "accuracy": "82.87% -> 82.87%"                                                                                                              
            }                                                                                                                                               
        },                                                                                                                                                  
        "all_clients": {                                                                                                                                    
            "test": {                                                                                                                                       
                "loss": "0.4687 -> 0.0000",                                                                                                                 
                "accuracy": "82.87% -> 0.00%"                                                                                                               
            }                                                                                                                                               
        }                                                                                                                                                   
    },                                                                                                                                                      
    "20": {                                                                                                                                                 
        "centralized": {                                                                                                                                    
            "test": {                                                                                                                                       
                "loss": "0.4793 -> 0.4793",                                                                                                                 
                "accuracy": "82.81% -> 82.81%"                                                                                                              
            }                                                                                                                                               
        },                                                                                                                                                  
        "all_clients": {                                                                                                                                    
            "test": {                                                                                                                                       
                "loss": "0.4793 -> 0.0000",                                                                                                                 
                "accuracy": "82.81% -> 0.00%"                                                                                                               
            }                                                                                                                                               
        }                                                                                                                                                   
    },                                                                                                                                                      
    "21": {                                                                                                                                                 
        "centralized": {                                                                                                                                    
            "test": {                                                                                                                                       
                "loss": "0.4636 -> 0.4636",                                                                                                                 
                "accuracy": "83.15% -> 83.15%"                                                                                                              
            }                                                                                                                                               
        },                                                                                                                                                  
        "all_clients": {                                                                                                                                    
            "test": {                                                                                                                                       
                "loss": "0.4636 -> 0.0000",                                                                                                                 
                "accuracy": "83.15% -> 0.00%"                                                                                                               
            }                                                                                                                                               
        }                                                                                                                                                   
    },                                                                                                                                                      
    "22": {                                                                                                                                                 
        "centralized": {                                                                                                                                    
            "test": {                                                                                                                                       
                "loss": "0.4568 -> 0.4568",                                                                                                                 
                "accuracy": "83.76% -> 83.76%"                                                                                                              
            }                                                                                                                                               
        },                                                                                                                                                  
        "all_clients": {                                                                                                                                    
            "test": {                                                                                                                                       
                "loss": "0.4568 -> 0.0000",                                                                                                                 
                "accuracy": "83.76% -> 0.00%"                                                                                                               
            }                                                                                                                                               
        }                                                                                                                                                   
    },                                                                                                                                                      
    "23": {                                                                                                                                                 
        "centralized": {                                                                                                                                    
            "test": {                                                                                                                                       
                "loss": "0.4643 -> 0.4643",                                                                                                                 
                "accuracy": "83.26% -> 83.26%"                                                                                                              
            }                                                                                                                                               
        },                                                                                                                                                  
        "all_clients": {                                                                                                                                    
            "test": {                                                                                                                                       
                "loss": "0.4643 -> 0.0000",                                                                                                                 
                "accuracy": "83.26% -> 0.00%"                                                                                                               
            }                                                                                                                                               
        }                                                                                                                                                   
    },                                                                                                                                                      
    "24": {                                                                                                                                                 
        "centralized": {                                                                                                                                    
            "test": {                                                                                                                                       
                "loss": "0.4541 -> 0.4541",                                                                                                                 
                "accuracy": "83.93% -> 83.93%"                                                                                                              
            }                                                                                                                                               
        },                                                                                                                                                  
        "all_clients": {                                                                                                                                    
            "test": {                                                                                                                                       
                "loss": "0.4541 -> 0.0000",                                                                                                                 
                "accuracy": "83.93% -> 0.00%"                                                                                                               
            }                                                                                                                                               
        }                                                                                                                                                   
    },                                                                                                                                                      
    "25": {                                                                                                                                                 
        "centralized": {                                                                                                                                    
            "test": {                                                                                                                                       
                "loss": "0.4531 -> 0.4531",                                                                                                                 
                "accuracy": "84.20% -> 84.20%"                                                                                                              
            }                                                                                                                                               
        },                                                                                                                                                  
        "all_clients": {                                                                                                                                    
            "test": {                                                                                                                                       
                "loss": "0.4531 -> 0.0000",                                                                                                                 
                "accuracy": "84.20% -> 0.00%"                                                                                                               
            }                                                                                                                                               
        }                                                                                                                                                   
    },                                                                                                                                                      
    "26": {                                                                                                                                                 
        "centralized": {                                                                                                                                    
            "test": {                                                                                                                                       
                "loss": "0.4570 -> 0.4570",                                                                                                                 
                "accuracy": "84.09% -> 84.09%"                                                                                                              
            }                                                                                                                                               
        },                                                                                                                                                  
        "all_clients": {                                                                                                                                    
            "test": {                                                                                                                                       
                "loss": "0.4570 -> 0.0000",                                                                                                                 
                "accuracy": "84.09% -> 0.00%"                                                                                                               
            }                                                                                                                                               
        }                                                                                                                                                   
    },                                                                                                                                                      
    "27": {                                                                                                                                                 
        "centralized": {                                                                                                                                    
            "test": {                                                                                                                                       
                "loss": "0.4428 -> 0.4428",                                                                                                                 
                "accuracy": "84.59% -> 84.59%"                                                                                                              
            }                                                                                                                                               
        },                                                                                                                                                  
        "all_clients": {                                                                                                                                    
            "test": {                                                                                                                                       
                "loss": "0.4428 -> 0.0000",                                                                                                                 
                "accuracy": "84.59% -> 0.00%"                                                                                                               
            }                                                                                                                                               
        }                                                                                                                                                   
    },                                                                                                                                                      
    "28": {                                                                                                                                                 
        "centralized": {                                                                                                                                    
            "test": {                                                                                                                                       
                "loss": "0.4527 -> 0.4527",                                                                                                                 
                "accuracy": "84.87% -> 84.87%"                                                                                                              
            }                                                                                                                                               
        },                                                                                                                                                  
        "all_clients": {                                                                                                                                    
            "test": {                                                                                                                                       
                "loss": "0.4527 -> 0.0000",                                                                                                                 
                "accuracy": "84.87% -> 0.00%"                                                                                                               
            }                                                                                                                                               
        }                                                                                                                                                   
    },                                                                                                                                                      
    "29": {                                                                                                                                                 
        "centralized": {                                                                                                                                    
            "test": {                                                                                                                                       
                "loss": "0.4403 -> 0.4403",                                                                                                                 
                "accuracy": "84.93% -> 84.93%"                                                                                                              
            }                                                                                                                                               
        },                                                                                                                                                  
        "all_clients": {                                                                                                                                    
            "test": {                                                                                                                                       
                "loss": "0.4403 -> 0.0000",                                                                                                                 
                "accuracy": "84.93% -> 0.00%"                                                                                                               
            }                                                                                                                                               
        }                                                                                                                                                   
    },                                                                                                                                                      
    "30": {                                                                                                                                                 
        "centralized": {                                                                                                                                    
            "test": {                                                                                                                                       
                "loss": "0.4520 -> 0.4520",                                                                                                                 
                "accuracy": "83.48% -> 83.48%"                                                                                                              
            }                                                                                                                                               
        },                                                                                                                                                  
        "all_clients": {                                                                                                                                    
            "test": {                                                                                                                                       
                "loss": "0.4520 -> 0.0000",                                                                                                                 
                "accuracy": "83.48% -> 0.00%"                                                                                                               
            }                                                                                                                                               
        }                                                                                                                                                   
    },                                                                                                                                                      
    "31": {                                                                                                                                                 
        "centralized": {                                                                                                                                    
            "test": {                                                                                                                                       
                "loss": "0.4348 -> 0.4348",                                                                                                                 
                "accuracy": "84.59% -> 84.59%"                                                                                                              
            }                                                                                                                                               
        },                                                                                                                                                  
        "all_clients": {                                                                                                                                    
            "test": {                                                                                                                                       
                "loss": "0.4348 -> 0.0000",                                                                                                                 
                "accuracy": "84.59% -> 0.00%"                                                                                                               
            }                                                                                                                                               
        }                                                                                                                                                   
    },                                                                                                                                                      
    "32": {                                                                                                                                                 
        "centralized": {                                                                                                                                    
            "test": {                                                                                                                                       
                "loss": "0.4333 -> 0.4333",                                                                                                                 
                "accuracy": "84.65% -> 84.65%"                                                                                                              
            }                                                                                                                                               
        },                                                                                                                                                  
        "all_clients": {                                                                                                                                    
            "test": {                                                                                                                                       
                "loss": "0.4333 -> 0.0000",                                                                                                                 
                "accuracy": "84.65% -> 0.00%"                                                                                                               
            }                                                                                                                                               
        }                                                                                                                                                   
    },                                                                                                                                                      
    "33": {                                                                                                                                                 
        "centralized": {                                                                                                                                    
            "test": {                                                                                                                                       
                "loss": "0.4297 -> 0.4297",                                                                                                                 
                "accuracy": "85.82% -> 85.82%"                                                                                                              
            }                                                                                                                                               
        },                                                                                                                                                  
        "all_clients": {                                                                                                                                    
            "test": {                                                                                                                                       
                "loss": "0.4297 -> 0.0000",                                                                                                                 
                "accuracy": "85.82% -> 0.00%"                                                                                                               
            }                                                                                                                                               
        }                                                                                                                                                   
    },                                                                                                                                                      
    "34": {                                                                                                                                                 
        "centralized": {                                                                                                                                    
            "test": {                                                                                                                                       
                "loss": "0.4350 -> 0.4350",                                                                                                                 
                "accuracy": "85.04% -> 85.04%"                                                                                                              
            }                                                                                                                                               
        },                                                                                                                                                  
        "all_clients": {                                                                                                                                    
            "test": {                                                                                                                                       
                "loss": "0.4350 -> 0.0000",                                                                                                                 
                "accuracy": "85.04% -> 0.00%"                                                                                                               
            }                                                                                                                                               
        }                                                                                                                                                   
    },                                                                                                                                                      
    "35": {                                                                                                                                                 
        "centralized": {                                                                                                                                    
            "test": {                                                                                                                                       
                "loss": "0.4385 -> 0.4385",                                                                                                                 
                "accuracy": "85.37% -> 85.37%"                                                                                                              
            }                                                                                                                                               
        },                                                                                                                                                  
        "all_clients": {                                                                                                                                    
            "test": {                                                                                                                                       
                "loss": "0.4385 -> 0.0000",                                                                                                                 
                "accuracy": "85.37% -> 0.00%"                                                                                                               
            }                                                                                                                                               
        }                                                                                                                                                   
    },                                                                                                                                                      
    "36": {                                                                                                                                                 
        "centralized": {                                                                                                                                    
            "test": {                                                                                                                                       
                "loss": "0.4353 -> 0.4353",                                                                                                                 
                "accuracy": "84.93% -> 84.93%"                                                                                                              
            }                                                                                                                                               
        },                                                                                                                                                  
        "all_clients": {                                                                                                                                    
            "test": {                                                                                                                                       
                "loss": "0.4353 -> 0.0000",                                                                                                                 
                "accuracy": "84.93% -> 0.00%"                                                                                                               
            }                                                                                                                                               
        }                                                                                                                                                   
    },                                                                                                                                                      
    "37": {                                                                                                                                                 
        "centralized": {                                                                                                                                    
            "test": {                                                                                                                                       
                "loss": "0.4252 -> 0.4252",                                                                                                                 
                "accuracy": "85.09% -> 85.09%"                                                                                                              
            }                                                                                                                                               
        },                                                                                                                                                  
        "all_clients": {                                                                                                                                    
            "test": {                                                                                                                                       
                "loss": "0.4252 -> 0.0000",                                                                                                                 
                "accuracy": "85.09% -> 0.00%"                                                                                                               
            }                                                                                                                                               
        }                                                                                                                                                   
    },                                                                                                                                                      
    "38": {                                                                                                                                                 
        "centralized": {                                                                                                                                    
            "test": {                                                                                                                                       
                "loss": "0.4252 -> 0.4252",                                                                                                                 
                "accuracy": "85.21% -> 85.21%"                                                                                                              
            }                                                                                                                                               
        },                                                                                                                                                  
        "all_clients": {                                                                                                                                    
            "test": {                                                                                                                                       
                "loss": "0.4252 -> 0.0000",                                                                                                                 
                "accuracy": "85.21% -> 0.00%"                                                                                                               
            }                                                                                                                                               
        }                                                                                                                                                   
    },                                                                                                                                                      
    "39": {                                                                                                                                                 
        "centralized": {                                                                                                                                    
            "test": {                                                                                                                                       
                "loss": "0.4305 -> 0.4305",                                                                                                                 
                "accuracy": "85.98% -> 85.98%"                                                                                                              
            }                                                                                                                                               
        },                                                                                                                                                  
        "all_clients": {                                                                                                                                    
            "test": {                                                                                                                                       
                "loss": "0.4305 -> 0.0000",                                                                                                                 
                "accuracy": "85.98% -> 0.00%"                                                                                                               
            }                                                                                                                                               
        }                                                                                                                                                   
    },                                                                                                                                                      
    "40": {                                                                                                                                                 
        "centralized": {                                                                                                                                    
            "test": {                                                                                                                                       
                "loss": "0.4285 -> 0.4285",                                                                                                                 
                "accuracy": "84.59% -> 84.59%"                                                                                                              
            }                                                                                                                                               
        },                                                                                                                                                  
        "all_clients": {                                                                                                                                    
            "test": {                                                                                                                                       
                "loss": "0.4285 -> 0.0000",                                                                                                                 
                "accuracy": "84.59% -> 0.00%"                                                                                                               
            }                                                                                                                                               
        }                                                                                                                                                   
    }                                                                                                                                                       
}                                                                                                                                                           
==================== DriftFedAvg Max Accuracy ====================                                                                                          
all_clients:                                                                                                                                                
(test) before fine-tuning: 85.98% at epoch 39                                                                                                               
(test) after fine-tuning: 0.00% at epoch 1                                                                                                                  
centralized:                                                                                                                                                
(test) before fine-tuning: 85.98% at epoch 39                                                                                                               
(test) after fine-tuning: 85.98% at epoch 39                                                                                                                
