==================== DriftFedAvg ====================                                                                                                                                                                                      
Experiment Arguments:                                                                                                                                                                                                                      
{
│   'method': 'driftfedavg',
│   'dataset': {
│   │   'name': 'tumor',
│   │   'partition_dir': 'iid',
│   │   'client_num': 10,
│   │   'test_ratio': 0.25,
│   │   'val_ratio': 0.0,
│   │   'seed': 42,
│   │   'split': 'sample',
│   │   'IID_ratio': 1.0,
│   │   'monitor_window_name_suffix': 'tumor-10clients-100%IID-seed42'
│   },
│   'model': {
│   │   'name': 'vim_tiny',
│   │   'use_torchvision_pretrained_weights': False,
│   │   'external_model_weights_path': None
│   },
│   'lr_scheduler': {
│   │   'T_max': 100,
│   │   'eta_min': 1e-05,
│   │   'last_epoch': -1,
│   │   'name': 'cosine'
│   },
│   'optimizer': {
│   │   'lr': 0.01,
│   │   'dampening': 0,
│   │   'weight_decay': 0.0001,
│   │   'momentum': 0.9,
│   │   'nesterov': False,
│   │   'name': 'sgd'
│   },
│   'mode': 'parallel',
│   'parallel': {
│   │   'ray_cluster_addr': None,
│   │   'num_cpus': 128.0,
│   │   'num_gpus': 1.0,
│   │   'num_workers': 4
│   },
│   'common': {
│   │   'seed': 42,
│   │   'join_ratio': 1.0,
│   │   'global_epoch': 20,
│   │   'local_epoch': 5,
│   │   'batch_size': 32,
│   │   'reset_optimizer_on_global_epoch': True,
│   │   'straggler_ratio': 0,
│   │   'straggler_min_local_epoch': 0,
│   │   'buffers': 'global',
│   │   'client_side_evaluation': True,
│   │   'test': {
│   │   │   'client': {
│   │   │   │   'interval': 1,
│   │   │   │   'finetune_epoch': 0,
│   │   │   │   'train': False,
│   │   │   │   'val': False,
│   │   │   │   'test': True
│   │   │   },
│   │   │   'server': {
│   │   │   │   'interval': 1,
│   │   │   │   'train': False,
│   │   │   │   'val': False,
│   │   │   │   'test': True,
│   │   │   │   'model_in_train_mode': False
│   │   │   }
│   │   },
│   │   'verbose_gap': 10,
│   │   'monitor': 'tensorboard',
│   │   'use_cuda': True,
│   │   'save_log': True,
│   │   'save_model': False,
│   │   'save_learning_curve_plot': True,
│   │   'save_metrics': True,
│   │   'delete_useless_run': True,
│   │   'dataloader_num_workers': 2
│   }
}
---------------------------- TRAINING EPOCH: 10 ----------------------------                                      
client [7]  (testset)   loss: 0.4937 -> 0.6679  accuracy: 82.86% -> 76.57%                                        
client [1]  (testset)   loss: 0.3960 -> 0.5164  accuracy: 86.29% -> 83.43%                                        
client [6]  (testset)   loss: 0.5331 -> 0.6527  accuracy: 81.14% -> 78.29%                                        
client [9]  (testset)   loss: 0.6799 -> 0.7077  accuracy: 80.57% -> 79.43%                                        
client [2]  (testset)   loss: 0.5699 -> 0.7531  accuracy: 77.71% -> 78.86%                                        
client [8]  (testset)   loss: 0.3814 -> 0.7208  accuracy: 87.43% -> 81.14%                                        
client [4]  (testset)   loss: 0.5016 -> 0.6825  accuracy: 82.29% -> 78.86%                                        
client [5]  (testset)   loss: 0.5159 -> 0.6065  accuracy: 84.00% -> 80.57%                                        
client [3]  (testset)   loss: 0.5044 -> 0.6712  accuracy: 84.57% -> 80.57%                                        
client [0]  (testset)   loss: 0.7203 -> 0.7559  accuracy: 78.86% -> 78.86%                                        
---------------------------- TRAINING EPOCH: 20 ----------------------------                                      
client [1]  (testset)   loss: 0.2845 -> 0.3625  accuracy: 91.43% -> 89.71%                                        
client [3]  (testset)   loss: 0.4523 -> 0.5695  accuracy: 88.57% -> 84.00%                                        
client [0]  (testset)   loss: 0.6470 -> 0.6372  accuracy: 82.86% -> 79.43%                                        
client [8]  (testset)   loss: 0.3933 -> 0.4667  accuracy: 89.14% -> 84.57%                                        
client [6]  (testset)   loss: 0.5207 -> 0.6612  accuracy: 84.57% -> 84.00%                                        
client [2]  (testset)   loss: 0.4767 -> 0.6092  accuracy: 85.71% -> 81.14%                                        
client [5]  (testset)   loss: 0.4716 -> 0.5084  accuracy: 89.14% -> 86.86%                                        
client [4]  (testset)   loss: 0.4035 -> 0.5554  accuracy: 88.57% -> 85.71%                                        
client [7]  (testset)   loss: 0.5536 -> 0.5336  accuracy: 83.43% -> 85.14%                                        
client [9]  (testset)   loss: 0.6207 -> 0.6340  accuracy: 82.29% -> 84.00%                                        
DriftFedAvg's average time taken by each global epoch: 0 min 46.44 sec.                                           
DriftFedAvg's total running time: 0 h 17 m 36 s.                                                                  
==================== DriftFedAvg Experiment Results: ====================                                         
Display format: (before local fine-tuning) -> (after local fine-tuning)                                           
 So if finetune_epoch = 0, x.xx% -> 0.00% is normal.                                                              
 Centralized testing ONLY happens after model aggregation, so the stats between '->' are the same.                
{                                                                                                                 
    "1": {                                                                                                        
        "centralized": {                                                                                          
            "test": {                                                                                             
                "loss": "1.1922 -> 1.1922",                                                                       
                "accuracy": "41.54% -> 41.54%"                                                                    
            }                                                                                                     
        },                                                                                                        
        "all_clients": {                                                                                          
            "test": {                                                                                             
                "loss": "1.1922 -> 0.0000",                                                                       
                "accuracy": "41.54% -> 0.00%"                                                                     
            }                                                                                                     
        }                                                                                                         
    },                                                                                                            
    "2": {                                                                                                        
        "centralized": {                                                                                          
            "test": {                                                                                             
                "loss": "0.8766 -> 0.8766",                                                                       
                "accuracy": "61.49% -> 61.49%"                                                                    
            }                                                                                                     
        },                                                                                                        
        "all_clients": {                                                                                          
            "test": {                                                                                             
                "loss": "0.8766 -> 0.0000",                                                                       
                "accuracy": "61.49% -> 0.00%"                                                                     
            }                                                                                                     
        }                                                                                                         
    },                                                                                                            
    "3": {                                                                                                        
        "centralized": {                                                                                          
            "test": {                                                                                             
                "loss": "0.6727 -> 0.6727",                                                                       
                "accuracy": "76.00% -> 76.00%"                                                                    
            }                                                                                                     
        },                                                                                                        
        "all_clients": {                                                                                          
            "test": {                                                                                             
                "loss": "0.6727 -> 0.0000",                                                                       
                "accuracy": "76.00% -> 0.00%"                                                                     
            }                                                                                                     
        }                                                                                                         
    },                                                                                                            
    "4": {                                                                                                        
        "centralized": {                                                                                          
            "test": {                                                                                             
                "loss": "0.6480 -> 0.6480",                                                                       
                "accuracy": "77.49% -> 77.49%"                                                                    
            }                                                                                                     
        },                                                                                                        
        "all_clients": {                                                                                          
            "test": {                                                                                             
                "loss": "0.6480 -> 0.0000",                                                                       
                "accuracy": "77.49% -> 0.00%"                                                                     
            }                                                                                                     
        }                                                                                                         
    },                                                                                                            
    "5": {                                                                                                        
        "centralized": {                                                                                          
            "test": {                                                                                             
                "loss": "0.6041 -> 0.6041",                                                                       
                "accuracy": "79.14% -> 79.14%"                                                                    
            }                                                                                                     
        },                                                                                                        
        "all_clients": {                                                                                          
            "test": {                                                                                             
                "loss": "0.6041 -> 0.0000",                                                                       
                "accuracy": "79.14% -> 0.00%"                                                                     
            }                                                                                                     
        }                                                                                                         
    },                                                                                                            
    "6": {                                                                                                        
        "centralized": {                                                                                          
            "test": {                                                                                             
                "loss": "0.5433 -> 0.5433",                                                                       
                "accuracy": "81.09% -> 81.09%"                                                                    
            }                                                                                                     
        },                                                                                                        
        "all_clients": {                                                                                          
            "test": {                                                                                             
                "loss": "0.5433 -> 0.0000",                                                                       
                "accuracy": "81.09% -> 0.00%"                                                                     
            }                                                                                                     
        }                                                                                                         
    },                                                                                                            
    "7": {                                                                                                        
        "centralized": {                                                                                          
            "test": {                                                                                             
                "loss": "0.5544 -> 0.5544",                                                                       
                "accuracy": "81.20% -> 81.20%"                                                                    
            }                                                                                                     
        },                                                                                                        
        "all_clients": {                                                                                          
            "test": {                                                                                             
                "loss": "0.5544 -> 0.0000",                                                                       
                "accuracy": "81.20% -> 0.00%"                                                                     
            }                                                                                                     
        }                                                                                                         
    },                                                                                                            
    "8": {                                                                                                        
        "centralized": {                                                                                          
            "test": {                                                                                             
                "loss": "0.5566 -> 0.5566",                                                                       
                "accuracy": "81.60% -> 81.60%"                                                                    
            }                                                                                                     
        },                                                                                                        
        "all_clients": {                                                                                          
            "test": {                                                                                             
                "loss": "0.5566 -> 0.0000",                                                                       
                "accuracy": "81.60% -> 0.00%"                                                                     
            }                                                                                                     
        }                                                                                                         
    },                                                                                                            
    "9": {                                                                                                        
        "centralized": {                                                                                          
            "test": {                                                                                             
                "loss": "0.5296 -> 0.5296",                                                                       
                "accuracy": "82.57% -> 82.57%"                                                                    
            }                                                                                                     
        },                                                                                                        
        "all_clients": {                                                                                          
            "test": {                                                                                             
                "loss": "0.5296 -> 0.0000",                                                                       
                "accuracy": "82.57% -> 0.00%"                                                                     
            }                                                                                                     
        }                                                                                                         
    },                                                                                                            
    "10": {                                                                                                       
        "centralized": {                                                                                          
            "test": {                                                                                             
                "loss": "0.5044 -> 0.5044",                                                                       
                "accuracy": "84.00% -> 84.00%"                                                                    
            }                                                                                                     
        },                                                                                                        
        "all_clients": {                                                                                          
            "test": {                                                                                             
                "loss": "0.5044 -> 0.0000",                                                                       
                "accuracy": "84.00% -> 0.00%"                                                                     
            }                                                                                                     
        }                                                                                                         
    },                                                                                                            
    "11": {                                                                                                       
        "centralized": {                                                                                          
            "test": {                                                                                             
                "loss": "0.5047 -> 0.5047",                                                                       
                "accuracy": "84.46% -> 84.46%"                                                                    
            }                                                                                                     
        },                                                                                                        
        "all_clients": {                                                                                          
            "test": {                                                                                             
                "loss": "0.5047 -> 0.0000",                                                                       
                "accuracy": "84.46% -> 0.00%"                                                                     
            }                                                                                                     
        }                                                                                                         
    },                                                                                                            
    "12": {                                                                                                       
        "centralized": {                                                                                          
            "test": {                                                                                             
                "loss": "0.5119 -> 0.5119",                                                                       
                "accuracy": "84.51% -> 84.51%"                                                                    
            }                                                                                                     
        },                                                                                                        
        "all_clients": {                                                                                          
            "test": {                                                                                             
                "loss": "0.5119 -> 0.0000",                                                                       
                "accuracy": "84.51% -> 0.00%"                                                                     
            }                                                                                                     
        }                                                                                                         
    },                                                                                                            
    "13": {                                                                                                       
        "centralized": {                                                                                          
            "test": {                                                                                             
                "loss": "0.5035 -> 0.5035",                                                                       
                "accuracy": "84.91% -> 84.91%"                                                                    
            }                                                                                                     
        },                                                                                                        
        "all_clients": {                                                                                          
            "test": {                                                                                             
                "loss": "0.5035 -> 0.0000",                                                                       
                "accuracy": "84.91% -> 0.00%"                                                                     
            }                                                                                                     
        }                                                                                                         
    },                                                                                                            
    "14": {                                                                                                       
        "centralized": {                                                                                          
            "test": {                                                                                             
                "loss": "0.5120 -> 0.5120",                                                                       
                "accuracy": "84.69% -> 84.69%"                                                                    
            }                                                                                                     
        },                                                                                                        
        "all_clients": {                                                                                          
            "test": {                                                                                             
                "loss": "0.5120 -> 0.0000",                                                                       
                "accuracy": "84.69% -> 0.00%"                                                                     
            }                                                                                                     
        }                                                                                                         
    },                                                                                                            
    "15": {                                                                                                       
        "centralized": {                                                                                          
            "test": {                                                                                             
                "loss": "0.5099 -> 0.5099",                                                                       
                "accuracy": "84.91% -> 84.91%"                                                                    
            }                                                                                                     
        },                                                                                                        
        "all_clients": {                                                                                          
            "test": {                                                                                             
                "loss": "0.5099 -> 0.0000",                                                                       
                "accuracy": "84.91% -> 0.00%"                                                                     
            }                                                                                                     
        }                                                                                                         
    },                                                                                                            
    "16": {                                                                                                       
        "centralized": {                                                                                          
            "test": {                                                                                             
                "loss": "0.4876 -> 0.4876",                                                                       
                "accuracy": "85.60% -> 85.60%"                                                                    
            }                                                                                                     
        },                                                                                                        
        "all_clients": {                                                                                          
            "test": {                                                                                             
                "loss": "0.4876 -> 0.0000",                                                                       
                "accuracy": "85.60% -> 0.00%"                                                                     
            }                                                                                                     
        }                                                                                                         
    },                                                                                                            
    "17": {                                                                                                       
        "centralized": {                                                                                          
            "test": {                                                                                             
                "loss": "0.4924 -> 0.4924",                                                                       
                "accuracy": "86.11% -> 86.11%"                                                                    
            }                                                                                                     
        },                                                                                                        
        "all_clients": {                                                                                          
            "test": {                                                                                             
                "loss": "0.4924 -> 0.0000",                                                                       
                "accuracy": "86.11% -> 0.00%"                                                                     
            }                                                                                                     
        }                                                                                                         
    },                                                                                                            
    "18": {                                                                                                       
        "centralized": {                                                                                          
            "test": {                                                                                             
                "loss": "0.4723 -> 0.4723",                                                                       
                "accuracy": "86.63% -> 86.63%"                                                                    
            }                                                                                                     
        },                                                                                                        
        "all_clients": {                                                                                          
            "test": {                                                                                             
                "loss": "0.4723 -> 0.0000",                                                                       
                "accuracy": "86.63% -> 0.00%"                                                                     
            }                                                                                                     
        }                                                                                                         
    },                                                                                                            
    "19": {                                                                                                       
        "centralized": {                                                                                          
            "test": {                                                                                             
                "loss": "0.4824 -> 0.4824",                                                                       
                "accuracy": "86.57% -> 86.57%"                                                                    
            }                                                                                                     
        },                                                                                                        
        "all_clients": {                                                                                          
            "test": {                                                                                             
                "loss": "0.4824 -> 0.0000",                                                                       
                "accuracy": "86.57% -> 0.00%"                                                                     
            }                                                                                                     
        }                                                                                                         
    },                                                                                                            
    "20": {                                                                                                       
        "centralized": {                                                                                          
            "test": {                                                                                             
                "loss": "0.4285 -> 0.4285",                                                                       
                "accuracy": "87.71% -> 87.71%"                                                                    
            }                                                                                                     
        },                                                                                                        
        "all_clients": {                                                                                          
            "test": {                                                                                             
                "loss": "0.4285 -> 0.0000",                                                                       
                "accuracy": "87.71% -> 0.00%"                                                                     
            }                                                                                                     
        }                                                                                                         
    }                                                                                                             
}                                                                                                                 
==================== DriftFedAvg Max Accuracy ====================                                                
all_clients:                                                                                                      
(test) before fine-tuning: 87.71% at epoch 20                                                                     
(test) after fine-tuning: 0.00% at epoch 1                                                                        
centralized:                                                                                                      
(test) before fine-tuning: 87.71% at epoch 20                                                                     
(test) after fine-tuning: 87.71% at epoch 20                                                                      
