==================== DriftFedAvg ====================                                                                                                       
Experiment Arguments:                                                                                                                                       
{
│   'method': 'driftfedavg',
│   'dataset': {
│   │   'name': 'brain_tumor',
│   │   'partition_dir': 'partitions/alpha_1.0/seed_42',
│   │   'client_num': 10,
│   │   'test_ratio': 0.25,
│   │   'val_ratio': 0.0,
│   │   'seed': 42,
│   │   'split': 'sample',
│   │   'IID_ratio': 0.0,
│   │   'monitor_window_name_suffix': 'brain_tumor-10clients-0%IID-Dir(1.0)-seed42',
│   │   'alpha': 1.0,
│   │   'min_samples_per_client': 10
│   },
│   'model': {
│   │   'name': 'vit_tiny',
│   │   'use_torchvision_pretrained_weights': False,
│   │   'external_model_weights_path': None
│   },
│   'optimizer': {
│   │   'lr': 0.01,
│   │   'dampening': 0,
│   │   'weight_decay': 0.0001,
│   │   'momentum': 0.9,
│   │   'nesterov': False,
│   │   'name': 'sgd'
│   },
│   'mode': 'serial',
│   'parallel': {
│   │   'ray_cluster_addr': None,
│   │   'num_cpus': None,
│   │   'num_gpus': None,
│   │   'num_workers': 2
│   },
│   'common': {
│   │   'seed': 42,
│   │   'join_ratio': 1.0,
│   │   'global_epoch': 40,
│   │   'local_epoch': 5,
│   │   'batch_size': 32,
│   │   'reset_optimizer_on_global_epoch': True,
│   │   'straggler_ratio': 0,
│   │   'straggler_min_local_epoch': 0,
│   │   'buffers': 'global',
│   │   'client_side_evaluation': True,
│   │   'test': {
│   │   │   'client': {
│   │   │   │   'interval': 1,
│   │   │   │   'finetune_epoch': 0,
│   │   │   │   'train': False,
│   │   │   │   'val': False,
│   │   │   │   'test': True
│   │   │   },
│   │   │   'server': {
│   │   │   │   'interval': 1,
│   │   │   │   'train': False,
│   │   │   │   'val': False,
│   │   │   │   'test': True,
│   │   │   │   'model_in_train_mode': False
│   │   │   }
│   │   },
│   │   'verbose_gap': 10,
│   │   'monitor': 'tensorboard',
│   │   'use_cuda': True,
│   │   'save_log': True,
│   │   'save_model': False,
│   │   'save_learning_curve_plot': True,
│   │   'save_metrics': True,
│   │   'delete_useless_run': True,
│   │   'dataloader_num_workers': 2
│   },
│   'driftfedavg': {}
}
---------------------------- TRAINING EPOCH: 10 ----------------------------                                                                                
client [7]  (testset)   loss: 0.7314 -> 0.5803  accuracy: 73.37% -> 81.66%                                                                                  
client [6]  (testset)   loss: 0.7384 -> 0.9351  accuracy: 67.30% -> 62.26%                                                                                  
client [9]  (testset)   loss: 0.6444 -> 0.6897  accuracy: 76.29% -> 69.40%                                                                                  
client [1]  (testset)   loss: 0.6951 -> 0.6377  accuracy: 71.43% -> 74.46%                                                                                  
client [2]  (testset)   loss: 0.5541 -> 0.5892  accuracy: 79.31% -> 74.71%                                                                                  
client [8]  (testset)   loss: 0.6097 -> 0.4323  accuracy: 77.47% -> 84.89%                                                                                  
client [4]  (testset)   loss: 0.7813 -> 0.8574  accuracy: 73.42% -> 72.78%                                                                                  
client [5]  (testset)   loss: 0.5600 -> 0.3916  accuracy: 80.00% -> 87.50%                                                                                  
client [3]  (testset)   loss: 0.5053 -> 0.4811  accuracy: 84.13% -> 79.37%                                                                                  
client [0]  (testset)   loss: 0.6389 -> 0.8332  accuracy: 80.84% -> 69.46%                                                                                  
---------------------------- TRAINING EPOCH: 20 ----------------------------                                                                                
client [1]  (testset)   loss: 0.5931 -> 0.5583  accuracy: 74.89% -> 77.49%                                                                                  
client [0]  (testset)   loss: 0.4350 -> 0.4212  accuracy: 83.83% -> 85.63%                                                                                  
client [3]  (testset)   loss: 0.4933 -> 0.4884  accuracy: 77.78% -> 82.54%                                                                                  
client [8]  (testset)   loss: 0.4814 -> 0.3836  accuracy: 85.16% -> 86.81%                                                                                  
client [6]  (testset)   loss: 0.6093 -> 0.7012  accuracy: 75.47% -> 74.21%                                                                                  
client [2]  (testset)   loss: 0.3912 -> 0.4304  accuracy: 86.78% -> 85.06%                                                                                  
client [5]  (testset)   loss: 0.3579 -> 0.3203  accuracy: 88.75% -> 92.50%                                                                                  
client [4]  (testset)   loss: 0.6734 -> 0.6750  accuracy: 74.05% -> 73.42%                                                                                  
client [7]  (testset)   loss: 0.7225 -> 0.4488  accuracy: 72.19% -> 86.98%                                                                                  
client [9]  (testset)   loss: 0.5639 -> 0.5444  accuracy: 78.02% -> 78.02%                                                                                  
---------------------------- TRAINING EPOCH: 30 ----------------------------                                                                                
client [6]  (testset)   loss: 0.5042 -> 0.6032  accuracy: 78.62% -> 74.21%                                                                                  
client [8]  (testset)   loss: 0.4352 -> 0.5200  accuracy: 83.24% -> 84.34%                                                                                  
client [5]  (testset)   loss: 0.2000 -> 0.1401  accuracy: 95.00% -> 95.00%                                                                                  
client [2]  (testset)   loss: 0.3172 -> 0.7051  accuracy: 87.93% -> 84.48%                                                                                  
client [1]  (testset)   loss: 0.6333 -> 0.6191  accuracy: 76.62% -> 74.89%                                                                                  
client [9]  (testset)   loss: 0.5412 -> 0.4872  accuracy: 80.17% -> 80.17%                                                                                  
client [7]  (testset)   loss: 0.7158 -> 0.5593  accuracy: 73.37% -> 85.21%                                                                                  
client [3]  (testset)   loss: 0.4292 -> 0.3623  accuracy: 79.37% -> 84.13%                                                                                  
client [4]  (testset)   loss: 0.5709 -> 0.5545  accuracy: 78.48% -> 81.01%                                                                                  
client [0]  (testset)   loss: 0.3672 -> 0.4651  accuracy: 86.23% -> 85.63%                                                                                  
---------------------------- TRAINING EPOCH: 40 ----------------------------                                                                                
client [0]  (testset)   loss: 0.3679 -> 0.3909  accuracy: 89.22% -> 85.63%                                                                                  
client [2]  (testset)   loss: 0.3567 -> 0.5603  accuracy: 88.51% -> 89.08%                                                                                  
client [5]  (testset)   loss: 0.1155 -> 0.2292  accuracy: 96.25% -> 93.75%                                                                                  
client [6]  (testset)   loss: 0.6016 -> 0.7541  accuracy: 81.13% -> 71.70%                                                                                  
client [3]  (testset)   loss: 0.4556 -> 0.3473  accuracy: 82.54% -> 88.89%                                                                                  
client [1]  (testset)   loss: 0.6154 -> 0.5681  accuracy: 78.35% -> 82.25%                                                                                  
client [8]  (testset)   loss: 0.3830 -> 0.4049  accuracy: 86.81% -> 90.38%                                                                                  
client [9]  (testset)   loss: 0.5923 -> 0.4782  accuracy: 82.33% -> 83.62%                                                                                  
client [7]  (testset)   loss: 0.8208 -> 0.4750  accuracy: 77.51% -> 88.17%                                                                                  
client [4]  (testset)   loss: 0.7153 -> 0.6491  accuracy: 78.48% -> 82.28%                                                                                  
DriftFedAvg's average time taken by each global epoch: 1 min 30.61 sec.                                                                                     
DriftFedAvg's total running time: 1 h 8 m 2 s.                                                                                                              
==================== DriftFedAvg Experiment Results: ====================                                                                                   
Display format: (before local fine-tuning) -> (after local fine-tuning)                                                                                     
 So if finetune_epoch = 0, x.xx% -> 0.00% is normal.                                                                                                        
 Centralized testing ONLY happens after model aggregation, so the stats between '->' are the same.                                                          
{                                                                                                                                                           
    "1": {                                                                                                                                                  
        "centralized": {                                                                                                                                    
            "test": {                                                                                                                                       
                "loss": "1.5275 -> 1.5275",                                                                                                                 
                "accuracy": "27.10% -> 27.10%"                                                                                                              
            }                                                                                                                                               
        },                                                                                                                                                  
        "all_clients": {                                                                                                                                    
            "test": {                                                                                                                                       
                "loss": "1.5275 -> 0.0000",                                                                                                                 
                "accuracy": "27.10% -> 0.00%"                                                                                                               
            }                                                                                                                                               
        }                                                                                                                                                   
    },                                                                                                                                                      
    "2": {                                                                                                                                                  
        "centralized": {                                                                                                                                    
            "test": {                                                                                                                                       
                "loss": "1.0761 -> 1.0761",                                                                                                                 
                "accuracy": "58.60% -> 58.60%"                                                                                                              
            }                                                                                                                                               
        },                                                                                                                                                  
        "all_clients": {                                                                                                                                    
            "test": {                                                                                                                                       
                "loss": "1.0761 -> 0.0000",                                                                                                                 
                "accuracy": "58.60% -> 0.00%"                                                                                                               
            }                                                                                                                                               
        }                                                                                                                                                   
    },                                                                                                                                                      
    "3": {                                                                                                                                                  
        "centralized": {                                                                                                                                    
            "test": {                                                                                                                                       
                "loss": "0.9602 -> 0.9602",                                                                                                                 
                "accuracy": "62.83% -> 62.83%"                                                                                                              
            }                                                                                                                                               
        },                                                                                                                                                  
        "all_clients": {                                                                                                                                    
            "test": {                                                                                                                                       
                "loss": "0.9602 -> 0.0000",                                                                                                                 
                "accuracy": "62.83% -> 0.00%"                                                                                                               
            }                                                                                                                                               
        }                                                                                                                                                   
    },                                                                                                                                                      
    "4": {                                                                                                                                                  
        "centralized": {                                                                                                                                    
            "test": {                                                                                                                                       
                "loss": "0.9151 -> 0.9151",                                                                                                                 
                "accuracy": "64.83% -> 64.83%"                                                                                                              
            }                                                                                                                                               
        },                                                                                                                                                  
        "all_clients": {                                                                                                                                    
            "test": {                                                                                                                                       
                "loss": "0.9151 -> 0.0000",                                                                                                                 
                "accuracy": "64.83% -> 0.00%"                                                                                                               
            }                                                                                                                                               
        }                                                                                                                                                   
    },                                                                                                                                                      
    "5": {                                                                                                                                                  
        "centralized": {                                                                                                                                    
            "test": {                                                                                                                                       
                "loss": "0.8328 -> 0.8328",                                                                                                                 
                "accuracy": "69.34% -> 69.34%"                                                                                                              
            }                                                                                                                                               
        },                                                                                                                                                  
        "all_clients": {                                                                                                                                    
            "test": {                                                                                                                                       
                "loss": "0.8328 -> 0.0000",                                                                                                                 
                "accuracy": "69.34% -> 0.00%"                                                                                                               
            }                                                                                                                                               
        }                                                                                                                                                   
    },                                                                                                                                                      
    "6": {                                                                                                                                                  
        "centralized": {                                                                                                                                    
            "test": {                                                                                                                                       
                "loss": "0.7925 -> 0.7925",                                                                                                                 
                "accuracy": "69.00% -> 69.00%"                                                                                                              
            }                                                                                                                                               
        },                                                                                                                                                  
        "all_clients": {                                                                                                                                    
            "test": {                                                                                                                                       
                "loss": "0.7925 -> 0.0000",                                                                                                                 
                "accuracy": "69.00% -> 0.00%"                                                                                                               
            }                                                                                                                                               
        }                                                                                                                                                   
    },                                                                                                                                                      
    "7": {                                                                                                                                                  
        "centralized": {                                                                                                                                    
            "test": {                                                                                                                                       
                "loss": "0.7262 -> 0.7262",                                                                                                                 
                "accuracy": "71.56% -> 71.56%"                                                                                                              
            }                                                                                                                                               
        },                                                                                                                                                  
        "all_clients": {                                                                                                                                    
            "test": {                                                                                                                                       
                "loss": "0.7262 -> 0.0000",                                                                                                                 
                "accuracy": "71.56% -> 0.00%"                                                                                                               
            }                                                                                                                                               
        }                                                                                                                                                   
    },                                                                                                                                                      
    "8": {                                                                                                                                                  
        "centralized": {                                                                                                                                    
            "test": {                                                                                                                                       
                "loss": "0.7493 -> 0.7493",                                                                                                                 
                "accuracy": "70.78% -> 70.78%"                                                                                                              
            }                                                                                                                                               
        },                                                                                                                                                  
        "all_clients": {                                                                                                                                    
            "test": {                                                                                                                                       
                "loss": "0.7493 -> 0.0000",                                                                                                                 
                "accuracy": "70.78% -> 0.00%"                                                                                                               
            }                                                                                                                                               
        }                                                                                                                                                   
    },                                                                                                                                                      
    "9": {                                                                                                                                                  
        "centralized": {                                                                                                                                    
            "test": {                                                                                                                                       
                "loss": "0.6545 -> 0.6545",                                                                                                                 
                "accuracy": "75.74% -> 75.74%"                                                                                                              
            }                                                                                                                                               
        },                                                                                                                                                  
        "all_clients": {                                                                                                                                    
            "test": {                                                                                                                                       
                "loss": "0.6545 -> 0.0000",                                                                                                                 
                "accuracy": "75.74% -> 0.00%"                                                                                                               
            }                                                                                                                                               
        }                                                                                                                                                   
    },                                                                                                                                                      
    "10": {                                                                                                                                                 
        "centralized": {                                                                                                                                    
            "test": {                                                                                                                                       
                "loss": "0.7114 -> 0.7114",                                                                                                                 
                "accuracy": "71.84% -> 71.84%"                                                                                                              
            }                                                                                                                                               
        },                                                                                                                                                  
        "all_clients": {                                                                                                                                    
            "test": {                                                                                                                                       
                "loss": "0.7114 -> 0.0000",                                                                                                                 
                "accuracy": "71.84% -> 0.00%"                                                                                                               
            }                                                                                                                                               
        }                                                                                                                                                   
    },                                                                                                                                                      
    "11": {                                                                                                                                                 
        "centralized": {                                                                                                                                    
            "test": {                                                                                                                                       
                "loss": "0.5876 -> 0.5876",                                                                                                                 
                "accuracy": "77.96% -> 77.96%"                                                                                                              
            }                                                                                                                                               
        },                                                                                                                                                  
        "all_clients": {                                                                                                                                    
            "test": {                                                                                                                                       
                "loss": "0.5876 -> 0.0000",                                                                                                                 
                "accuracy": "77.96% -> 0.00%"                                                                                                               
            }                                                                                                                                               
        }                                                                                                                                                   
    },                                                                                                                                                      
    "12": {                                                                                                                                                 
        "centralized": {                                                                                                                                    
            "test": {                                                                                                                                       
                "loss": "0.6026 -> 0.6026",                                                                                                                 
                "accuracy": "77.46% -> 77.46%"                                                                                                              
            }                                                                                                                                               
        },                                                                                                                                                  
        "all_clients": {                                                                                                                                    
            "test": {                                                                                                                                       
                "loss": "0.6026 -> 0.0000",                                                                                                                 
                "accuracy": "77.46% -> 0.00%"                                                                                                               
            }                                                                                                                                               
        }                                                                                                                                                   
    },                                                                                                                                                      
    "13": {                                                                                                                                                 
        "centralized": {                                                                                                                                    
            "test": {                                                                                                                                       
                "loss": "0.5624 -> 0.5624",                                                                                                                 
                "accuracy": "78.80% -> 78.80%"                                                                                                              
            }                                                                                                                                               
        },                                                                                                                                                  
        "all_clients": {                                                                                                                                    
            "test": {                                                                                                                                       
                "loss": "0.5624 -> 0.0000",                                                                                                                 
                "accuracy": "78.80% -> 0.00%"                                                                                                               
            }                                                                                                                                               
        }                                                                                                                                                   
    },                                                                                                                                                      
    "14": {                                                                                                                                                 
        "centralized": {                                                                                                                                    
            "test": {                                                                                                                                       
                "loss": "0.5594 -> 0.5594",                                                                                                                 
                "accuracy": "79.35% -> 79.35%"                                                                                                              
            }                                                                                                                                               
        },                                                                                                                                                  
        "all_clients": {                                                                                                                                    
            "test": {                                                                                                                                       
                "loss": "0.5594 -> 0.0000",                                                                                                                 
                "accuracy": "79.35% -> 0.00%"                                                                                                               
            }                                                                                                                                               
        }                                                                                                                                                   
    },                                                                                                                                                      
    "15": {                                                                                                                                                 
        "centralized": {                                                                                                                                    
            "test": {                                                                                                                                       
                "loss": "0.5740 -> 0.5740",                                                                                                                 
                "accuracy": "78.80% -> 78.80%"                                                                                                              
            }                                                                                                                                               
        },                                                                                                                                                  
        "all_clients": {                                                                                                                                    
            "test": {                                                                                                                                       
                "loss": "0.5740 -> 0.0000",                                                                                                                 
                "accuracy": "78.80% -> 0.00%"                                                                                                               
            }                                                                                                                                               
        }                                                                                                                                                   
    },                                                                                                                                                      
    "16": {                                                                                                                                                 
        "centralized": {                                                                                                                                    
            "test": {                                                                                                                                       
                "loss": "0.5639 -> 0.5639",                                                                                                                 
                "accuracy": "79.08% -> 79.08%"                                                                                                              
            }                                                                                                                                               
        },                                                                                                                                                  
        "all_clients": {                                                                                                                                    
            "test": {                                                                                                                                       
                "loss": "0.5639 -> 0.0000",                                                                                                                 
                "accuracy": "79.08% -> 0.00%"                                                                                                               
            }                                                                                                                                               
        }                                                                                                                                                   
    },                                                                                                                                                      
    "17": {                                                                                                                                                 
        "centralized": {                                                                                                                                    
            "test": {                                                                                                                                       
                "loss": "0.5570 -> 0.5570",                                                                                                                 
                "accuracy": "80.30% -> 80.30%"                                                                                                              
            }                                                                                                                                               
        },                                                                                                                                                  
        "all_clients": {                                                                                                                                    
            "test": {                                                                                                                                       
                "loss": "0.5570 -> 0.0000",                                                                                                                 
                "accuracy": "80.30% -> 0.00%"                                                                                                               
            }                                                                                                                                               
        }                                                                                                                                                   
    },                                                                                                                                                      
    "18": {                                                                                                                                                 
        "centralized": {                                                                                                                                    
            "test": {                                                                                                                                       
                "loss": "0.5641 -> 0.5641",                                                                                                                 
                "accuracy": "79.19% -> 79.19%"                                                                                                              
            }                                                                                                                                               
        },                                                                                                                                                  
        "all_clients": {                                                                                                                                    
            "test": {                                                                                                                                       
                "loss": "0.5641 -> 0.0000",                                                                                                                 
                "accuracy": "79.19% -> 0.00%"                                                                                                               
            }                                                                                                                                               
        }                                                                                                                                                   
    },                                                                                                                                                      
    "19": {                                                                                                                                                 
        "centralized": {                                                                                                                                    
            "test": {                                                                                                                                       
                "loss": "0.5391 -> 0.5391",                                                                                                                 
                "accuracy": "79.80% -> 79.80%"                                                                                                              
            }                                                                                                                                               
        },                                                                                                                                                  
        "all_clients": {                                                                                                                                    
            "test": {                                                                                                                                       
                "loss": "0.5391 -> 0.0000",                                                                                                                 
                "accuracy": "79.80% -> 0.00%"                                                                                                               
            }                                                                                                                                               
        }                                                                                                                                                   
    },                                                                                                                                                      
    "20": {                                                                                                                                                 
        "centralized": {                                                                                                                                    
            "test": {                                                                                                                                       
                "loss": "0.5201 -> 0.5201",                                                                                                                 
                "accuracy": "80.69% -> 80.69%"                                                                                                              
            }                                                                                                                                               
        },                                                                                                                                                  
        "all_clients": {                                                                                                                                    
            "test": {                                                                                                                                       
                "loss": "0.5201 -> 0.0000",                                                                                                                 
                "accuracy": "80.69% -> 0.00%"                                                                                                               
            }                                                                                                                                               
        }                                                                                                                                                   
    },                                                                                                                                                      
    "21": {                                                                                                                                                 
        "centralized": {                                                                                                                                    
            "test": {                                                                                                                                       
                "loss": "0.5241 -> 0.5241",                                                                                                                 
                "accuracy": "81.02% -> 81.02%"                                                                                                              
            }                                                                                                                                               
        },                                                                                                                                                  
        "all_clients": {                                                                                                                                    
            "test": {                                                                                                                                       
                "loss": "0.5241 -> 0.0000",                                                                                                                 
                "accuracy": "81.02% -> 0.00%"                                                                                                               
            }                                                                                                                                               
        }                                                                                                                                                   
    },                                                                                                                                                      
    "22": {                                                                                                                                                 
        "centralized": {                                                                                                                                    
            "test": {                                                                                                                                       
                "loss": "0.5340 -> 0.5340",                                                                                                                 
                "accuracy": "79.58% -> 79.58%"                                                                                                              
            }                                                                                                                                               
        },                                                                                                                                                  
        "all_clients": {                                                                                                                                    
            "test": {                                                                                                                                       
                "loss": "0.5340 -> 0.0000",                                                                                                                 
                "accuracy": "79.58% -> 0.00%"                                                                                                               
            }                                                                                                                                               
        }                                                                                                                                                   
    },                                                                                                                                                      
    "23": {                                                                                                                                                 
        "centralized": {                                                                                                                                    
            "test": {                                                                                                                                       
                "loss": "0.5160 -> 0.5160",                                                                                                                 
                "accuracy": "80.80% -> 80.80%"                                                                                                              
            }                                                                                                                                               
        },                                                                                                                                                  
        "all_clients": {                                                                                                                                    
            "test": {                                                                                                                                       
                "loss": "0.5160 -> 0.0000",                                                                                                                 
                "accuracy": "80.80% -> 0.00%"                                                                                                               
            }                                                                                                                                               
        }                                                                                                                                                   
    },                                                                                                                                                      
    "24": {                                                                                                                                                 
        "centralized": {                                                                                                                                    
            "test": {                                                                                                                                       
                "loss": "0.5308 -> 0.5308",                                                                                                                 
                "accuracy": "80.30% -> 80.30%"                                                                                                              
            }                                                                                                                                               
        },                                                                                                                                                  
        "all_clients": {                                                                                                                                    
            "test": {                                                                                                                                       
                "loss": "0.5308 -> 0.0000",                                                                                                                 
                "accuracy": "80.30% -> 0.00%"                                                                                                               
            }                                                                                                                                               
        }                                                                                                                                                   
    },                                                                                                                                                      
    "25": {                                                                                                                                                 
        "centralized": {                                                                                                                                    
            "test": {                                                                                                                                       
                "loss": "0.5117 -> 0.5117",                                                                                                                 
                "accuracy": "81.64% -> 81.64%"                                                                                                              
            }                                                                                                                                               
        },                                                                                                                                                  
        "all_clients": {                                                                                                                                    
            "test": {                                                                                                                                       
                "loss": "0.5117 -> 0.0000",                                                                                                                 
                "accuracy": "81.64% -> 0.00%"                                                                                                               
            }                                                                                                                                               
        }                                                                                                                                                   
    },                                                                                                                                                      
    "26": {                                                                                                                                                 
        "centralized": {                                                                                                                                    
            "test": {                                                                                                                                       
                "loss": "0.5110 -> 0.5110",                                                                                                                 
                "accuracy": "81.86% -> 81.86%"                                                                                                              
            }                                                                                                                                               
        },                                                                                                                                                  
        "all_clients": {                                                                                                                                    
            "test": {                                                                                                                                       
                "loss": "0.5110 -> 0.0000",                                                                                                                 
                "accuracy": "81.86% -> 0.00%"                                                                                                               
            }                                                                                                                                               
        }                                                                                                                                                   
    },                                                                                                                                                      
    "27": {                                                                                                                                                 
        "centralized": {                                                                                                                                    
            "test": {                                                                                                                                       
                "loss": "0.5283 -> 0.5283",                                                                                                                 
                "accuracy": "80.91% -> 80.91%"                                                                                                              
            }                                                                                                                                               
        },                                                                                                                                                  
        "all_clients": {                                                                                                                                    
            "test": {                                                                                                                                       
                "loss": "0.5283 -> 0.0000",                                                                                                                 
                "accuracy": "80.91% -> 0.00%"                                                                                                               
            }                                                                                                                                               
        }                                                                                                                                                   
    },                                                                                                                                                      
    "28": {                                                                                                                                                 
        "centralized": {                                                                                                                                    
            "test": {                                                                                                                                       
                "loss": "0.5074 -> 0.5074",                                                                                                                 
                "accuracy": "81.19% -> 81.19%"                                                                                                              
            }                                                                                                                                               
        },                                                                                                                                                  
        "all_clients": {                                                                                                                                    
            "test": {                                                                                                                                       
                "loss": "0.5074 -> 0.0000",                                                                                                                 
                "accuracy": "81.19% -> 0.00%"                                                                                                               
            }                                                                                                                                               
        }                                                                                                                                                   
    },                                                                                                                                                      
    "29": {                                                                                                                                                 
        "centralized": {                                                                                                                                    
            "test": {                                                                                                                                       
                "loss": "0.4903 -> 0.4903",                                                                                                                 
                "accuracy": "81.36% -> 81.36%"                                                                                                              
            }                                                                                                                                               
        },                                                                                                                                                  
        "all_clients": {                                                                                                                                    
            "test": {                                                                                                                                       
                "loss": "0.4903 -> 0.0000",                                                                                                                 
                "accuracy": "81.36% -> 0.00%"                                                                                                               
            }                                                                                                                                               
        }                                                                                                                                                   
    },                                                                                                                                                      
    "30": {                                                                                                                                                 
        "centralized": {                                                                                                                                    
            "test": {                                                                                                                                       
                "loss": "0.5113 -> 0.5113",                                                                                                                 
                "accuracy": "82.42% -> 82.42%"                                                                                                              
            }                                                                                                                                               
        },                                                                                                                                                  
        "all_clients": {                                                                                                                                    
            "test": {                                                                                                                                       
                "loss": "0.5113 -> 0.0000",                                                                                                                 
                "accuracy": "82.42% -> 0.00%"                                                                                                               
            }                                                                                                                                               
        }                                                                                                                                                   
    },                                                                                                                                                      
    "31": {                                                                                                                                                 
        "centralized": {                                                                                                                                    
            "test": {                                                                                                                                       
                "loss": "0.5011 -> 0.5011",                                                                                                                 
                "accuracy": "82.36% -> 82.36%"                                                                                                              
            }                                                                                                                                               
        },                                                                                                                                                  
        "all_clients": {                                                                                                                                    
            "test": {                                                                                                                                       
                "loss": "0.5011 -> 0.0000",                                                                                                                 
                "accuracy": "82.36% -> 0.00%"                                                                                                               
            }                                                                                                                                               
        }                                                                                                                                                   
    },                                                                                                                                                      
    "32": {                                                                                                                                                 
        "centralized": {                                                                                                                                    
            "test": {                                                                                                                                       
                "loss": "0.4852 -> 0.4852",                                                                                                                 
                "accuracy": "83.14% -> 83.14%"                                                                                                              
            }                                                                                                                                               
        },                                                                                                                                                  
        "all_clients": {                                                                                                                                    
            "test": {                                                                                                                                       
                "loss": "0.4852 -> 0.0000",                                                                                                                 
                "accuracy": "83.14% -> 0.00%"                                                                                                               
            }                                                                                                                                               
        }                                                                                                                                                   
    },                                                                                                                                                      
    "33": {                                                                                                                                                 
        "centralized": {                                                                                                                                    
            "test": {                                                                                                                                       
                "loss": "0.4979 -> 0.4979",                                                                                                                 
                "accuracy": "83.25% -> 83.25%"                                                                                                              
            }                                                                                                                                               
        },                                                                                                                                                  
        "all_clients": {                                                                                                                                    
            "test": {                                                                                                                                       
                "loss": "0.4979 -> 0.0000",                                                                                                                 
                "accuracy": "83.25% -> 0.00%"                                                                                                               
            }                                                                                                                                               
        }                                                                                                                                                   
    },                                                                                                                                                      
    "34": {                                                                                                                                                 
        "centralized": {                                                                                                                                    
            "test": {                                                                                                                                       
                "loss": "0.4959 -> 0.4959",                                                                                                                 
                "accuracy": "82.25% -> 82.25%"                                                                                                              
            }                                                                                                                                               
        },                                                                                                                                                  
        "all_clients": {                                                                                                                                    
            "test": {                                                                                                                                       
                "loss": "0.4959 -> 0.0000",                                                                                                                 
                "accuracy": "82.25% -> 0.00%"                                                                                                               
            }                                                                                                                                               
        }                                                                                                                                                   
    },                                                                                                                                                      
    "35": {                                                                                                                                                 
        "centralized": {                                                                                                                                    
            "test": {                                                                                                                                       
                "loss": "0.4813 -> 0.4813",                                                                                                                 
                "accuracy": "84.03% -> 84.03%"                                                                                                              
            }                                                                                                                                               
        },                                                                                                                                                  
        "all_clients": {                                                                                                                                    
            "test": {                                                                                                                                       
                "loss": "0.4813 -> 0.0000",                                                                                                                 
                "accuracy": "84.03% -> 0.00%"                                                                                                               
            }                                                                                                                                               
        }                                                                                                                                                   
    },                                                                                                                                                      
    "36": {                                                                                                                                                 
        "centralized": {                                                                                                                                    
            "test": {                                                                                                                                       
                "loss": "0.4812 -> 0.4812",                                                                                                                 
                "accuracy": "83.64% -> 83.64%"                                                                                                              
            }                                                                                                                                               
        },                                                                                                                                                  
        "all_clients": {                                                                                                                                    
            "test": {                                                                                                                                       
                "loss": "0.4812 -> 0.0000",                                                                                                                 
                "accuracy": "83.64% -> 0.00%"                                                                                                               
            }                                                                                                                                               
        }                                                                                                                                                   
    },                                                                                                                                                      
    "37": {                                                                                                                                                 
        "centralized": {                                                                                                                                    
            "test": {                                                                                                                                       
                "loss": "0.5065 -> 0.5065",                                                                                                                 
                "accuracy": "82.64% -> 82.64%"                                                                                                              
            }                                                                                                                                               
        },                                                                                                                                                  
        "all_clients": {                                                                                                                                    
            "test": {                                                                                                                                       
                "loss": "0.5065 -> 0.0000",                                                                                                                 
                "accuracy": "82.64% -> 0.00%"                                                                                                               
            }                                                                                                                                               
        }                                                                                                                                                   
    },                                                                                                                                                      
    "38": {                                                                                                                                                 
        "centralized": {                                                                                                                                    
            "test": {                                                                                                                                       
                "loss": "0.4931 -> 0.4931",                                                                                                                 
                "accuracy": "84.20% -> 84.20%"                                                                                                              
            }                                                                                                                                               
        },                                                                                                                                                  
        "all_clients": {                                                                                                                                    
            "test": {                                                                                                                                       
                "loss": "0.4931 -> 0.0000",                                                                                                                 
                "accuracy": "84.20% -> 0.00%"                                                                                                               
            }                                                                                                                                               
        }                                                                                                                                                   
    },                                                                                                                                                      
    "39": {                                                                                                                                                 
        "centralized": {                                                                                                                                    
            "test": {                                                                                                                                       
                "loss": "0.5163 -> 0.5163",                                                                                                                 
                "accuracy": "83.70% -> 83.70%"                                                                                                              
            }                                                                                                                                               
        },                                                                                                                                                  
        "all_clients": {                                                                                                                                    
            "test": {                                                                                                                                       
                "loss": "0.5163 -> 0.0000",                                                                                                                 
                "accuracy": "83.70% -> 0.00%"                                                                                                               
            }                                                                                                                                               
        }                                                                                                                                                   
    },                                                                                                                                                      
    "40": {                                                                                                                                                 
        "centralized": {                                                                                                                                    
            "test": {                                                                                                                                       
                "loss": "0.4936 -> 0.4936",                                                                                                                 
                "accuracy": "84.08% -> 84.08%"                                                                                                              
            }                                                                                                                                               
        },                                                                                                                                                  
        "all_clients": {                                                                                                                                    
            "test": {                                                                                                                                       
                "loss": "0.4936 -> 0.0000",                                                                                                                 
                "accuracy": "84.08% -> 0.00%"                                                                                                               
            }                                                                                                                                               
        }                                                                                                                                                   
    }                                                                                                                                                       
}                                                                                                                                                           
==================== DriftFedAvg Max Accuracy ====================                                                                                          
all_clients:                                                                                                                                                
(test) before fine-tuning: 84.20% at epoch 38                                                                                                               
(test) after fine-tuning: 0.00% at epoch 1                                                                                                                  
centralized:                                                                                                                                                
(test) before fine-tuning: 84.20% at epoch 38                                                                                                               
(test) after fine-tuning: 84.20% at epoch 38                                                                                                                
