[FedLateGram] _detect_late_layers: 19 units (expanded from 19 depth-1 children), cutoff=11 → 9 late prefixes                                                
[FedLateGram] Late layers (9): ['base.11', 'base.12', 'base.13', 'base.14', 'base.15', 'base.16', 'base.17', 'base.18', 'classifier']                       
==================== FedLateGram ====================                                                                                                       
Experiment Arguments:                                                                                                                                       
{
│   'method': 'fedlategram',
│   'dataset': {
│   │   'name': 'brain_tumor',
│   │   'partition_dir': 'partitions/alpha_0.1/seed_42',
│   │   'client_num': 10,
│   │   'test_ratio': 0.25,
│   │   'val_ratio': 0.0,
│   │   'seed': 42,
│   │   'split': 'sample',
│   │   'IID_ratio': 0.0,
│   │   'monitor_window_name_suffix': 'brain_tumor-10clients-0%IID-Dir(0.1)-seed42',
│   │   'alpha': 0.1,
│   │   'min_samples_per_client': 10
│   },
│   'model': {
│   │   'name': 'res9',
│   │   'use_torchvision_pretrained_weights': False,
│   │   'external_model_weights_path': None
│   },
│   'optimizer': {
│   │   'lr': 0.01,
│   │   'dampening': 0,
│   │   'weight_decay': 0.0001,
│   │   'momentum': 0.9,
│   │   'nesterov': False,
│   │   'name': 'sgd'
│   },
│   'mode': 'serial',
│   'parallel': {
│   │   'ray_cluster_addr': None,
│   │   'num_cpus': None,
│   │   'num_gpus': None,
│   │   'num_workers': 4
│   },
│   'common': {
│   │   'seed': 42,
│   │   'join_ratio': 1.0,
│   │   'global_epoch': 50,
│   │   'local_epoch': 5,
│   │   'batch_size': 32,
│   │   'reset_optimizer_on_global_epoch': True,
│   │   'straggler_ratio': 0,
│   │   'straggler_min_local_epoch': 0,
│   │   'buffers': 'global',
│   │   'client_side_evaluation': True,
│   │   'test': {
│   │   │   'client': {
│   │   │   │   'interval': 1,
│   │   │   │   'finetune_epoch': 0,
│   │   │   │   'train': False,
│   │   │   │   'val': False,
│   │   │   │   'test': True
│   │   │   },
│   │   │   'server': {
│   │   │   │   'interval': 1,
│   │   │   │   'train': False,
│   │   │   │   'val': False,
│   │   │   │   'test': True,
│   │   │   │   'model_in_train_mode': False
│   │   │   }
│   │   },
│   │   'verbose_gap': 10,
│   │   'monitor': 'tensorboard',
│   │   'use_cuda': True,
│   │   'save_log': True,
│   │   'save_model': False,
│   │   'save_learning_curve_plot': True,
│   │   'save_metrics': True,
│   │   'delete_useless_run': True,
│   │   'dataloader_num_workers': 2,
│   │   'resume_checkpoint': None
│   },
│   'fedlategram': {
│   │   'lam': 0.15,
│   │   'tau_cka': 0.85,
│   │   'late_fraction': 0.4,
│   │   'freeze_strategy': 'slow_update',
│   │   'T_warm': 10,
│   │   'alpha_early_lr': 1,
│   │   'freq_early': 1,
│   │   'gram_ref': 'proxy',
│   │   'proxy_size': 256,
│   │   'lam_adaptive': True,
│   │   'mu_clf': 0.1
│   },
│   'cka': {
│   │   'rounds': [
│   │   │   1,
│   │   │   2,
│   │   │   5,
│   │   │   10,
│   │   │   20,
│   │   │   30,
│   │   │   40,
│   │   │   50
│   │   ],
│   │   'client_sample': 10,
│   │   'probe_batches': 20,
│   │   'probe_batch_size': 16
│   },
│   'ckadriftfedavg': {}
}
---------------------------- ROUND 1/50 START ----------------------------                                                                                  
Selected clients: [1, 0, 4, 9, 6, 5, 8, 2, 3, 7]                                                                                                            
  [Client 1] Starting local training...                                                                                                                     
  [Client 1] Finished training in 16.58s                                                                                                                    
  [Client 0] Starting local training...                                                                                                                     
  [Client 0] Finished training in 16.17s                                                                                                                    
  [Client 4] Starting local training...                                                                                                                     
  [Client 4] Finished training in 5.69s                                                                                                                     
  [Client 9] Starting local training...                                                                                                                     
  [Client 9] Finished training in 5.88s                                                                                                                     
  [Client 6] Starting local training...                                                                                                                     
  [Client 6] Finished training in 22.07s                                                                                                                    
  [Client 5] Starting local training...                                                                                                                     
  [Client 5] Finished training in 7.58s                                                                                                                     
  [Client 8] Starting local training...                                                                                                                     
  [Client 8] Finished training in 6.87s                                                                                                                     
  [Client 2] Starting local training...                                                                                                                     
  [Client 2] Finished training in 4.72s                                                                                                                     
  [Client 3] Starting local training...                                                                                                                     
  [Client 3] Finished training in 0.71s                                                                                                                     
  [Client 7] Starting local training...                                                                                                                     
  [Client 7] Finished training in 18.19s                                                                                                                    
[Round 0] layer_lambdas: 11=0.0288, 12=0.0059, 13=0.0228, 14=0.0216, 15=0.0206, 16=0.0168, 17=0.0168, 18=0.0168                                             
[FedLateGram Round 1] avg task: 0.3523 | avg gram: 0.5408 | avg prox_clf: 0.0334                                                                            
  [CKA] Saved checkpoints for round 1 (10 clients) → /home/luis.mendezl/Thesis/logs/runs/brain_tumor/fedlategram/res9/alpha0.1/seed42/checkpoints/round_0001
ROUND 1 FINISHED in 109.11s (Avg: 109.11s)                                                                                                                  
  [FedLateGram] Saved checkpoint after round 1 →                                                                                                            
/home/luis.mendezl/Thesis/logs/runs/brain_tumor/fedlategram/res9/alpha0.1/seed42/checkpoints/training_state.pt                                              
---------------------------- ROUND 2/50 START ----------------------------                                                                                  
Selected clients: [0, 9, 1, 7, 6, 4, 8, 2, 3, 5]                                                                                                            
  [Client 0] Starting local training...                                                                                                                     
  [Client 0] Finished training in 16.26s                                                                                                                    
  [Client 9] Starting local training...                                                                                                                     
  [Client 9] Finished training in 5.95s                                                                                                                     
  [Client 1] Starting local training...                                                                                                                     
  [Client 1] Finished training in 16.67s                                                                                                                    
  [Client 7] Starting local training...                                                                                                                     
  [Client 7] Finished training in 18.27s                                                                                                                    
  [Client 6] Starting local training...                                                                                                                     
  [Client 6] Finished training in 22.20s                                                                                                                    
  [Client 4] Starting local training...                                                                                                                     
  [Client 4] Finished training in 5.88s                                                                                                                     
  [Client 8] Starting local training...                                                                                                                     
  [Client 8] Finished training in 7.08s                                                                                                                     
  [Client 2] Starting local training...                                                                                                                     
  [Client 2] Finished training in 4.73s                                                                                                                     
  [Client 3] Starting local training...                                                                                                                     
  [Client 3] Finished training in 0.76s                                                                                                                     
  [Client 5] Starting local training...                                                                                                                     
  [Client 5] Finished training in 7.67s                                                                                                                     
[Round 1] layer_lambdas: 11=0.0226, 12=0.0129, 13=0.0125, 14=0.0205, 15=0.0215, 16=0.0200, 17=0.0200, 18=0.0200                                             
[FedLateGram Round 2] avg task: 0.3483 | avg gram: 0.1330 | avg prox_clf: 0.0199                                                                            
  [CKA] Saved checkpoints for round 2 (10 clients) → /home/luis.mendezl/Thesis/logs/runs/brain_tumor/fedlategram/res9/alpha0.1/seed42/checkpoints/round_0002
ROUND 2 FINISHED in 109.88s (Avg: 109.50s)                                                                                                                  
  [FedLateGram] Saved checkpoint after round 2 →                                                                                                            
/home/luis.mendezl/Thesis/logs/runs/brain_tumor/fedlategram/res9/alpha0.1/seed42/checkpoints/training_state.pt                                              
---------------------------- ROUND 3/50 START ----------------------------                                                                                  
Selected clients: [3, 7, 4, 6, 0, 1, 9, 8, 2, 5]                                                                                                            
  [Client 3] Starting local training...                                                                                                                     
  [Client 3] Finished training in 0.78s                                                                                                                     
  [Client 7] Starting local training...                                                                                                                     
  [Client 7] Finished training in 18.22s                                                                                                                    
  [Client 4] Starting local training...                                                                                                                     
  [Client 4] Finished training in 5.82s                                                                                                                     
  [Client 6] Starting local training...                                                                                                                     
  [Client 6] Finished training in 22.15s                                                                                                                    
  [Client 0] Starting local training...                                                                                                                     
  [Client 0] Finished training in 16.34s                                                                                                                    
  [Client 1] Starting local training...                                                                                                                     
  [Client 1] Finished training in 16.71s                                                                                                                    
  [Client 9] Starting local training...                                                                                                                     
  [Client 9] Finished training in 5.98s                                                                                                                     
  [Client 8] Starting local training...                                                                                                                     
  [Client 8] Finished training in 6.94s                                                                                                                     
  [Client 2] Starting local training...                                                                                                                     
  [Client 2] Finished training in 4.70s                                                                                                                     
  [Client 5] Starting local training...                                                                                                                     
  [Client 5] Finished training in 7.66s                                                                                                                     
[Round 2] layer_lambdas: 11=0.0247, 12=0.0127, 13=0.0142, 14=0.0201, 15=0.0212, 16=0.0190, 17=0.0190, 18=0.0190                                             
[FedLateGram Round 3] avg task: 0.2995 | avg gram: 0.1033 | avg prox_clf: 0.0219                                                                            
ROUND 3 FINISHED in 106.73s (Avg: 108.57s)                                                                                                                  
  [FedLateGram] Saved checkpoint after round 3 →                                                                                                            
/home/luis.mendezl/Thesis/logs/runs/brain_tumor/fedlategram/res9/alpha0.1/seed42/checkpoints/training_state.pt                                              
---------------------------- ROUND 4/50 START ----------------------------                                                                                  
Selected clients: [3, 5, 1, 0, 9, 6, 2, 7, 8, 4]                                                                                                            
  [Client 3] Starting local training...                                                                                                                     
  [Client 3] Finished training in 0.77s                                                                                                                     
  [Client 5] Starting local training...                                                                                                                     
  [Client 5] Finished training in 7.63s                                                                                                                     
  [Client 1] Starting local training...                                                                                                                     
  [Client 1] Finished training in 16.61s                                                                                                                    
  [Client 0] Starting local training...                                                                                                                     
  [Client 0] Finished training in 16.33s                                                                                                                    
  [Client 9] Starting local training...                                                                                                                     
  [Client 9] Finished training in 5.94s                                                                                                                     
  [Client 6] Starting local training...                                                                                                                     
  [Client 6] Finished training in 22.13s                                                                                                                    
  [Client 2] Starting local training...                                                                                                                     
  [Client 2] Finished training in 4.70s                                                                                                                     
  [Client 7] Starting local training...                                                                                                                     
  [Client 7] Finished training in 18.25s                                                                                                                    
  [Client 8] Starting local training...                                                                                                                     
  [Client 8] Finished training in 6.96s                                                                                                                     
  [Client 4] Starting local training...                                                                                                                     
  [Client 4] Finished training in 5.79s                                                                                                                     
[Round 3] layer_lambdas: 11=0.0223, 12=0.0113, 13=0.0194, 14=0.0202, 15=0.0208, 16=0.0187, 17=0.0187, 18=0.0187                                             
[FedLateGram Round 4] avg task: 0.3032 | avg gram: 0.0797 | avg prox_clf: 0.0206                                                                            
ROUND 4 FINISHED in 106.55s (Avg: 108.07s)                                                                                                                  
  [FedLateGram] Saved checkpoint after round 4 →                                                                                                            
/home/luis.mendezl/Thesis/logs/runs/brain_tumor/fedlategram/res9/alpha0.1/seed42/checkpoints/training_state.pt                                              
---------------------------- ROUND 5/50 START ----------------------------                                                                                  
Selected clients: [7, 8, 1, 3, 0, 4, 2, 6, 9, 5]                                                                                                            
  [Client 7] Starting local training...                                                                                                                     
  [Client 7] Finished training in 18.22s                                                                                                                    
  [Client 8] Starting local training...                                                                                                                     
  [Client 8] Finished training in 6.92s                                                                                                                     
  [Client 1] Starting local training...                                                                                                                     
  [Client 1] Finished training in 16.70s                                                                                                                    
  [Client 3] Starting local training...                                                                                                                     
  [Client 3] Finished training in 0.76s                                                                                                                     
  [Client 0] Starting local training...                                                                                                                     
  [Client 0] Finished training in 16.35s                                                                                                                    
  [Client 4] Starting local training...                                                                                                                     
  [Client 4] Finished training in 5.83s                                                                                                                     
  [Client 2] Starting local training...                                                                                                                     
  [Client 2] Finished training in 4.69s                                                                                                                     
  [Client 6] Starting local training...                                                                                                                     
  [Client 6] Finished training in 22.18s                                                                                                                    
  [Client 9] Starting local training...                                                                                                                     
  [Client 9] Finished training in 5.98s                                                                                                                     
  [Client 5] Starting local training...                                                                                                                     
  [Client 5] Finished training in 7.63s                                                                                                                     
[Round 4] layer_lambdas: 11=0.0262, 12=0.0144, 13=0.0186, 14=0.0186, 15=0.0201, 16=0.0173, 17=0.0173, 18=0.0173                                             
[FedLateGram Round 5] avg task: 0.2801 | avg gram: 0.0686 | avg prox_clf: 0.0212                                                                            
  [CKA] Saved checkpoints for round 5 (10 clients) → /home/luis.mendezl/Thesis/logs/runs/brain_tumor/fedlategram/res9/alpha0.1/seed42/checkpoints/round_0005
ROUND 5 FINISHED in 109.63s (Avg: 108.38s)                                                                                                                  
  [FedLateGram] Saved checkpoint after round 5 →                                                                                                            
/home/luis.mendezl/Thesis/logs/runs/brain_tumor/fedlategram/res9/alpha0.1/seed42/checkpoints/training_state.pt                                              
---------------------------- ROUND 6/50 START ----------------------------                                                                                  
Selected clients: [1, 0, 3, 6, 2, 8, 9, 4, 7, 5]                                                                                                            
  [Client 1] Starting local training...                                                                                                                     
  [Client 1] Finished training in 16.69s                                                                                                                    
  [Client 0] Starting local training...                                                                                                                     
  [Client 0] Finished training in 16.29s                                                                                                                    
  [Client 3] Starting local training...                                                                                                                     
  [Client 3] Finished training in 0.77s                                                                                                                     
  [Client 6] Starting local training...                                                                                                                     
  [Client 6] Finished training in 22.14s                                                                                                                    
  [Client 2] Starting local training...                                                                                                                     
  [Client 2] Finished training in 4.71s                                                                                                                     
  [Client 8] Starting local training...                                                                                                                     
  [Client 8] Finished training in 6.94s                                                                                                                     
  [Client 9] Starting local training...                                                                                                                     
  [Client 9] Finished training in 5.99s                                                                                                                     
  [Client 4] Starting local training...                                                                                                                     
  [Client 4] Finished training in 5.83s                                                                                                                     
  [Client 7] Starting local training...                                                                                                                     
  [Client 7] Finished training in 18.27s                                                                                                                    
  [Client 5] Starting local training...                                                                                                                     
  [Client 5] Finished training in 7.68s                                                                                                                     
[Round 5] layer_lambdas: 11=0.0236, 12=0.0099, 13=0.0214, 14=0.0181, 15=0.0196, 16=0.0191, 17=0.0191, 18=0.0191                                             
[FedLateGram Round 6] avg task: 0.2707 | avg gram: 0.0602 | avg prox_clf: 0.0202                                                                            
ROUND 6 FINISHED in 106.69s (Avg: 108.10s)                                                                                                                  
  [FedLateGram] Saved checkpoint after round 6 →                                                                                                            
/home/luis.mendezl/Thesis/logs/runs/brain_tumor/fedlategram/res9/alpha0.1/seed42/checkpoints/training_state.pt                                              
---------------------------- ROUND 7/50 START ----------------------------                                                                                  
Selected clients: [7, 5, 2, 9, 6, 1, 8, 3, 0, 4]                                                                                                            
  [Client 7] Starting local training...                                                                                                                     
  [Client 7] Finished training in 18.18s                                                                                                                    
  [Client 5] Starting local training...                                                                                                                     
  [Client 5] Finished training in 7.65s                                                                                                                     
  [Client 2] Starting local training...                                                                                                                     
  [Client 2] Finished training in 4.76s                                                                                                                     
  [Client 9] Starting local training...                                                                                                                     
  [Client 9] Finished training in 5.95s                                                                                                                     
  [Client 6] Starting local training...                                                                                                                     
  [Client 6] Finished training in 22.11s                                                                                                                    
  [Client 1] Starting local training...                                                                                                                     
  [Client 1] Finished training in 16.78s                                                                                                                    
  [Client 8] Starting local training...                                                                                                                     
  [Client 8] Finished training in 6.90s                                                                                                                     
  [Client 3] Starting local training...                                                                                                                     
  [Client 3] Finished training in 0.77s                                                                                                                     
  [Client 0] Starting local training...                                                                                                                     
  [Client 0] Finished training in 16.36s                                                                                                                    
  [Client 4] Starting local training...                                                                                                                     
  [Client 4] Finished training in 5.79s                                                                                                                     
[Round 6] layer_lambdas: 11=0.0222, 12=0.0120, 13=0.0200, 14=0.0182, 15=0.0197, 16=0.0193, 17=0.0193, 18=0.0193                                             
[FedLateGram Round 7] avg task: 0.2547 | avg gram: 0.0488 | avg prox_clf: 0.0200                                                                            
ROUND 7 FINISHED in 106.64s (Avg: 107.89s)                                                                                                                  
